11-20 14:48:21.147  8176  8253 I RobotCore: Pruning old logs deleting Match-0-Sensor:_BNO055_IMU_Calibration.txt
11-20 14:48:21.156  8176  8596 I RobotCore: saving match logcat to /storage/emulated/0/FIRST/matchlogs/Match-0-LCHSAcceleration.txt
11-20 14:48:21.157  8176  8596 I RobotCore: logging command line: exec logcat -d -T '11-20 14:47:2.000' -f /storage/emulated/0/FIRST/matchlogs/Match-0-LCHSAcceleration.txt -n4 -v threadtime UsbRequestJNI:S UsbRequest:S art:W ThreadPool:W System:W ExtendedExtractor:W OMXClient:W MediaPlayer:W dalvikvm:W  *:V
11-20 14:48:21.159  8176  8549 E LynxI2cDeviceSynch: placeholder: readStatusQuery
11-20 14:48:21.160  8176  8549 E LynxI2cDeviceSynch: placeholder: readTimestamped
11-20 14:48:21.160  8176  8549 D LCHSAcceleration: Linear Acceleration  | X: 0.0 Y: 0.0
11-20 14:48:21.160  8176  8549 D LCHSAcceleration: Overall Acceleration | X: 0.0 Y: 0.0
11-20 14:48:21.161  8176  8549 V RobotCore: thread: ...terminating 'LinearOpMode main'
11-20 14:48:21.163  8176  8267 I RobotCore: Attempting to switch to op mode $Stop$Robot$
11-20 14:48:21.181  8597  8597 W sh      : type=1400 audit(0.0:48): avc: denied { read } for uid=10151 name="/" dev="rootfs" ino=1 scontext=u:r:untrusted_app:s0:c512,c768 tcontext=u:object_r:rootfs:s0 tclass=dir permissive=0
11-20 14:48:21.226  8176  8279 V Robocol : sending CMD_NOTIFY_INIT_OP_MODE(2643), attempt: 0
11-20 14:48:21.241  8176  8596 I RobotCore: Done running exec logcat -d -T '11-20 14:47:2.000' -f /storage/emulated/0/FIRST/matchlogs/Match-0-LCHSAcceleration.txt -n4 -v threadtime UsbRequestJNI:S UsbRequest:S art:W ThreadPool:W System:W ExtendedExtractor:W OMXClient:W MediaPlayer:W dalvikvm:W  *:V
11-20 14:48:21.241  8176  8596 I RobotCore: exiting match logcat for /storage/emulated/0/FIRST/matchlogs/Match-0-LCHSAcceleration.txt
11-20 14:48:21.275  8176  8254 V Robocol : received command: CMD_RUN_OP_MODE(12449) $Stop$Robot$
11-20 14:48:21.306  8176  8279 V Robocol : sending CMD_NOTIFY_RUN_OP_MODE(2649), attempt: 0
11-20 14:48:24.282  8176  8254 V EventLoopManager: synthetic gamepad received: id=-2 user=ONE atRest=true 
11-20 14:48:24.283  8176  8254 V Robocol : received command: CMD_INIT_OP_MODE(12510) $Stop$Robot$
11-20 14:48:24.295  8176  8267 I RobotCore: Attempting to switch to op mode $Stop$Robot$
11-20 14:48:24.386  8176  8279 V Robocol : sending CMD_NOTIFY_INIT_OP_MODE(2716), attempt: 0
11-20 14:48:24.434  8176  8254 V Robocol : received command: CMD_RUN_OP_MODE(12519) $Stop$Robot$
11-20 14:48:24.467  8176  8279 V Robocol : sending CMD_NOTIFY_RUN_OP_MODE(2722), attempt: 0
11-20 14:48:32.592  8176  8255 E BulkPacketInWorker: DQ1NE3V4: bulkTransfer() error: -1
11-20 14:48:32.602  8176  8176 V FtDeviceManager: ACTION_USB_DEVICE_DETACHED: /dev/bus/usb/001/002
11-20 14:48:32.602  8176  8176 V FtDevice: vv********************DQ1NE3V4 closing********************vv 0x0e884f2e
11-20 14:48:32.602  8176  8176 V FtDevice: DQ1NE3V4 stopping thread readBufferManager
11-20 14:48:32.603  8176  8256 V FtDevice: DQ1NE3V4 thread readBufferManager is stopped
11-20 14:48:32.604  8176  8176 V FtDevice: DQ1NE3V4 stopping thread bulkPacketInWorker
11-20 14:48:32.604  8176  8255 V FtDevice: DQ1NE3V4 thread bulkPacketInWorker is stopped
11-20 14:48:32.605  8176  8260 V LynxUsb : device closed in incoming datagram loop
11-20 14:48:32.606  8176  8176 V MonitoredUsbDeviceConnection: closing UsbDeviceConnection(DQ1NE3V4)
11-20 14:48:32.606  8176  8267 V RobotCore: event loop: device has shutdown abnormally: ABNORMAL
11-20 14:48:32.606  8176  8176 D UsbDeviceConnectionJNI: close
11-20 14:48:32.606  8176  8267 V EventLoopManager: event loop: detaching device DQ1NE3V4
11-20 14:48:32.605  8260  8260 W com.qualcomm.ftcrobotcontroller: type=1400 audit(0.0:49): avc: denied { search } for uid=10151 comm=6C796E7820696E636F6D696E672064 name="usb" dev="tmpfs" ino=8288 scontext=u:r:untrusted_app:s0:c512,c768 tcontext=u:object_r:usb_device:s0 tclass=dir permissive=0
11-20 14:48:32.608  8176  8267 V LynxUsb : disarmDevice() serial=DQ1NE3V4...
11-20 14:48:32.609  8176  8260 V RobotUsbDeviceFtdi: closing DQ1NE3V4
11-20 14:48:32.610  8176  8260 V RobotCore: thread: ...terminating 'lynx incoming datagrams'
11-20 14:48:32.610  8176  8267 V LynxUsb : shutting down incoming datagrams
11-20 14:48:32.611  8176  8267 V RobotUsbDeviceFtdi: closing DQ1NE3V4
11-20 14:48:32.611  8176  8267 V LynxUsb : ...done disarmDevice()
11-20 14:48:32.613  8176  8267 I FtcEventLoop: ======= MODULE DETACH RECOVERY: pretend REV Robotics USB Expansion Hub Portal [DQ1NE3V4]=======
11-20 14:48:32.614  8176  8267 V LynxUsb : doPretend() serial=DQ1NE3V4
11-20 14:48:32.616  8176  8267 I FtcEventLoop: ^^===== MODULE DETACH RECOVERY: complete REV Robotics USB Expansion Hub Portal [DQ1NE3V4]=====^^
11-20 14:48:32.617  8176  8267 D RobotCore: system telemetry: key=$System$Warning$ msg="REV Robotics USB Expansion Hub Portal [DQ1NE3V4] detached"
11-20 14:48:32.667  8176  8266 V SoundInfo: construct(0x058fd4e6)
11-20 14:48:32.715  8176  8265 I MediaCodec: (0x8b213280) init name(audio/raw) isType(1) encoder(0)
11-20 14:48:32.721  8176  8625 I MediaCodec: (0x8b213280) Component Allocated (OMX.google.raw.decoder)
11-20 14:48:32.721  8176  8265 I MediaCodec: (0x8b213280) configure surface(0x0) crypto(0x0) flags(0)
11-20 14:48:32.721  8176  8265 D MediaCodec: (0x8b213280) configure format: AMessage(what = 0x00000000) = {
11-20 14:48:32.721  8176  8265 D MediaCodec:       string mime = "audio/raw"
11-20 14:48:32.721  8176  8265 D MediaCodec:       int64_t durationUs = 1043650
11-20 14:48:32.721  8176  8265 D MediaCodec:       int32_t track-id = 1
11-20 14:48:32.721  8176  8265 D MediaCodec:       int32_t channel-count = 2
11-20 14:48:32.721  8176  8265 D MediaCodec:       int32_t sample-rate = 44100
11-20 14:48:32.721  8176  8265 D MediaCodec:       int32_t channel-mask = 0
11-20 14:48:32.721  8176  8265 D MediaCodec:       int32_t pcm-encoding = 2
11-20 14:48:32.721  8176  8265 D MediaCodec:     }
11-20 14:48:32.724  8176  8265 I MediaCodec: (0x8b213280) start
11-20 14:48:32.731  8176  8625 I MediaCodec: (0x8b213280) input buffers allocated
11-20 14:48:32.731  8176  8625 I MediaCodec: (0x8b213280) numBuffers (4)
11-20 14:48:32.731  8176  8625 I MediaCodec: (0x8b213280) output buffers allocated
11-20 14:48:32.731  8176  8625 I MediaCodec: (0x8b213280) numBuffers (4)
11-20 14:48:32.735  8176  8625 D MediaCodec: (0x8b213280) [OMX.google.raw.decoder] output format changed to: AMessage(what = 0x00000000) = {
11-20 14:48:32.735  8176  8625 D MediaCodec:       string mime = "audio/raw"
11-20 14:48:32.735  8176  8625 D MediaCodec:       int32_t channel-count = 2
11-20 14:48:32.735  8176  8625 D MediaCodec:       int32_t sample-rate = 44100
11-20 14:48:32.735  8176  8625 D MediaCodec:       int32_t pcm-encoding = 2
11-20 14:48:32.735  8176  8625 D MediaCodec:       int32_t bit-width = 16
11-20 14:48:32.735  8176  8625 D MediaCodec:       int32_t channel-mask = 0
11-20 14:48:32.735  8176  8625 D MediaCodec:     }
11-20 14:48:32.747  8176  8265 I MediaCodec: (0x8b213280) stop
11-20 14:48:32.750  8176  8265 I MediaCodec: (0x8b213280) release
11-20 14:48:32.753  8176  8199 D SoundPlayer: onLoadComplete(samp=3|ms=1044, samp=3)=0
11-20 14:48:32.755  8176  8266 W AudioTrack: AUDIO_OUTPUT_FLAG_FAST denied by client; transfer 4, track 44100 Hz, output 48000 Hz
11-20 14:48:32.758  8176  8266 D SoundPlayer: playing volume=1.000000 samp=3|ms=1044
11-20 14:48:32.786  8176  8279 V Robocol : sending CMD_PLAY_SOUND(2835), attempt: 0
11-20 14:48:33.026  8176  8279 V Robocol : sending CMD_PLAY_SOUND(2835), attempt: 1
11-20 14:48:34.235  8176  8176 V OnBotJavaService: onConfigurationChanged()
11-20 14:48:34.235  8176  8176 V MTPMonitorService: onConfigurationChanged()
11-20 14:48:35.100  8176  8176 V RCActivity: onPause()
11-20 14:48:35.139  8176  8176 V RCActivity: onStop()
11-20 14:48:35.141  8176  8176 V OnBotJavaService: onTrimMemory()
11-20 14:48:35.141  8176  8176 V MTPMonitorService: onTrimMemory()
11-20 14:48:35.217  8176  8176 W IInputConnectionWrapper: reportFullscreenMode on inexistent InputConnection
11-20 14:48:35.965  8176  8176 V AppUtil : rootActivity=FtcRobotControllerActivity destroyed
11-20 14:48:35.965  8176  8176 V RCActivity: onDestroy()
11-20 14:48:35.965  8176  8176 V Robocol : EventLoopManager.shutdown()
11-20 14:48:35.967  8176  8267 V RobotCore: EventLoopRunnable interrupted
11-20 14:48:35.967  8176  8267 V RobotCore: EventLoopManager state is STOPPED
11-20 14:48:35.967  8176  8267 V RobotCore: Robot Status: stopped
11-20 14:48:35.967  8176  8267 I FtcEventLoop: ======= TEARDOWN =======
11-20 14:48:35.979  8176  8267 V LynxUsb : 0x0bce303a on 0x0b261a73: releasing delegate to [DQ1NE3V4]
11-20 14:48:35.979  8176  8267 V LynxModule: close(#2)
11-20 14:48:35.980  8176  8267 V LynxModule: sending LynxFtdiResetControlCommand(false) wasInterrupted=true
11-20 14:48:35.981  8176  8267 V LynxModule: close(#3)
11-20 14:48:35.981  8176  8267 V LynxModule: sending LynxFtdiResetControlCommand(false) wasInterrupted=true
11-20 14:48:35.983  8176  8267 V LynxUsb : disarmDevice() serial=DQ1NE3V4...
11-20 14:48:35.986  8176  8279 V Robocol : sending CMD_NOTIFY_ROBOT_STATE(2880), attempt: 0
11-20 14:48:35.993  8176  8254 D RobotCore: system telemetry: key=$System$None$ msg=""
11-20 14:48:35.995  8176  8267 I FtcEventLoop: ======= TEARDOWN COMPLETE =======
11-20 14:48:35.996  8176  8267 V RobotCore: thread: ...terminating 'opmode loop()'
11-20 14:48:35.997  8176  8176 V RobotCore: EventLoopManager state is STOPPED
11-20 14:48:35.999  8176  8176 V NetDiscover_prefremrc: doStop()...
11-20 14:48:35.999  8176  8176 V NetDiscover_prefremrc: ...doStop()
11-20 14:48:35.999  8176  8176 V NetDiscover_name: doStop()...
11-20 14:48:36.000  8176  8176 V NetDiscover_name: ...doStop()
11-20 14:48:36.001  8176  8176 V ServiceStarter: attempting to stop service FtcRobotControllerWatchdogService
11-20 14:48:36.026  8176  8279 V Robocol : sending CMD_NOTIFY_ROBOT_STATE(2883), attempt: 0
--------- beginning of main
11-20 14:49:59.742  3872  3872 V AppUtil : initializing: getExternalStorageDirectory()=/storage/emulated/0
11-20 14:49:59.755  3872  3888 V RobotCore: saving logcat to /storage/emulated/0/robotControllerLog.txt
11-20 14:49:59.755  3872  3888 V RobotCore: logging command line: exec logcat -f /storage/emulated/0/robotControllerLog.txt -r4096 -n4 -v threadtime UsbRequestJNI:S UsbRequest:S art:W ThreadPool:W System:W ExtendedExtractor:W OMXClient:W MediaPlayer:W dalvikvm:W  *:V
11-20 14:49:59.761  3872  3872 V ServiceStarter: attempting to start service MediaTransferProtocolMonitorService
11-20 14:49:59.765  3872  3872 V ServiceStarter: started service MediaTransferProtocolMonitorService
11-20 14:49:59.766  3872  3872 V ServiceStarter: attempting to start service OnBotJavaService
11-20 14:49:59.776  3872  3872 V ServiceStarter: started service OnBotJavaService
11-20 14:49:59.778  3872  3872 V RunOnBoot: onReceive() action=android.intent.action.BOOT_COMPLETED
11-20 14:49:59.809  3872  3888 I RobotCore: Done running ps
11-20 14:49:59.831  3892  3892 W sh      : type=1400 audit(0.0:11): avc: denied { read } for uid=10151 name="/" dev="rootfs" ino=1 scontext=u:r:untrusted_app:s0:c512,c768 tcontext=u:object_r:rootfs:s0 tclass=dir permissive=0
11-20 14:49:59.834  3872  3872 V FtcRobotControllerWatchdogService: shouldAutoLauchRobotController() result=false
11-20 14:49:59.834  3872  3872 V RunOnBoot: shouldAutoLauchRobotController() result=false
11-20 14:49:59.834  3872  3872 V RunOnBoot: noteDragonboardPresenceAndExitIfNoRC()
11-20 14:49:59.835  3872  3872 V AppUtil : exitApplication(0)
11-20 14:49:59.853  3872  3872 I AndroidRuntime: VM exiting with result code 0, cleanup skipped.
11-20 14:50:01.044  3982  3982 V AppUtil : initializing: getExternalStorageDirectory()=/storage/emulated/0
11-20 14:50:01.052  3982  3982 V ServiceStarter: attempting to start service MediaTransferProtocolMonitorService
11-20 14:50:01.053  3982  3982 V ServiceStarter: started service MediaTransferProtocolMonitorService
11-20 14:50:01.054  3982  3982 V ServiceStarter: attempting to start service OnBotJavaService
11-20 14:50:01.057  3982  3982 V ServiceStarter: started service OnBotJavaService
11-20 14:50:01.058  3982  3982 V OnBotJavaService: onCreate()
11-20 14:50:01.059  3982  3982 V OnBotJavaService: onStartCommand() intent=Intent { cmp=com.qualcomm.ftcrobotcontroller/org.firstinspires.ftc.robotcore.internal.opmode.OnBotJavaService } flags=0x2 startId=1
11-20 14:50:01.061  3982  3982 V OnBotJava: OnBotJavaManager::static
11-20 14:50:01.063  3982  4004 V RobotCore: saving logcat to /storage/emulated/0/robotControllerLog.txt
11-20 14:50:01.063  3982  4004 V RobotCore: logging command line: exec logcat -f /storage/emulated/0/robotControllerLog.txt -r4096 -n4 -v threadtime UsbRequestJNI:S UsbRequest:S art:W ThreadPool:W System:W ExtendedExtractor:W OMXClient:W MediaPlayer:W dalvikvm:W  *:V
11-20 14:50:01.184  3982  4004 I RobotCore: Done running ps
11-20 14:50:01.218  4010  4010 W sh      : type=1400 audit(0.0:12): avc: denied { read } for uid=10151 name="/" dev="rootfs" ino=1 scontext=u:r:untrusted_app:s0:c512,c768 tcontext=u:object_r:rootfs:s0 tclass=dir permissive=0
11-20 14:50:01.540  3982  3982 V OnBotJava: ctor()...
11-20 14:50:01.548  3982  3982 V OnBotJava: ...ctor()
11-20 14:50:01.549  3982  3982 V MTPMonitorService: onCreate()
11-20 14:50:01.550  3982  3982 V MTPMonitorService: onStartCommand() intent=Intent { cmp=com.qualcomm.ftcrobotcontroller/org.firstinspires.ftc.robotcore.internal.files.MediaTransferProtocolMonitorService } flags=0x2 startId=1
11-20 14:50:01.552  3982  3982 V MTPMonitor: observing: /storage/emulated/0
11-20 14:50:01.614  3982  3982 W FileObserverManager: upgrading mask: path=/storage/emulated/0/FIRST/java/control old=0x00000ffc new=0x00004ffc: might possibly miss event
11-20 14:50:01.681  3982  3982 V MTPMonitorService: onStartCommand() intent=Intent { cmp=com.qualcomm.ftcrobotcontroller/org.firstinspires.ftc.robotcore.internal.files.MediaTransferProtocolMonitorService } flags=0x0 startId=2
11-20 14:50:01.693  3982  3982 V MTPMonitor: observing: /storage/emulated/0
11-20 14:50:01.734  3982  3982 W FileObserverManager: upgrading mask: path=/storage/emulated/0/FIRST/java/control old=0x00000ffc new=0x00004ffc: might possibly miss event
11-20 14:50:01.781  3982  3982 V OnBotJavaService: onStartCommand() intent=Intent { cmp=com.qualcomm.ftcrobotcontroller/org.firstinspires.ftc.robotcore.internal.opmode.OnBotJavaService } flags=0x0 startId=2
11-20 14:50:01.781  3982  3982 V OnBotJava: ctor()...
11-20 14:50:01.782  3982  3982 W FileObserverManager: upgrading mask: path=/storage/emulated/0/FIRST/java/control/buildRequest.txt old=0x00000ffc new=0x00000ffe: might possibly miss event
11-20 14:50:01.782  3982  3982 V OnBotJava: ...ctor()
