11-20 14:48:07.329  8176  8549 D LCHSAcceleration: Linear Acceleration  | X: -0.05000000074505806 Y: 0.009999999776482582
11-20 14:48:07.359  8176  8549 D LCHSAcceleration: Overall Acceleration | X: -0.550000011920929 Y: -0.07999999821186066
11-20 14:48:07.389  8176  8549 D LCHSAcceleration: Linear Acceleration  | X: -0.03999999910593033 Y: -0.009999999776482582
11-20 14:48:07.416  8176  8549 D LCHSAcceleration: Overall Acceleration | X: -0.550000011920929 Y: -0.07999999821186066
11-20 14:48:07.444  8176  8549 D LCHSAcceleration: Linear Acceleration  | X: -0.029999999329447746 Y: -0.009999999776482582
11-20 14:48:07.467  8176  8549 D LCHSAcceleration: Overall Acceleration | X: -0.5400000214576721 Y: -0.07999999821186066
11-20 14:48:07.495  8176  8549 D LCHSAcceleration: Linear Acceleration  | X: -0.03999999910593033 Y: 0.0
11-20 14:48:07.525  8176  8549 D LCHSAcceleration: Overall Acceleration | X: -0.5400000214576721 Y: -0.07999999821186066
11-20 14:48:07.558  8176  8549 D LCHSAcceleration: Linear Acceleration  | X: -0.05000000074505806 Y: 0.0
11-20 14:48:07.580  8176  8549 D LCHSAcceleration: Overall Acceleration | X: -0.5400000214576721 Y: -0.09000000357627869
11-20 14:48:07.660  8176  8549 D LCHSAcceleration: Linear Acceleration  | X: -0.03999999910593033 Y: -0.009999999776482582
11-20 14:48:07.690  8176  8554 V IMU     : dt=1.013s accel=(-0.040 0.000 0.260)m/s^2
11-20 14:48:07.705  8176  8549 D LCHSAcceleration: Overall Acceleration | X: -0.5600000023841858 Y: -0.07999999821186066
11-20 14:48:07.734  8176  8549 D LCHSAcceleration: Linear Acceleration  | X: -0.029999999329447746 Y: 0.0
11-20 14:48:07.759  8176  8549 D LCHSAcceleration: Overall Acceleration | X: -0.5299999713897705 Y: -0.07000000029802322
11-20 14:48:07.788  8176  8549 D LCHSAcceleration: Linear Acceleration  | X: -0.05000000074505806 Y: -0.009999999776482582
11-20 14:48:07.817  8176  8549 D LCHSAcceleration: Overall Acceleration | X: -0.550000011920929 Y: -0.09000000357627869
11-20 14:48:07.846  8176  8549 D LCHSAcceleration: Linear Acceleration  | X: -0.05999999865889549 Y: 0.0
11-20 14:48:07.876  8176  8549 D LCHSAcceleration: Overall Acceleration | X: -0.5600000023841858 Y: -0.09000000357627869
11-20 14:48:07.906  8176  8549 D LCHSAcceleration: Linear Acceleration  | X: -0.029999999329447746 Y: 0.0
11-20 14:48:07.935  8176  8549 D LCHSAcceleration: Overall Acceleration | X: -0.5400000214576721 Y: -0.07000000029802322
11-20 14:48:07.967  8176  8549 D LCHSAcceleration: Linear Acceleration  | X: -0.03999999910593033 Y: 0.0
11-20 14:48:07.998  8176  8549 D LCHSAcceleration: Overall Acceleration | X: -0.5400000214576721 Y: -0.09000000357627869
11-20 14:48:08.036  8176  8549 D LCHSAcceleration: Linear Acceleration  | X: -0.05000000074505806 Y: 0.0
11-20 14:48:08.063  8176  8549 D LCHSAcceleration: Overall Acceleration | X: -0.5600000023841858 Y: -0.10000000149011612
11-20 14:48:08.094  8176  8549 D LCHSAcceleration: Linear Acceleration  | X: -0.05000000074505806 Y: 0.0
11-20 14:48:08.124  8176  8549 D LCHSAcceleration: Overall Acceleration | X: -0.550000011920929 Y: -0.09000000357627869
11-20 14:48:08.199  8176  8549 D LCHSAcceleration: Linear Acceleration  | X: -0.05999999865889549 Y: 0.009999999776482582
11-20 14:48:08.222  8176  8549 D LCHSAcceleration: Overall Acceleration | X: -0.550000011920929 Y: -0.10000000149011612
11-20 14:48:08.254  8176  8549 D LCHSAcceleration: Linear Acceleration  | X: -0.03999999910593033 Y: 0.009999999776482582
11-20 14:48:08.295  8176  8549 D LCHSAcceleration: Overall Acceleration | X: -0.5600000023841858 Y: -0.07999999821186066
11-20 14:48:08.325  8176  8549 D LCHSAcceleration: Linear Acceleration  | X: -0.03999999910593033 Y: 0.0
11-20 14:48:08.355  8176  8549 D LCHSAcceleration: Overall Acceleration | X: -0.5400000214576721 Y: -0.07000000029802322
11-20 14:48:08.378  8176  8549 D LCHSAcceleration: Linear Acceleration  | X: -0.05999999865889549 Y: 0.0
11-20 14:48:08.407  8176  8549 D LCHSAcceleration: Overall Acceleration | X: -0.550000011920929 Y: -0.07000000029802322
11-20 14:48:08.439  8176  8549 D LCHSAcceleration: Linear Acceleration  | X: -0.03999999910593033 Y: 0.009999999776482582
11-20 14:48:08.463  8176  8549 D LCHSAcceleration: Overall Acceleration | X: -0.550000011920929 Y: -0.10000000149011612
11-20 14:48:08.487  8176  8549 D LCHSAcceleration: Linear Acceleration  | X: -0.05999999865889549 Y: -0.009999999776482582
11-20 14:48:08.512  8176  8549 D LCHSAcceleration: Overall Acceleration | X: -0.550000011920929 Y: -0.09000000357627869
11-20 14:48:08.543  8176  8549 D LCHSAcceleration: Linear Acceleration  | X: -0.029999999329447746 Y: -0.009999999776482582
11-20 14:48:08.570  8176  8549 D LCHSAcceleration: Overall Acceleration | X: -0.550000011920929 Y: -0.09000000357627869
11-20 14:48:08.601  8176  8549 D LCHSAcceleration: Linear Acceleration  | X: -0.03999999910593033 Y: 0.0
11-20 14:48:08.631  8176  8549 D LCHSAcceleration: Overall Acceleration | X: -0.550000011920929 Y: -0.05999999865889549
11-20 14:48:08.713  8176  8554 V IMU     : dt=1.023s accel=(-0.050 0.000 0.280)m/s^2
11-20 14:48:08.727  8176  8549 D LCHSAcceleration: Linear Acceleration  | X: -0.05000000074505806 Y: 0.0
11-20 14:48:08.757  8176  8549 D LCHSAcceleration: Overall Acceleration | X: -0.5400000214576721 Y: -0.09000000357627869
11-20 14:48:08.790  8176  8549 D LCHSAcceleration: Linear Acceleration  | X: -0.03999999910593033 Y: -0.019999999552965164
11-20 14:48:08.821  8176  8549 D LCHSAcceleration: Overall Acceleration | X: -0.550000011920929 Y: -0.10000000149011612
11-20 14:48:08.847  8176  8549 D LCHSAcceleration: Linear Acceleration  | X: -0.03999999910593033 Y: 0.0
11-20 14:48:08.872  8176  8549 D LCHSAcceleration: Overall Acceleration | X: -0.5600000023841858 Y: -0.07999999821186066
11-20 14:48:08.900  8176  8549 D LCHSAcceleration: Linear Acceleration  | X: -0.03999999910593033 Y: 0.0
11-20 14:48:08.924  8176  8549 D LCHSAcceleration: Overall Acceleration | X: -0.5299999713897705 Y: -0.07999999821186066
11-20 14:48:08.948  8176  8549 D LCHSAcceleration: Linear Acceleration  | X: -0.05999999865889549 Y: -0.019999999552965164
11-20 14:48:08.976  8176  8549 D LCHSAcceleration: Overall Acceleration | X: -0.5600000023841858 Y: -0.07999999821186066
11-20 14:48:08.999  8176  8549 D LCHSAcceleration: Linear Acceleration  | X: -0.029999999329447746 Y: 0.009999999776482582
11-20 14:48:09.028  8176  8549 D LCHSAcceleration: Overall Acceleration | X: -0.5600000023841858 Y: -0.07000000029802322
11-20 14:48:09.063  8176  8549 D LCHSAcceleration: Linear Acceleration  | X: -0.05000000074505806 Y: 0.0
11-20 14:48:09.091  8176  8549 D LCHSAcceleration: Overall Acceleration | X: -0.550000011920929 Y: -0.07000000029802322
11-20 14:48:09.121  8176  8549 D LCHSAcceleration: Linear Acceleration  | X: -0.05999999865889549 Y: -0.009999999776482582
11-20 14:48:09.148  8176  8549 D LCHSAcceleration: Overall Acceleration | X: -0.5400000214576721 Y: -0.07000000029802322
11-20 14:48:09.221  8176  8549 D LCHSAcceleration: Linear Acceleration  | X: -0.029999999329447746 Y: -0.009999999776482582
11-20 14:48:09.251  8176  8549 D LCHSAcceleration: Overall Acceleration | X: -0.5400000214576721 Y: -0.07000000029802322
11-20 14:48:09.294  8176  8549 D LCHSAcceleration: Linear Acceleration  | X: -0.05000000074505806 Y: 0.0
11-20 14:48:09.324  8176  8549 D LCHSAcceleration: Overall Acceleration | X: -0.5400000214576721 Y: -0.07999999821186066
11-20 14:48:09.371  8176  8549 D LCHSAcceleration: Linear Acceleration  | X: -0.03999999910593033 Y: 0.0
11-20 14:48:09.401  8176  8549 D LCHSAcceleration: Overall Acceleration | X: -0.6000000238418579 Y: -0.1599999964237213
11-20 14:48:09.445  8176  8549 D LCHSAcceleration: Linear Acceleration  | X: -0.009999999776482582 Y: -0.029999999329447746
11-20 14:48:09.472  8176  8549 D LCHSAcceleration: Overall Acceleration | X: -0.5699999928474426 Y: -0.15000000596046448
11-20 14:48:09.524  8176  8549 D LCHSAcceleration: Linear Acceleration  | X: -0.3799999952316284 Y: 1.159999966621399
11-20 14:48:09.563  8176  8549 D LCHSAcceleration: Overall Acceleration | X: -0.41999998688697815 Y: -0.6600000262260437
11-20 14:48:09.609  8176  8549 D LCHSAcceleration: Linear Acceleration  | X: -0.07999999821186066 Y: -0.25
11-20 14:48:09.640  8176  8549 D LCHSAcceleration: Overall Acceleration | X: -0.5199999809265137 Y: -0.10999999940395355
11-20 14:48:09.676  8176  8549 D LCHSAcceleration: Linear Acceleration  | X: -0.03999999910593033 Y: -0.07000000029802322
11-20 14:48:09.705  8176  8549 D LCHSAcceleration: Overall Acceleration | X: -0.5699999928474426 Y: -0.550000011920929
11-20 14:48:09.729  8176  8554 V IMU     : dt=1.017s accel=(-0.160 0.060 0.300)m/s^2
11-20 14:48:09.757  8176  8549 D LCHSAcceleration: Linear Acceleration  | X: -0.12999999523162842 Y: -0.49000000953674316
11-20 14:48:09.786  8176  8549 D LCHSAcceleration: Overall Acceleration | X: -0.8199999928474426 Y: -0.18000000715255737
11-20 14:48:09.854  8176  8549 D LCHSAcceleration: Linear Acceleration  | X: -0.2800000011920929 Y: -0.03999999910593033
11-20 14:48:09.882  8176  8549 D LCHSAcceleration: Overall Acceleration | X: -0.5699999928474426 Y: -0.30000001192092896
11-20 14:48:09.910  8176  8549 D LCHSAcceleration: Linear Acceleration  | X: 0.05000000074505806 Y: -0.09000000357627869
11-20 14:48:09.938  8176  8549 D LCHSAcceleration: Overall Acceleration | X: -0.6700000166893005 Y: 0.23999999463558197
11-20 14:48:09.961  8176  8549 D LCHSAcceleration: Linear Acceleration  | X: 0.029999999329447746 Y: 0.3199999928474426
11-20 14:48:09.990  8176  8549 D LCHSAcceleration: Overall Acceleration | X: -0.7099999785423279 Y: -0.019999999552965164
11-20 14:48:10.021  8176  8549 D LCHSAcceleration: Linear Acceleration  | X: -0.09000000357627869 Y: -0.12999999523162842
11-20 14:48:10.054  8176  8549 D LCHSAcceleration: Overall Acceleration | X: -0.7400000095367432 Y: 0.11999999731779099
11-20 14:48:10.079  8176  8549 D LCHSAcceleration: Linear Acceleration  | X: 0.0 Y: 0.0
11-20 14:48:10.104  8176  8549 D LCHSAcceleration: Overall Acceleration | X: -0.7599999904632568 Y: 0.029999999329447746
11-20 14:48:10.128  8176  8549 D LCHSAcceleration: Linear Acceleration  | X: 0.12999999523162842 Y: 0.25999999046325684
11-20 14:48:10.155  8176  8549 D LCHSAcceleration: Overall Acceleration | X: -0.550000011920929 Y: -0.28999999165534973
11-20 14:48:10.190  8176  8549 D LCHSAcceleration: Linear Acceleration  | X: 0.09000000357627869 Y: 0.4099999964237213
11-20 14:48:10.220  8176  8549 D LCHSAcceleration: Overall Acceleration | X: -0.6200000047683716 Y: -0.1899999976158142
11-20 14:48:10.259  8176  8549 D LCHSAcceleration: Linear Acceleration  | X: -0.03999999910593033 Y: -0.18000000715255737
11-20 14:48:10.286  8176  8549 D LCHSAcceleration: Overall Acceleration | X: -0.7099999785423279 Y: 0.10000000149011612
11-20 14:48:10.333  8176  8549 D LCHSAcceleration: Linear Acceleration  | X: -0.05000000074505806 Y: 0.3100000023841858
11-20 14:48:10.359  8176  8549 D LCHSAcceleration: Overall Acceleration | X: -0.5600000023841858 Y: -0.019999999552965164
11-20 14:48:10.420  8176  8549 D LCHSAcceleration: Linear Acceleration  | X: -0.05000000074505806 Y: -0.07000000029802322
11-20 14:48:10.446  8176  8549 D LCHSAcceleration: Overall Acceleration | X: -0.6700000166893005 Y: 0.009999999776482582
11-20 14:48:10.492  8176  8549 D LCHSAcceleration: Linear Acceleration  | X: -0.25 Y: 0.23999999463558197
11-20 14:48:10.514  8176  8549 D LCHSAcceleration: Overall Acceleration | X: -0.6700000166893005 Y: 0.550000011920929
11-20 14:48:10.563  8176  8549 D LCHSAcceleration: Linear Acceleration  | X: 0.14000000059604645 Y: 0.5600000023841858
11-20 14:48:10.586  8176  8549 D LCHSAcceleration: Overall Acceleration | X: -0.44999998807907104 Y: 0.3199999928474426
11-20 14:48:10.629  8176  8549 D LCHSAcceleration: Linear Acceleration  | X: 0.14000000059604645 Y: 0.27000001072883606
11-20 14:48:10.656  8176  8549 D LCHSAcceleration: Overall Acceleration | X: -0.6499999761581421 Y: 0.11999999731779099
11-20 14:48:10.688  8176  8549 D LCHSAcceleration: Linear Acceleration  | X: 0.07999999821186066 Y: 0.05000000074505806
11-20 14:48:10.719  8176  8549 D LCHSAcceleration: Overall Acceleration | X: -0.6100000143051147 Y: 0.10999999940395355
11-20 14:48:10.741  8176  8554 V IMU     : dt=1.012s accel=(-0.170 -0.040 0.350)m/s^2
11-20 14:48:10.790  8176  8549 D LCHSAcceleration: Linear Acceleration  | X: -0.11999999731779099 Y: 0.1899999976158142
11-20 14:48:10.826  8176  8549 D LCHSAcceleration: Overall Acceleration | X: -0.6499999761581421 Y: -0.15000000596046448
11-20 14:48:10.878  8176  8549 D LCHSAcceleration: Linear Acceleration  | X: 0.009999999776482582 Y: -0.05999999865889549
11-20 14:48:10.906  8176  8549 D LCHSAcceleration: Overall Acceleration | X: -0.4099999964237213 Y: -0.009999999776482582
11-20 14:48:10.974  8176  8549 D LCHSAcceleration: Linear Acceleration  | X: 0.09000000357627869 Y: 0.25999999046325684
11-20 14:48:11.005  8176  8549 D LCHSAcceleration: Overall Acceleration | X: -0.7200000286102295 Y: -0.36000001430511475
11-20 14:48:11.059  8176  8549 D LCHSAcceleration: Linear Acceleration  | X: -0.03999999910593033 Y: 0.14000000059604645
11-20 14:48:11.081  8176  8549 D LCHSAcceleration: Overall Acceleration | X: -0.44999998807907104 Y: -0.009999999776482582
11-20 14:48:11.109  8176  8549 D LCHSAcceleration: Linear Acceleration  | X: -0.20999999344348907 Y: 0.17000000178813934
11-20 14:48:11.136  8176  8549 D LCHSAcceleration: Overall Acceleration | X: -0.5799999833106995 Y: -0.23999999463558197
11-20 14:48:11.164  8176  8549 D LCHSAcceleration: Linear Acceleration  | X: -0.20000000298023224 Y: 0.2199999988079071
11-20 14:48:11.194  8176  8549 D LCHSAcceleration: Overall Acceleration | X: -0.6700000166893005 Y: -0.03999999910593033
11-20 14:48:11.225  8176  8549 D LCHSAcceleration: Linear Acceleration  | X: -0.05999999865889549 Y: 0.009999999776482582
11-20 14:48:11.257  8176  8549 D LCHSAcceleration: Overall Acceleration | X: -0.6100000143051147 Y: 0.4699999988079071
11-20 14:48:11.300  8176  8549 D LCHSAcceleration: Linear Acceleration  | X: -0.12999999523162842 Y: 0.0
11-20 14:48:11.324  8176  8549 D LCHSAcceleration: Overall Acceleration | X: -0.6800000071525574 Y: -0.12999999523162842
11-20 14:48:11.366  8176  8549 D LCHSAcceleration: Linear Acceleration  | X: -0.10000000149011612 Y: -0.25999999046325684
11-20 14:48:11.392  8176  8549 D LCHSAcceleration: Overall Acceleration | X: -0.75 Y: -0.25
11-20 14:48:11.445  8176  8549 D LCHSAcceleration: Linear Acceleration  | X: -0.10999999940395355 Y: 0.07000000029802322
11-20 14:48:11.475  8176  8549 D LCHSAcceleration: Overall Acceleration | X: -0.49000000953674316 Y: -0.07000000029802322
11-20 14:48:11.506  8176  8549 D LCHSAcceleration: Linear Acceleration  | X: -0.20000000298023224 Y: -0.11999999731779099
11-20 14:48:11.537  8176  8549 D LCHSAcceleration: Overall Acceleration | X: -0.46000000834465027 Y: -0.07999999821186066
11-20 14:48:11.570  8176  8549 D LCHSAcceleration: Linear Acceleration  | X: 0.1899999976158142 Y: -0.07999999821186066
11-20 14:48:11.599  8176  8549 D LCHSAcceleration: Overall Acceleration | X: -0.550000011920929 Y: -0.1899999976158142
11-20 14:48:11.627  8176  8549 D LCHSAcceleration: Linear Acceleration  | X: -0.11999999731779099 Y: -0.1599999964237213
11-20 14:48:11.657  8176  8549 D LCHSAcceleration: Overall Acceleration | X: -0.800000011920929 Y: -0.1899999976158142
11-20 14:48:11.687  8176  8549 D LCHSAcceleration: Linear Acceleration  | X: -0.03999999910593033 Y: 0.28999999165534973
11-20 14:48:11.718  8176  8549 D LCHSAcceleration: Overall Acceleration | X: -0.8999999761581421 Y: -0.33000001311302185
11-20 14:48:11.750  8176  8549 D LCHSAcceleration: Linear Acceleration  | X: -0.25 Y: 0.17000000178813934
11-20 14:48:11.763  8176  8554 V IMU     : dt=1.022s accel=(0.180 -0.140 0.360)m/s^2
11-20 14:48:11.790  8176  8549 D LCHSAcceleration: Overall Acceleration | X: -0.4300000071525574 Y: -0.12999999523162842
11-20 14:48:11.839  8176  8549 D LCHSAcceleration: Linear Acceleration  | X: -0.09000000357627869 Y: 0.10999999940395355
11-20 14:48:11.866  8176  8549 D LCHSAcceleration: Overall Acceleration | X: -0.2800000011920929 Y: 0.07999999821186066
11-20 14:48:11.893  8176  8549 D LCHSAcceleration: Linear Acceleration  | X: 0.03999999910593033 Y: -0.2800000011920929
11-20 14:48:11.923  8176  8549 D LCHSAcceleration: Overall Acceleration | X: -0.3799999952316284 Y: -0.25
11-20 14:48:11.990  8176  8549 D LCHSAcceleration: Linear Acceleration  | X: -0.1899999976158142 Y: 0.28999999165534973
11-20 14:48:12.021  8176  8549 D LCHSAcceleration: Overall Acceleration | X: -0.5299999713897705 Y: -0.2199999988079071
11-20 14:48:12.053  8176  8549 D LCHSAcceleration: Linear Acceleration  | X: -0.46000000834465027 Y: 0.12999999523162842
11-20 14:48:12.077  8176  8549 D LCHSAcceleration: Overall Acceleration | X: -0.4399999976158142 Y: 0.25999999046325684
11-20 14:48:12.104  8176  8549 D LCHSAcceleration: Linear Acceleration  | X: -0.25999999046325684 Y: -0.23000000417232513
11-20 14:48:12.130  8176  8549 D LCHSAcceleration: Overall Acceleration | X: -0.38999998569488525 Y: -0.05999999865889549
11-20 14:48:12.158  8176  8549 D LCHSAcceleration: Linear Acceleration  | X: 0.20000000298023224 Y: -0.10000000149011612
11-20 14:48:12.185  8176  8549 D LCHSAcceleration: Overall Acceleration | X: -0.3499999940395355 Y: -0.17000000178813934
11-20 14:48:12.203  8176  8549 D LCHSAcceleration: Linear Acceleration  | X: 0.18000000715255737 Y: -0.6600000262260437
11-20 14:48:12.230  8176  8549 D LCHSAcceleration: Overall Acceleration | X: -0.46000000834465027 Y: -0.3400000035762787
11-20 14:48:12.253  8176  8549 D LCHSAcceleration: Linear Acceleration  | X: -0.09000000357627869 Y: -0.28999999165534973
11-20 14:48:12.277  8176  8549 D LCHSAcceleration: Overall Acceleration | X: -0.75 Y: -0.05999999865889549
11-20 14:48:12.324  8176  8549 D LCHSAcceleration: Linear Acceleration  | X: -0.009999999776482582 Y: -0.05000000074505806
11-20 14:48:12.348  8176  8549 D LCHSAcceleration: Overall Acceleration | X: -0.2800000011920929 Y: -0.5099999904632568
11-20 14:48:12.406  8176  8549 D LCHSAcceleration: Linear Acceleration  | X: 0.4399999976158142 Y: 0.07000000029802322
11-20 14:48:12.437  8176  8549 D LCHSAcceleration: Overall Acceleration | X: -0.30000001192092896 Y: 0.019999999552965164
11-20 14:48:12.502  8176  8549 D LCHSAcceleration: Linear Acceleration  | X: 0.6700000166893005 Y: -0.10999999940395355
11-20 14:48:12.530  8176  8549 D LCHSAcceleration: Overall Acceleration | X: 0.11999999731779099 Y: 0.33000001311302185
11-20 14:48:12.554  8176  8549 D LCHSAcceleration: Linear Acceleration  | X: 0.5 Y: -0.07999999821186066
11-20 14:48:12.583  8176  8549 D LCHSAcceleration: Overall Acceleration | X: -0.17000000178813934 Y: 0.5199999809265137
11-20 14:48:12.611  8176  8549 D LCHSAcceleration: Linear Acceleration  | X: -0.15000000596046448 Y: 0.029999999329447746
11-20 14:48:12.636  8176  8549 D LCHSAcceleration: Overall Acceleration | X: -0.7300000190734863 Y: 0.5299999713897705
11-20 14:48:12.674  8176  8549 D LCHSAcceleration: Linear Acceleration  | X: -0.4399999976158142 Y: 0.6100000143051147
11-20 14:48:12.704  8176  8549 D LCHSAcceleration: Overall Acceleration | X: -0.5 Y: -0.2800000011920929
11-20 14:48:12.758  8176  8549 D LCHSAcceleration: Linear Acceleration  | X: -0.1599999964237213 Y: 0.05999999865889549
11-20 14:48:12.766  8176  8554 V IMU     : dt=1.003s accel=(-0.350 -0.110 0.420)m/s^2
11-20 14:48:12.795  8176  8549 D LCHSAcceleration: Overall Acceleration | X: -0.9900000095367432 Y: -0.11999999731779099
11-20 14:48:12.837  8176  8549 D LCHSAcceleration: Linear Acceleration  | X: -0.5400000214576721 Y: 0.5099999904632568
11-20 14:48:12.864  8176  8549 D LCHSAcceleration: Overall Acceleration | X: -0.550000011920929 Y: 0.6299999952316284
11-20 14:48:12.900  8176  8549 D LCHSAcceleration: Linear Acceleration  | X: -0.07000000029802322 Y: 0.6399999856948853
11-20 14:48:12.928  8176  8549 D LCHSAcceleration: Overall Acceleration | X: -0.5600000023841858 Y: 0.14000000059604645
11-20 14:48:12.974  8176  8549 D LCHSAcceleration: Linear Acceleration  | X: -0.3799999952316284 Y: 0.5600000023841858
11-20 14:48:13.004  8176  8549 D LCHSAcceleration: Overall Acceleration | X: -0.7300000190734863 Y: 0.46000000834465027
11-20 14:48:13.040  8176  8549 D LCHSAcceleration: Linear Acceleration  | X: -0.14000000059604645 Y: 0.5
11-20 14:48:13.073  8176  8549 D LCHSAcceleration: Overall Acceleration | X: -1.100000023841858 Y: 0.1599999964237213
11-20 14:48:13.104  8176  8549 D LCHSAcceleration: Linear Acceleration  | X: -0.49000000953674316 Y: 0.05000000074505806
11-20 14:48:13.131  8176  8549 D LCHSAcceleration: Overall Acceleration | X: -1.0700000524520874 Y: -0.27000001072883606
11-20 14:48:13.159  8176  8549 D LCHSAcceleration: Linear Acceleration  | X: -0.20999999344348907 Y: -0.11999999731779099
11-20 14:48:13.189  8176  8549 D LCHSAcceleration: Overall Acceleration | X: -0.8999999761581421 Y: -0.07000000029802322
11-20 14:48:13.221  8176  8549 D LCHSAcceleration: Linear Acceleration  | X: -0.3700000047683716 Y: 0.11999999731779099
11-20 14:48:13.252  8176  8549 D LCHSAcceleration: Overall Acceleration | X: -0.5 Y: 0.0
11-20 14:48:13.285  8176  8549 D LCHSAcceleration: Linear Acceleration  | X: -0.23999999463558197 Y: 0.3100000023841858
11-20 14:48:13.313  8176  8549 D LCHSAcceleration: Overall Acceleration | X: -0.949999988079071 Y: 0.14000000059604645
11-20 14:48:13.344  8176  8549 D LCHSAcceleration: Linear Acceleration  | X: -0.33000001311302185 Y: 0.09000000357627869
11-20 14:48:13.374  8176  8549 D LCHSAcceleration: Overall Acceleration | X: -0.5400000214576721 Y: -0.5400000214576721
11-20 14:48:13.415  8176  8549 D LCHSAcceleration: Linear Acceleration  | X: -0.5699999928474426 Y: 0.03999999910593033
11-20 14:48:13.446  8176  8549 D LCHSAcceleration: Overall Acceleration | X: -1.2300000190734863 Y: -0.5099999904632568
11-20 14:48:13.510  8176  8549 D LCHSAcceleration: Linear Acceleration  | X: 0.17000000178813934 Y: -0.10000000149011612
11-20 14:48:13.539  8176  8549 D LCHSAcceleration: Overall Acceleration | X: -0.36000001430511475 Y: -0.10999999940395355
11-20 14:48:13.565  8176  8549 D LCHSAcceleration: Linear Acceleration  | X: 0.11999999731779099 Y: 0.10999999940395355
11-20 14:48:13.602  8176  8549 D LCHSAcceleration: Overall Acceleration | X: -0.3400000035762787 Y: 0.3199999928474426
11-20 14:48:13.633  8176  8549 D LCHSAcceleration: Linear Acceleration  | X: -0.07000000029802322 Y: -0.25999999046325684
11-20 14:48:13.661  8176  8549 D LCHSAcceleration: Overall Acceleration | X: -0.23999999463558197 Y: -0.7699999809265137
11-20 14:48:13.691  8176  8549 D LCHSAcceleration: Linear Acceleration  | X: 0.019999999552965164 Y: 0.009999999776482582
11-20 14:48:13.726  8176  8549 D LCHSAcceleration: Overall Acceleration | X: -0.8199999928474426 Y: -0.1599999964237213
11-20 14:48:13.758  8176  8549 D LCHSAcceleration: Linear Acceleration  | X: -0.3700000047683716 Y: -0.019999999552965164
11-20 14:48:13.787  8176  8554 V IMU     : dt=1.022s accel=(-0.250 0.040 0.420)m/s^2
11-20 14:48:13.795  8176  8549 D LCHSAcceleration: Overall Acceleration | X: -1.059999942779541 Y: -0.07999999821186066
11-20 14:48:13.826  8176  8549 D LCHSAcceleration: Linear Acceleration  | X: -0.25999999046325684 Y: 0.4000000059604645
11-20 14:48:13.855  8176  8549 D LCHSAcceleration: Overall Acceleration | X: -0.9700000286102295 Y: 0.17000000178813934
11-20 14:48:13.883  8176  8549 D LCHSAcceleration: Linear Acceleration  | X: -0.699999988079071 Y: -0.07000000029802322
11-20 14:48:13.909  8176  8549 D LCHSAcceleration: Overall Acceleration | X: -1.0800000429153442 Y: -0.05999999865889549
11-20 14:48:13.946  8176  8549 D LCHSAcceleration: Linear Acceleration  | X: -0.5199999809265137 Y: -0.6200000047683716
11-20 14:48:13.978  8176  8549 D LCHSAcceleration: Overall Acceleration | X: -1.2400000095367432 Y: -0.30000001192092896
11-20 14:48:14.049  8176  8549 D LCHSAcceleration: Linear Acceleration  | X: -0.10000000149011612 Y: -0.18000000715255737
11-20 14:48:14.080  8176  8549 D LCHSAcceleration: Overall Acceleration | X: -0.17000000178813934 Y: -0.2199999988079071
11-20 14:48:14.110  8176  8549 D LCHSAcceleration: Linear Acceleration  | X: -0.09000000357627869 Y: -0.2199999988079071
11-20 14:48:14.139  8176  8549 D LCHSAcceleration: Overall Acceleration | X: -0.4000000059604645 Y: -0.550000011920929
11-20 14:48:14.171  8176  8549 D LCHSAcceleration: Linear Acceleration  | X: 0.10000000149011612 Y: 0.4399999976158142
11-20 14:48:14.202  8176  8549 D LCHSAcceleration: Overall Acceleration | X: -0.5400000214576721 Y: -0.03999999910593033
11-20 14:48:14.231  8176  8549 D LCHSAcceleration: Linear Acceleration  | X: 0.30000001192092896 Y: -0.15000000596046448
11-20 14:48:14.260  8176  8549 D LCHSAcceleration: Overall Acceleration | X: -0.8299999833106995 Y: -0.1599999964237213
11-20 14:48:14.291  8176  8549 D LCHSAcceleration: Linear Acceleration  | X: 0.009999999776482582 Y: 0.07000000029802322
11-20 14:48:14.321  8176  8549 D LCHSAcceleration: Overall Acceleration | X: -0.5199999809265137 Y: -0.11999999731779099
11-20 14:48:14.347  8176  8549 D LCHSAcceleration: Linear Acceleration  | X: 0.3400000035762787 Y: 0.17000000178813934
11-20 14:48:14.375  8176  8549 D LCHSAcceleration: Overall Acceleration | X: -0.4300000071525574 Y: 0.4000000059604645
11-20 14:48:14.402  8176  8549 D LCHSAcceleration: Linear Acceleration  | X: -0.7900000214576721 Y: 0.28999999165534973
11-20 14:48:14.429  8176  8549 D LCHSAcceleration: Overall Acceleration | X: 0.029999999329447746 Y: 0.5600000023841858
11-20 14:48:14.476  8176  8549 D LCHSAcceleration: Linear Acceleration  | X: 0.09000000357627869 Y: 0.10000000149011612
11-20 14:48:14.510  8176  8549 D LCHSAcceleration: Overall Acceleration | X: -0.6299999952316284 Y: 0.10999999940395355
11-20 14:48:14.566  8176  8549 D LCHSAcceleration: Linear Acceleration  | X: -0.20000000298023224 Y: 0.46000000834465027
11-20 14:48:14.598  8176  8549 D LCHSAcceleration: Overall Acceleration | X: 0.07000000029802322 Y: -0.550000011920929
11-20 14:48:14.633  8176  8549 D LCHSAcceleration: Linear Acceleration  | X: 0.46000000834465027 Y: -0.07000000029802322
11-20 14:48:14.661  8176  8549 D LCHSAcceleration: Overall Acceleration | X: -0.6600000262260437 Y: -0.5600000023841858
11-20 14:48:14.692  8176  8549 D LCHSAcceleration: Linear Acceleration  | X: -0.1599999964237213 Y: -0.75
11-20 14:48:14.720  8176  8549 D LCHSAcceleration: Overall Acceleration | X: -1.0299999713897705 Y: -0.23000000417232513
11-20 14:48:14.748  8176  8549 D LCHSAcceleration: Linear Acceleration  | X: 0.6600000262260437 Y: -0.25
11-20 14:48:14.782  8176  8549 D LCHSAcceleration: Overall Acceleration | X: -0.47999998927116394 Y: -0.3400000035762787
11-20 14:48:14.798  8176  8554 V IMU     : dt=1.010s accel=(0.280 0.180 0.460)m/s^2
11-20 14:48:14.827  8176  8549 D LCHSAcceleration: Linear Acceleration  | X: 0.2800000011920929 Y: -0.550000011920929
11-20 14:48:14.860  8176  8549 D LCHSAcceleration: Overall Acceleration | X: 0.11999999731779099 Y: -0.2199999988079071
11-20 14:48:14.908  8176  8549 D LCHSAcceleration: Linear Acceleration  | X: -0.07999999821186066 Y: 0.12999999523162842
11-20 14:48:14.932  8176  8549 D LCHSAcceleration: Overall Acceleration | X: -0.2800000011920929 Y: -0.10999999940395355
11-20 14:48:14.958  8176  8549 D LCHSAcceleration: Linear Acceleration  | X: 0.2199999988079071 Y: -0.009999999776482582
11-20 14:48:14.989  8176  8549 D LCHSAcceleration: Overall Acceleration | X: -0.4000000059604645 Y: 0.09000000357627869
11-20 14:48:15.028  8176  8549 D LCHSAcceleration: Linear Acceleration  | X: -0.3199999928474426 Y: -0.27000001072883606
11-20 14:48:15.052  8176  8549 D LCHSAcceleration: Overall Acceleration | X: -1.1200000047683716 Y: -0.6299999952316284
11-20 14:48:15.086  8176  8549 D LCHSAcceleration: Linear Acceleration  | X: -0.2199999988079071 Y: -0.28999999165534973
11-20 14:48:15.119  8176  8549 D LCHSAcceleration: Overall Acceleration | X: -0.6499999761581421 Y: -0.36000001430511475
11-20 14:48:15.153  8176  8549 D LCHSAcceleration: Linear Acceleration  | X: 0.07000000029802322 Y: -0.15000000596046448
11-20 14:48:15.181  8176  8549 D LCHSAcceleration: Overall Acceleration | X: -1.1299999952316284 Y: 0.3499999940395355
11-20 14:48:15.214  8176  8549 D LCHSAcceleration: Linear Acceleration  | X: 0.1899999976158142 Y: -0.3499999940395355
11-20 14:48:15.244  8176  8549 D LCHSAcceleration: Overall Acceleration | X: -0.6899999976158142 Y: -0.33000001311302185
11-20 14:48:15.274  8176  8549 D LCHSAcceleration: Linear Acceleration  | X: -0.5699999928474426 Y: 0.10999999940395355
11-20 14:48:15.304  8176  8549 D LCHSAcceleration: Overall Acceleration | X: -1.350000023841858 Y: -0.4399999976158142
11-20 14:48:15.333  8176  8549 D LCHSAcceleration: Linear Acceleration  | X: -0.33000001311302185 Y: -0.20000000298023224
11-20 14:48:15.367  8176  8549 D LCHSAcceleration: Overall Acceleration | X: -0.9100000262260437 Y: -0.07000000029802322
11-20 14:48:15.429  8176  8549 D LCHSAcceleration: Linear Acceleration  | X: -0.17000000178813934 Y: 0.3799999952316284
11-20 14:48:15.457  8176  8549 D LCHSAcceleration: Overall Acceleration | X: -0.8199999928474426 Y: -0.49000000953674316
11-20 14:48:15.482  8176  8549 D LCHSAcceleration: Linear Acceleration  | X: 0.14000000059604645 Y: -0.6000000238418579
11-20 14:48:15.515  8176  8549 D LCHSAcceleration: Overall Acceleration | X: -1.559999942779541 Y: -0.6800000071525574
11-20 14:48:15.562  8176  8549 D LCHSAcceleration: Linear Acceleration  | X: 0.1599999964237213 Y: -0.6700000166893005
11-20 14:48:15.590  8176  8549 D LCHSAcceleration: Overall Acceleration | X: -0.36000001430511475 Y: 0.09000000357627869
11-20 14:48:15.616  8176  8549 D LCHSAcceleration: Linear Acceleration  | X: 0.41999998688697815 Y: 0.6499999761581421
11-20 14:48:15.644  8176  8549 D LCHSAcceleration: Overall Acceleration | X: -0.14000000059604645 Y: 0.4699999988079071
11-20 14:48:15.677  8176  8549 D LCHSAcceleration: Linear Acceleration  | X: -0.5099999904632568 Y: -0.05999999865889549
11-20 14:48:15.707  8176  8549 D LCHSAcceleration: Overall Acceleration | X: 0.3400000035762787 Y: -0.36000001430511475
11-20 14:48:15.739  8176  8549 D LCHSAcceleration: Linear Acceleration  | X: -0.46000000834465027 Y: -0.8399999737739563
11-20 14:48:15.769  8176  8549 D LCHSAcceleration: Overall Acceleration | X: -0.5699999928474426 Y: 0.1599999964237213
11-20 14:48:15.794  8176  8549 D LCHSAcceleration: Linear Acceleration  | X: 0.14000000059604645 Y: -0.10000000149011612
11-20 14:48:15.807  8176  8554 V IMU     : dt=1.009s accel=(0.420 -0.480 0.000)m/s^2
11-20 14:48:15.835  8176  8549 D LCHSAcceleration: Overall Acceleration | X: -0.8799999952316284 Y: 0.09000000357627869
11-20 14:48:15.864  8176  8549 D LCHSAcceleration: Linear Acceleration  | X: -0.33000001311302185 Y: -0.14000000059604645
11-20 14:48:15.889  8176  8549 D LCHSAcceleration: Overall Acceleration | X: -1.059999942779541 Y: -0.2800000011920929
11-20 14:48:15.947  8176  8549 D LCHSAcceleration: Linear Acceleration  | X: -0.47999998927116394 Y: -0.23000000417232513
11-20 14:48:15.978  8176  8549 D LCHSAcceleration: Overall Acceleration | X: -0.9100000262260437 Y: -0.2800000011920929
11-20 14:48:16.008  8176  8549 D LCHSAcceleration: Linear Acceleration  | X: -0.03999999910593033 Y: 0.0
11-20 14:48:16.039  8176  8549 D LCHSAcceleration: Overall Acceleration | X: -0.7099999785423279 Y: 0.5
11-20 14:48:16.083  8176  8549 D LCHSAcceleration: Linear Acceleration  | X: 0.2800000011920929 Y: -0.10000000149011612
11-20 14:48:16.115  8176  8549 D LCHSAcceleration: Overall Acceleration | X: -0.9700000286102295 Y: 0.30000001192092896
11-20 14:48:16.145  8176  8549 D LCHSAcceleration: Linear Acceleration  | X: 0.25 Y: 0.4000000059604645
11-20 14:48:16.172  8176  8549 D LCHSAcceleration: Overall Acceleration | X: -0.05000000074505806 Y: 0.20000000298023224
11-20 14:48:16.206  8176  8549 D LCHSAcceleration: Linear Acceleration  | X: 0.20999999344348907 Y: 0.2199999988079071
11-20 14:48:16.236  8176  8549 D LCHSAcceleration: Overall Acceleration | X: -0.6700000166893005 Y: -0.11999999731779099
11-20 14:48:16.264  8176  8549 D LCHSAcceleration: Linear Acceleration  | X: -0.4099999964237213 Y: -0.5799999833106995
11-20 14:48:16.293  8176  8549 D LCHSAcceleration: Overall Acceleration | X: -1.1399999856948853 Y: -0.07999999821186066
11-20 14:48:16.321  8176  8549 D LCHSAcceleration: Linear Acceleration  | X: -0.28999999165534973 Y: -0.019999999552965164
11-20 14:48:16.349  8176  8549 D LCHSAcceleration: Overall Acceleration | X: -0.30000001192092896 Y: -0.49000000953674316
11-20 14:48:16.384  8176  8549 D LCHSAcceleration: Linear Acceleration  | X: 0.14000000059604645 Y: 0.38999998569488525
11-20 14:48:16.412  8176  8549 D LCHSAcceleration: Overall Acceleration | X: -0.009999999776482582 Y: 0.46000000834465027
11-20 14:48:16.470  8176  8549 D LCHSAcceleration: Linear Acceleration  | X: -0.6000000238418579 Y: -0.6800000071525574
11-20 14:48:16.492  8176  8549 D LCHSAcceleration: Overall Acceleration | X: -0.7900000214576721 Y: -0.05000000074505806
11-20 14:48:16.518  8176  8549 D LCHSAcceleration: Linear Acceleration  | X: -0.25999999046325684 Y: -0.49000000953674316
11-20 14:48:16.544  8176  8549 D LCHSAcceleration: Overall Acceleration | X: -1.0099999904632568 Y: -0.7300000190734863
11-20 14:48:16.570  8176  8549 D LCHSAcceleration: Linear Acceleration  | X: -0.10000000149011612 Y: -0.44999998807907104
11-20 14:48:16.597  8176  8549 D LCHSAcceleration: Overall Acceleration | X: -0.12999999523162842 Y: 0.11999999731779099
11-20 14:48:16.639  8176  8549 D LCHSAcceleration: Linear Acceleration  | X: -0.1899999976158142 Y: 0.17000000178813934
11-20 14:48:16.665  8176  8549 D LCHSAcceleration: Overall Acceleration | X: -0.12999999523162842 Y: 0.05000000074505806
11-20 14:48:16.693  8176  8549 D LCHSAcceleration: Linear Acceleration  | X: -0.5799999833106995 Y: -0.20000000298023224
11-20 14:48:16.725  8176  8549 D LCHSAcceleration: Overall Acceleration | X: -0.7599999904632568 Y: 0.23000000417232513
11-20 14:48:16.760  8176  8549 D LCHSAcceleration: Linear Acceleration  | X: 0.0 Y: 0.14000000059604645
11-20 14:48:16.791  8176  8549 D LCHSAcceleration: Overall Acceleration | X: -0.800000011920929 Y: -0.33000001311302185
11-20 14:48:16.821  8176  8554 V IMU     : dt=1.015s accel=(-0.300 -0.120 0.710)m/s^2
11-20 14:48:16.830  8176  8549 D LCHSAcceleration: Linear Acceleration  | X: -0.6499999761581421 Y: -0.3700000047683716
11-20 14:48:16.860  8176  8549 D LCHSAcceleration: Overall Acceleration | X: -0.30000001192092896 Y: -0.05000000074505806
11-20 14:48:16.878  8176  8549 D LCHSAcceleration: Linear Acceleration  | X: -0.7099999785423279 Y: 0.03999999910593033
11-20 14:48:16.906  8176  8549 D LCHSAcceleration: Overall Acceleration | X: -0.5799999833106995 Y: 0.23000000417232513
11-20 14:48:16.934  8176  8549 D LCHSAcceleration: Linear Acceleration  | X: 0.33000001311302185 Y: -0.28999999165534973
11-20 14:48:16.964  8176  8549 D LCHSAcceleration: Overall Acceleration | X: -0.7799999713897705 Y: -0.20999999344348907
11-20 14:48:17.033  8176  8549 D LCHSAcceleration: Linear Acceleration  | X: -0.7200000286102295 Y: 0.09000000357627869
11-20 14:48:17.065  8176  8549 D LCHSAcceleration: Overall Acceleration | X: -0.8999999761581421 Y: 0.25
11-20 14:48:17.097  8176  8549 D LCHSAcceleration: Linear Acceleration  | X: 0.4699999988079071 Y: 0.25999999046325684
11-20 14:48:17.136  8176  8549 D LCHSAcceleration: Overall Acceleration | X: -0.3700000047683716 Y: 0.6000000238418579
11-20 14:48:17.172  8176  8549 D LCHSAcceleration: Linear Acceleration  | X: 0.36000001430511475 Y: 0.5199999809265137
11-20 14:48:17.203  8176  8549 D LCHSAcceleration: Overall Acceleration | X: -0.15000000596046448 Y: 0.30000001192092896
11-20 14:48:17.244  8176  8549 D LCHSAcceleration: Linear Acceleration  | X: -0.23999999463558197 Y: 0.1599999964237213
11-20 14:48:17.274  8176  8549 D LCHSAcceleration: Overall Acceleration | X: -0.20999999344348907 Y: 0.12999999523162842
11-20 14:48:17.306  8176  8549 D LCHSAcceleration: Linear Acceleration  | X: 0.2199999988079071 Y: -0.699999988079071
11-20 14:48:17.332  8176  8549 D LCHSAcceleration: Overall Acceleration | X: -0.8299999833106995 Y: 0.15000000596046448
11-20 14:48:17.374  8176  8549 D LCHSAcceleration: Linear Acceleration  | X: 0.05000000074505806 Y: -0.029999999329447746
11-20 14:48:17.407  8176  8549 D LCHSAcceleration: Overall Acceleration | X: -0.019999999552965164 Y: 0.46000000834465027
11-20 14:48:17.453  8176  8549 D LCHSAcceleration: Linear Acceleration  | X: 0.5600000023841858 Y: -0.10999999940395355
11-20 14:48:17.485  8176  8549 D LCHSAcceleration: Overall Acceleration | X: -0.11999999731779099 Y: -0.41999998688697815
11-20 14:48:17.549  8176  8549 D LCHSAcceleration: Linear Acceleration  | X: 0.07999999821186066 Y: 0.0
11-20 14:48:17.579  8176  8549 D LCHSAcceleration: Overall Acceleration | X: -0.3400000035762787 Y: 0.07999999821186066
11-20 14:48:17.610  8176  8549 D LCHSAcceleration: Linear Acceleration  | X: 0.3199999928474426 Y: 0.3400000035762787
11-20 14:48:17.648  8176  8549 D LCHSAcceleration: Overall Acceleration | X: -0.12999999523162842 Y: 0.2199999988079071
11-20 14:48:17.710  8176  8549 D LCHSAcceleration: Linear Acceleration  | X: 0.3400000035762787 Y: 0.38999998569488525
11-20 14:48:17.748  8176  8549 D LCHSAcceleration: Overall Acceleration | X: -0.2800000011920929 Y: -0.11999999731779099
11-20 14:48:17.794  8176  8549 D LCHSAcceleration: Linear Acceleration  | X: 0.18000000715255737 Y: 0.3400000035762787
11-20 14:48:17.822  8176  8549 D LCHSAcceleration: Overall Acceleration | X: -0.4000000059604645 Y: -0.14000000059604645
11-20 14:48:17.835  8176  8554 V IMU     : dt=1.014s accel=(0.110 0.090 0.040)m/s^2
11-20 14:48:17.871  8176  8549 D LCHSAcceleration: Linear Acceleration  | X: -0.23999999463558197 Y: -0.07000000029802322
11-20 14:48:17.898  8176  8549 D LCHSAcceleration: Overall Acceleration | X: -0.8399999737739563 Y: -0.4300000071525574
11-20 14:48:17.942  8176  8549 D LCHSAcceleration: Linear Acceleration  | X: 0.05999999865889549 Y: -0.47999998927116394
11-20 14:48:17.972  8176  8549 D LCHSAcceleration: Overall Acceleration | X: -0.4000000059604645 Y: -0.6100000143051147
11-20 14:48:18.023  8176  8549 D LCHSAcceleration: Linear Acceleration  | X: 0.20000000298023224 Y: -0.44999998807907104
11-20 14:48:18.057  8176  8549 D LCHSAcceleration: Overall Acceleration | X: -0.33000001311302185 Y: -0.6100000143051147
11-20 14:48:18.087  8176  8549 D LCHSAcceleration: Linear Acceleration  | X: 0.3100000023841858 Y: -0.3400000035762787
11-20 14:48:18.116  8176  8549 D LCHSAcceleration: Overall Acceleration | X: -0.3100000023841858 Y: -0.7699999809265137
11-20 14:48:18.143  8176  8549 D LCHSAcceleration: Linear Acceleration  | X: 0.25999999046325684 Y: 0.05000000074505806
11-20 14:48:18.172  8176  8549 D LCHSAcceleration: Overall Acceleration | X: -0.6100000143051147 Y: -0.4699999988079071
11-20 14:48:18.209  8176  8549 D LCHSAcceleration: Linear Acceleration  | X: 0.1899999976158142 Y: -0.41999998688697815
11-20 14:48:18.232  8176  8549 D LCHSAcceleration: Overall Acceleration | X: -0.7300000190734863 Y: 0.23000000417232513
11-20 14:48:18.260  8176  8549 D LCHSAcceleration: Linear Acceleration  | X: 0.05000000074505806 Y: -0.12999999523162842
11-20 14:48:18.283  8176  8549 D LCHSAcceleration: Overall Acceleration | X: -0.8100000023841858 Y: 0.36000001430511475
11-20 14:48:18.312  8176  8549 D LCHSAcceleration: Linear Acceleration  | X: -0.20999999344348907 Y: 0.09000000357627869
11-20 14:48:18.343  8176  8549 D LCHSAcceleration: Overall Acceleration | X: -0.7400000095367432 Y: 0.2800000011920929
11-20 14:48:18.409  8176  8549 D LCHSAcceleration: Linear Acceleration  | X: -0.10000000149011612 Y: -0.09000000357627869
11-20 14:48:18.440  8176  8549 D LCHSAcceleration: Overall Acceleration | X: -0.9700000286102295 Y: 0.27000001072883606
11-20 14:48:18.492  8176  8549 D LCHSAcceleration: Linear Acceleration  | X: -0.44999998807907104 Y: -0.029999999329447746
11-20 14:48:18.524  8176  8549 D LCHSAcceleration: Overall Acceleration | X: -1.0099999904632568 Y: -0.4399999976158142
11-20 14:48:18.575  8176  8549 D LCHSAcceleration: Linear Acceleration  | X: -0.1599999964237213 Y: 0.009999999776482582
11-20 14:48:18.605  8176  8549 D LCHSAcceleration: Overall Acceleration | X: -0.46000000834465027 Y: 0.10000000149011612
11-20 14:48:18.649  8176  8549 D LCHSAcceleration: Linear Acceleration  | X: 0.15000000596046448 Y: 0.09000000357627869
11-20 14:48:18.680  8176  8549 D LCHSAcceleration: Overall Acceleration | X: -0.4300000071525574 Y: 0.5
11-20 14:48:18.743  8176  8549 D LCHSAcceleration: Linear Acceleration  | X: 0.1599999964237213 Y: 0.699999988079071
11-20 14:48:18.774  8176  8549 D LCHSAcceleration: Overall Acceleration | X: -0.44999998807907104 Y: -0.15000000596046448
11-20 14:48:18.823  8176  8549 D LCHSAcceleration: Linear Acceleration  | X: -0.3400000035762787 Y: 0.0
11-20 14:48:18.856  8176  8554 V IMU     : dt=1.020s accel=(0.260 0.710 0.530)m/s^2
11-20 14:48:18.864  8176  8549 D LCHSAcceleration: Overall Acceleration | X: -0.5899999737739563 Y: -0.28999999165534973
11-20 14:48:18.932  8176  8549 D LCHSAcceleration: Linear Acceleration  | X: 0.7099999785423279 Y: 0.4099999964237213
11-20 14:48:18.967  8176  8549 D LCHSAcceleration: Overall Acceleration | X: 0.029999999329447746 Y: 0.4399999976158142
11-20 14:48:19.007  8176  8549 D LCHSAcceleration: Linear Acceleration  | X: 0.1599999964237213 Y: 0.20999999344348907
11-20 14:48:19.034  8176  8549 D LCHSAcceleration: Overall Acceleration | X: -0.9399999976158142 Y: -1.1200000047683716
11-20 14:48:19.076  8176  8549 D LCHSAcceleration: Linear Acceleration  | X: -0.5699999928474426 Y: -0.6499999761581421
11-20 14:48:19.106  8176  8549 D LCHSAcceleration: Overall Acceleration | X: -1.1200000047683716 Y: -1.1100000143051147
11-20 14:48:19.154  8176  8549 D LCHSAcceleration: Linear Acceleration  | X: -1.1200000047683716 Y: -0.7799999713897705
11-20 14:48:19.183  8176  8549 D LCHSAcceleration: Overall Acceleration | X: -1.5 Y: -1.1799999475479126
11-20 14:48:19.213  8176  8549 D LCHSAcceleration: Linear Acceleration  | X: -1.0 Y: -0.5799999833106995
11-20 14:48:19.248  8176  8549 D LCHSAcceleration: Overall Acceleration | X: -0.46000000834465027 Y: -0.49000000953674316
11-20 14:48:19.284  8176  8549 D LCHSAcceleration: Linear Acceleration  | X: 0.07999999821186066 Y: 0.3499999940395355
11-20 14:48:19.312  8176  8549 D LCHSAcceleration: Overall Acceleration | X: -0.550000011920929 Y: 0.05000000074505806
11-20 14:48:19.344  8176  8549 D LCHSAcceleration: Linear Acceleration  | X: 0.0 Y: -0.03999999910593033
11-20 14:48:19.373  8176  8549 D LCHSAcceleration: Overall Acceleration | X: -0.6399999856948853 Y: -0.12999999523162842
11-20 14:48:19.409  8176  8549 D LCHSAcceleration: Linear Acceleration  | X: 0.009999999776482582 Y: 0.029999999329447746
11-20 14:48:19.437  8176  8549 D LCHSAcceleration: Overall Acceleration | X: -0.5600000023841858 Y: -0.10999999940395355
11-20 14:48:19.466  8176  8549 D LCHSAcceleration: Linear Acceleration  | X: -0.019999999552965164 Y: -0.019999999552965164
11-20 14:48:19.494  8176  8549 D LCHSAcceleration: Overall Acceleration | X: -0.6399999856948853 Y: -0.14000000059604645
11-20 14:48:19.525  8176  8549 D LCHSAcceleration: Linear Acceleration  | X: -0.009999999776482582 Y: 0.10999999940395355
11-20 14:48:19.554  8176  8549 D LCHSAcceleration: Overall Acceleration | X: -0.5600000023841858 Y: -0.15000000596046448
11-20 14:48:19.588  8176  8549 D LCHSAcceleration: Linear Acceleration  | X: -0.029999999329447746 Y: 0.05999999865889549
11-20 14:48:19.620  8176  8549 D LCHSAcceleration: Overall Acceleration | X: -0.6200000047683716 Y: -0.12999999523162842
11-20 14:48:19.686  8176  8549 D LCHSAcceleration: Linear Acceleration  | X: -0.03999999910593033 Y: 0.009999999776482582
11-20 14:48:19.713  8176  8549 D LCHSAcceleration: Overall Acceleration | X: -0.6000000238418579 Y: -0.07999999821186066
11-20 14:48:19.740  8176  8549 D LCHSAcceleration: Linear Acceleration  | X: 0.0 Y: 0.05000000074505806
11-20 14:48:19.771  8176  8549 D LCHSAcceleration: Overall Acceleration | X: -0.5899999737739563 Y: -0.10999999940395355
11-20 14:48:19.814  8176  8549 D LCHSAcceleration: Linear Acceleration  | X: -0.019999999552965164 Y: 0.03999999910593033
11-20 14:48:19.844  8176  8549 D LCHSAcceleration: Overall Acceleration | X: -0.5799999833106995 Y: -0.09000000357627869
11-20 14:48:19.878  8176  8554 V IMU     : dt=1.022s accel=(-0.020 0.040 0.270)m/s^2
11-20 14:48:19.886  8176  8549 D LCHSAcceleration: Linear Acceleration  | X: -0.009999999776482582 Y: 0.03999999910593033
11-20 14:48:19.916  8176  8549 D LCHSAcceleration: Overall Acceleration | X: -0.5899999737739563 Y: -0.10000000149011612
11-20 14:48:19.946  8176  8549 D LCHSAcceleration: Linear Acceleration  | X: -0.019999999552965164 Y: 0.019999999552965164
11-20 14:48:19.973  8176  8549 D LCHSAcceleration: Overall Acceleration | X: -0.5799999833106995 Y: -0.07999999821186066
11-20 14:48:20.007  8176  8549 D LCHSAcceleration: Linear Acceleration  | X: -0.029999999329447746 Y: 0.03999999910593033
11-20 14:48:20.035  8176  8549 D LCHSAcceleration: Overall Acceleration | X: -0.6100000143051147 Y: -0.11999999731779099
11-20 14:48:20.065  8176  8549 D LCHSAcceleration: Linear Acceleration  | X: -0.009999999776482582 Y: 0.05000000074505806
11-20 14:48:20.097  8176  8549 D LCHSAcceleration: Overall Acceleration | X: -0.5699999928474426 Y: -0.10999999940395355
11-20 14:48:20.122  8176  8549 D LCHSAcceleration: Linear Acceleration  | X: -0.019999999552965164 Y: 0.009999999776482582
11-20 14:48:20.149  8176  8549 D LCHSAcceleration: Overall Acceleration | X: -0.5899999737739563 Y: -0.12999999523162842
11-20 14:48:20.210  8176  8549 D LCHSAcceleration: Linear Acceleration  | X: -0.009999999776482582 Y: 0.05000000074505806
11-20 14:48:20.237  8176  8549 D LCHSAcceleration: Overall Acceleration | X: -0.6000000238418579 Y: -0.10999999940395355
11-20 14:48:20.263  8176  8549 D LCHSAcceleration: Linear Acceleration  | X: -0.009999999776482582 Y: 0.03999999910593033
11-20 14:48:20.289  8176  8549 D LCHSAcceleration: Overall Acceleration | X: -0.6000000238418579 Y: -0.10000000149011612
11-20 14:48:20.333  8176  8549 D LCHSAcceleration: Linear Acceleration  | X: -0.009999999776482582 Y: 0.05000000074505806
11-20 14:48:20.364  8176  8549 D LCHSAcceleration: Overall Acceleration | X: -0.5799999833106995 Y: -0.10999999940395355
11-20 14:48:20.393  8176  8549 D LCHSAcceleration: Linear Acceleration  | X: -0.019999999552965164 Y: 0.03999999910593033
11-20 14:48:20.420  8176  8549 D LCHSAcceleration: Overall Acceleration | X: -0.6100000143051147 Y: -0.12999999523162842
11-20 14:48:20.451  8176  8549 D LCHSAcceleration: Linear Acceleration  | X: -0.009999999776482582 Y: 0.05000000074505806
11-20 14:48:20.480  8176  8549 D LCHSAcceleration: Overall Acceleration | X: -0.5799999833106995 Y: -0.09000000357627869
11-20 14:48:20.510  8176  8549 D LCHSAcceleration: Linear Acceleration  | X: 0.0 Y: 0.03999999910593033
11-20 14:48:20.542  8176  8549 D LCHSAcceleration: Overall Acceleration | X: -0.6000000238418579 Y: -0.10999999940395355
11-20 14:48:20.566  8176  8549 D LCHSAcceleration: Linear Acceleration  | X: -0.019999999552965164 Y: 0.029999999329447746
11-20 14:48:20.594  8176  8549 D LCHSAcceleration: Overall Acceleration | X: -0.5899999737739563 Y: -0.10000000149011612
11-20 14:48:20.625  8176  8549 D LCHSAcceleration: Linear Acceleration  | X: -0.009999999776482582 Y: 0.03999999910593033
11-20 14:48:20.656  8176  8549 D LCHSAcceleration: Overall Acceleration | X: -0.5799999833106995 Y: -0.11999999731779099
11-20 14:48:20.728  8176  8549 D LCHSAcceleration: Linear Acceleration  | X: -0.009999999776482582 Y: 0.029999999329447746
11-20 14:48:20.759  8176  8549 D LCHSAcceleration: Overall Acceleration | X: -0.5799999833106995 Y: -0.10999999940395355
11-20 14:48:20.781  8176  8549 D LCHSAcceleration: Linear Acceleration  | X: 0.0 Y: 0.03999999910593033
11-20 14:48:20.807  8176  8549 D LCHSAcceleration: Overall Acceleration | X: -0.5699999928474426 Y: -0.07999999821186066
11-20 14:48:20.852  8176  8549 D LCHSAcceleration: Linear Acceleration  | X: -0.009999999776482582 Y: 0.05000000074505806
11-20 14:48:20.877  8176  8549 D LCHSAcceleration: Overall Acceleration | X: -0.5899999737739563 Y: -0.10999999940395355
11-20 14:48:20.892  8176  8554 V IMU     : dt=1.014s accel=(-0.030 0.050 0.310)m/s^2
11-20 14:48:20.930  8176  8549 D LCHSAcceleration: Linear Acceleration  | X: -0.009999999776482582 Y: 0.05999999865889549
11-20 14:48:20.957  8176  8549 D LCHSAcceleration: Overall Acceleration | X: -0.6000000238418579 Y: -0.10000000149011612
11-20 14:48:20.984  8176  8549 D LCHSAcceleration: Linear Acceleration  | X: -0.019999999552965164 Y: 0.03999999910593033
11-20 14:48:21.014  8176  8549 D LCHSAcceleration: Overall Acceleration | X: -0.6000000238418579 Y: -0.11999999731779099
11-20 14:48:21.049  8176  8549 D LCHSAcceleration: Linear Acceleration  | X: -0.009999999776482582 Y: 0.05999999865889549
11-20 14:48:21.076  8176  8549 D LCHSAcceleration: Overall Acceleration | X: -0.6100000143051147 Y: -0.10000000149011612
11-20 14:48:21.103  8176  8549 D LCHSAcceleration: Linear Acceleration  | X: -0.029999999329447746 Y: 0.05999999865889549
11-20 14:48:21.125  8176  8254 V Robocol : received command: CMD_INIT_OP_MODE(12443) $Stop$Robot$
11-20 14:48:21.129  8176  8549 D LCHSAcceleration: Overall Acceleration | X: -0.5799999833106995 Y: -0.10999999940395355
11-20 14:48:21.139  8176  8253 I RobotCore: ******************** STOP - OPMODE /storage/emulated/0/FIRST/matchlogs/Match-0-LCHSAcceleration.txt ********************
