11-19 16:28:36.121 10443 10501 I RobotCore: Motor                                              tilt                           USB DQ1NE3V4; module 2; port 0
11-19 16:28:36.121 10443 10501 I RobotCore: Servo                                              hook                           USB DQ1NE3V4; module 3; port 0
11-19 16:28:36.122 10443 10501 I RobotCore: Motor                                              left_front                     USB DQ1NE3V4; module 3; port 0
11-19 16:28:36.122 10443 10501 I RobotCore: Servo                                              gate_left                      USB DQ1NE3V4; module 3; port 1
11-19 16:28:36.123 10443 10501 I RobotCore: Expansion Hub DC Motor Controller                  Expansion Hub 2                USB DQ1NE3V4; module 2
11-19 16:28:36.123 10443 10501 I RobotCore: Expansion Hub Servo Controller                     Expansion Hub 2                USB DQ1NE3V4; module 2
11-19 16:28:36.124 10443 10501 I RobotCore: Expansion Hub Voltage Sensor                       Expansion Hub 2                USB DQ1NE3V4; module 2
11-19 16:28:36.124 10443 10501 I RobotCore: Expansion Hub Pwm Controller                       Expansion Hub 2                USB DQ1NE3V4; module 2
11-19 16:28:36.125 10443 10501 I RobotCore: Expansion Hub Analog Input Controller              Expansion Hub 2                USB DQ1NE3V4; module 2
11-19 16:28:36.125 10443 10501 I RobotCore: Expansion Hub Digital Channel Controller           Expansion Hub 2                USB DQ1NE3V4; module 2
11-19 16:28:36.131 10443 10501 I RobotCore: Expansion Hub (HW: 20, Maj: 1, Min: 8, Eng: 2)     Expansion Hub 2                USB DQ1NE3V4; module 2
11-19 16:28:36.131 10443 10501 I RobotCore: Expansion Hub DC Motor Controller                  Expansion Hub 3                USB DQ1NE3V4; module 3
11-19 16:28:36.132 10443 10501 I RobotCore: Expansion Hub Servo Controller                     Expansion Hub 3                USB DQ1NE3V4; module 3
11-19 16:28:36.133 10443 10501 I RobotCore: Expansion Hub Voltage Sensor                       Expansion Hub 3                USB DQ1NE3V4; module 3
11-19 16:28:36.133 10443 10501 I RobotCore: Expansion Hub Pwm Controller                       Expansion Hub 3                USB DQ1NE3V4; module 3
11-19 16:28:36.134 10443 10501 I RobotCore: Expansion Hub Analog Input Controller              Expansion Hub 3                USB DQ1NE3V4; module 3
11-19 16:28:36.134 10443 10501 I RobotCore: Expansion Hub Digital Channel Controller           Expansion Hub 3                USB DQ1NE3V4; module 3
11-19 16:28:36.143 10443 10501 I RobotCore: Expansion Hub (HW: 20, Maj: 1, Min: 8, Eng: 2)     Expansion Hub 3                USB DQ1NE3V4; module 3
11-19 16:28:36.144 10443 10501 I RobotCore: REV Expansion Hub IMU                              imu                            USB DQ1NE3V4; module 2; bus 0; addr7=0x00
11-19 16:28:36.145 10443 10501 I RobotCore: Motor                                              intake_left                    USB DQ1NE3V4; module 2; port 2
11-19 16:28:36.145 10443 10501 I RobotCore: Motor                                              right_front                    USB DQ1NE3V4; module 3; port 1
11-19 16:28:36.145 10443 10501 I RobotCore: REV Robotics USB Expansion Hub Portal              Expansion Hub Portal 1         USB DQ1NE3V4
11-19 16:28:36.146 10443 10501 I RobotCore: Motor                                              boom                           USB DQ1NE3V4; module 2; port 1
11-19 16:28:36.146 10443 10501 I RobotCore: REV Expansion Hub IMU                              imu 1                          USB DQ1NE3V4; module 3; bus 0; addr7=0x00
11-19 16:28:36.147 10443 10501 I FtcEventLoop: ======= INIT FINISH =======
11-19 16:28:36.147 10443 10501 V RobotCore: EventLoopManager state is RUNNING
11-19 16:28:36.147 10443 10501 V RobotCore: Robot Status: running, starting robot
11-19 16:28:36.147 10443 10501 V RobotCore: Robot Status: running
11-19 16:28:36.153 10443 10501 V RobotCore: thread: ...terminating 'RobotSetupRunnable.run()'
11-19 16:28:36.155 10443 10548 V RobotCore: thread: 'opmode loop()' starting...
11-19 16:28:36.166 10443 10529 V Robocol : sending CMD_NOTIFY_ROBOT_STATE(46), attempt: 0
11-19 16:28:36.167 10443 10529 V Robocol : sending CMD_NOTIFY_ACTIVE_CONFIGURATION(49), attempt: 0
11-19 16:28:36.176 10443 10535 V SoundInfo: construct(0x0a620a91)
11-19 16:28:36.198 10443 10534 I MediaCodec: (0x96059640) init name(audio/raw) isType(1) encoder(0)
11-19 16:28:36.200 10443 10526 E Robocol : command processing took 0.942 s: command=CMD_REQUEST_UI_STATE
11-19 16:28:36.206 10443 10529 V Robocol : sending CMD_NOTIFY_USER_DEVICE_LIST(50), attempt: 0
11-19 16:28:36.207 10443 10550 I MediaCodec: (0x96059640) Component Allocated (OMX.google.raw.decoder)
11-19 16:28:36.207 10443 10534 I MediaCodec: (0x96059640) configure surface(0x0) crypto(0x0) flags(0)
11-19 16:28:36.207 10443 10534 D MediaCodec: (0x96059640) configure format: AMessage(what = 0x00000000) = {
11-19 16:28:36.207 10443 10534 D MediaCodec:       string mime = "audio/raw"
11-19 16:28:36.207 10443 10534 D MediaCodec:       int64_t durationUs = 1019125
11-19 16:28:36.207 10443 10534 D MediaCodec:       int32_t track-id = 1
11-19 16:28:36.207 10443 10534 D MediaCodec:       int32_t channel-count = 1
11-19 16:28:36.207 10443 10534 D MediaCodec:       int32_t sample-rate = 8000
11-19 16:28:36.207 10443 10534 D MediaCodec:       int32_t channel-mask = 0
11-19 16:28:36.207 10443 10534 D MediaCodec:       int32_t pcm-encoding = 2
11-19 16:28:36.207 10443 10534 D MediaCodec:     }
11-19 16:28:36.208 10443 10529 V Robocol : sending CMD_NOTIFY_OP_MODE_LIST(51), attempt: 0
11-19 16:28:36.210 10443 10534 I MediaCodec: (0x96059640) start
11-19 16:28:36.214 10443 10550 I MediaCodec: (0x96059640) input buffers allocated
11-19 16:28:36.214 10443 10550 I MediaCodec: (0x96059640) numBuffers (4)
11-19 16:28:36.214 10443 10550 I MediaCodec: (0x96059640) output buffers allocated
11-19 16:28:36.214 10443 10550 I MediaCodec: (0x96059640) numBuffers (4)
11-19 16:28:36.225 10443 10550 D MediaCodec: (0x96059640) [OMX.google.raw.decoder] output format changed to: AMessage(what = 0x00000000) = {
11-19 16:28:36.225 10443 10550 D MediaCodec:       string mime = "audio/raw"
11-19 16:28:36.225 10443 10550 D MediaCodec:       int32_t channel-count = 1
11-19 16:28:36.225 10443 10550 D MediaCodec:       int32_t sample-rate = 8000
11-19 16:28:36.225 10443 10550 D MediaCodec:       int32_t pcm-encoding = 2
11-19 16:28:36.225 10443 10550 D MediaCodec:       int32_t bit-width = 16
11-19 16:28:36.225 10443 10550 D MediaCodec:       int32_t channel-mask = 0
11-19 16:28:36.225 10443 10550 D MediaCodec:     }
11-19 16:28:36.227 10443 10534 I MediaCodec: (0x96059640) stop
11-19 16:28:36.231 10443 10534 I MediaCodec: (0x96059640) release
11-19 16:28:36.234 10443 10465 D SoundPlayer: onLoadComplete(samp=2|ms=1019, samp=2)=0
11-19 16:28:36.236 10443 10535 W AudioTrack: AUDIO_OUTPUT_FLAG_FAST denied by client; transfer 4, track 8000 Hz, output 48000 Hz
11-19 16:28:36.239 10443 10535 D SoundPlayer: playing volume=1.000000 samp=2|ms=1019
11-19 16:28:36.247 10443 10529 V Robocol : sending CMD_PLAY_SOUND(55), attempt: 0
11-19 16:28:36.668 10443 10548 I RobotCore: Attempting to switch to op mode $Stop$Robot$
11-19 16:28:36.766 10443 10529 V Robocol : sending CMD_NOTIFY_INIT_OP_MODE(66), attempt: 0
11-19 16:29:03.375 10443 10527 V Robocol : received command: CMD_RESTART_ROBOT(10413) 
11-19 16:29:03.396 10443 10526 D FtcEventLoopHandler: restarting robot...
11-19 16:29:03.415 10443 10443 V Robocol : EventLoopManager.shutdown()
11-19 16:29:03.416 10443 10548 V RobotCore: EventLoopRunnable interrupted
11-19 16:29:03.417 10443 10548 V RobotCore: EventLoopManager state is STOPPED
11-19 16:29:03.417 10443 10548 V RobotCore: Robot Status: stopped
11-19 16:29:03.417 10443 10548 I FtcEventLoop: ======= TEARDOWN =======
11-19 16:29:03.434 10443 10548 V LynxUsb : 0x07a80323 on 0x0af0426d: releasing delegate to [DQ1NE3V4]
11-19 16:29:03.436 10443 10548 V LynxModule: close(#2)
11-19 16:29:03.436 10443 10548 V LynxModule: sending LynxFtdiResetControlCommand(false) wasInterrupted=true
11-19 16:29:03.442 10443 10548 V LynxModule: close(#3)
11-19 16:29:03.442 10443 10548 V LynxModule: sending LynxFtdiResetControlCommand(false) wasInterrupted=true
11-19 16:29:03.446 10443 10529 V Robocol : sending CMD_SHOW_TOAST(480), attempt: 0
11-19 16:29:03.447 10443 10529 V Robocol : sending CMD_NOTIFY_ROBOT_STATE(481), attempt: 0
11-19 16:29:03.448 10443 10548 V LynxUsb : disarmDevice() serial=DQ1NE3V4...
11-19 16:29:03.448 10443 10548 V LynxUsb : shutting down incoming datagrams
11-19 16:29:03.448 10443 10543 V RobotCore: thread: ...terminating 'lynx incoming datagrams'
11-19 16:29:03.449 10443 10548 V RobotUsbDeviceFtdi: closing DQ1NE3V4
11-19 16:29:03.449 10443 10548 V FtDevice: vv********************DQ1NE3V4 closing********************vv 0x02e42af0
11-19 16:29:03.450 10443 10548 V FtDevice: DQ1NE3V4 stopping thread readBufferManager
11-19 16:29:03.450 10443 10548 V FtDevice: DQ1NE3V4 stopping thread bulkPacketInWorker
11-19 16:29:03.450 10443 10531 V FtDevice: DQ1NE3V4 thread readBufferManager is stopped
11-19 16:29:03.450 10443 10548 V MonitoredUsbDeviceConnection: closing UsbDeviceConnection(DQ1NE3V4)
11-19 16:29:03.450 10443 10548 D UsbDeviceConnectionJNI: close
11-19 16:29:03.451 10443 10530 V FtDevice: DQ1NE3V4 thread bulkPacketInWorker is stopped
11-19 16:29:03.451 10443 10548 V FtDevice: ^^********************DQ1NE3V4 closed ********************^^
11-19 16:29:03.452 10443 10548 I FtcEventLoop: ======= TEARDOWN COMPLETE =======
11-19 16:29:03.452 10443 10548 V RobotCore: thread: ...terminating 'opmode loop()'
11-19 16:29:03.453 10443 10443 V RobotCore: EventLoopManager state is STOPPED
11-19 16:29:03.459 10443 10501 V RobotCore: thread: 'RobotSetupRunnable.run()' starting...
11-19 16:29:03.459 10443 10501 V FTCService: Processing robot setup
11-19 16:29:03.460 10443 10501 V RobotCore: Robot Status: stopped, scanning for USB devices
11-19 16:29:03.486 10443 10529 V Robocol : sending CMD_NOTIFY_ROBOT_STATE(482), attempt: 0
11-19 16:29:08.461 10443 10501 V RobotCore: Robot Status: stopped, waiting for Wifi to enable
11-19 16:29:08.464 10443 10501 I RobotCore: state = 3
11-19 16:29:08.465 10443 10501 V RobotCore: Robot Status: stopped, waiting for Wifi Direct to enable
11-19 16:29:08.466 10443 10501 V FTCService: Waiting for a connection to a wifi service
11-19 16:29:08.467 10443 10501 V RobotCore: Robot Status: stopped, waiting for network to become active
11-19 16:29:08.467 10443 10501 V WebServer: Asked an already running WebServer to start
11-19 16:29:08.468 10443 10501 V RobotCore: Robot Status: stopped, starting robot
11-19 16:29:08.468 10443 10501 V Robocol : EventLoopManager.start()
11-19 16:29:08.470 10443 10501 V Robocol : Spoofing a Network Connection event...
11-19 16:29:08.470 10443 10501 I EventLoopManager: onNetworkConnectionEvent: CONNECTION_INFO_AVAILABLE
11-19 16:29:08.470 10443 10501 I Robocol : Received network connection event
11-19 16:29:08.470 10443 10501 I NetworkConnectionHandler: Handling new network connection infomation, connected: true setup needed: false
11-19 16:29:08.471 10443 10501 V RobotCore: EventLoopManager state is STOPPED
11-19 16:29:08.474 10443 10443 D WifiDirect: cannot create group, does group already exist?
11-19 16:29:08.476 10443 10501 V Robocol : eventLoop=FtcEventLoop
11-19 16:29:08.476 10443 10501 V RobotCore: EventLoopManager state is INIT
11-19 16:29:08.477 10443 10501 V RobotCore: Robot Status: initializing, starting robot
11-19 16:29:08.477 10443 10501 I FtcEventLoop: ======= INIT START =======
11-19 16:29:08.478 10443 10501 V OpmodeRegistration: registered {DefaultOpMode} as {$Stop$Robot$}
11-19 16:29:08.484 10443 10501 V FileBasedLock: locked /storage/emulated/0/FIRST/blocks/projectslock/lock.dat
11-19 16:29:08.487 10443 10501 V FileBasedLock: unlocking /storage/emulated/0/FIRST/blocks/projectslock/lock.dat
11-19 16:29:08.487 10443 10529 V Robocol : sending CMD_NOTIFY_ROBOT_STATE(534), attempt: 0
11-19 16:29:08.488 10443 10529 V Robocol : sending CMD_NOTIFY_ROBOT_STATE(535), attempt: 0
11-19 16:29:08.491 10443 10501 V OpmodeRegistration: registered {LCHSTensorFlow} as {Concept: TensorFlow Object Detection}
11-19 16:29:08.491 10443 10501 V OpmodeRegistration: registered {Test} as {Auto Test}
11-19 16:29:08.492 10443 10501 V OpmodeRegistration: registered {ConceptVuforiaNavRoverRuckus} as {Vuforia Rover Nav}
11-19 16:29:08.492 10443 10501 V OpmodeRegistration: registered {LeftCoop} as {Auto Left Coop}
11-19 16:29:08.493 10443 10501 V OpmodeRegistration: registered {LCHSTeleOp} as {LCHS TeleOp}
11-19 16:29:08.493 10443 10501 V OpmodeRegistration: registered {LCHSAcceleration} as {LCHSAcceleration}
11-19 16:29:08.493 10443 10501 V OpmodeRegistration: registered {RightCoop} as {Auto Right Coop}
11-19 16:29:08.494 10443 10501 V OpmodeRegistration: registered {CalibrateDevices} as {Calibrate Devices}
11-19 16:29:08.515 10443 10501 V HardwareFactory: createHardwareMap()
11-19 16:29:08.515 10443 10501 V WifiDirectInviteMonitor: clearUILynxModule()
11-19 16:29:08.526 10443 10529 V Robocol : sending CMD_NOTIFY_ACTIVE_CONFIGURATION(536), attempt: 0
11-19 16:29:08.527 10443 10529 V Robocol : sending CMD_NOTIFY_USER_DEVICE_LIST(537), attempt: 0
11-19 16:29:08.530 10443 10501 V RobotCore: Creating REV Robotics USB Expansion Hub Portal [DQ1NE3V4]
11-19 16:29:08.530 10443 10529 V Robocol : sending CMD_NOTIFY_OP_MODE_LIST(538), attempt: 0
11-19 16:29:08.530 10443 10501 V LynxUsb : creating new [DQ1NE3V4]: 0x0c1ed90b
11-19 16:29:08.534 10443 10501 V FtDeviceManager: createDeviceInfoList(): 1 USB devices
11-19 16:29:08.540 10443 10501 V FtDevice: vv********************DQ1NE3V4 opening********************vv 0x02e42af0
11-19 16:29:08.541 10443 10501 V FtDevice: ^^********************DQ1NE3V4 opened ********************^^
11-19 16:29:08.541 10443 10501 V FtDevice: resetting DQ1NE3V4
11-19 16:29:08.547 10443 10501 V LynxUsb : armDevice() serial=DQ1NE3V4...
11-19 16:29:08.547 10443 10501 V LynxModule: resetDevice() serial=DQ1NE3V4
11-19 16:29:08.905 10443 10501 V LynxUsb : ...done armDevice()
11-19 16:29:08.905 10443 10501 V LynxUsb : 0x06fa6694 on 0x0c1ed90b: new delegate to [DQ1NE3V4]
11-19 16:29:08.906 10443 10501 V RobotCore: Creating Lynx Module - mod=2 parent=false
11-19 16:29:08.906 10443 10567 V RobotCore: thread: 'lynx incoming datagrams' starting...
11-19 16:29:08.908 10443 10501 V RobotCore: Creating Lynx Module - mod=3 parent=false
11-19 16:29:08.910 10443 10501 V LynxUsb : addConfiguredModule() module#=2
11-19 16:29:08.911 10443 10501 V LynxModule: pingAndQueryKnownInterfaces mod=2
11-19 16:29:08.915 10443 10567 V LynxUsb : synchronization gained: serial=DQ1NE3V4
11-19 16:29:08.924 10443 10501 V LynxModule: mod#=2 queryInterface(DEKA)=54 commands starting at 4096
11-19 16:29:08.937 10443 10501 V LynxModule: sending LynxFtdiResetControlCommand(true) wasInterrupted=false
11-19 16:29:08.945 10443 10501 V LynxModule: sendLEDPatternSteps(): #steps=6
11-19 16:29:08.949 10443 10568 V LynxModule: received status: LynxGetModuleStatusResponse(status=0x02 alerts=0x00: Reset)
11-19 16:29:08.958 10443 10501 V LynxUsb : addConfiguredModule() module#=3
11-19 16:29:08.958 10443 10501 V LynxModule: pingAndQueryKnownInterfaces mod=3
11-19 16:29:08.972 10443 10501 V LynxModule: mod#=3 queryInterface(DEKA)=54 commands starting at 4096
11-19 16:29:08.985 10443 10501 V LynxModule: sending LynxFtdiResetControlCommand(true) wasInterrupted=false
11-19 16:29:08.996 10443 10569 V LynxModule: received status: LynxGetModuleStatusResponse(status=0x05 alerts=0x00: KeepAliveTimeout|FailSafe)
11-19 16:29:08.996 10443 10569 V LynxModule: resendCurrentPattern()
11-19 16:29:08.996 10443 10569 V LynxModule: sendLEDPatternSteps(): #steps=0
11-19 16:29:09.013 10443 10501 V LynxModule: sendLEDPatternSteps(): #steps=8
11-19 16:29:09.028 10443 10501 V LynxMotor: initializeHardware() mod#=2
11-19 16:29:09.110 10443 10501 V RobotCore: DcMotorImpl(type=NeveRest60Gearmotor)
11-19 16:29:09.111 10443 10501 V RobotCore: DcMotorImpl(type=NeveRest20Gearmotor)
11-19 16:29:09.111 10443 10501 V RobotCore: DcMotorImpl(type=NeveRest20Gearmotor)
11-19 16:29:09.112 10443 10501 V RobotCore: DcMotorImpl(type=NeveRest40Gearmotor)
11-19 16:29:09.114 10443 10501 V LynxServoController: initializeHardware() mod#=2
11-19 16:29:09.165 10443 10501 V LynxVoltageSensor: initializeHardware() mod#=2
11-19 16:29:09.166 10443 10501 V LynxPwmOutputController: initializeHardware() mod#=2
11-19 16:29:09.172 10443 10501 W LynxPwmOutputController: LynxSetPWMEnableCommand not implemented by lynx hw; ignoring
11-19 16:29:09.178 10443 10501 W LynxPwmOutputController: LynxSetPWMConfigurationCommand not implemented by lynx hw; ignoring
11-19 16:29:09.184 10443 10501 W LynxPwmOutputController: LynxSetPWMEnableCommand not implemented by lynx hw; ignoring
11-19 16:29:09.192 10443 10501 W LynxPwmOutputController: LynxSetPWMConfigurationCommand not implemented by lynx hw; ignoring
11-19 16:29:09.199 10443 10501 W LynxPwmOutputController: LynxSetPWMEnableCommand not implemented by lynx hw; ignoring
11-19 16:29:09.207 10443 10501 W LynxPwmOutputController: LynxSetPWMConfigurationCommand not implemented by lynx hw; ignoring
11-19 16:29:09.214 10443 10501 W LynxPwmOutputController: LynxSetPWMEnableCommand not implemented by lynx hw; ignoring
11-19 16:29:09.220 10443 10501 W LynxPwmOutputController: LynxSetPWMConfigurationCommand not implemented by lynx hw; ignoring
11-19 16:29:09.221 10443 10501 V LynxAnalogInputController: initializeHardware() mod#=2
11-19 16:29:09.222 10443 10501 V LynxDigitalChannelController: initializeHardware() mod#=2
11-19 16:29:09.254 10443 10501 V RobotCore: Creating user sensor REV Expansion Hub IMU - on Lynx module=2 bus=0
11-19 16:29:09.255 10443 10501 V RobotCore: Creating I2cDeviceSynch (Lynx) - mod=2 bus=0
11-19 16:29:09.255 10443 10501 I RobotCore: LynxFirmwareVersionManager: LynxI2cDeviceSynchV2
11-19 16:29:09.256 10443 10501 V LynxI2cDeviceSynch: initializeHardware() mod#=2
11-19 16:29:09.258 10443 10501 V LynxMotor: initializeHardware() mod#=3
11-19 16:29:09.365 10443 10501 V RobotCore: DcMotorImpl(type=NeveRest40Gearmotor)
11-19 16:29:09.366 10443 10501 V RobotCore: DcMotorImpl(type=NeveRest40Gearmotor)
11-19 16:29:09.367 10443 10501 V RobotCore: DcMotorImpl(type=NeveRest40Gearmotor)
11-19 16:29:09.368 10443 10501 V RobotCore: DcMotorImpl(type=NeveRest40Gearmotor)
11-19 16:29:09.370 10443 10501 V LynxServoController: initializeHardware() mod#=3
11-19 16:29:09.432 10443 10501 V LynxVoltageSensor: initializeHardware() mod#=3
11-19 16:29:09.434 10443 10501 V LynxPwmOutputController: initializeHardware() mod#=3
11-19 16:29:09.440 10443 10501 W LynxPwmOutputController: LynxSetPWMEnableCommand not implemented by lynx hw; ignoring
11-19 16:29:09.447 10443 10501 W LynxPwmOutputController: LynxSetPWMConfigurationCommand not implemented by lynx hw; ignoring
11-19 16:29:09.455 10443 10501 W LynxPwmOutputController: LynxSetPWMEnableCommand not implemented by lynx hw; ignoring
11-19 16:29:09.462 10443 10501 W LynxPwmOutputController: LynxSetPWMConfigurationCommand not implemented by lynx hw; ignoring
11-19 16:29:09.467 10443 10501 W LynxPwmOutputController: LynxSetPWMEnableCommand not implemented by lynx hw; ignoring
11-19 16:29:09.472 10443 10501 W LynxPwmOutputController: LynxSetPWMConfigurationCommand not implemented by lynx hw; ignoring
11-19 16:29:09.477 10443 10501 W LynxPwmOutputController: LynxSetPWMEnableCommand not implemented by lynx hw; ignoring
11-19 16:29:09.481 10443 10501 W LynxPwmOutputController: LynxSetPWMConfigurationCommand not implemented by lynx hw; ignoring
11-19 16:29:09.482 10443 10501 V LynxAnalogInputController: initializeHardware() mod#=3
11-19 16:29:09.482 10443 10501 V RobotCore: Creating Analog Sensor - Type: Analog Input - Port: 1
11-19 16:29:09.483 10443 10501 V LynxDigitalChannelController: initializeHardware() mod#=3
11-19 16:29:09.516 10443 10501 V RobotCore: Creating user sensor REV Expansion Hub IMU - on Lynx module=3 bus=0
11-19 16:29:09.517 10443 10501 V RobotCore: Creating I2cDeviceSynch (Lynx) - mod=3 bus=0
11-19 16:29:09.517 10443 10501 I RobotCore: LynxFirmwareVersionManager: LynxI2cDeviceSynchV2
11-19 16:29:09.517 10443 10501 V LynxI2cDeviceSynch: initializeHardware() mod#=3
11-19 16:29:09.519 10443 10501 I RobotCore: ========= Device Information ===================================================
11-19 16:29:09.520 10443 10501 I RobotCore: Type                                               Name                           Connection
11-19 16:29:09.520 10443 10501 I RobotCore: Analog Input                                       tilt_switch                    USB DQ1NE3V4; module 3; analog port 1
11-19 16:29:09.520 10443 10501 I RobotCore: Motor                                              left_back                      USB DQ1NE3V4; module 3; port 3
11-19 16:29:09.521 10443 10501 I RobotCore: Motor                                              intake_right                   USB DQ1NE3V4; module 2; port 3
11-19 16:29:09.521 10443 10501 I RobotCore: Motor                                              right_back                     USB DQ1NE3V4; module 3; port 2
11-19 16:29:09.522 10443 10501 I RobotCore: Servo                                              gate_right                     USB DQ1NE3V4; module 3; port 2
11-19 16:29:09.522 10443 10501 I RobotCore: Motor                                              tilt                           USB DQ1NE3V4; module 2; port 0
11-19 16:29:09.522 10443 10501 I RobotCore: Servo                                              hook                           USB DQ1NE3V4; module 3; port 0
11-19 16:29:09.523 10443 10501 I RobotCore: Motor                                              left_front                     USB DQ1NE3V4; module 3; port 0
11-19 16:29:09.523 10443 10501 I RobotCore: Servo                                              gate_left                      USB DQ1NE3V4; module 3; port 1
11-19 16:29:09.523 10443 10501 I RobotCore: Expansion Hub DC Motor Controller                  Expansion Hub 2                USB DQ1NE3V4; module 2
11-19 16:29:09.524 10443 10501 I RobotCore: Expansion Hub Servo Controller                     Expansion Hub 2                USB DQ1NE3V4; module 2
11-19 16:29:09.524 10443 10501 I RobotCore: Expansion Hub Voltage Sensor                       Expansion Hub 2                USB DQ1NE3V4; module 2
11-19 16:29:09.524 10443 10501 I RobotCore: Expansion Hub Pwm Controller                       Expansion Hub 2                USB DQ1NE3V4; module 2
11-19 16:29:09.525 10443 10501 I RobotCore: Expansion Hub Analog Input Controller              Expansion Hub 2                USB DQ1NE3V4; module 2
11-19 16:29:09.525 10443 10501 I RobotCore: Expansion Hub Digital Channel Controller           Expansion Hub 2                USB DQ1NE3V4; module 2
11-19 16:29:09.529 10443 10501 I RobotCore: Expansion Hub (HW: 20, Maj: 1, Min: 8, Eng: 2)     Expansion Hub 2                USB DQ1NE3V4; module 2
11-19 16:29:09.530 10443 10501 I RobotCore: Expansion Hub DC Motor Controller                  Expansion Hub 3                USB DQ1NE3V4; module 3
11-19 16:29:09.530 10443 10501 I RobotCore: Expansion Hub Servo Controller                     Expansion Hub 3                USB DQ1NE3V4; module 3
11-19 16:29:09.530 10443 10501 I RobotCore: Expansion Hub Voltage Sensor                       Expansion Hub 3                USB DQ1NE3V4; module 3
11-19 16:29:09.531 10443 10501 I RobotCore: Expansion Hub Pwm Controller                       Expansion Hub 3                USB DQ1NE3V4; module 3
11-19 16:29:09.531 10443 10501 I RobotCore: Expansion Hub Analog Input Controller              Expansion Hub 3                USB DQ1NE3V4; module 3
11-19 16:29:09.531 10443 10501 I RobotCore: Expansion Hub Digital Channel Controller           Expansion Hub 3                USB DQ1NE3V4; module 3
11-19 16:29:09.537 10443 10501 I RobotCore: Expansion Hub (HW: 20, Maj: 1, Min: 8, Eng: 2)     Expansion Hub 3                USB DQ1NE3V4; module 3
11-19 16:29:09.538 10443 10501 I RobotCore: REV Expansion Hub IMU                              imu                            USB DQ1NE3V4; module 2; bus 0; addr7=0x00
11-19 16:29:09.538 10443 10501 I RobotCore: Motor                                              intake_left                    USB DQ1NE3V4; module 2; port 2
11-19 16:29:09.539 10443 10501 I RobotCore: Motor                                              right_front                    USB DQ1NE3V4; module 3; port 1
11-19 16:29:09.540 10443 10501 I RobotCore: REV Robotics USB Expansion Hub Portal              Expansion Hub Portal 1         USB DQ1NE3V4
11-19 16:29:09.540 10443 10501 I RobotCore: Motor                                              boom                           USB DQ1NE3V4; module 2; port 1
11-19 16:29:09.541 10443 10501 I RobotCore: REV Expansion Hub IMU                              imu 1                          USB DQ1NE3V4; module 3; bus 0; addr7=0x00
11-19 16:29:09.541 10443 10501 I FtcEventLoop: ======= INIT FINISH =======
11-19 16:29:09.541 10443 10501 V RobotCore: EventLoopManager state is RUNNING
11-19 16:29:09.542 10443 10501 V RobotCore: Robot Status: running, starting robot
11-19 16:29:09.542 10443 10501 V RobotCore: Robot Status: running
11-19 16:29:09.545 10443 10501 V RobotCore: thread: ...terminating 'RobotSetupRunnable.run()'
11-19 16:29:09.546 10443 10535 D SoundPlayer: playing volume=1.000000 samp=2|ms=1019
11-19 16:29:09.548 10443 10570 V RobotCore: thread: 'opmode loop()' starting...
11-19 16:29:09.566 10443 10529 V Robocol : sending CMD_NOTIFY_ROBOT_STATE(555), attempt: 0
11-19 16:29:09.567 10443 10529 V Robocol : sending CMD_SHOW_TOAST(556), attempt: 0
11-19 16:29:09.572 10443 10529 V Robocol : sending CMD_PLAY_SOUND(557), attempt: 0
11-19 16:29:10.059 10443 10570 I RobotCore: Attempting to switch to op mode $Stop$Robot$
11-19 16:29:10.166 10443 10529 V Robocol : sending CMD_NOTIFY_INIT_OP_MODE(569), attempt: 0
11-19 16:29:11.813 10443 10527 V Robocol : received command: CMD_INIT_OP_MODE(10512) $Stop$Robot$
11-19 16:29:11.831 10443 10570 I RobotCore: Attempting to switch to op mode $Stop$Robot$
11-19 16:29:11.926 10443 10529 V Robocol : sending CMD_NOTIFY_INIT_OP_MODE(599), attempt: 0
11-19 16:29:22.572 10443 10527 V Robocol : received command: CMD_SET_MATCH_NUMBER(10650) 0
11-19 16:29:22.576 10443 10527 V Robocol : received command: CMD_INIT_OP_MODE(10651) Auto Left Coop
11-19 16:29:22.603 10443 10526 I RobotCore: ******************** START - OPMODE Auto Left Coop ********************
11-19 16:29:22.606 10443 10570 I RobotCore: Attempting to switch to op mode Auto Left Coop
11-19 16:29:22.714 10443 10570 W LynxPwmOutputController: LynxSetPWMEnableCommand not implemented by lynx hw; ignoring
11-19 16:29:22.720 10443 10570 W LynxPwmOutputController: LynxSetPWMConfigurationCommand not implemented by lynx hw; ignoring
11-19 16:29:22.726 10443 10570 W LynxPwmOutputController: LynxSetPWMEnableCommand not implemented by lynx hw; ignoring
11-19 16:29:22.731 10443 10570 W LynxPwmOutputController: LynxSetPWMConfigurationCommand not implemented by lynx hw; ignoring
11-19 16:29:22.737 10443 10570 W LynxPwmOutputController: LynxSetPWMEnableCommand not implemented by lynx hw; ignoring
11-19 16:29:22.743 10443 10570 W LynxPwmOutputController: LynxSetPWMConfigurationCommand not implemented by lynx hw; ignoring
11-19 16:29:22.749 10443 10570 W LynxPwmOutputController: LynxSetPWMEnableCommand not implemented by lynx hw; ignoring
11-19 16:29:22.754 10443 10570 W LynxPwmOutputController: LynxSetPWMConfigurationCommand not implemented by lynx hw; ignoring
11-19 16:29:22.859 10443 10570 W LynxPwmOutputController: LynxSetPWMEnableCommand not implemented by lynx hw; ignoring
11-19 16:29:22.866 10443 10570 W LynxPwmOutputController: LynxSetPWMConfigurationCommand not implemented by lynx hw; ignoring
11-19 16:29:22.876 10443 10570 W LynxPwmOutputController: LynxSetPWMEnableCommand not implemented by lynx hw; ignoring
11-19 16:29:22.883 10443 10570 W LynxPwmOutputController: LynxSetPWMConfigurationCommand not implemented by lynx hw; ignoring
11-19 16:29:22.890 10443 10570 W LynxPwmOutputController: LynxSetPWMEnableCommand not implemented by lynx hw; ignoring
11-19 16:29:22.897 10443 10570 W LynxPwmOutputController: LynxSetPWMConfigurationCommand not implemented by lynx hw; ignoring
11-19 16:29:22.904 10443 10570 W LynxPwmOutputController: LynxSetPWMEnableCommand not implemented by lynx hw; ignoring
11-19 16:29:22.910 10443 10570 W LynxPwmOutputController: LynxSetPWMConfigurationCommand not implemented by lynx hw; ignoring
11-19 16:29:23.094 10443 10578 V RobotCore: thread: 'LinearOpMode main' starting...
11-19 16:29:23.098 10443 10578 D OpenCV/StaticHelper: Trying to get library list
11-19 16:29:23.105 10443 10578 E OpenCV/StaticHelper: OpenCV error: Cannot load info library for OpenCV
11-19 16:29:23.106 10443 10578 D OpenCV/StaticHelper: Library list: ""
11-19 16:29:23.107 10443 10578 D OpenCV/StaticHelper: First attempt to load libs
11-19 16:29:23.107 10443 10578 D OpenCV/StaticHelper: Trying to init OpenCV libs
11-19 16:29:23.107 10443 10578 D OpenCV/StaticHelper: Trying to load library opencv_java3
11-19 16:29:23.126 10443 10529 V Robocol : sending CMD_NOTIFY_INIT_OP_MODE(758), attempt: 0
11-19 16:29:23.165 10443 10578 D OpenCV/StaticHelper: Library opencv_java3 loaded
11-19 16:29:23.165 10443 10578 D OpenCV/StaticHelper: First attempt to load libs is OK
11-19 16:29:23.168 10443 10578 I OpenCV/StaticHelper: 
11-19 16:29:23.168 10443 10578 I OpenCV/StaticHelper: General configuration for OpenCV 3.4.3 =====================================
11-19 16:29:23.168 10443 10578 I OpenCV/StaticHelper:   Version control:               3.4.3
11-19 16:29:23.168 10443 10578 I OpenCV/StaticHelper: 
11-19 16:29:23.168 10443 10578 I OpenCV/StaticHelper:   Platform:
11-19 16:29:23.168 10443 10578 I OpenCV/StaticHelper:     Timestamp:                   2018-08-29T10:25:40Z
11-19 16:29:23.168 10443 10578 I OpenCV/StaticHelper:     Host:                        Linux 4.15.0-33-generic x86_64
11-19 16:29:23.168 10443 10578 I OpenCV/StaticHelper:     Target:                      Linux 1 armv7-a
11-19 16:29:23.168 10443 10578 I OpenCV/StaticHelper:     CMake:                       2.8.12.2
11-19 16:29:23.168 10443 10578 I OpenCV/StaticHelper:     CMake generator:             Ninja
11-19 16:29:23.168 10443 10578 I OpenCV/StaticHelper:     CMake build tool:            /usr/bin/ninja
11-19 16:29:23.168 10443 10578 I OpenCV/StaticHelper:     Configuration:               Release
11-19 16:29:23.168 10443 10578 I OpenCV/StaticHelper: 
11-19 16:29:23.168 10443 10578 I OpenCV/StaticHelper:   CPU/HW features:
11-19 16:29:23.168 10443 10578 I OpenCV/StaticHelper:     Baseline:                    NEON
11-19 16:29:23.168 10443 10578 I OpenCV/StaticHelper:       requested:                 DETECT
11-19 16:29:23.168 10443 10578 I OpenCV/StaticHelper:       required:                  NEON
11-19 16:29:23.168 10443 10578 I OpenCV/StaticHelper:       disabled:                  VFPV3
11-19 16:29:23.168 10443 10578 I OpenCV/StaticHelper: 
11-19 16:29:23.168 10443 10578 I OpenCV/StaticHelper:   C/C++:
11-19 16:29:23.168 10443 10578 I OpenCV/StaticHelper:     Built as dynamic libs?:      NO
11-19 16:29:23.169 10443 10578 I OpenCV/StaticHelper:     C++ Compiler:                /usr/bin/ccache /opt/android/android-ndk-r10e/toolchains/arm-linux-androideabi-4.8/prebuilt/linux-x86_64/bin/arm-linux-androideabi-g++ (ver 4.8)
11-19 16:29:23.169 10443 10578 I OpenCV/StaticHelper:     C++ flags (Release):         -fexceptions -frtti -fpic -Wno-psabi --sysroot=/opt/android/android-ndk-r10e/platforms/android-9/arch-arm -funwind-tables -finline-limit=64 -fsigned-char -no-canonical-prefixes -march=armv7-a -mfloat-abi=softfp -mfpu=neon -fdata-sections -ffunction-sections -Wa,--noexecstack  -DANDROID -D__ANDROID_API__=9   -fsigned-char -W -Wall -Werror=return-type -Werror=non-virtual-dtor -Werror=address -Werror=sequence-point -Wformat -Werror=format-security -Wmissing-declarations -Wundef -Winit-self -Wpointer-arith -Wshadow -Wsign-promo -Wuninitialized -Winit-self -Wno-narrowing -Wno-delete-non-virtual-dtor -Wno-comment -fdiagnostics-show-option -fomit-frame-pointer  -mfpu=neon -mfp16-format=ieee -fvisibility=hidden -fvisibility-inlines-hidden -mthumb -fomit-frame-pointer -fno-strict-aliasing -O3 -DNDEBUG  -DNDEBUG
11-19 16:29:23.169 10443 10578 I OpenCV/StaticHelper:     C++ flags (Debug):           -fexceptions -frtti -fpic -Wno-psabi --sysroot=/opt/android/android-ndk-r10e/platforms/android-9/arch-arm -funwind-tables -finline-limit=64 -fsigned-char -no-canonical-prefixes -march=armv7-a -mfloat-abi=softfp -mfpu=neon -fdata-sections -ffunction-sections -Wa,--noexecstack  -DANDROID -D__ANDROID_API__=9   -fsigned-char -W -Wall -Werror=return-type -Werror=non-virtual-dtor -Werror=address -Werror=sequence-point -Wformat -Werror=format-security -Wmissing-declarations -Wundef -Winit-self -Wpointer-arith -Wshadow -Wsign-promo -Wuninitialized -Winit-self -Wno-narrowing -Wno-delete-non-virtual-dtor -Wno-comment -fdiagnostics-show-option -fomit-frame-pointer  -mfpu=neon -mfp16-format=ieee -fvisibility=hidden -fvisibility-inlines-hidden -marm -fno-omit-frame-pointer -fno-strict-aliasing -O0 -g -DDEBUG -D_DEBUG  -DDEBUG -D_DEBUG
11-19 16:29:23.169 10443 10578 I OpenCV/StaticHelper:     C Compiler:                  /usr/bin/ccache /opt/android/android-ndk-r10e/toolchains/arm-linux-androideabi-4.8/prebuilt/linux-x86_64/bin/arm-linux-androideabi-gcc
11-19 16:29:23.169 10443 10578 I OpenCV/StaticHelper:     C flags (Release):           -fexceptions -fpic -Wno-psabi --sysroot=/opt/android/android-ndk-r10e/platforms/android-9/arch-arm -funwind-tables -finline-limit=64 -fsigned-char -no-canonical-prefixes -march=armv7-a -mfloat-abi=softfp -mfpu=neon -fdata-sections -ffunction-sections -Wa,--noexecstack  -DANDROID -D__ANDROID_API__=9   -fsigned-char -W -Wall -Werror=return-type -Werror=non-virtual-dtor -Werror=address -Werror=sequence-point -Wformat -Werror=format-security -Wmissing-declarations -Wmissing-prototypes -Wstrict-prototypes -Wundef -Winit-self -Wpointer-arith -Wshadow -Wuninitialized -Winit-self -Wno-narrowing -Wno-comment -fdiagnostics-show-option -fomit-frame-pointer  -mfpu=neon -mfp16-format=ieee -fvisibility=hidden -mthumb -fomit-frame-pointer -fno-strict-aliasing -O3 -DNDEBUG  -DNDEBUG
11-19 16:29:23.169 10443 10578 I OpenCV/StaticHelper:     C flags (Debug):             -fexceptions -fpic -Wno-psabi --sysroot=/opt/android/android-ndk-r10e/platforms/android-9/arch-arm -funwind-tables -finline-limit=64 -fsigned-char -no-canonical-prefixes -march=armv7-a -mfloat-abi=softfp -mfpu=neon -fdata-sections -ffunction-sections -Wa,--noexecstack  -DANDROID -D__ANDROID_API__=9   -fsigned-char -W -Wall -Werror=return-type -Werror=non-virtual-dtor -Werror=address -Werror=sequence-point -Wformat -Werror=format-security -Wmissing-declarations -Wmissing-prototypes -Wstrict-prototypes -Wundef -Winit-self -Wpointer-arith -Wshadow -Wuninitialized -Winit-self -Wno-narrowing -Wno-comment -fdiagnostics-show-option -fomit-frame-pointer  -mfpu=neon -mfp16-format=ieee -fvisibility=hidden -marm -fno-omit-frame-pointer -fno-strict-aliasing -O0 -g -DDEBUG -D_DEBUG  -DDEBUG -D_DEBUG
11-19 16:29:23.169 10443 10578 I OpenCV/StaticHelper:     Linker flags (Release):      -Wl,--fix-cortex-a8 -Wl,--no-undefined -Wl,--gc-sections -Wl,-z,noexecstack -Wl,-z,relro -Wl,-z,now    
11-19 16:29:23.169 10443 10578 I OpenCV/StaticHelper:     Linker flags (Debug):        -Wl,--fix-cortex-a8 -Wl,--no-undefined -Wl,--gc-sections -Wl,-z,noexecstack -Wl,-z,relro -Wl,-z,now    
11-19 16:29:23.169 10443 10578 I OpenCV/StaticHelper:     ccache:                      YES
11-19 16:29:23.169 10443 10578 I OpenCV/StaticHelper:     Precompiled headers:         NO
11-19 16:29:23.169 10443 10578 I OpenCV/StaticHelper:     Extra dependencies:          z dl m log
11-19 16:29:23.169 10443 10578 I OpenCV/StaticHelper:     3rdparty dependencies:       libjpeg-turbo libwebp libpng libtiff libjasper IlmImf libprotobuf tbb libcpufeatures tegra_hal
11-19 16:29:23.169 10443 10578 I OpenCV/StaticHelper: 
11-19 16:29:23.169 10443 10578 I OpenCV/StaticHelper:   OpenCV modules:
11-19 16:29:23.169 10443 10578 I OpenCV/StaticHelper:     To be built:                 calib3d core dnn features2d flann highgui imgcodecs imgproc java java_bindings_generator ml objdetect photo python_bindings_generator shape stitching superres video videoio videostab
11-19 16:29:23.169 10443 10578 I OpenCV/StaticHelper:     Disabled:                    js world
11-19 16:29:23.169 10443 10578 I OpenCV/StaticHelper:     Disabled by dependency:      -
11-19 16:29:23.169 10443 10578 I OpenCV/StaticHelper:     Unavailable:                 cudaarithm cudabgsegm cudacodec cudafeatures2d cudafilters cudaimgproc cudalegacy cudaobjdetect cudaoptflow cudastereo cudawarping cudev python2 python3 ts viz
11-19 16:29:23.169 10443 10578 I OpenCV/StaticHelper:     Applications:                android_examples
11-19 16:29:23.169 10443 10578 I OpenCV/StaticHelper:     Documentation:               NO
11-19 16:29:23.169 10443 10578 I OpenCV/StaticHelper:     Non-free algorithms:         NO
11-19 16:29:23.169 10443 10578 I OpenCV/StaticHelper: 
11-19 16:29:23.169 10443 10578 I OpenCV/StaticHelper:   Android NDK:                   location: /opt/android/android-ndk-r10e
11-19 16:29:23.170 10443 10578 I OpenCV/StaticHelper:     Android ABI:                 armeabi-v7a with NEON
11-19 16:29:23.170 10443 10578 I OpenCV/StaticHelper:     NDK toolchain:               arm-linux-androideabi-4.8
11-19 16:29:23.170 10443 10578 I OpenCV/StaticHelper:     STL type:                    gnustl_static
11-19 16:29:23.170 10443 10578 I OpenCV/StaticHelper:     Native API level:            9
11-19 16:29:23.170 10443 10578 I OpenCV/StaticHelper:   Android SDK:                   /opt/android/android-sdk-java7 (tools: 25.2.2 build tools: 23.0.3)
11-19 16:29:23.170 10443 10578 I OpenCV/StaticHelper:     android tool:                /opt/android/android-sdk-java7/tools/android
11-19 16:29:23.170 10443 10578 I OpenCV/StaticHelper:     SDK target:                  android-14
11-19 16:29:23.170 10443 10578 I OpenCV/StaticHelper:     Projects build scripts:      Ant/Eclipse compatible
11-19 16:29:23.170 10443 10578 I OpenCV/StaticHelper: 
11-19 16:29:23.170 10443 10578 I OpenCV/StaticHelper:   GUI: 
11-19 16:29:23.170 10443 10578 I OpenCV/StaticHelper: 
11-19 16:29:23.170 10443 10578 I OpenCV/StaticHelper:   Media I/O: 
11-19 16:29:23.170 10443 10578 I OpenCV/StaticHelper:     ZLib:                        z (ver 1.2.3)
11-19 16:29:23.170 10443 10578 I OpenCV/StaticHelper:     JPEG:                        build-libjpeg-turbo (ver 1.5.3-62)
11-19 16:29:23.170 10443 10578 I OpenCV/StaticHelper:     WEBP:                        build (ver encoder: 0x020e)
11-19 16:29:23.170 10443 10578 I OpenCV/StaticHelper:     PNG:                         build (ver 1.6.34)
11-19 16:29:23.170 10443 10578 I OpenCV/StaticHelper:     TIFF:                        build (ver 42 - 4.0.9)
11-19 16:29:23.170 10443 10578 I OpenCV/StaticHelper:     JPEG 2000:                   build (ver 1.900.1)
11-19 16:29:23.170 10443 10578 I OpenCV/StaticHelper:     OpenEXR:                     build (ver 1.7.1)
11-19 16:29:23.170 10443 10578 I OpenCV/StaticHelper:     HDR:                         YES
11-19 16:29:23.170 10443 10578 I OpenCV/StaticHelper:     SUNRASTER:                   YES
11-19 16:29:23.170 10443 10578 I OpenCV/StaticHelper:     PXM:                         YES
11-19 16:29:23.170 10443 10578 I OpenCV/StaticHelper: 
11-19 16:29:23.170 10443 10578 I OpenCV/StaticHelper:   Video I/O:
11-19 16:29:23.170 10443 10578 I OpenCV/StaticHelper: 
11-19 16:29:23.170 10443 10578 I OpenCV/StaticHelper:   Parallel framework:            TBB (ver 2018.0 interface 10001)
11-19 16:29:23.170 10443 10578 I OpenCV/StaticHelper: 
11-19 16:29:23.170 10443 10578 I OpenCV/StaticHelper:   Trace:                         YES (built-in)
11-19 16:29:23.171 10443 10578 I OpenCV/StaticHelper: 
11-19 16:29:23.171 10443 10578 I OpenCV/StaticHelper:   Other third-party libraries:
11-19 16:29:23.171 10443 10578 I OpenCV/StaticHelper:     Custom HAL:                  YES (carotene (ver 0.0.1))
11-19 16:29:23.171 10443 10578 I OpenCV/StaticHelper:     Protobuf:                    build (3.5.1)
11-19 16:29:23.171 10443 10578 I OpenCV/StaticHelper: 
11-19 16:29:23.171 10443 10578 I OpenCV/StaticHelper:   Python (for build):            /usr/bin/python2.7
11-19 16:29:23.171 10443 10578 I OpenCV/StaticHelper: 
11-19 16:29:23.171 10443 10578 I OpenCV/StaticHelper:   Java:                          export all functions
11-19 16:29:23.171 10443 10578 I OpenCV/StaticHelper:     ant:                         /usr/bin/ant (ver 1.9.3)
11-19 16:29:23.171 10443 10578 I OpenCV/StaticHelper:     Java wrappers:               YES
11-19 16:29:23.171 10443 10578 I OpenCV/StaticHelper:     Java tests:                  NO
11-19 16:29:23.171 10443 10578 I OpenCV/StaticHelper: 
11-19 16:29:23.171 10443 10578 I OpenCV/StaticHelper:   Install to:                    /build/3_4_pack-android/build/o4a/install
11-19 16:29:23.171 10443 10578 I OpenCV/StaticHelper: -----------------------------------------------------------------
11-19 16:29:23.172 10443 10578 D LCHSAuto: Autonomous OpMode: LEFT_COOP
11-19 16:29:23.322 10443 10578 D LCHSHardwareMap: Call IMU initialization
11-19 16:29:23.422 10443 10578 V RobotCore: addr=false data=true arb=false clock=false
11-19 16:29:23.422 10443 10578 E LynxI2cDeviceSynch: readStatusQuery: cbExpected=1 cbRead=0
11-19 16:29:23.423 10443 10578 E LynxI2cDeviceSynch: placeholder: readStatusQuery
11-19 16:29:23.492 10443 10578 V RobotCore: addr=false data=true arb=false clock=false
11-19 16:29:23.492 10443 10578 E LynxI2cDeviceSynch: readStatusQuery: cbExpected=1 cbRead=0
11-19 16:29:23.565 10443 10578 V RobotCore: addr=false data=true arb=false clock=false
11-19 16:29:23.565 10443 10578 E LynxI2cDeviceSynch: readStatusQuery: cbExpected=1 cbRead=0
11-19 16:29:23.612 10443 10527 V Robocol : received command: CMD_RUN_OP_MODE(10670) Auto Left Coop
11-19 16:29:23.642 10443 10578 V RobotCore: addr=false data=true arb=false clock=false
11-19 16:29:23.643 10443 10578 E LynxI2cDeviceSynch: readStatusQuery: cbExpected=1 cbRead=0
11-19 16:29:23.647 10443 10529 V Robocol : sending CMD_NOTIFY_RUN_OP_MODE(769), attempt: 0
11-19 16:29:23.710 10443 10578 V RobotCore: addr=false data=true arb=false clock=false
11-19 16:29:23.711 10443 10578 E LynxI2cDeviceSynch: readStatusQuery: cbExpected=1 cbRead=0
11-19 16:29:23.781 10443 10578 V RobotCore: addr=false data=true arb=false clock=false
11-19 16:29:23.781 10443 10578 E LynxI2cDeviceSynch: readStatusQuery: cbExpected=1 cbRead=0
11-19 16:29:23.848 10443 10578 V RobotCore: addr=false data=true arb=false clock=false
11-19 16:29:23.849 10443 10578 E LynxI2cDeviceSynch: readStatusQuery: cbExpected=1 cbRead=0
11-19 16:29:23.916 10443 10578 V RobotCore: addr=false data=true arb=false clock=false
11-19 16:29:23.917 10443 10578 E LynxI2cDeviceSynch: readStatusQuery: cbExpected=1 cbRead=0
11-19 16:29:24.389 10443 10578 W LCHS IMU init: re-issuing IMU mode: system status=IDLE expected=RUNNING_FUSION
11-19 16:29:24.559 10443 10578 D LCHSHardwareMap: Return from IMU initialization
11-19 16:29:24.566 10443 10578 D LCHSHardwareMap: imu status after init RUNNING_FUSION
11-19 16:29:24.601 10443 10578 D LCHSAuto: In intiForTensorFlow()
11-19 16:29:24.603 10443 10578 V CameraManager: construct(hash=0x0fed3051|inst#=0)
11-19 16:29:24.638 10443 10578 D Uvc     : [jni.cpp:72] JNI_OnLoad()...
11-19 16:29:24.638 10443 10578 D Uvc     : [JniEnv.h:32] ScopedJniEnv::onJniLoad()...
11-19 16:29:24.638 10443 10578 D Uvc     : [JniEnv.h:32] ...ScopedJniEnv::onJniLoad()
11-19 16:29:24.636 10578 10578 W com.qualcomm.ftcrobotcontroller: type=1400 audit(0.0:63): avc: denied { read } for uid=10151 comm=4C696E6561724F704D6F6465206D61 name="devices" dev="sysfs" ino=5517 scontext=u:r:untrusted_app:s0:c512,c768 tcontext=u:object_r:sysfs:s0 tclass=dir permissive=0
11-19 16:29:24.641 10443 10578 D libusb  : [ 0.000179] [00002952] libusb: debug [isSysfsAvailable] opendir(/sys/bus/usb/devices) failed
11-19 16:29:24.641 10443 10578 W libusb  : [ 0.000301] [00002952] libusb: warning [op_init] sysfs(/sys/bus/usb/devices) unavailable
11-19 16:29:24.643 10443 10578 V UvcContext: construct(pointer=0x977b1330|inst#=0)
11-19 16:29:24.649 10443 10578 D Vuforia : using camera by direction (classic): BACK
11-19 16:29:24.818 10443 10578 I System.out: Native library libVuforia.so loaded
11-19 16:29:24.819 10443 10578 D Vuforia : Vuforia.init()...
11-19 16:29:24.832 10443 10578 I AR      : Vuforia selected rendering API OpenGL ES 2.x
11-19 16:29:24.832 10443 10578 I AR      : Vuforia SDK version 7.4.3
11-19 16:29:24.877 10443 10578 I CameraManagerGlobal: Connecting to camera service
11-19 16:29:25.153 10443 10527 E Robocol : exception SocketTimeoutException(Receive timed out): no packet received [java.net.PlainDatagramSocketImpl.receive0(Native Method)]
11-19 16:29:25.330 10443 10578 D Vuforia : ...Vuforia.init()
11-19 16:29:25.354 10443 10587 D NetworkSecurityConfig: No Network Security Config specified, using platform default
11-19 16:29:25.443 10603 10603 W Thread-32: type=1400 audit(0.0:64): avc: denied { read } for uid=10151 name="gpuclk" dev="sysfs" ino=11560 scontext=u:r:untrusted_app:s0:c512,c768 tcontext=u:object_r:sysfs:s0 tclass=file permissive=0
11-19 16:29:25.449 10443 10603 W Adreno-ES20: <get_gpu_clk:229>: open failed: errno 13
11-19 16:29:25.710 10443 10578 I AR      : ObjectTracker: This device doesn't support model targets extended tracking, extended tracking will be turned off
11-19 16:29:26.715 10443 10578 D LCHSAuto: Tensorflow initialized
11-19 16:29:26.715 10443 10578 D LCHSAuto: At start
11-19 16:29:26.715 10443 10578 D LCHSAuto: Using TENSORFLOW vision system for mineral detection
11-19 16:29:26.744 10443 10578 D LCHSAuto: Desired heading: 0.0, Current heading: 0.0625
11-19 16:29:26.745 10443 10578 D LCHSAuto: Autonomous command LAND
11-19 16:29:26.760 10443 10578 D LCHSAuto: Gyro heading before landing 0.0625
11-19 16:29:26.861 10443 10674 I native  : Initializing object tracker. 272x153 @0x85f7e6cc
11-19 16:29:26.863 10443 10674 I native  : Initialized!
11-19 16:29:27.781 10443 10567 V RobotCore: nack rec'd mod=2 msg#=191 ref#=0 reason=MOTOR_NOT_CONFIG_BEFORE_ENABLED:50
11-19 16:29:27.783 10443 10578 E LynxMotor: exception thrown during lynx communication
11-19 16:29:27.797 10443 10578 E LynxMotor: com.qualcomm.hardware.lynx.LynxNackException: (DQ1NE3V4 #2) LynxSetMotorChannelEnableCommand: nack received: MOTOR_NOT_CONFIG_BEFORE_ENABLED:50
11-19 16:29:27.803 10443 10578 E LynxMotor: 	at com.qualcomm.hardware.lynx.commands.LynxRespondable.throwIfNack(LynxRespondable.java:325)
11-19 16:29:27.807 10443 10578 E LynxMotor: 	at com.qualcomm.hardware.lynx.commands.LynxRespondable.send(LynxRespondable.java:239)
11-19 16:29:27.812 10443 10578 E LynxMotor: 	at com.qualcomm.hardware.lynx.LynxDcMotorController.internalSetMotorEnable(LynxDcMotorController.java:221)
11-19 16:29:27.814 10443 10578 E LynxMotor: 	at com.qualcomm.hardware.lynx.LynxDcMotorController.internalSetMotorPower(LynxDcMotorController.java:543)
11-19 16:29:27.816 10443 10578 E LynxMotor: 	at com.qualcomm.hardware.lynx.LynxDcMotorController.setMotorMode(LynxDcMotorController.java:373)
11-19 16:29:27.817 10443 10578 E LynxMotor: 	at com.qualcomm.robotcore.hardware.DcMotorImpl.internalSetMode(DcMotorImpl.java:322)
11-19 16:29:27.818 10443 10578 E LynxMotor: 	at com.qualcomm.robotcore.hardware.DcMotorImpl.setMode(DcMotorImpl.java:318)
11-19 16:29:27.820 10443 10578 E LynxMotor: 	at org.firstinspires.ftc.teamcode.LCHSAuto.doAutoOpMode(LCHSAuto.java:397)
11-19 16:29:27.821 10443 10578 E LynxMotor: 	at org.firstinspires.ftc.teamcode.LCHSAuto.runRobot(LCHSAuto.java:193)
11-19 16:29:27.828 10443 10578 E LynxMotor: 	at org.firstinspires.ftc.teamcode.LeftCoop.runOpMode(LeftCoop.java:23)
11-19 16:29:27.830 10443 10578 E LynxMotor: 	at com.qualcomm.robotcore.eventloop.opmode.LinearOpMode$LinearOpModeHelper$1.run(LinearOpMode.java:305)
11-19 16:29:27.832 10443 10578 E LynxMotor: 	at com.qualcomm.robotcore.util.ThreadPool.logThreadLifeCycle(ThreadPool.java:737)
11-19 16:29:27.834 10443 10578 E LynxMotor: 	at com.qualcomm.robotcore.eventloop.opmode.LinearOpMode$LinearOpModeHelper.run(LinearOpMode.java:300)
11-19 16:29:27.835 10443 10578 E LynxMotor: 	at java.util.concurrent.ThreadPoolExecutor.runWorker(ThreadPoolExecutor.java:1133)
11-19 16:29:27.849 10443 10578 E LynxMotor: 	at java.util.concurrent.ThreadPoolExecutor$Worker.run(ThreadPoolExecutor.java:607)
11-19 16:29:27.850 10443 10578 E LynxMotor: 	at com.qualcomm.robotcore.util.ThreadPool$ThreadFactoryImpl$1.run(ThreadPool.java:793)
11-19 16:29:27.850 10443 10578 E LynxMotor: 	at java.lang.Thread.run(Thread.java:761)
11-19 16:29:29.278 10443 10578 D LCHSAuto: Gyro heading after landing 0.25
11-19 16:29:29.278 10443 10578 D LCHSAuto: Autonomous command TURN
11-19 16:29:29.279 10443 10578 D LCHSAuto: Turn -90.0 degrees
11-19 16:29:29.279 10443 10578 D LCHSAuto: Desired heading before turn 0.0
11-19 16:29:29.296 10443 10578 D LCHSAuto: Current heading before turn 0.1875
11-19 16:29:29.297 10443 10578 D LCHSAuto: Desired heading after turn -90.0
11-19 16:29:29.412 10443 10578 D LCHSAuto: Start turn by gyro, power 0.3, coefficient 0.05, angle -90.0
11-19 16:29:29.480 10443 10578 D LCHSAuto: Gyro current -0.375
11-19 16:29:29.496 10443 10578 D LCHSAuto: Gyro current -0.4375
11-19 16:29:29.513 10443 10578 D LCHSAuto: Gyro current -0.625
11-19 16:29:29.527 10443 10578 D LCHSAuto: Gyro current -0.75
