11-19 16:22:55.420  8941  9070 D LCHSAuto: Right front motor position 33
11-19 16:22:55.420  8941  9070 D LCHSAuto: Right back motor position 28
11-19 16:22:55.448  8941  9167 I native  : Registering the position of 59130529 at 85.15,98.50,116.76,132.33
11-19 16:22:55.449  8941  9167 I native  : Registering the position of 59130529 at 85.15,98.50,116.76,132.33 at time 1750721490855
11-19 16:22:55.546  8941  9070 D LCHSAuto: Left front motor position 238
11-19 16:22:55.546  8941  9070 D LCHSAuto: Left back motor position 247
11-19 16:22:55.546  8941  9070 D LCHSAuto: Right front motor position 69
11-19 16:22:55.546  8941  9070 D LCHSAuto: Right back motor position 67
11-19 16:22:55.619  8941  9070 D LCHSAuto: Left front motor position 314
11-19 16:22:55.619  8941  9070 D LCHSAuto: Left back motor position 312
11-19 16:22:55.619  8941  9070 D LCHSAuto: Right front motor position 116
11-19 16:22:55.619  8941  9070 D LCHSAuto: Right back motor position 117
11-19 16:22:55.626  8941  9168 I native  : Registering the position of 33397958 at 122.51,100.15,153.60,132.86
11-19 16:22:55.627  8941  9168 I native  : Registering the position of 33397958 at 122.51,100.15,153.60,132.86 at time 1751002742706
11-19 16:22:55.744  8941  9070 D LCHSAuto: Left front motor position 397
11-19 16:22:55.745  8941  9070 D LCHSAuto: Left back motor position 413
11-19 16:22:55.745  8941  9070 D LCHSAuto: Right front motor position 284
11-19 16:22:55.745  8941  9070 D LCHSAuto: Right back motor position 284
11-19 16:22:55.803  8941  9070 D LCHSAuto: Left front motor position 430
11-19 16:22:55.803  8941  9070 D LCHSAuto: Left back motor position 448
11-19 16:22:55.804  8941  9070 D LCHSAuto: Right front motor position 377
11-19 16:22:55.804  8941  9070 D LCHSAuto: Right back motor position 373
11-19 16:22:55.944  8941  9070 D LCHSAuto: Left front motor position 546
11-19 16:22:55.944  8941  9070 D LCHSAuto: Left back motor position 553
11-19 16:22:55.944  8941  9070 D LCHSAuto: Right front motor position 594
11-19 16:22:55.944  8941  9070 D LCHSAuto: Right back motor position 596
11-19 16:22:56.035  8941  9167 W MultiBoxTracker: Degenerate rectangle! RectF(364.621, 169.03233, 414.70786, 181.47433)
11-19 16:22:56.046  8941  9167 I native  : Registering the position of 98845831 at 122.12,101.32,152.69,134.59
11-19 16:22:56.046  8941  9167 I native  : Registering the position of 98845831 at 122.12,101.32,152.69,134.59 at time 1751358945814
11-19 16:22:56.047  8941  9167 I native  : Registering the position of 108822452 at 233.63,79.61,261.78,87.74
11-19 16:22:56.047  8941  9167 I native  : Registering the position of 108822452 at 233.63,79.61,261.78,87.74 at time 1751358945814
11-19 16:22:56.084  8941  9070 D LCHSAuto: Left front motor position 690
11-19 16:22:56.084  8941  9070 D LCHSAuto: Left back motor position 693
11-19 16:22:56.084  8941  9070 D LCHSAuto: Right front motor position 781
11-19 16:22:56.085  8941  9070 D LCHSAuto: Right back motor position 803
11-19 16:22:56.160  8941  9070 D LCHSAuto: Left front motor position 821
11-19 16:22:56.160  8941  9070 D LCHSAuto: Left back motor position 823
11-19 16:22:56.160  8941  9070 D LCHSAuto: Right front motor position 868
11-19 16:22:56.160  8941  9070 D LCHSAuto: Right back motor position 863
11-19 16:22:56.248  8941  9070 D LCHSAuto: Left front motor position 966
11-19 16:22:56.248  8941  9070 D LCHSAuto: Left back motor position 977
11-19 16:22:56.248  8941  9070 D LCHSAuto: Right front motor position 925
11-19 16:22:56.248  8941  9070 D LCHSAuto: Right back motor position 924
11-19 16:22:56.343  8941  9168 W MultiBoxTracker: Degenerate rectangle! RectF(242.20619, 166.98392, 293.1355, 180.06436)
11-19 16:22:56.347  8941  9168 I native  : Registering the position of 186869725 at 77.58,105.92,115.56,147.24
11-19 16:22:56.353  8941  9168 I native  : Registering the position of 186869725 at 77.58,105.92,115.56,147.24 at time 1751699638556
11-19 16:22:56.373  8941  9070 D LCHSAuto: Left front motor position 1129
11-19 16:22:56.373  8941  9070 D LCHSAuto: Left back motor position 1168
11-19 16:22:56.373  8941  9070 D LCHSAuto: Right front motor position 1003
11-19 16:22:56.373  8941  9070 D LCHSAuto: Right back motor position 1030
11-19 16:22:56.429  8941  9070 D LCHSAuto: Left front motor position 1251
11-19 16:22:56.429  8941  9070 D LCHSAuto: Left back motor position 1266
11-19 16:22:56.429  8941  9070 D LCHSAuto: Right front motor position 1098
11-19 16:22:56.429  8941  9070 D LCHSAuto: Right back motor position 1107
11-19 16:22:56.485  8941  9070 D LCHSAuto: Left front motor position 1302
11-19 16:22:56.486  8941  9070 D LCHSAuto: Left back motor position 1322
11-19 16:22:56.486  8941  9070 D LCHSAuto: Right front motor position 1157
11-19 16:22:56.486  8941  9070 D LCHSAuto: Right back motor position 1177
11-19 16:22:56.530  8941  9070 D LCHSAuto: Left front motor position 1351
11-19 16:22:56.530  8941  9070 D LCHSAuto: Left back motor position 1365
11-19 16:22:56.530  8941  9070 D LCHSAuto: Right front motor position 1250
11-19 16:22:56.530  8941  9070 D LCHSAuto: Right back motor position 1275
11-19 16:22:56.598  8941  9070 D LCHSAuto: Left front motor position 1398
11-19 16:22:56.599  8941  9070 D LCHSAuto: Left back motor position 1417
11-19 16:22:56.599  8941  9070 D LCHSAuto: Right front motor position 1371
11-19 16:22:56.599  8941  9070 D LCHSAuto: Right back motor position 1404
11-19 16:22:56.685  8941  9070 D LCHSAuto: Left front motor position 1474
11-19 16:22:56.685  8941  9070 D LCHSAuto: Left back motor position 1495
11-19 16:22:56.685  8941  9070 D LCHSAuto: Right front motor position 1547
11-19 16:22:56.685  8941  9070 D LCHSAuto: Right back motor position 1583
11-19 16:22:56.718  8941  9167 I native  : Registering the position of 161922898 at 132.48,127.23,188.74,153.33
11-19 16:22:56.718  8941  9167 I native  : Registering the position of 161922898 at 132.48,127.23,188.74,153.33 at time 1752063886509
11-19 16:22:56.771  8941  9070 D LCHSAuto: Left front motor position 1551
11-19 16:22:56.771  8941  9070 D LCHSAuto: Left back motor position 1565
11-19 16:22:56.771  8941  9070 D LCHSAuto: Right front motor position 1694
11-19 16:22:56.771  8941  9070 D LCHSAuto: Right back motor position 1743
11-19 16:22:56.850  8941  9070 D LCHSAuto: Left front motor position 1652
11-19 16:22:56.850  8941  9070 D LCHSAuto: Left back motor position 1659
11-19 16:22:56.850  8941  9070 D LCHSAuto: Right front motor position 1803
11-19 16:22:56.850  8941  9070 D LCHSAuto: Right back motor position 1847
11-19 16:22:56.910  8941  9070 D LCHSAuto: Left front motor position 1736
11-19 16:22:56.911  8941  9070 D LCHSAuto: Left back motor position 1748
11-19 16:22:56.911  8941  9070 D LCHSAuto: Right front motor position 1862
11-19 16:22:56.911  8941  9070 D LCHSAuto: Right back motor position 1914
11-19 16:22:56.969  8941  9070 D LCHSAuto: Left front motor position 1870
11-19 16:22:56.970  8941  9070 D LCHSAuto: Left back motor position 1861
11-19 16:22:56.970  8941  9070 D LCHSAuto: Right front motor position 1915
11-19 16:22:56.970  8941  9070 D LCHSAuto: Right back motor position 1964
11-19 16:22:57.041  8941  9070 D LCHSAuto: Left front motor position 1995
11-19 16:22:57.042  8941  9070 D LCHSAuto: Left back motor position 1988
11-19 16:22:57.042  8941  9070 D LCHSAuto: Right front motor position 1971
11-19 16:22:57.042  8941  9070 D LCHSAuto: Right back motor position 2029
11-19 16:22:57.133  8941  9070 D LCHSAuto: Left front motor position 2144
11-19 16:22:57.133  8941  9070 D LCHSAuto: Left back motor position 2139
11-19 16:22:57.134  8941  9070 D LCHSAuto: Right front motor position 2045
11-19 16:22:57.134  8941  9070 D LCHSAuto: Right back motor position 2119
11-19 16:22:57.155  8941  9168 I native  : Registering the position of 95855139 at 133.82,92.40,158.86,102.84
11-19 16:22:57.155  8941  9168 I native  : Registering the position of 95855139 at 133.82,92.40,158.86,102.84 at time 1752474951498
11-19 16:22:57.221  8941  9070 D LCHSAuto: Left front motor position 2255
11-19 16:22:57.221  8941  9070 D LCHSAuto: Left back motor position 2255
11-19 16:22:57.221  8941  9070 D LCHSAuto: Right front motor position 2129
11-19 16:22:57.221  8941  9070 D LCHSAuto: Right back motor position 2243
11-19 16:22:57.261  8941  9070 D LCHSAuto: driveRobotWithGyro done
11-19 16:22:57.265  8941  9070 D LCHSAuto: Left front motor position 2353
11-19 16:22:57.278  8941  9070 D LCHSAuto: Left back motor position 2303
11-19 16:22:57.283  8941  9070 D LCHSAuto: Right front motor position 2289
11-19 16:22:57.287  8941  9070 D LCHSAuto: Right back motor position 2352
11-19 16:22:57.308  8941  9070 D LCHSAuto: Current gyro heading -148.625
11-19 16:22:57.308  8941  9070 D LCHSAuto: Knocked off the gold mineral
11-19 16:22:57.309  8941  9070 D LCHSAuto: Turn -15.0
11-19 16:22:57.309  8941  9070 D LCHSAuto: Desired heading before turn -145.0
11-19 16:22:57.319  8941  9070 D LCHSAuto: Current heading before turn -147.375
11-19 16:22:57.319  8941  9070 D LCHSAuto: Desired heading after turn -160.0
11-19 16:22:57.393  8941  9070 D LCHSAuto: Start turn by gyro, power 0.3, coefficient 0.05, angle -160.0
11-19 16:22:57.434  8941  9070 D LCHSAuto: Gyro current -145.75
11-19 16:22:57.463  8941  9070 D LCHSAuto: Gyro current -145.5
11-19 16:22:57.514  8941  9070 D LCHSAuto: Gyro current -145.5625
11-19 16:22:57.555  8941  9070 D LCHSAuto: Gyro current -146.125
11-19 16:22:57.576  8941  9167 I native  : Registering the position of 238805792 at 186.47,101.57,218.10,116.88
11-19 16:22:57.577  8941  9167 I native  : Registering the position of 238805792 at 186.47,101.57,218.10,116.88 at time 1752766778402
11-19 16:22:57.601  8941  9070 D LCHSAuto: Gyro current -147.25
11-19 16:22:57.619  8941  9070 D LCHSAuto: Gyro current -148.6875
11-19 16:22:57.644  8941  9070 D LCHSAuto: Gyro current -149.125
11-19 16:22:57.655  8941  9070 D LCHSAuto: Gyro current -149.6875
11-19 16:22:57.677  8941  9070 D LCHSAuto: Gyro current -149.9375
11-19 16:22:57.696  8941  9070 D LCHSAuto: Gyro current -150.4375
11-19 16:22:57.720  8941  9070 D LCHSAuto: Gyro current -150.9375
11-19 16:22:57.735  8941  9070 D LCHSAuto: Gyro current -151.6875
11-19 16:22:57.758  8941  9070 D LCHSAuto: Gyro current -152.1875
11-19 16:22:57.766  8941  9070 D LCHSAuto: Gyro current -152.4375
11-19 16:22:57.787  8941  9070 D LCHSAuto: Gyro current -152.6875
11-19 16:22:57.788  8941  9168 I native  : Registering the position of 158573785 at 177.31,111.03,215.93,144.30
11-19 16:22:57.788  8941  9168 I native  : Registering the position of 158573785 at 177.31,111.03,215.93,144.30 at time 1753061994942
11-19 16:22:57.789  8941  9168 I native  : Registering the position of 189628062 at 230.30,120.15,272.98,155.12
11-19 16:22:57.790  8941  9168 I native  : Registering the position of 189628062 at 230.30,120.15,272.98,155.12 at time 1753061994942
11-19 16:22:57.799  8941  9070 D LCHSAuto: Gyro current -153.1875
11-19 16:22:57.812  8941  9070 D LCHSAuto: Gyro current -153.75
11-19 16:22:57.831  8941  9070 D LCHSAuto: Gyro current -154.0
11-19 16:22:57.857  8941  9070 D LCHSAuto: Gyro current -154.5
11-19 16:22:57.882  8941  9070 D LCHSAuto: Gyro current -155.0
11-19 16:22:57.907  8941  9070 D LCHSAuto: Gyro current -155.8125
11-19 16:22:57.919  8941  8952 W art     : Suspending all threads took: 5.740ms
11-19 16:22:57.926  8941  9070 D LCHSAuto: Gyro current -156.25
11-19 16:22:57.952  8941  9070 D LCHSAuto: Gyro current -157.0
11-19 16:22:57.984  8941  9070 D LCHSAuto: Gyro current -157.5625
11-19 16:22:58.007  8941  9070 D LCHSAuto: Reached outer turn target at -158.3125
11-19 16:22:58.007  8941  9070 D LCHSAuto: Gyro current -158.3125
11-19 16:22:58.020  8941  9070 D LCHSAuto: Gyro current -158.875
11-19 16:22:58.115  8941  9070 D LCHSAuto: Turn complete at -159.375
11-19 16:22:58.127  8941  9070 D LCHSAuto: IMU heading after turn -161.6875
11-19 16:22:58.127  8941  9070 D LCHSAuto: Expected pitch at the crater -0.5
11-19 16:22:58.127  8941  9070 D LCHSAuto: Start drive towards crater
11-19 16:22:58.182  8941  9070 D LCHSAuto: IMU pitch -3.75
11-19 16:22:58.232  8941  9070 D LCHSAuto: Robot is parked on crater at pitch -3.75
11-19 16:22:58.264  8941  9070 D LCHSAuto: Exiting LCHSAuto
11-19 16:22:58.277  8941  9070 V RobotCore: thread: ...terminating 'LinearOpMode main'
11-19 16:22:58.278  8941  9063 I FtcEventLoop: auto-stopping OpMode 'Auto Left Coop'
11-19 16:22:58.309  8941  9167 I native  : Registering the position of 147275135 at 220.90,120.99,268.86,152.11
11-19 16:22:58.309  8941  9167 I native  : Registering the position of 147275135 at 220.90,120.99,268.86,152.11 at time 1753572653170
11-19 16:22:58.393  8941  9063 D Vuforia : Vuforia.deinit()...
11-19 16:22:58.518  8941  9168 I native  : Registering the position of 13373772 at 161.80,113.67,205.93,153.63
11-19 16:22:58.518  8941  9168 I native  : Registering the position of 13373772 at 161.80,113.67,205.93,153.63 at time 1753942905030
11-19 16:22:58.820  8941  9063 D Vuforia : ...Vuforia.deinit()
11-19 16:22:58.821  8941  9063 I RobotCore: ******************** STOP - OPMODE /storage/emulated/0/FIRST/matchlogs/Match-0-Auto_Left_Coop.txt ********************
11-19 16:22:58.824  8941  9063 I RobotCore: Pruning old logs deleting Match-0-Calibrate_Devices.txt
11-19 16:22:58.828  8941  9353 I RobotCore: saving match logcat to /storage/emulated/0/FIRST/matchlogs/Match-0-Auto_Left_Coop.txt
11-19 16:22:58.828  8941  9353 I RobotCore: logging command line: exec logcat -d -T '11-19 16:22:40.000' -f /storage/emulated/0/FIRST/matchlogs/Match-0-Auto_Left_Coop.txt -n4 -v threadtime UsbRequestJNI:S UsbRequest:S art:W ThreadPool:W System:W ExtendedExtractor:W OMXClient:W MediaPlayer:W dalvikvm:W  *:V
11-19 16:22:58.829  8941  9063 I RobotCore: Attempting to switch to op mode $Stop$Robot$
11-19 16:22:58.853  9354  9354 W sh      : type=1400 audit(0.0:51): avc: denied { read } for uid=10151 name="/" dev="rootfs" ino=1 scontext=u:r:untrusted_app:s0:c512,c768 tcontext=u:object_r:rootfs:s0 tclass=dir permissive=0
11-19 16:22:58.925  8941  9012 V Robocol : sending CMD_NOTIFY_INIT_OP_MODE(1442), attempt: 0
11-19 16:22:58.929  8941  9353 I RobotCore: Done running exec logcat -d -T '11-19 16:22:40.000' -f /storage/emulated/0/FIRST/matchlogs/Match-0-Auto_Left_Coop.txt -n4 -v threadtime UsbRequestJNI:S UsbRequest:S art:W ThreadPool:W System:W ExtendedExtractor:W OMXClient:W MediaPlayer:W dalvikvm:W  *:V
11-19 16:22:58.929  8941  9353 I RobotCore: exiting match logcat for /storage/emulated/0/FIRST/matchlogs/Match-0-Auto_Left_Coop.txt
11-19 16:22:58.973  8941  9008 V Robocol : received command: CMD_RUN_OP_MODE(11286) $Stop$Robot$
11-19 16:22:59.005  8941  9012 V Robocol : sending CMD_NOTIFY_RUN_OP_MODE(1447), attempt: 0
11-19 16:23:11.337  8941  9008 V Robocol : received command: CMD_INIT_OP_MODE(11446) $Stop$Robot$
11-19 16:23:11.351  8941  9063 I RobotCore: Attempting to switch to op mode $Stop$Robot$
11-19 16:23:11.445  8941  9012 V Robocol : sending CMD_NOTIFY_INIT_OP_MODE(1623), attempt: 0
11-19 16:23:11.492  8941  9008 V Robocol : received command: CMD_RUN_OP_MODE(11452) $Stop$Robot$
11-19 16:23:11.526  8941  9012 V Robocol : sending CMD_NOTIFY_RUN_OP_MODE(1629), attempt: 0
11-19 16:23:12.413  8941  9008 V Robocol : received command: CMD_SET_MATCH_NUMBER(11476) 0
11-19 16:23:12.414  8941  9008 V Robocol : received command: CMD_INIT_OP_MODE(11477) Auto Left Coop
11-19 16:23:12.441  8941  9007 I RobotCore: ******************** START - OPMODE Auto Left Coop ********************
11-19 16:23:12.446  8941  9063 I RobotCore: Attempting to switch to op mode Auto Left Coop
11-19 16:23:12.525  8941  9063 W LynxPwmOutputController: LynxSetPWMEnableCommand not implemented by lynx hw; ignoring
11-19 16:23:12.530  8941  9063 W LynxPwmOutputController: LynxSetPWMConfigurationCommand not implemented by lynx hw; ignoring
11-19 16:23:12.535  8941  9063 W LynxPwmOutputController: LynxSetPWMEnableCommand not implemented by lynx hw; ignoring
11-19 16:23:12.540  8941  9063 W LynxPwmOutputController: LynxSetPWMConfigurationCommand not implemented by lynx hw; ignoring
11-19 16:23:12.544  8941  9063 W LynxPwmOutputController: LynxSetPWMEnableCommand not implemented by lynx hw; ignoring
11-19 16:23:12.549  8941  9063 W LynxPwmOutputController: LynxSetPWMConfigurationCommand not implemented by lynx hw; ignoring
11-19 16:23:12.554  8941  9063 W LynxPwmOutputController: LynxSetPWMEnableCommand not implemented by lynx hw; ignoring
11-19 16:23:12.561  8941  9063 W LynxPwmOutputController: LynxSetPWMConfigurationCommand not implemented by lynx hw; ignoring
11-19 16:23:12.680  8941  9063 W LynxPwmOutputController: LynxSetPWMEnableCommand not implemented by lynx hw; ignoring
11-19 16:23:12.686  8941  9063 W LynxPwmOutputController: LynxSetPWMConfigurationCommand not implemented by lynx hw; ignoring
11-19 16:23:12.692  8941  9063 W LynxPwmOutputController: LynxSetPWMEnableCommand not implemented by lynx hw; ignoring
11-19 16:23:12.697  8941  9063 W LynxPwmOutputController: LynxSetPWMConfigurationCommand not implemented by lynx hw; ignoring
11-19 16:23:12.702  8941  9063 W LynxPwmOutputController: LynxSetPWMEnableCommand not implemented by lynx hw; ignoring
11-19 16:23:12.708  8941  9063 W LynxPwmOutputController: LynxSetPWMConfigurationCommand not implemented by lynx hw; ignoring
11-19 16:23:12.713  8941  9063 W LynxPwmOutputController: LynxSetPWMEnableCommand not implemented by lynx hw; ignoring
11-19 16:23:12.719  8941  9063 W LynxPwmOutputController: LynxSetPWMConfigurationCommand not implemented by lynx hw; ignoring
11-19 16:23:12.845  8941  9012 V Robocol : sending CMD_NOTIFY_INIT_OP_MODE(1685), attempt: 0
11-19 16:23:12.847  8941  9373 V RobotCore: thread: 'LinearOpMode main' starting...
11-19 16:23:12.847  8941  9373 D LCHSAuto: Autonomous OpMode: LEFT_COOP
11-19 16:23:12.973  8941  9373 D LCHSHardwareMap: Call IMU initialization
11-19 16:23:13.075  8941  9373 V RobotCore: addr=false data=true arb=false clock=false
11-19 16:23:13.075  8941  9373 E LynxI2cDeviceSynch: readStatusQuery: cbExpected=1 cbRead=0
11-19 16:23:13.075  8941  9373 E LynxI2cDeviceSynch: placeholder: readStatusQuery
11-19 16:23:13.138  8941  9008 V EventLoopManager: synthetic gamepad received: id=-2 user=ONE atRest=true 
11-19 16:23:13.145  8941  9373 V RobotCore: addr=false data=true arb=false clock=false
11-19 16:23:13.145  8941  9373 E LynxI2cDeviceSynch: readStatusQuery: cbExpected=1 cbRead=0
11-19 16:23:13.214  8941  9373 V RobotCore: addr=false data=true arb=false clock=false
11-19 16:23:13.214  8941  9373 E LynxI2cDeviceSynch: readStatusQuery: cbExpected=1 cbRead=0
11-19 16:23:13.283  8941  9373 V RobotCore: addr=false data=true arb=false clock=false
11-19 16:23:13.283  8941  9373 E LynxI2cDeviceSynch: readStatusQuery: cbExpected=1 cbRead=0
11-19 16:23:13.352  8941  9373 V RobotCore: addr=false data=true arb=false clock=false
11-19 16:23:13.352  8941  9373 E LynxI2cDeviceSynch: readStatusQuery: cbExpected=1 cbRead=0
11-19 16:23:13.496  8941  9008 V Robocol : received command: CMD_INIT_OP_MODE(11544) $Stop$Robot$
11-19 16:23:13.510  8941  9007 I RobotCore: ******************** STOP - OPMODE /storage/emulated/0/FIRST/matchlogs/Match-0-Auto_Left_Coop.txt ********************
11-19 16:23:13.513  8941  9007 I RobotCore: Pruning old logs deleting Match-0-Auto_Left_Coop.txt
11-19 16:23:13.520  8941  9374 I RobotCore: saving match logcat to /storage/emulated/0/FIRST/matchlogs/Match-0-Auto_Left_Coop.txt
11-19 16:23:13.520  8941  9374 I RobotCore: logging command line: exec logcat -d -T '11-19 16:23:12.000' -f /storage/emulated/0/FIRST/matchlogs/Match-0-Auto_Left_Coop.txt -n4 -v threadtime UsbRequestJNI:S UsbRequest:S art:W ThreadPool:W System:W ExtendedExtractor:W OMXClient:W MediaPlayer:W dalvikvm:W  *:V
11-19 16:23:13.527  8941  9373 E LynxI2cDeviceSynch: placeholder: readTimestamped
11-19 16:23:13.546  9375  9375 W sh      : type=1400 audit(0.0:52): avc: denied { read } for uid=10151 name="/" dev="rootfs" ino=1 scontext=u:r:untrusted_app:s0:c512,c768 tcontext=u:object_r:rootfs:s0 tclass=dir permissive=0
11-19 16:23:13.584  8941  9374 I RobotCore: Done running exec logcat -d -T '11-19 16:23:12.000' -f /storage/emulated/0/FIRST/matchlogs/Match-0-Auto_Left_Coop.txt -n4 -v threadtime UsbRequestJNI:S UsbRequest:S art:W ThreadPool:W System:W ExtendedExtractor:W OMXClient:W MediaPlayer:W dalvikvm:W  *:V
11-19 16:23:13.584  8941  9374 I RobotCore: exiting match logcat for /storage/emulated/0/FIRST/matchlogs/Match-0-Auto_Left_Coop.txt
11-19 16:23:14.519  8941  9069 E RobotCore: OpMode 'Auto Left Coop' stuck in stop(). Restarting robot controller app.
11-19 16:23:14.519  8941  9069 E RobotCore: Begin thread dump
11-19 16:23:14.538  8941  9069 E RobotCore: thread id=715 tid=0 name="pool-5-thread-1"
11-19 16:23:14.538  8941  9069 E RobotCore:     at java.lang.Object.wait(Native Method)
11-19 16:23:14.538  8941  9069 E RobotCore:     at java.lang.Thread.parkFor$(Thread.java:2127)
11-19 16:23:14.538  8941  9069 E RobotCore:     at sun.misc.Unsafe.park(Unsafe.java:325)
11-19 16:23:14.539  8941  9069 E RobotCore:     at java.util.concurrent.locks.LockSupport.park(LockSupport.java:161)
11-19 16:23:14.539  8941  9069 E RobotCore:     at java.util.concurrent.locks.AbstractQueuedSynchronizer$ConditionObject.await(AbstractQueuedSynchronizer.java:2035)
11-19 16:23:14.540  8941  9069 E RobotCore:     at java.util.concurrent.LinkedBlockingQueue.take(LinkedBlockingQueue.java:413)
11-19 16:23:14.540  8941  9069 E RobotCore:     at java.util.concurrent.ThreadPoolExecutor.getTask(ThreadPoolExecutor.java:1058)
11-19 16:23:14.540  8941  9069 E RobotCore:     at java.util.concurrent.ThreadPoolExecutor.runWorker(ThreadPoolExecutor.java:1118)
11-19 16:23:14.541  8941  9069 E RobotCore:     at java.util.concurrent.ThreadPoolExecutor$Worker.run(ThreadPoolExecutor.java:607)
11-19 16:23:14.541  8941  9069 E RobotCore:     at java.lang.Thread.run(Thread.java:761)
11-19 16:23:14.541  8941  9069 E RobotCore: thread id=724 tid=9008 name="RecvLoopRunnable.run()"
11-19 16:23:14.541  8941  9069 E RobotCore:     at java.net.PlainDatagramSocketImpl.receive0(Native Method)
11-19 16:23:14.542  8941  9069 E RobotCore:     at java.net.AbstractPlainDatagramSocketImpl.receive(AbstractPlainDatagramSocketImpl.java:147)
11-19 16:23:14.542  8941  9069 E RobotCore:     at java.net.DatagramSocket.receive(DatagramSocket.java:808)
11-19 16:23:14.542  8941  9069 E RobotCore:     at com.qualcomm.robotcore.robocol.RobocolDatagramSocket.recv(RobocolDatagramSocket.java:138)
11-19 16:23:14.542  8941  9069 E RobotCore:     at org.firstinspires.ftc.robotcore.internal.network.RecvLoopRunnable$1.run(RecvLoopRunnable.java:153)
11-19 16:23:14.542  8941  9069 E RobotCore:     at com.qualcomm.robotcore.util.ThreadPool.logThreadLifeCycle(ThreadPool.java:737)
11-19 16:23:14.543  8941  9069 E RobotCore:     at org.firstinspires.ftc.robotcore.internal.network.RecvLoopRunnable.run(RecvLoopRunnable.java:143)
11-19 16:23:14.543  8941  9069 E RobotCore:     at java.util.concurrent.ThreadPoolExecutor.runWorker(ThreadPoolExecutor.java:1133)
11-19 16:23:14.543  8941  9069 E RobotCore:     at java.util.concurrent.ThreadPoolExecutor$Worker.run(ThreadPoolExecutor.java:607)
11-19 16:23:14.543  8941  9069 E RobotCore:     at com.qualcomm.robotcore.util.ThreadPool$ThreadFactoryImpl$1.run(ThreadPool.java:793)
11-19 16:23:14.543  8941  9069 E RobotCore:     at java.lang.Thread.run(Thread.java:761)
11-19 16:23:14.544  8941  9069 E RobotCore: thread id=749 tid=9057 name="lynx module executor-#0"
11-19 16:23:14.544  8941  9069 E RobotCore:     at java.lang.Object.wait(Native Method)
11-19 16:23:14.544  8941  9069 E RobotCore:     at java.lang.Thread.parkFor$(Thread.java:2127)
11-19 16:23:14.544  8941  9069 E RobotCore:     at sun.misc.Unsafe.park(Unsafe.java:325)
11-19 16:23:14.544  8941  9069 E RobotCore:     at java.util.concurrent.locks.LockSupport.parkNanos(LockSupport.java:201)
11-19 16:23:14.545  8941  9069 E RobotCore:     at java.util.concurrent.locks.AbstractQueuedSynchronizer$ConditionObject.awaitNanos(AbstractQueuedSynchronizer.java:2077)
11-19 16:23:14.545  8941  9069 E RobotCore:     at java.util.concurrent.ScheduledThreadPoolExecutor$DelayedWorkQueue.take(ScheduledThreadPoolExecutor.java:1103)
11-19 16:23:14.545  8941  9069 E RobotCore:     at java.util.concurrent.ScheduledThreadPoolExecutor$DelayedWorkQueue.take(ScheduledThreadPoolExecutor.java:1084)
11-19 16:23:14.545  8941  9069 E RobotCore:     at java.util.concurrent.ThreadPoolExecutor.getTask(ThreadPoolExecutor.java:1058)
11-19 16:23:14.547  8941  9069 E RobotCore:     at java.util.concurrent.ThreadPoolExecutor.runWorker(ThreadPoolExecutor.java:1118)
11-19 16:23:14.548  8941  9069 E RobotCore:     at java.util.concurrent.ThreadPoolExecutor$Worker.run(ThreadPoolExecutor.java:607)
11-19 16:23:14.548  8941  9069 E RobotCore:     at com.qualcomm.robotcore.util.ThreadPool$ThreadFactoryImpl$1.run(ThreadPool.java:793)
11-19 16:23:14.548  8941  9069 E RobotCore:     at java.lang.Thread.run(Thread.java:761)
11-19 16:23:14.548  8941  9069 E RobotCore: thread id=785 tid=0 name="process reaper"
11-19 16:23:14.549  8941  9069 E RobotCore:     at java.lang.Object.wait(Native Method)
11-19 16:23:14.549  8941  9069 E RobotCore:     at java.lang.Thread.parkFor$(Thread.java:2127)
11-19 16:23:14.549  8941  9069 E RobotCore:     at sun.misc.Unsafe.park(Unsafe.java:325)
11-19 16:23:14.549  8941  9069 E RobotCore:     at java.util.concurrent.locks.LockSupport.parkNanos(LockSupport.java:201)
11-19 16:23:14.549  8941  9069 E RobotCore:     at java.util.concurrent.SynchronousQueue$TransferStack.awaitFulfill(SynchronousQueue.java:432)
11-19 16:23:14.550  8941  9069 E RobotCore:     at java.util.concurrent.SynchronousQueue$TransferStack.transfer(SynchronousQueue.java:333)
11-19 16:23:14.550  8941  9069 E RobotCore:     at java.util.concurrent.SynchronousQueue.poll(SynchronousQueue.java:908)
11-19 16:23:14.550  8941  9069 E RobotCore:     at java.util.concurrent.ThreadPoolExecutor.getTask(ThreadPoolExecutor.java:1057)
11-19 16:23:14.550  8941  9069 E RobotCore:     at java.util.concurrent.ThreadPoolExecutor.runWorker(ThreadPoolExecutor.java:1118)
11-19 16:23:14.550  8941  9069 E RobotCore:     at java.util.concurrent.ThreadPoolExecutor$Worker.run(ThreadPoolExecutor.java:607)
11-19 16:23:14.550  8941  9069 E RobotCore:     at java.lang.Thread.run(Thread.java:761)
11-19 16:23:14.551  8941  9069 E RobotCore: thread id=719 tid=0 name="NanoHttpd Main Listener"
11-19 16:23:14.551  8941  9069 E RobotCore:     at java.net.PlainSocketImpl.socketAccept(Native Method)
11-19 16:23:14.551  8941  9069 E RobotCore:     at java.net.AbstractPlainSocketImpl.accept(AbstractPlainSocketImpl.java:430)
11-19 16:23:14.551  8941  9069 E RobotCore:     at java.net.ServerSocket.implAccept(ServerSocket.java:531)
11-19 16:23:14.551  8941  9069 E RobotCore:     at java.net.ServerSocket.accept(ServerSocket.java:499)
11-19 16:23:14.551  8941  9069 E RobotCore:     at fi.iki.elonen.NanoHTTPD$ServerRunnable.run(NanoHTTPD.java:1771)
11-19 16:23:14.552  8941  9069 E RobotCore:     at java.lang.Thread.run(Thread.java:761)
11-19 16:23:14.552  8941  9069 E RobotCore: thread id=711 tid=0 name="ConnectivityThread"
11-19 16:23:14.552  8941  9069 E RobotCore:     at android.os.MessageQueue.nativePollOnce(Native Method)
11-19 16:23:14.552  8941  9069 E RobotCore:     at android.os.MessageQueue.next(MessageQueue.java:323)
11-19 16:23:14.552  8941  9069 E RobotCore:     at android.os.Looper.loop(Looper.java:136)
11-19 16:23:14.553  8941  9069 E RobotCore:     at android.os.HandlerThread.run(HandlerThread.java:61)
11-19 16:23:14.553  8941  9069 E RobotCore: thread id=747 tid=9055 name="WatchdogMonitor-#0"
11-19 16:23:14.553  8941  9069 E RobotCore:     at java.lang.Object.wait(Native Method)
11-19 16:23:14.553  8941  9069 E RobotCore:     at java.lang.Thread.parkFor$(Thread.java:2127)
11-19 16:23:14.553  8941  9069 E RobotCore:     at sun.misc.Unsafe.park(Unsafe.java:325)
11-19 16:23:14.553  8941  9069 E RobotCore:     at java.util.concurrent.locks.LockSupport.park(LockSupport.java:161)
11-19 16:23:14.554  8941  9069 E RobotCore:     at java.util.concurrent.locks.AbstractQueuedSynchronizer$ConditionObject.await(AbstractQueuedSynchronizer.java:2035)
11-19 16:23:14.554  8941  9069 E RobotCore:     at java.util.concurrent.LinkedBlockingQueue.take(LinkedBlockingQueue.java:413)
11-19 16:23:14.554  8941  9069 E RobotCore:     at java.util.concurrent.ThreadPoolExecutor.getTask(ThreadPoolExecutor.java:1058)
11-19 16:23:14.554  8941  9069 E RobotCore:     at java.util.concurrent.ThreadPoolExecutor.runWorker(ThreadPoolExecutor.java:1118)
11-19 16:23:14.554  8941  9069 E RobotCore:     at java.util.concurrent.ThreadPoolExecutor$Worker.run(ThreadPoolExecutor.java:607)
11-19 16:23:14.554  8941  9069 E RobotCore:     at com.qualcomm.robotcore.util.ThreadPool$ThreadFactoryImpl$1.run(ThreadPool.java:793)
11-19 16:23:14.555  8941  9069 E RobotCore:     at java.lang.Thread.run(Thread.java:761)
11-19 16:23:14.555  8941  9069 E RobotCore: thread id=686 tid=0 name="ReferenceQueueDaemon"
11-19 16:23:14.555  8941  9069 E RobotCore:     at java.lang.Object.wait(Native Method)
11-19 16:23:14.555  8941  9069 E RobotCore:     at java.lang.Daemons$ReferenceQueueDaemon.run(Daemons.java:150)
11-19 16:23:14.555  8941  9069 E RobotCore:     at java.lang.Thread.run(Thread.java:761)
11-19 16:23:14.556  8941  9069 E RobotCore: thread id=723 tid=9007 name="ReceiveLoopService-#0"
11-19 16:23:14.556  8941  9069 E RobotCore:     at java.lang.Object.wait(Native Method)
11-19 16:23:14.556  8941  9069 E RobotCore:     at java.lang.Thread.parkFor$(Thread.java:2127)
11-19 16:23:14.556  8941  9069 E RobotCore:     at sun.misc.Unsafe.park(Unsafe.java:325)
11-19 16:23:14.556  8941  9069 E RobotCore:     at java.util.concurrent.locks.LockSupport.park(LockSupport.java:161)
11-19 16:23:14.557  8941  9069 E RobotCore:     at java.util.concurrent.locks.AbstractQueuedSynchronizer$ConditionObject.await(AbstractQueuedSynchronizer.java:2035)
11-19 16:23:14.557  8941  9069 E RobotCore:     at java.util.concurrent.LinkedBlockingDeque.takeFirst(LinkedBlockingDeque.java:463)
11-19 16:23:14.557  8941  9069 E RobotCore:     at org.firstinspires.ftc.robotcore.internal.network.RecvLoopRunnable$CommandProcessor.run(RecvLoopRunnable.java:102)
11-19 16:23:14.557  8941  9069 E RobotCore:     at java.util.concurrent.ThreadPoolExecutor.runWorker(ThreadPoolExecutor.java:1133)
11-19 16:23:14.557  8941  9069 E RobotCore:     at java.util.concurrent.ThreadPoolExecutor$Worker.run(ThreadPoolExecutor.java:607)
11-19 16:23:14.557  8941  9069 E RobotCore:     at com.qualcomm.robotcore.util.ThreadPool$ThreadFactoryImpl$1.run(ThreadPool.java:793)
11-19 16:23:14.557  8941  9069 E RobotCore:     at java.lang.Thread.run(Thread.java:761)
11-19 16:23:14.558  8941  9069 E RobotCore: thread id=701 tid=0 name="Chrome_ProcessLauncherThread"
11-19 16:23:14.558  8941  9069 E RobotCore:     at android.os.MessageQueue.nativePollOnce(Native Method)
11-19 16:23:14.558  8941  9069 E RobotCore:     at android.os.MessageQueue.next(MessageQueue.java:323)
11-19 16:23:14.558  8941  9069 E RobotCore:     at android.os.Looper.loop(Looper.java:136)
11-19 16:23:14.558  8941  9069 E RobotCore:     at android.os.HandlerThread.run(HandlerThread.java:61)
11-19 16:23:14.559  8941  9069 E RobotCore: thread id=697 tid=8961 name="callback looper"
11-19 16:23:14.561  8941  9069 E RobotCore:     at android.os.MessageQueue.nativePollOnce(Native Method)
11-19 16:23:14.561  8941  9069 E RobotCore:     at android.os.MessageQueue.next(MessageQueue.java:323)
11-19 16:23:14.561  8941  9069 E RobotCore:     at android.os.Looper.loop(Looper.java:136)
11-19 16:23:14.561  8941  9069 E RobotCore:     at org.firstinspires.ftc.robotcore.internal.network.CallbackLooper$1.run(CallbackLooper.java:139)
11-19 16:23:14.561  8941  9069 E RobotCore:     at java.util.concurrent.Executors$RunnableAdapter.call(Executors.java:428)
11-19 16:23:14.561  8941  9069 E RobotCore:     at java.util.concurrent.FutureTask.run(FutureTask.java:237)
11-19 16:23:14.562  8941  9069 E RobotCore:     at java.util.concurrent.ThreadPoolExecutor.runWorker(ThreadPoolExecutor.java:1133)
11-19 16:23:14.562  8941  9069 E RobotCore:     at java.util.concurrent.ThreadPoolExecutor$Worker.run(ThreadPoolExecutor.java:607)
11-19 16:23:14.562  8941  9069 E RobotCore:     at com.qualcomm.robotcore.util.ThreadPool$ThreadFactoryImpl$1.run(ThreadPool.java:793)
11-19 16:23:14.562  8941  9069 E RobotCore:     at java.lang.Thread.run(Thread.java:761)
11-19 16:23:14.562  8941  9069 E RobotCore: thread id=745 tid=0 name="bulkPacketInWorker"
11-19 16:23:14.562  8941  9069 E RobotCore:     at android.hardware.usb.UsbDeviceConnection.native_bulk_request(Native Method)
11-19 16:23:14.562  8941  9069 E RobotCore:     at android.hardware.usb.UsbDeviceConnection.bulkTransfer(UsbDeviceConnection.java:229)
11-19 16:23:14.563  8941  9069 E RobotCore:     at org.firstinspires.ftc.robotcore.internal.ftdi.MonitoredUsbDeviceConnection.bulkTransfer(MonitoredUsbDeviceConnection.java:294)
11-19 16:23:14.563  8941  9069 E RobotCore:     at org.firstinspires.ftc.robotcore.internal.ftdi.BulkPacketInWorker.run(BulkPacketInWorker.java:108)
11-19 16:23:14.563  8941  9069 E RobotCore:     at org.firstinspires.ftc.robotcore.internal.ftdi.FtDevice$ThreadHelper$1.run(FtDevice.java:1450)
11-19 16:23:14.563  8941  9069 E RobotCore:     at java.lang.Thread.run(Thread.java:761)
11-19 16:23:14.563  8941  9069 E RobotCore: thread id=746 tid=0 name="readBufferManager"
11-19 16:23:14.563  8941  9069 E RobotCore:     at java.lang.Object.wait(Native Method)
11-19 16:23:14.563  8941  9069 E RobotCore:     at org.firstinspires.ftc.robotcore.internal.ftdi.ReadBufferManager.acquireReadableInputBuffer(ReadBufferManager.java:242)
11-19 16:23:14.563  8941  9069 E RobotCore:     at org.firstinspires.ftc.robotcore.internal.ftdi.ReadBufferWorker.run(ReadBufferWorker.java:61)
11-19 16:23:14.563  8941  9069 E RobotCore:     at org.firstinspires.ftc.robotcore.internal.ftdi.FtDevice$ThreadHelper$1.run(FtDevice.java:1450)
11-19 16:23:14.563  8941  9069 E RobotCore:     at java.lang.Thread.run(Thread.java:761)
11-19 16:23:14.564  8941  9069 E RobotCore: thread id=751 tid=9063 name="opmode loop()"
11-19 16:23:14.564  8941  9069 E RobotCore:     at java.lang.Object.wait(Native Method)
11-19 16:23:14.564  8941  9069 E RobotCore:     at java.lang.Thread.parkFor$(Thread.java:2127)
11-19 16:23:14.564  8941  9069 E RobotCore:     at sun.misc.Unsafe.park(Unsafe.java:325)
11-19 16:23:14.564  8941  9069 E RobotCore:     at java.util.concurrent.locks.LockSupport.parkNanos(LockSupport.java:201)
11-19 16:23:14.564  8941  9069 E RobotCore:     at java.util.concurrent.locks.AbstractQueuedSynchronizer$ConditionObject.awaitNanos(AbstractQueuedSynchronizer.java:2077)
11-19 16:23:14.564  8941  9069 E RobotCore:     at java.util.concurrent.ThreadPoolExecutor.awaitTermination(ThreadPoolExecutor.java:1452)
11-19 16:23:14.564  8941  9069 E RobotCore:     at com.qualcomm.robotcore.util.ThreadPool$RecordingThreadPool.awaitTermination(ThreadPool.java:998)
11-19 16:23:14.564  8941  9069 E RobotCore:     at com.qualcomm.robotcore.util.ThreadPool.awaitTermination(ThreadPool.java:517)
11-19 16:23:14.564  8941  9069 E RobotCore:     at com.qualcomm.robotcore.eventloop.opmode.LinearOpMode.stop(LinearOpMode.java:271)
11-19 16:23:14.565  8941  9069 E RobotCore:     at org.firstinspires.ftc.robotcore.internal.opmode.OpModeManagerImpl$1.run(OpModeManagerImpl.java:398)
11-19 16:23:14.565  8941  9069 E RobotCore:     at org.firstinspires.ftc.robotcore.internal.opmode.OpModeManagerImpl.detectStuck(OpModeManagerImpl.java:419)
11-19 16:23:14.565  8941  9069 E RobotCore:     at org.firstinspires.ftc.robotcore.internal.opmode.OpModeManagerImpl.detectStuck(OpModeManagerImpl.java:413)
11-19 16:23:14.565  8941  9069 E RobotCore:     at org.firstinspires.ftc.robotcore.internal.opmode.OpModeManagerImpl.callActiveOpModeStop(OpModeManagerImpl.java:396)
11-19 16:23:14.565  8941  9069 E RobotCore:     at org.firstinspires.ftc.robotcore.internal.opmode.OpModeManagerImpl.runActiveOpMode(OpModeManagerImpl.java:327)
11-19 16:23:14.565  8941  9069 E RobotCore:     at com.qualcomm.ftccommon.FtcEventLoop.loop(FtcEventLoop.java:212)
11-19 16:23:14.565  8941  9069 E RobotCore:     at com.qualcomm.robotcore.eventloop.EventLoopManager$EventLoopRunnable$1.run(EventLoopManager.java:296)
11-19 16:23:14.565  8941  9069 E RobotCore:     at com.qualcomm.robotcore.util.ThreadPool.logThreadLifeCycle(ThreadPool.java:737)
11-19 16:23:14.566  8941  9069 E RobotCore:     at com.qualcomm.robotcore.eventloop.EventLoopManager$EventLoopRunnable.run(EventLoopManager.java:239)
11-19 16:23:14.566  8941  9069 E RobotCore:     at com.qualcomm.robotcore.eventloop.EventLoopManager$1.run(EventLoopManager.java:564)
11-19 16:23:14.566  8941  9069 E RobotCore:     at java.util.concurrent.ThreadPoolExecutor.runWorker(ThreadPoolExecutor.java:1133)
11-19 16:23:14.566  8941  9069 E RobotCore:     at java.util.concurrent.ThreadPoolExecutor$Worker.run(ThreadPoolExecutor.java:607)
11-19 16:23:14.566  8941  9069 E RobotCore:     at com.qualcomm.robotcore.util.ThreadPool$ThreadFactoryImpl$1.run(ThreadPool.java:793)
11-19 16:23:14.566  8941  9069 E RobotCore:     at java.lang.Thread.run(Thread.java:761)
11-19 16:23:14.566  8941  9069 E RobotCore: thread id=730 tid=9019 name="SoundPlayer-#0"
11-19 16:23:14.566  8941  9069 E RobotCore:     at java.lang.Object.wait(Native Method)
11-19 16:23:14.566  8941  9069 E RobotCore:     at java.lang.Thread.parkFor$(Thread.java:2127)
11-19 16:23:14.569  8941  9069 E RobotCore:     at sun.misc.Unsafe.park(Unsafe.java:325)
11-19 16:23:14.569  8941  9069 E RobotCore:     at java.util.concurrent.locks.LockSupport.park(LockSupport.java:161)
11-19 16:23:14.569  8941  9069 E RobotCore:     at java.util.concurrent.locks.AbstractQueuedSynchronizer$ConditionObject.await(AbstractQueuedSynchronizer.java:2035)
11-19 16:23:14.569  8941  9069 E RobotCore:     at java.util.concurrent.LinkedBlockingQueue.take(LinkedBlockingQueue.java:413)
11-19 16:23:14.569  8941  9069 E RobotCore:     at java.util.concurrent.ThreadPoolExecutor.getTask(ThreadPoolExecutor.java:1058)
11-19 16:23:14.570  8941  9069 E RobotCore:     at java.util.concurrent.ThreadPoolExecutor.runWorker(ThreadPoolExecutor.java:1118)
11-19 16:23:14.570  8941  9069 E RobotCore:     at java.util.concurrent.ThreadPoolExecutor$Worker.run(ThreadPoolExecutor.java:607)
11-19 16:23:14.570  8941  9069 E RobotCore:     at com.qualcomm.robotcore.util.ThreadPool$ThreadFactoryImpl$1.run(ThreadPool.java:793)
11-19 16:23:14.570  8941  9069 E RobotCore:     at java.lang.Thread.run(Thread.java:761)
11-19 16:23:14.570  8941  9069 E RobotCore: thread id=707 tid=0 name="CleanupReference"
11-19 16:23:14.570  8941  9069 E RobotCore:     at java.lang.Object.wait(Native Method)
11-19 16:23:14.570  8941  9069 E RobotCore:     at java.lang.Object.wait(Object.java:407)
11-19 16:23:14.570  8941  9069 E RobotCore:     at java.lang.ref.ReferenceQueue.remove(ReferenceQueue.java:188)
11-19 16:23:14.570  8941  9069 E RobotCore:     at java.lang.ref.ReferenceQueue.remove(ReferenceQueue.java:209)
11-19 16:23:14.570  8941  9069 E RobotCore:     at org.chromium.android_webview.CleanupReference$1.run(CleanupReference.java:3)
11-19 16:23:14.571  8941  9069 E RobotCore: thread id=706 tid=0 name="GAC_Executor[0]"
11-19 16:23:14.571  8941  9069 E RobotCore:     at java.lang.Object.wait(Native Method)
11-19 16:23:14.571  8941  9069 E RobotCore:     at java.lang.Thread.parkFor$(Thread.java:2127)
11-19 16:23:14.571  8941  9069 E RobotCore:     at sun.misc.Unsafe.park(Unsafe.java:325)
11-19 16:23:14.571  8941  9069 E RobotCore:     at java.util.concurrent.locks.LockSupport.park(LockSupport.java:161)
11-19 16:23:14.571  8941  9069 E RobotCore:     at java.util.concurrent.locks.AbstractQueuedSynchronizer$ConditionObject.await(AbstractQueuedSynchronizer.java:2035)
11-19 16:23:14.571  8941  9069 E RobotCore:     at java.util.concurrent.LinkedBlockingQueue.take(LinkedBlockingQueue.java:413)
11-19 16:23:14.571  8941  9069 E RobotCore:     at java.util.concurrent.ThreadPoolExecutor.getTask(ThreadPoolExecutor.java:1058)
11-19 16:23:14.571  8941  9069 E RobotCore:     at java.util.concurrent.ThreadPoolExecutor.runWorker(ThreadPoolExecutor.java:1118)
11-19 16:23:14.571  8941  9069 E RobotCore:     at java.util.concurrent.ThreadPoolExecutor$Worker.run(ThreadPoolExecutor.java:607)
11-19 16:23:14.571  8941  9069 E RobotCore:     at com.google.android.gms.internal.zzbge.run(Unknown Source)
11-19 16:23:14.571  8941  9069 E RobotCore:     at java.lang.Thread.run(Thread.java:761)
11-19 16:23:14.572  8941  9069 E RobotCore: thread id=688 tid=0 name="FinalizerWatchdogDaemon"
11-19 16:23:14.572  8941  9069 E RobotCore:     at java.lang.Object.wait(Native Method)
11-19 16:23:14.572  8941  9069 E RobotCore:     at java.lang.Daemons$FinalizerWatchdogDaemon.sleepUntilNeeded(Daemons.java:269)
11-19 16:23:14.572  8941  9069 E RobotCore:     at java.lang.Daemons$FinalizerWatchdogDaemon.run(Daemons.java:249)
11-19 16:23:14.572  8941  9069 E RobotCore:     at java.lang.Thread.run(Thread.java:761)
11-19 16:23:14.572  8941  9069 E RobotCore: thread id=786 tid=9373 name="LinearOpMode main"
11-19 16:23:14.572  8941  9069 E RobotCore:     at java.util.concurrent.locks.AbstractQueuedSynchronizer.acquireInterruptibly(AbstractQueuedSynchronizer.java:1218)
11-19 16:23:14.572  8941  9069 E RobotCore:     at java.util.concurrent.locks.ReentrantLock.lockInterruptibly(ReentrantLock.java:312)
11-19 16:23:14.572  8941  9069 E RobotCore:     at com.qualcomm.hardware.lynx.MessageKeyedLock.acquire(MessageKeyedLock.java:115)
11-19 16:23:14.573  8941  9069 E RobotCore:     at com.qualcomm.hardware.lynx.LynxUsbDeviceImpl.acquireNetworkTransmissionLock(LynxUsbDeviceImpl.java:712)
11-19 16:23:14.573  8941  9069 E RobotCore:     at com.qualcomm.hardware.lynx.LynxUsbDeviceDelegate.acquireNetworkTransmissionLock(LynxUsbDeviceDelegate.java:182)
11-19 16:23:14.573  8941  9069 E RobotCore:     at com.qualcomm.hardware.lynx.LynxModule.acquireNetworkTransmissionLock(LynxModule.java:1356)
11-19 16:23:14.573  8941  9069 E RobotCore:     at com.qualcomm.hardware.lynx.commands.LynxMessage.acquireNetworkLock(LynxMessage.java:130)
11-19 16:23:14.573  8941  9069 E RobotCore:     at com.qualcomm.hardware.lynx.commands.LynxRespondable.send(LynxRespondable.java:227)
11-19 16:23:14.573  8941  9069 E RobotCore:     at com.qualcomm.hardware.lynx.LynxI2cDeviceSynchV2$1.get(LynxI2cDeviceSynchV2.java:66)
11-19 16:23:14.573  8941  9069 E RobotCore:     at com.qualcomm.hardware.lynx.LynxI2cDeviceSynchV2$1.get(LynxI2cDeviceSynchV2.java:62)
11-19 16:23:14.573  8941  9069 E RobotCore:     at com.qualcomm.hardware.lynx.LynxModule.acquireI2cLockWhile(LynxModule.java:1350)
11-19 16:23:14.573  8941  9069 E RobotCore:     at com.qualcomm.hardware.lynx.LynxI2cDeviceSynch.acquireI2cLockWhile(LynxI2cDeviceSynch.java:371)
11-19 16:23:14.573  8941  9069 E RobotCore:     at com.qualcomm.hardware.lynx.LynxI2cDeviceSynchV2.readTimeStamped(LynxI2cDeviceSynchV2.java:61)
11-19 16:23:14.573  8941  9069 E RobotCore:     at com.qualcomm.robotcore.hardware.I2cDeviceSynchImplOnSimple.readTimeStamped(I2cDeviceSynchImplOnSimple.java:525)
11-19 16:23:14.573  8941  9069 E RobotCore:     at com.qualcomm.robotcore.hardware.I2cDeviceSynchImplOnSimple.read(I2cDeviceSynchImplOnSimple.java:489)
11-19 16:23:14.574  8941  9069 E RobotCore:     at com.qualcomm.robotcore.hardware.I2cDeviceSynchImplOnSimple.read8(I2cDeviceSynchImplOnSimple.java:483)
11-19 16:23:14.574  8941  9069 E RobotCore:     at com.qualcomm.hardware.bosch.BNO055IMUImpl.read8(BNO055IMUImpl.java:880)
11-19 16:23:14.574  8941  9069 E RobotCore:     at com.qualcomm.hardware.bosch.BNO055IMUImpl.internalInitializeOnce(BNO055IMUImpl.java:373)
11-19 16:23:14.574  8941  9069 E RobotCore:     at com.qualcomm.hardware.bosch.BNO055IMUImpl.internalInitialize(BNO055IMUImpl.java:240)
11-19 16:23:14.574  8941  9069 E RobotCore:     at com.qualcomm.hardware.bosch.BNO055IMUImpl.internalInitialize(BNO055IMUImpl.java:86)
11-19 16:23:14.574  8941  9069 E RobotCore:     at com.qualcomm.robotcore.hardware.I2cDeviceSynchDeviceWithParameters.initialize(I2cDeviceSynchDeviceWithParameters.java:53)
11-19 16:23:14.574  8941  9069 E RobotCore:     at com.qualcomm.hardware.bosch.BNO055IMUImpl.initialize(BNO055IMUImpl.java:86)
11-19 16:23:14.574  8941  9069 E RobotCore:     at org.firstinspires.ftc.teamcode.LCHSHardwareMap.<init>(LCHSHardwareMap.java:130)
11-19 16:23:14.574  8941  9069 E RobotCore:     at org.firstinspires.ftc.teamcode.LCHSAuto.<init>(LCHSAuto.java:134)
11-19 16:23:14.574  8941  9069 E RobotCore:     at org.firstinspires.ftc.teamcode.LeftCoop.runOpMode(LeftCoop.java:21)
11-19 16:23:14.574  8941  9069 E RobotCore:     at com.qualcomm.robotcore.eventloop.opmode.LinearOpMode$LinearOpModeHelper$1.run(LinearOpMode.java:305)
11-19 16:23:14.574  8941  9069 E RobotCore:     at com.qualcomm.robotcore.util.ThreadPool.logThreadLifeCycle(ThreadPool.java:737)
11-19 16:23:14.575  8941  9069 E RobotCore:     at com.qualcomm.robotcore.eventloop.opmode.LinearOpMode$LinearOpModeHelper.run(LinearOpMode.java:300)
11-19 16:23:14.575  8941  9069 E RobotCore:     at java.util.concurrent.ThreadPoolExecutor.runWorker(ThreadPoolExecutor.java:1133)
11-19 16:23:14.575  8941  9069 E RobotCore:     at java.util.concurrent.ThreadPoolExecutor$Worker.run(ThreadPoolExecutor.java:607)
11-19 16:23:14.575  8941  9069 E RobotCore:     at com.qualcomm.robotcore.util.ThreadPool$ThreadFactoryImpl$1.run(ThreadPool.java:793)
11-19 16:23:14.575  8941  9069 E RobotCore:     at java.lang.Thread.run(Thread.java:761)
11-19 16:23:14.575  8941  9069 E RobotCore: thread id=748 tid=9056 name="lynx incoming datagrams"
11-19 16:23:14.575  8941  9069 E RobotCore:     at java.lang.Object.wait(Native Method)
11-19 16:23:14.575  8941  9069 E RobotCore:     at java.lang.Object.wait(Object.java:407)
11-19 16:23:14.575  8941  9069 E RobotCore:     at org.firstinspires.ftc.robotcore.internal.ftdi.ReadBufferManager.readBulkInData(ReadBufferManager.java:575)
11-19 16:23:14.576  8941  9069 E RobotCore:     at org.firstinspires.ftc.robotcore.internal.ftdi.FtDevice.read(FtDevice.java:696)
11-19 16:23:14.576  8941  9069 E RobotCore:     at com.qualcomm.robotcore.hardware.usb.ftdi.RobotUsbDeviceFtdi.read(RobotUsbDeviceFtdi.java:129)
11-19 16:23:14.576  8941  9069 E RobotCore:     at com.qualcomm.hardware.lynx.LynxUsbDeviceImpl$IncomingDatagramPoller.readIncomingBytes(LynxUsbDeviceImpl.java:893)
11-19 16:23:14.576  8941  9069 E RobotCore:     at com.qualcomm.hardware.lynx.LynxUsbDeviceImpl$IncomingDatagramPoller.pollForIncomingDatagram(LynxUsbDeviceImpl.java:952)
11-19 16:23:14.576  8941  9069 E RobotCore:     at com.qualcomm.hardware.lynx.LynxUsbDeviceImpl$IncomingDatagramPoller$1.run(LynxUsbDeviceImpl.java:866)
11-19 16:23:14.576  8941  9069 E RobotCore:     at com.qualcomm.robotcore.util.ThreadPool.logThreadLifeCycle(ThreadPool.java:737)
11-19 16:23:14.576  8941  9069 E RobotCore:     at com.qualcomm.hardware.lynx.LynxUsbDeviceImpl$IncomingDatagramPoller.run(LynxUsbDeviceImpl.java:856)
11-19 16:23:14.576  8941  9069 E RobotCore:     at java.util.concurrent.ThreadPoolExecutor.runWorker(ThreadPoolExecutor.java:1133)
11-19 16:23:14.576  8941  9069 E RobotCore:     at java.util.concurrent.ThreadPoolExecutor$Worker.run(ThreadPoolExecutor.java:607)
11-19 16:23:14.576  8941  9069 E RobotCore:     at com.qualcomm.robotcore.util.ThreadPool$ThreadFactoryImpl$1.run(ThreadPool.java:793)
11-19 16:23:14.576  8941  9069 E RobotCore:     at java.lang.Thread.run(Thread.java:761)
11-19 16:23:14.577  8941  9069 E RobotCore: thread id=716 tid=0 name="GAC_Executor[1]"
11-19 16:23:14.577  8941  9069 E RobotCore:     at java.lang.Object.wait(Native Method)
11-19 16:23:14.577  8941  9069 E RobotCore:     at java.lang.Thread.parkFor$(Thread.java:2127)
11-19 16:23:14.577  8941  9069 E RobotCore:     at sun.misc.Unsafe.park(Unsafe.java:325)
11-19 16:23:14.577  8941  9069 E RobotCore:     at java.util.concurrent.locks.LockSupport.park(LockSupport.java:161)
11-19 16:23:14.577  8941  9069 E RobotCore:     at java.util.concurrent.locks.AbstractQueuedSynchronizer$ConditionObject.await(AbstractQueuedSynchronizer.java:2035)
11-19 16:23:14.577  8941  9069 E RobotCore:     at java.util.concurrent.LinkedBlockingQueue.take(LinkedBlockingQueue.java:413)
11-19 16:23:14.577  8941  9069 E RobotCore:     at java.util.concurrent.ThreadPoolExecutor.getTask(ThreadPoolExecutor.java:1058)
11-19 16:23:14.577  8941  9069 E RobotCore:     at java.util.concurrent.ThreadPoolExecutor.runWorker(ThreadPoolExecutor.java:1118)
11-19 16:23:14.577  8941  9069 E RobotCore:     at java.util.concurrent.ThreadPoolExecutor$Worker.run(ThreadPoolExecutor.java:607)
11-19 16:23:14.577  8941  9069 E RobotCore:     at com.google.android.gms.internal.zzbge.run(Unknown Source)
11-19 16:23:14.577  8941  9069 E RobotCore:     at java.lang.Thread.run(Thread.java:761)
11-19 16:23:14.578  8941  9069 E RobotCore: thread id=713 tid=8993 name="MTPMonitor-#0"
11-19 16:23:14.578  8941  9069 E RobotCore:     at java.lang.Thread.sleep(Native Method)
11-19 16:23:14.578  8941  9069 E RobotCore:     at java.lang.Thread.sleep(Thread.java:371)
11-19 16:23:14.578  8941  9069 E RobotCore:     at java.lang.Thread.sleep(Thread.java:313)
11-19 16:23:14.578  8941  9069 E RobotCore:     at org.firstinspires.ftc.robotcore.internal.files.MediaTransferProtocolMonitor$1.run(MediaTransferProtocolMonitor.java:134)
11-19 16:23:14.578  8941  9069 E RobotCore:     at java.util.concurrent.Executors$RunnableAdapter.call(Executors.java:428)
11-19 16:23:14.578  8941  9069 E RobotCore:     at java.util.concurrent.FutureTask.run(FutureTask.java:237)
