11-20 14:47:53.497  8176  8549 D LCHSAcceleration: Linear Acceleration  | X: -0.05000000074505806 Y: -0.009999999776482582
11-20 14:47:53.528  8176  8549 D LCHSAcceleration: Overall Acceleration | X: -0.6399999856948853 Y: -0.09000000357627869
11-20 14:47:53.567  8176  8549 D LCHSAcceleration: Linear Acceleration  | X: -0.05000000074505806 Y: -0.029999999329447746
11-20 14:47:53.598  8176  8549 D LCHSAcceleration: Overall Acceleration | X: -0.6299999952316284 Y: -0.09000000357627869
11-20 14:47:53.627  8176  8549 D LCHSAcceleration: Linear Acceleration  | X: -0.05000000074505806 Y: 0.0
11-20 14:47:53.653  8176  8549 D LCHSAcceleration: Overall Acceleration | X: -0.6100000143051147 Y: -0.05999999865889549
11-20 14:47:53.684  8176  8549 D LCHSAcceleration: Linear Acceleration  | X: -0.05000000074505806 Y: -0.009999999776482582
11-20 14:47:53.713  8176  8549 D LCHSAcceleration: Overall Acceleration | X: -0.6299999952316284 Y: -0.05999999865889549
11-20 14:47:53.781  8176  8549 D LCHSAcceleration: Linear Acceleration  | X: -0.05000000074505806 Y: -0.009999999776482582
11-20 14:47:53.814  8176  8549 D LCHSAcceleration: Overall Acceleration | X: -0.6200000047683716 Y: -0.07000000029802322
11-20 14:47:53.860  8176  8549 D LCHSAcceleration: Linear Acceleration  | X: -0.05999999865889549 Y: 0.0
11-20 14:47:53.894  8176  8549 D LCHSAcceleration: Overall Acceleration | X: -0.6200000047683716 Y: -0.09000000357627869
11-20 14:47:53.923  8176  8549 D LCHSAcceleration: Linear Acceleration  | X: -0.029999999329447746 Y: -0.009999999776482582
11-20 14:47:53.951  8176  8549 D LCHSAcceleration: Overall Acceleration | X: -0.6200000047683716 Y: -0.09000000357627869
11-20 14:47:53.974  8176  8549 D LCHSAcceleration: Linear Acceleration  | X: -0.05999999865889549 Y: 0.0
11-20 14:47:54.004  8176  8549 D LCHSAcceleration: Overall Acceleration | X: -0.6200000047683716 Y: -0.09000000357627869
11-20 14:47:54.036  8176  8549 D LCHSAcceleration: Linear Acceleration  | X: -0.029999999329447746 Y: -0.029999999329447746
11-20 14:47:54.059  8176  8549 D LCHSAcceleration: Overall Acceleration | X: -0.6000000238418579 Y: -0.09000000357627869
11-20 14:47:54.095  8176  8549 D LCHSAcceleration: Linear Acceleration  | X: -0.05000000074505806 Y: 0.0
11-20 14:47:54.128  8176  8549 D LCHSAcceleration: Overall Acceleration | X: -0.6100000143051147 Y: -0.07999999821186066
11-20 14:47:54.157  8176  8549 D LCHSAcceleration: Linear Acceleration  | X: -0.05000000074505806 Y: 0.0
11-20 14:47:54.178  8176  8549 D LCHSAcceleration: Overall Acceleration | X: -0.6299999952316284 Y: -0.07000000029802322
11-20 14:47:54.204  8176  8549 D LCHSAcceleration: Linear Acceleration  | X: -0.029999999329447746 Y: -0.019999999552965164
11-20 14:47:54.230  8176  8549 D LCHSAcceleration: Overall Acceleration | X: -0.6299999952316284 Y: -0.07000000029802322
11-20 14:47:54.294  8176  8549 D LCHSAcceleration: Linear Acceleration  | X: -0.03999999910593033 Y: -0.009999999776482582
11-20 14:47:54.316  8176  8549 D LCHSAcceleration: Overall Acceleration | X: -0.6200000047683716 Y: -0.05000000074505806
11-20 14:47:54.344  8176  8549 D LCHSAcceleration: Linear Acceleration  | X: -0.03999999910593033 Y: -0.009999999776482582
11-20 14:47:54.372  8176  8549 D LCHSAcceleration: Overall Acceleration | X: -0.6200000047683716 Y: -0.07999999821186066
11-20 14:47:54.415  8176  8549 D LCHSAcceleration: Linear Acceleration  | X: -0.029999999329447746 Y: 0.0
11-20 14:47:54.444  8176  8549 D LCHSAcceleration: Overall Acceleration | X: -0.6200000047683716 Y: -0.07999999821186066
11-20 14:47:54.470  8176  8549 D LCHSAcceleration: Linear Acceleration  | X: -0.05000000074505806 Y: 0.0
11-20 14:47:54.482  8176  8554 V IMU     : dt=1.018s accel=(-0.040 -0.020 0.270)m/s^2
11-20 14:47:54.508  8176  8549 D LCHSAcceleration: Overall Acceleration | X: -0.5899999737739563 Y: -0.05999999865889549
11-20 14:47:54.531  8176  8549 D LCHSAcceleration: Linear Acceleration  | X: -0.05999999865889549 Y: -0.009999999776482582
11-20 14:47:54.560  8176  8549 D LCHSAcceleration: Overall Acceleration | X: -0.5899999737739563 Y: -0.05999999865889549
11-20 14:47:54.590  8176  8549 D LCHSAcceleration: Linear Acceleration  | X: -0.07000000029802322 Y: -0.029999999329447746
11-20 14:47:54.619  8176  8549 D LCHSAcceleration: Overall Acceleration | X: -0.6399999856948853 Y: -0.09000000357627869
11-20 14:47:54.656  8176  8549 D LCHSAcceleration: Linear Acceleration  | X: -0.03999999910593033 Y: -0.019999999552965164
11-20 14:47:54.685  8176  8549 D LCHSAcceleration: Overall Acceleration | X: -0.6100000143051147 Y: -0.07000000029802322
11-20 14:47:54.712  8176  8549 D LCHSAcceleration: Linear Acceleration  | X: -0.03999999910593033 Y: -0.019999999552965164
11-20 14:47:54.741  8176  8549 D LCHSAcceleration: Overall Acceleration | X: -0.6100000143051147 Y: -0.07000000029802322
11-20 14:47:54.809  8176  8549 D LCHSAcceleration: Linear Acceleration  | X: -0.029999999329447746 Y: 0.0
11-20 14:47:54.843  8176  8549 D LCHSAcceleration: Overall Acceleration | X: -0.6200000047683716 Y: -0.07000000029802322
11-20 14:47:54.875  8176  8549 D LCHSAcceleration: Linear Acceleration  | X: -0.029999999329447746 Y: -0.009999999776482582
11-20 14:47:54.906  8176  8549 D LCHSAcceleration: Overall Acceleration | X: -0.6200000047683716 Y: -0.05999999865889549
11-20 14:47:54.943  8176  8549 D LCHSAcceleration: Linear Acceleration  | X: -0.05999999865889549 Y: -0.019999999552965164
11-20 14:47:54.969  8176  8549 D LCHSAcceleration: Overall Acceleration | X: -0.6399999856948853 Y: -0.05999999865889549
11-20 14:47:55.000  8176  8549 D LCHSAcceleration: Linear Acceleration  | X: -0.05000000074505806 Y: -0.019999999552965164
11-20 14:47:55.033  8176  8549 D LCHSAcceleration: Overall Acceleration | X: -0.6000000238418579 Y: -0.05999999865889549
11-20 14:47:55.064  8176  8549 D LCHSAcceleration: Linear Acceleration  | X: -0.03999999910593033 Y: 0.0
11-20 14:47:55.094  8176  8549 D LCHSAcceleration: Overall Acceleration | X: -0.5899999737739563 Y: -0.07999999821186066
11-20 14:47:55.125  8176  8549 D LCHSAcceleration: Linear Acceleration  | X: -0.05999999865889549 Y: -0.019999999552965164
11-20 14:47:55.148  8176  8549 D LCHSAcceleration: Overall Acceleration | X: -0.6100000143051147 Y: -0.09000000357627869
11-20 14:47:55.182  8176  8549 D LCHSAcceleration: Linear Acceleration  | X: -0.03999999910593033 Y: 0.0
11-20 14:47:55.207  8176  8549 D LCHSAcceleration: Overall Acceleration | X: -0.6200000047683716 Y: -0.07000000029802322
11-20 14:47:55.233  8176  8549 D LCHSAcceleration: Linear Acceleration  | X: -0.05000000074505806 Y: -0.019999999552965164
11-20 14:47:55.259  8176  8549 D LCHSAcceleration: Overall Acceleration | X: -0.6299999952316284 Y: -0.05999999865889549
11-20 14:47:55.318  8176  8549 D LCHSAcceleration: Linear Acceleration  | X: -0.03999999910593033 Y: -0.009999999776482582
11-20 14:47:55.343  8176  8549 D LCHSAcceleration: Overall Acceleration | X: -0.6100000143051147 Y: -0.05999999865889549
11-20 14:47:55.373  8176  8549 D LCHSAcceleration: Linear Acceleration  | X: -0.03999999910593033 Y: 0.0
11-20 14:47:55.412  8176  8549 D LCHSAcceleration: Overall Acceleration | X: -0.6200000047683716 Y: -0.09000000357627869
11-20 14:47:55.454  8176  8549 D LCHSAcceleration: Linear Acceleration  | X: -0.03999999910593033 Y: -0.009999999776482582
11-20 14:47:55.486  8176  8549 D LCHSAcceleration: Overall Acceleration | X: -0.6299999952316284 Y: -0.05999999865889549
11-20 14:47:55.503  8176  8554 V IMU     : dt=1.019s accel=(-0.050 -0.010 0.270)m/s^2
11-20 14:47:55.532  8176  8549 D LCHSAcceleration: Linear Acceleration  | X: -0.03999999910593033 Y: -0.009999999776482582
11-20 14:47:55.560  8176  8549 D LCHSAcceleration: Overall Acceleration | X: -0.6000000238418579 Y: -0.05999999865889549
11-20 14:47:55.590  8176  8549 D LCHSAcceleration: Linear Acceleration  | X: -0.03999999910593033 Y: -0.029999999329447746
11-20 14:47:55.620  8176  8549 D LCHSAcceleration: Overall Acceleration | X: -0.6299999952316284 Y: -0.05999999865889549
11-20 14:47:55.644  8176  8549 D LCHSAcceleration: Linear Acceleration  | X: -0.05000000074505806 Y: 0.0
11-20 14:47:55.667  8176  8549 D LCHSAcceleration: Overall Acceleration | X: -0.6100000143051147 Y: -0.07000000029802322
11-20 14:47:55.699  8176  8549 D LCHSAcceleration: Linear Acceleration  | X: -0.03999999910593033 Y: 0.0
11-20 14:47:55.727  8176  8549 D LCHSAcceleration: Overall Acceleration | X: -0.6100000143051147 Y: -0.07000000029802322
11-20 14:47:55.758  8176  8549 D LCHSAcceleration: Linear Acceleration  | X: -0.05000000074505806 Y: -0.029999999329447746
11-20 14:47:55.788  8176  8549 D LCHSAcceleration: Overall Acceleration | X: -0.6200000047683716 Y: -0.05999999865889549
11-20 14:47:55.856  8176  8549 D LCHSAcceleration: Linear Acceleration  | X: -0.03999999910593033 Y: -0.019999999552965164
11-20 14:47:55.886  8176  8549 D LCHSAcceleration: Overall Acceleration | X: -0.6100000143051147 Y: -0.07000000029802322
11-20 14:47:55.918  8176  8549 D LCHSAcceleration: Linear Acceleration  | X: -0.03999999910593033 Y: 0.0
11-20 14:47:55.948  8176  8549 D LCHSAcceleration: Overall Acceleration | X: -0.6200000047683716 Y: -0.07999999821186066
11-20 14:47:55.989  8176  8549 D LCHSAcceleration: Linear Acceleration  | X: -0.05000000074505806 Y: -0.009999999776482582
11-20 14:47:56.019  8176  8549 D LCHSAcceleration: Overall Acceleration | X: -0.6299999952316284 Y: -0.05999999865889549
11-20 14:47:56.064  8176  8549 D LCHSAcceleration: Linear Acceleration  | X: -0.05000000074505806 Y: -0.15000000596046448
11-20 14:47:56.092  8176  8549 D LCHSAcceleration: Overall Acceleration | X: -0.6299999952316284 Y: -3.450000047683716
11-20 14:47:56.121  8176  8549 D LCHSAcceleration: Linear Acceleration  | X: -0.8899999856948853 Y: -1.159999966621399
11-20 14:47:56.153  8176  8549 D LCHSAcceleration: Overall Acceleration | X: -0.5099999904632568 Y: -0.8299999833106995
11-20 14:47:56.181  8176  8549 D LCHSAcceleration: Linear Acceleration  | X: 0.3199999928474426 Y: -1.1799999475479126
11-20 14:47:56.207  8176  8549 D LCHSAcceleration: Overall Acceleration | X: -0.4399999976158142 Y: -1.309999942779541
11-20 14:47:56.236  8176  8549 D LCHSAcceleration: Linear Acceleration  | X: -0.25 Y: -0.6200000047683716
11-20 14:47:56.262  8176  8549 D LCHSAcceleration: Overall Acceleration | X: -0.8199999928474426 Y: -0.46000000834465027
11-20 14:47:56.290  8176  8549 D LCHSAcceleration: Linear Acceleration  | X: -0.15000000596046448 Y: -0.10000000149011612
11-20 14:47:56.318  8176  8549 D LCHSAcceleration: Overall Acceleration | X: -0.7400000095367432 Y: -0.7599999904632568
11-20 14:47:56.348  8176  8549 D LCHSAcceleration: Linear Acceleration  | X: 0.33000001311302185 Y: -0.3799999952316284
11-20 14:47:56.377  8176  8549 D LCHSAcceleration: Overall Acceleration | X: -0.8500000238418579 Y: -0.10999999940395355
11-20 14:47:56.417  8176  8549 D LCHSAcceleration: Linear Acceleration  | X: -0.3400000035762787 Y: -0.07999999821186066
11-20 14:47:56.443  8176  8549 D LCHSAcceleration: Overall Acceleration | X: -0.41999998688697815 Y: -0.25
11-20 14:47:56.469  8176  8549 D LCHSAcceleration: Linear Acceleration  | X: -0.5699999928474426 Y: -0.09000000357627869
11-20 14:47:56.494  8176  8549 D LCHSAcceleration: Overall Acceleration | X: -1.149999976158142 Y: -0.15000000596046448
11-20 14:47:56.511  8176  8554 V IMU     : dt=1.010s accel=(-0.190 0.380 0.400)m/s^2
11-20 14:47:56.541  8176  8549 D LCHSAcceleration: Linear Acceleration  | X: -0.36000001430511475 Y: 0.10999999940395355
11-20 14:47:56.567  8176  8549 D LCHSAcceleration: Overall Acceleration | X: -1.0399999618530273 Y: 0.09000000357627869
11-20 14:47:56.625  8176  8549 D LCHSAcceleration: Linear Acceleration  | X: -0.25 Y: 0.07999999821186066
11-20 14:47:56.653  8176  8549 D LCHSAcceleration: Overall Acceleration | X: -0.8500000238418579 Y: 0.07000000029802322
11-20 14:47:56.688  8176  8549 D LCHSAcceleration: Linear Acceleration  | X: -0.14000000059604645 Y: 0.5400000214576721
11-20 14:47:56.715  8176  8549 D LCHSAcceleration: Overall Acceleration | X: -1.0800000429153442 Y: 0.4000000059604645
11-20 14:47:56.746  8176  8549 D LCHSAcceleration: Linear Acceleration  | X: -0.3100000023841858 Y: 0.14000000059604645
11-20 14:47:56.777  8176  8549 D LCHSAcceleration: Overall Acceleration | X: -1.1699999570846558 Y: 0.46000000834465027
11-20 14:47:56.810  8176  8549 D LCHSAcceleration: Linear Acceleration  | X: 0.0 Y: 0.5400000214576721
11-20 14:47:56.840  8176  8549 D LCHSAcceleration: Overall Acceleration | X: -1.2200000286102295 Y: 0.2800000011920929
11-20 14:47:56.873  8176  8549 D LCHSAcceleration: Linear Acceleration  | X: -0.029999999329447746 Y: -0.75
11-20 14:47:56.905  8176  8549 D LCHSAcceleration: Overall Acceleration | X: -0.49000000953674316 Y: 0.27000001072883606
11-20 14:47:56.941  8176  8549 D LCHSAcceleration: Linear Acceleration  | X: -0.23000000417232513 Y: -0.10000000149011612
11-20 14:47:56.965  8176  8549 D LCHSAcceleration: Overall Acceleration | X: -0.4300000071525574 Y: 0.27000001072883606
11-20 14:47:56.997  8176  8549 D LCHSAcceleration: Linear Acceleration  | X: -0.5799999833106995 Y: 0.07000000029802322
11-20 14:47:57.032  8176  8549 D LCHSAcceleration: Overall Acceleration | X: -0.4300000071525574 Y: -0.12999999523162842
11-20 14:47:57.077  8176  8549 D LCHSAcceleration: Linear Acceleration  | X: -0.009999999776482582 Y: 0.0
11-20 14:47:57.106  8176  8549 D LCHSAcceleration: Overall Acceleration | X: -0.7900000214576721 Y: 0.10000000149011612
11-20 14:47:57.173  8176  8549 D LCHSAcceleration: Linear Acceleration  | X: -0.23999999463558197 Y: 0.029999999329447746
11-20 14:47:57.200  8176  8549 D LCHSAcceleration: Overall Acceleration | X: -0.019999999552965164 Y: 0.3700000047683716
11-20 14:47:57.228  8176  8549 D LCHSAcceleration: Linear Acceleration  | X: 0.699999988079071 Y: -0.11999999731779099
11-20 14:47:57.255  8176  8549 D LCHSAcceleration: Overall Acceleration | X: -0.4000000059604645 Y: -0.14000000059604645
11-20 14:47:57.295  8176  8549 D LCHSAcceleration: Linear Acceleration  | X: -0.9700000286102295 Y: 0.28999999165534973
11-20 14:47:57.323  8176  8549 D LCHSAcceleration: Overall Acceleration | X: -1.350000023841858 Y: 0.17000000178813934
11-20 14:47:57.355  8176  8549 D LCHSAcceleration: Linear Acceleration  | X: -0.1899999976158142 Y: 0.28999999165534973
11-20 14:47:57.385  8176  8549 D LCHSAcceleration: Overall Acceleration | X: 0.20999999344348907 Y: 0.23000000417232513
11-20 14:47:57.414  8176  8549 D LCHSAcceleration: Linear Acceleration  | X: 0.46000000834465027 Y: -0.15000000596046448
11-20 14:47:57.439  8176  8549 D LCHSAcceleration: Overall Acceleration | X: -0.9599999785423279 Y: 0.1899999976158142
11-20 14:47:57.466  8176  8549 D LCHSAcceleration: Linear Acceleration  | X: -0.800000011920929 Y: 0.4000000059604645
11-20 14:47:57.493  8176  8549 D LCHSAcceleration: Overall Acceleration | X: -0.7200000286102295 Y: -0.4699999988079071
11-20 14:47:57.527  8176  8554 V IMU     : dt=1.014s accel=(0.160 -0.200 0.230)m/s^2
11-20 14:47:57.540  8176  8549 D LCHSAcceleration: Linear Acceleration  | X: -0.23999999463558197 Y: 0.03999999910593033
11-20 14:47:57.570  8176  8549 D LCHSAcceleration: Overall Acceleration | X: -0.8999999761581421 Y: -0.12999999523162842
11-20 14:47:57.610  8176  8549 D LCHSAcceleration: Linear Acceleration  | X: 0.20999999344348907 Y: 0.36000001430511475
11-20 14:47:57.638  8176  8549 D LCHSAcceleration: Overall Acceleration | X: -1.2200000286102295 Y: -0.15000000596046448
11-20 14:47:57.711  8176  8549 D LCHSAcceleration: Linear Acceleration  | X: 0.019999999552965164 Y: -0.029999999329447746
11-20 14:47:57.738  8176  8549 D LCHSAcceleration: Overall Acceleration | X: -1.1200000047683716 Y: -0.15000000596046448
11-20 14:47:57.765  8176  8549 D LCHSAcceleration: Linear Acceleration  | X: 0.5400000214576721 Y: -0.23999999463558197
11-20 14:47:57.791  8176  8549 D LCHSAcceleration: Overall Acceleration | X: -0.5099999904632568 Y: -0.019999999552965164
11-20 14:47:57.827  8176  8549 D LCHSAcceleration: Linear Acceleration  | X: -0.6000000238418579 Y: 0.3700000047683716
11-20 14:47:57.859  8176  8549 D LCHSAcceleration: Overall Acceleration | X: -0.6700000166893005 Y: 0.10999999940395355
11-20 14:47:57.890  8176  8549 D LCHSAcceleration: Linear Acceleration  | X: 0.33000001311302185 Y: -0.03999999910593033
11-20 14:47:57.926  8176  8549 D LCHSAcceleration: Overall Acceleration | X: -0.41999998688697815 Y: -0.23000000417232513
11-20 14:47:57.972  8176  8549 D LCHSAcceleration: Linear Acceleration  | X: -0.029999999329447746 Y: 0.15000000596046448
11-20 14:47:58.006  8176  8549 D LCHSAcceleration: Overall Acceleration | X: -0.8199999928474426 Y: 0.07000000029802322
11-20 14:47:58.054  8176  8549 D LCHSAcceleration: Linear Acceleration  | X: 0.20999999344348907 Y: 0.3400000035762787
11-20 14:47:58.084  8176  8549 D LCHSAcceleration: Overall Acceleration | X: -1.309999942779541 Y: 0.9300000071525574
11-20 14:47:58.147  8176  8549 D LCHSAcceleration: Linear Acceleration  | X: -0.03999999910593033 Y: 0.12999999523162842
11-20 14:47:58.177  8176  8549 D LCHSAcceleration: Overall Acceleration | X: -1.2899999618530273 Y: 0.11999999731779099
11-20 14:47:58.233  8176  8549 D LCHSAcceleration: Linear Acceleration  | X: 0.1899999976158142 Y: 0.1599999964237213
11-20 14:47:58.261  8176  8549 D LCHSAcceleration: Overall Acceleration | X: -0.5099999904632568 Y: -0.07000000029802322
11-20 14:47:58.310  8176  8549 D LCHSAcceleration: Linear Acceleration  | X: 0.20999999344348907 Y: -0.30000001192092896
11-20 14:47:58.340  8176  8549 D LCHSAcceleration: Overall Acceleration | X: -0.4300000071525574 Y: 0.10999999940395355
11-20 14:47:58.377  8176  8549 D LCHSAcceleration: Linear Acceleration  | X: 0.30000001192092896 Y: -0.25
11-20 14:47:58.408  8176  8549 D LCHSAcceleration: Overall Acceleration | X: -0.699999988079071 Y: -0.36000001430511475
11-20 14:47:58.456  8176  8549 D LCHSAcceleration: Linear Acceleration  | X: 0.6499999761581421 Y: 0.20999999344348907
11-20 14:47:58.484  8176  8549 D LCHSAcceleration: Overall Acceleration | X: -0.30000001192092896 Y: -0.5299999713897705
11-20 14:47:58.533  8176  8549 D LCHSAcceleration: Linear Acceleration  | X: 0.550000011920929 Y: -0.6899999976158142
11-20 14:47:58.548  8176  8554 V IMU     : dt=1.021s accel=(0.590 -1.990 0.450)m/s^2
11-20 14:47:58.577  8176  8549 D LCHSAcceleration: Overall Acceleration | X: -0.49000000953674316 Y: -1.1200000047683716
11-20 14:47:58.608  8176  8549 D LCHSAcceleration: Linear Acceleration  | X: 0.25999999046325684 Y: -0.5199999809265137
11-20 14:47:58.638  8176  8549 D LCHSAcceleration: Overall Acceleration | X: -0.550000011920929 Y: -0.4000000059604645
11-20 14:47:58.679  8176  8549 D LCHSAcceleration: Linear Acceleration  | X: -0.10999999940395355 Y: -0.17000000178813934
11-20 14:47:58.706  8176  8549 D LCHSAcceleration: Overall Acceleration | X: -0.10000000149011612 Y: -0.25999999046325684
11-20 14:47:58.731  8176  8549 D LCHSAcceleration: Linear Acceleration  | X: 0.6000000238418579 Y: -0.2199999988079071
11-20 14:47:58.756  8176  8549 D LCHSAcceleration: Overall Acceleration | X: -0.2800000011920929 Y: -0.1599999964237213
11-20 14:47:58.788  8176  8549 D LCHSAcceleration: Linear Acceleration  | X: 0.3499999940395355 Y: 0.3799999952316284
11-20 14:47:58.813  8176  8549 D LCHSAcceleration: Overall Acceleration | X: -0.009999999776482582 Y: 0.029999999329447746
11-20 14:47:58.887  8176  8549 D LCHSAcceleration: Linear Acceleration  | X: 0.10000000149011612 Y: 1.940000057220459
11-20 14:47:58.913  8176  8549 D LCHSAcceleration: Overall Acceleration | X: 0.10000000149011612 Y: 0.949999988079071
11-20 14:47:58.967  8176  8549 D LCHSAcceleration: Linear Acceleration  | X: -0.33000001311302185 Y: 0.9200000166893005
11-20 14:47:58.997  8176  8549 D LCHSAcceleration: Overall Acceleration | X: -0.5899999737739563 Y: 0.41999998688697815
11-20 14:47:59.030  8176  8549 D LCHSAcceleration: Linear Acceleration  | X: -0.20999999344348907 Y: 0.2800000011920929
11-20 14:47:59.060  8176  8549 D LCHSAcceleration: Overall Acceleration | X: 0.15000000596046448 Y: 0.10999999940395355
11-20 14:47:59.091  8176  8549 D LCHSAcceleration: Linear Acceleration  | X: 0.6800000071525574 Y: 0.800000011920929
11-20 14:47:59.124  8176  8549 D LCHSAcceleration: Overall Acceleration | X: -0.14000000059604645 Y: 0.4300000071525574
11-20 14:47:59.166  8176  8549 D LCHSAcceleration: Linear Acceleration  | X: -0.18000000715255737 Y: -0.7900000214576721
11-20 14:47:59.203  8176  8549 D LCHSAcceleration: Overall Acceleration | X: 0.38999998569488525 Y: -0.05000000074505806
11-20 14:47:59.263  8176  8549 D LCHSAcceleration: Linear Acceleration  | X: 0.44999998807907104 Y: -1.6799999475479126
11-20 14:47:59.288  8176  8549 D LCHSAcceleration: Overall Acceleration | X: -0.20999999344348907 Y: -0.33000001311302185
11-20 14:47:59.320  8176  8549 D LCHSAcceleration: Linear Acceleration  | X: 0.3199999928474426 Y: -0.6800000071525574
11-20 14:47:59.349  8176  8549 D LCHSAcceleration: Overall Acceleration | X: -0.6600000262260437 Y: -0.33000001311302185
11-20 14:47:59.383  8176  8549 D LCHSAcceleration: Linear Acceleration  | X: -0.05999999865889549 Y: -0.12999999523162842
11-20 14:47:59.410  8176  8549 D LCHSAcceleration: Overall Acceleration | X: -0.5400000214576721 Y: 0.2800000011920929
11-20 14:47:59.440  8176  8549 D LCHSAcceleration: Linear Acceleration  | X: -0.10000000149011612 Y: 0.27000001072883606
11-20 14:47:59.466  8176  8549 D LCHSAcceleration: Overall Acceleration | X: -0.2199999988079071 Y: -0.07999999821186066
11-20 14:47:59.496  8176  8549 D LCHSAcceleration: Linear Acceleration  | X: 0.03999999910593033 Y: -0.07000000029802322
11-20 14:47:59.526  8176  8549 D LCHSAcceleration: Overall Acceleration | X: -0.6700000166893005 Y: 0.1899999976158142
11-20 14:47:59.565  8176  8554 V IMU     : dt=1.018s accel=(-0.160 0.160 0.130)m/s^2
11-20 14:47:59.606  8176  8549 D LCHSAcceleration: Linear Acceleration  | X: 0.5199999809265137 Y: -0.7400000095367432
11-20 14:47:59.634  8176  8549 D LCHSAcceleration: Overall Acceleration | X: -0.4099999964237213 Y: -0.44999998807907104
11-20 14:47:59.688  8176  8549 D LCHSAcceleration: Linear Acceleration  | X: -0.3700000047683716 Y: -1.090000033378601
11-20 14:47:59.716  8176  8549 D LCHSAcceleration: Overall Acceleration | X: -1.2400000095367432 Y: -1.2599999904632568
11-20 14:47:59.752  8176  8549 D LCHSAcceleration: Linear Acceleration  | X: -0.9399999976158142 Y: -1.3799999952316284
11-20 14:47:59.780  8176  8549 D LCHSAcceleration: Overall Acceleration | X: -2.430000066757202 Y: 0.11999999731779099
11-20 14:47:59.810  8176  8549 D LCHSAcceleration: Linear Acceleration  | X: -2.2100000381469727 Y: 0.03999999910593033
11-20 14:47:59.836  8176  8549 D LCHSAcceleration: Overall Acceleration | X: -3.180000066757202 Y: 0.23000000417232513
11-20 14:47:59.861  8176  8549 D LCHSAcceleration: Linear Acceleration  | X: -1.4700000286102295 Y: -0.05999999865889549
11-20 14:47:59.883  8176  8549 D LCHSAcceleration: Overall Acceleration | X: -1.9199999570846558 Y: -0.3499999940395355
11-20 14:47:59.928  8176  8549 D LCHSAcceleration: Linear Acceleration  | X: -0.7599999904632568 Y: 0.699999988079071
11-20 14:47:59.959  8176  8549 D LCHSAcceleration: Overall Acceleration | X: -1.1799999475479126 Y: 1.340000033378601
11-20 14:48:00.005  8176  8549 D LCHSAcceleration: Linear Acceleration  | X: 0.33000001311302185 Y: 0.33000001311302185
11-20 14:48:00.038  8176  8549 D LCHSAcceleration: Overall Acceleration | X: -0.1599999964237213 Y: 1.1299999952316284
11-20 14:48:00.069  8176  8549 D LCHSAcceleration: Linear Acceleration  | X: -0.47999998927116394 Y: 0.6899999976158142
11-20 14:48:00.099  8176  8549 D LCHSAcceleration: Overall Acceleration | X: -0.7900000214576721 Y: 0.3400000035762787
11-20 14:48:00.155  8176  8549 D LCHSAcceleration: Linear Acceleration  | X: -0.07999999821186066 Y: 0.4300000071525574
11-20 14:48:00.179  8176  8549 D LCHSAcceleration: Overall Acceleration | X: -0.3700000047683716 Y: 0.15000000596046448
11-20 14:48:00.229  8176  8549 D LCHSAcceleration: Linear Acceleration  | X: 0.11999999731779099 Y: 0.5799999833106995
11-20 14:48:00.255  8176  8549 D LCHSAcceleration: Overall Acceleration | X: -1.0800000429153442 Y: 1.4500000476837158
11-20 14:48:00.290  8176  8549 D LCHSAcceleration: Linear Acceleration  | X: -0.36000001430511475 Y: 0.949999988079071
11-20 14:48:00.321  8176  8549 D LCHSAcceleration: Overall Acceleration | X: -1.340000033378601 Y: 0.12999999523162842
11-20 14:48:00.365  8176  8549 D LCHSAcceleration: Linear Acceleration  | X: -0.2199999988079071 Y: -1.409999966621399
11-20 14:48:00.395  8176  8549 D LCHSAcceleration: Overall Acceleration | X: -0.5099999904632568 Y: -1.8899999856948853
11-20 14:48:00.426  8176  8549 D LCHSAcceleration: Linear Acceleration  | X: 0.46000000834465027 Y: -1.5
11-20 14:48:00.457  8176  8549 D LCHSAcceleration: Overall Acceleration | X: -0.3100000023841858 Y: -0.6600000262260437
11-20 14:48:00.488  8176  8549 D LCHSAcceleration: Linear Acceleration  | X: 0.550000011920929 Y: 0.17000000178813934
11-20 14:48:00.515  8176  8549 D LCHSAcceleration: Overall Acceleration | X: -0.7799999713897705 Y: 0.25999999046325684
11-20 14:48:00.547  8176  8549 D LCHSAcceleration: Linear Acceleration  | X: 0.28999999165534973 Y: 0.41999998688697815
11-20 14:48:00.580  8176  8554 V IMU     : dt=1.015s accel=(0.580 0.740 0.210)m/s^2
11-20 14:48:00.595  8176  8549 D LCHSAcceleration: Overall Acceleration | X: -0.7300000190734863 Y: 0.49000000953674316
11-20 14:48:00.657  8176  8549 D LCHSAcceleration: Linear Acceleration  | X: 1.090000033378601 Y: -1.690000057220459
11-20 14:48:00.684  8176  8549 D LCHSAcceleration: Overall Acceleration | X: 0.6200000047683716 Y: -1.0399999618530273
11-20 14:48:00.726  8176  8549 D LCHSAcceleration: Linear Acceleration  | X: 0.8199999928474426 Y: -1.600000023841858
11-20 14:48:00.756  8176  8549 D LCHSAcceleration: Overall Acceleration | X: -1.1399999856948853 Y: 0.3400000035762787
11-20 14:48:00.813  8176  8549 D LCHSAcceleration: Linear Acceleration  | X: -0.33000001311302185 Y: 1.649999976158142
11-20 14:48:00.843  8176  8549 D LCHSAcceleration: Overall Acceleration | X: -0.8100000023841858 Y: -0.1899999976158142
11-20 14:48:00.876  8176  8549 D LCHSAcceleration: Linear Acceleration  | X: -0.6100000143051147 Y: 0.5799999833106995
11-20 14:48:00.906  8176  8549 D LCHSAcceleration: Overall Acceleration | X: -0.5400000214576721 Y: 0.14000000059604645
11-20 14:48:00.937  8176  8549 D LCHSAcceleration: Linear Acceleration  | X: -0.9900000095367432 Y: -0.07999999821186066
11-20 14:48:00.963  8176  8549 D LCHSAcceleration: Overall Acceleration | X: -0.36000001430511475 Y: -0.25999999046325684
11-20 14:48:00.996  8176  8549 D LCHSAcceleration: Linear Acceleration  | X: -0.5199999809265137 Y: -0.23000000417232513
11-20 14:48:01.022  8176  8549 D LCHSAcceleration: Overall Acceleration | X: -0.7300000190734863 Y: -0.15000000596046448
11-20 14:48:01.057  8176  8549 D LCHSAcceleration: Linear Acceleration  | X: -0.23999999463558197 Y: -0.019999999552965164
11-20 14:48:01.087  8176  8549 D LCHSAcceleration: Overall Acceleration | X: -0.44999998807907104 Y: 0.27000001072883606
11-20 14:48:01.119  8176  8549 D LCHSAcceleration: Linear Acceleration  | X: -0.38999998569488525 Y: 0.07000000029802322
11-20 14:48:01.151  8176  8549 D LCHSAcceleration: Overall Acceleration | X: -0.6800000071525574 Y: 0.1899999976158142
11-20 14:48:01.226  8176  8549 D LCHSAcceleration: Linear Acceleration  | X: 0.019999999552965164 Y: -0.3700000047683716
11-20 14:48:01.254  8176  8549 D LCHSAcceleration: Overall Acceleration | X: -0.4300000071525574 Y: -0.18000000715255737
11-20 14:48:01.298  8176  8549 D LCHSAcceleration: Linear Acceleration  | X: -0.07000000029802322 Y: -0.7900000214576721
11-20 14:48:01.328  8176  8549 D LCHSAcceleration: Overall Acceleration | X: 0.019999999552965164 Y: -0.5
11-20 14:48:01.391  8176  8549 D LCHSAcceleration: Linear Acceleration  | X: -0.7300000190734863 Y: 1.4700000286102295
11-20 14:48:01.421  8176  8549 D LCHSAcceleration: Overall Acceleration | X: -0.949999988079071 Y: 0.5699999928474426
11-20 14:48:01.453  8176  8549 D LCHSAcceleration: Linear Acceleration  | X: -0.3499999940395355 Y: 0.3100000023841858
11-20 14:48:01.479  8176  8549 D LCHSAcceleration: Overall Acceleration | X: -0.6800000071525574 Y: 0.10999999940395355
11-20 14:48:01.507  8176  8549 D LCHSAcceleration: Linear Acceleration  | X: -0.14000000059604645 Y: 0.1899999976158142
11-20 14:48:01.535  8176  8549 D LCHSAcceleration: Overall Acceleration | X: -0.75 Y: -0.029999999329447746
11-20 14:48:01.559  8176  8549 D LCHSAcceleration: Linear Acceleration  | X: -0.5199999809265137 Y: -0.10999999940395355
11-20 14:48:01.590  8176  8549 D LCHSAcceleration: Overall Acceleration | X: -0.47999998927116394 Y: 0.30000001192092896
11-20 14:48:01.597  8176  8554 V IMU     : dt=1.017s accel=(-0.070 -0.260 0.000)m/s^2
11-20 14:48:01.628  8176  8549 D LCHSAcceleration: Linear Acceleration  | X: -0.009999999776482582 Y: -0.5199999809265137
11-20 14:48:01.650  8176  8549 D LCHSAcceleration: Overall Acceleration | X: -0.3400000035762787 Y: -0.1899999976158142
11-20 14:48:01.680  8176  8549 D LCHSAcceleration: Linear Acceleration  | X: 0.019999999552965164 Y: 0.20999999344348907
11-20 14:48:01.712  8176  8549 D LCHSAcceleration: Overall Acceleration | X: -0.25 Y: 0.18000000715255737
11-20 14:48:01.743  8176  8549 D LCHSAcceleration: Linear Acceleration  | X: -0.009999999776482582 Y: -0.05000000074505806
11-20 14:48:01.771  8176  8549 D LCHSAcceleration: Overall Acceleration | X: -0.2800000011920929 Y: -0.009999999776482582
11-20 14:48:01.798  8176  8549 D LCHSAcceleration: Linear Acceleration  | X: 0.17000000178813934 Y: 0.4699999988079071
11-20 14:48:01.830  8176  8549 D LCHSAcceleration: Overall Acceleration | X: -0.18000000715255737 Y: 0.3100000023841858
11-20 14:48:01.908  8176  8549 D LCHSAcceleration: Linear Acceleration  | X: 0.28999999165534973 Y: -0.3499999940395355
11-20 14:48:01.937  8176  8549 D LCHSAcceleration: Overall Acceleration | X: -0.800000011920929 Y: -0.28999999165534973
11-20 14:48:01.963  8176  8549 D LCHSAcceleration: Linear Acceleration  | X: 0.0 Y: -0.5199999809265137
11-20 14:48:01.994  8176  8549 D LCHSAcceleration: Overall Acceleration | X: -0.5899999737739563 Y: 0.27000001072883606
11-20 14:48:02.022  8176  8549 D LCHSAcceleration: Linear Acceleration  | X: 0.25 Y: 0.3700000047683716
11-20 14:48:02.054  8176  8549 D LCHSAcceleration: Overall Acceleration | X: -0.3400000035762787 Y: 0.03999999910593033
11-20 14:48:02.088  8176  8549 D LCHSAcceleration: Linear Acceleration  | X: 0.4399999976158142 Y: 0.10999999940395355
11-20 14:48:02.113  8176  8549 D LCHSAcceleration: Overall Acceleration | X: -0.6000000238418579 Y: -0.2199999988079071
11-20 14:48:02.139  8176  8549 D LCHSAcceleration: Linear Acceleration  | X: -0.30000001192092896 Y: 0.10000000149011612
11-20 14:48:02.171  8176  8549 D LCHSAcceleration: Overall Acceleration | X: -0.5699999928474426 Y: -0.07000000029802322
11-20 14:48:02.200  8176  8549 D LCHSAcceleration: Linear Acceleration  | X: -0.41999998688697815 Y: -0.11999999731779099
11-20 14:48:02.229  8176  8549 D LCHSAcceleration: Overall Acceleration | X: -0.4699999988079071 Y: -0.3499999940395355
11-20 14:48:02.263  8176  8549 D LCHSAcceleration: Linear Acceleration  | X: -0.3400000035762787 Y: 0.019999999552965164
11-20 14:48:02.289  8176  8549 D LCHSAcceleration: Overall Acceleration | X: -0.550000011920929 Y: -0.20999999344348907
11-20 14:48:02.315  8176  8549 D LCHSAcceleration: Linear Acceleration  | X: 0.009999999776482582 Y: -0.23000000417232513
11-20 14:48:02.348  8176  8549 D LCHSAcceleration: Overall Acceleration | X: -0.7699999809265137 Y: -0.15000000596046448
11-20 14:48:02.421  8176  8549 D LCHSAcceleration: Linear Acceleration  | X: -0.3499999940395355 Y: -0.03999999910593033
11-20 14:48:02.452  8176  8549 D LCHSAcceleration: Overall Acceleration | X: -0.38999998569488525 Y: -0.10000000149011612
11-20 14:48:02.479  8176  8549 D LCHSAcceleration: Linear Acceleration  | X: -0.46000000834465027 Y: -0.17000000178813934
11-20 14:48:02.509  8176  8549 D LCHSAcceleration: Overall Acceleration | X: -0.8299999833106995 Y: -0.5099999904632568
11-20 14:48:02.539  8176  8549 D LCHSAcceleration: Linear Acceleration  | X: -0.27000001072883606 Y: -0.44999998807907104
11-20 14:48:02.570  8176  8549 D LCHSAcceleration: Overall Acceleration | X: -0.5699999928474426 Y: -0.25999999046325684
11-20 14:48:02.596  8176  8549 D LCHSAcceleration: Linear Acceleration  | X: 0.009999999776482582 Y: -0.23000000417232513
11-20 14:48:02.613  8176  8554 V IMU     : dt=1.014s accel=(-0.360 0.000 -0.300)m/s^2
11-20 14:48:02.639  8176  8549 D LCHSAcceleration: Overall Acceleration | X: -0.17000000178813934 Y: -0.17000000178813934
11-20 14:48:02.664  8176  8549 D LCHSAcceleration: Linear Acceleration  | X: 0.20999999344348907 Y: 0.10000000149011612
11-20 14:48:02.695  8176  8549 D LCHSAcceleration: Overall Acceleration | X: -0.6399999856948853 Y: 0.019999999552965164
11-20 14:48:02.732  8176  8549 D LCHSAcceleration: Linear Acceleration  | X: 0.11999999731779099 Y: -0.05000000074505806
11-20 14:48:02.761  8176  8549 D LCHSAcceleration: Overall Acceleration | X: -0.9399999976158142 Y: 0.05999999865889549
11-20 14:48:02.795  8176  8549 D LCHSAcceleration: Linear Acceleration  | X: -0.3100000023841858 Y: -0.10000000149011612
11-20 14:48:02.818  8176  8549 D LCHSAcceleration: Overall Acceleration | X: -0.8600000143051147 Y: 0.3499999940395355
11-20 14:48:02.867  8176  8549 D LCHSAcceleration: Linear Acceleration  | X: -0.23000000417232513 Y: 1.340000033378601
11-20 14:48:02.897  8176  8549 D LCHSAcceleration: Overall Acceleration | X: -0.1899999976158142 Y: 1.7100000381469727
11-20 14:48:02.978  8176  8549 D LCHSAcceleration: Linear Acceleration  | X: 0.009999999776482582 Y: 1.9900000095367432
11-20 14:48:03.009  8176  8549 D LCHSAcceleration: Overall Acceleration | X: -0.6299999952316284 Y: 1.7799999713897705
11-20 14:48:03.039  8176  8549 D LCHSAcceleration: Linear Acceleration  | X: -1.1299999952316284 Y: 0.8500000238418579
11-20 14:48:03.067  8176  8549 D LCHSAcceleration: Overall Acceleration | X: -1.0099999904632568 Y: 0.20999999344348907
11-20 14:48:03.092  8176  8549 D LCHSAcceleration: Linear Acceleration  | X: -0.28999999165534973 Y: -0.25999999046325684
11-20 14:48:03.121  8176  8549 D LCHSAcceleration: Overall Acceleration | X: -0.1899999976158142 Y: -0.41999998688697815
11-20 14:48:03.145  8176  8549 D LCHSAcceleration: Linear Acceleration  | X: 0.25 Y: -0.20000000298023224
11-20 14:48:03.177  8176  8549 D LCHSAcceleration: Overall Acceleration | X: -0.6200000047683716 Y: 0.009999999776482582
11-20 14:48:03.207  8176  8549 D LCHSAcceleration: Linear Acceleration  | X: -0.10999999940395355 Y: 0.15000000596046448
11-20 14:48:03.242  8176  8549 D LCHSAcceleration: Overall Acceleration | X: -0.41999998688697815 Y: -0.18000000715255737
11-20 14:48:03.269  8176  8549 D LCHSAcceleration: Linear Acceleration  | X: -0.05999999865889549 Y: -0.05999999865889549
11-20 14:48:03.295  8176  8549 D LCHSAcceleration: Overall Acceleration | X: -0.6100000143051147 Y: 0.03999999910593033
11-20 14:48:03.326  8176  8549 D LCHSAcceleration: Linear Acceleration  | X: -0.009999999776482582 Y: -0.05000000074505806
11-20 14:48:03.355  8176  8549 D LCHSAcceleration: Overall Acceleration | X: -0.5099999904632568 Y: -0.09000000357627869
11-20 14:48:03.380  8176  8549 D LCHSAcceleration: Linear Acceleration  | X: -0.10000000149011612 Y: 0.0
11-20 14:48:03.410  8176  8549 D LCHSAcceleration: Overall Acceleration | X: -0.5600000023841858 Y: -0.11999999731779099
11-20 14:48:03.490  8176  8549 D LCHSAcceleration: Linear Acceleration  | X: -0.05000000074505806 Y: 0.0
11-20 14:48:03.517  8176  8549 D LCHSAcceleration: Overall Acceleration | X: -0.5 Y: -0.05000000074505806
11-20 14:48:03.546  8176  8549 D LCHSAcceleration: Linear Acceleration  | X: -0.03999999910593033 Y: -0.009999999776482582
11-20 14:48:03.576  8176  8549 D LCHSAcceleration: Overall Acceleration | X: -0.5799999833106995 Y: -0.07999999821186066
11-20 14:48:03.604  8176  8549 D LCHSAcceleration: Linear Acceleration  | X: -0.029999999329447746 Y: 0.029999999329447746
11-20 14:48:03.634  8176  8554 V IMU     : dt=1.023s accel=(-0.060 0.000 0.270)m/s^2
11-20 14:48:03.641  8176  8549 D LCHSAcceleration: Overall Acceleration | X: -0.5299999713897705 Y: -0.10000000149011612
11-20 14:48:03.667  8176  8549 D LCHSAcceleration: Linear Acceleration  | X: -0.05000000074505806 Y: 0.009999999776482582
11-20 14:48:03.692  8176  8549 D LCHSAcceleration: Overall Acceleration | X: -0.550000011920929 Y: -0.05999999865889549
11-20 14:48:03.717  8176  8549 D LCHSAcceleration: Linear Acceleration  | X: -0.03999999910593033 Y: -0.009999999776482582
11-20 14:48:03.750  8176  8549 D LCHSAcceleration: Overall Acceleration | X: -0.5600000023841858 Y: -0.07999999821186066
11-20 14:48:03.774  8176  8549 D LCHSAcceleration: Linear Acceleration  | X: -0.019999999552965164 Y: -0.029999999329447746
11-20 14:48:03.801  8176  8549 D LCHSAcceleration: Overall Acceleration | X: -0.5299999713897705 Y: -0.07999999821186066
11-20 14:48:03.835  8176  8549 D LCHSAcceleration: Linear Acceleration  | X: -0.05000000074505806 Y: 0.009999999776482582
11-20 14:48:03.867  8176  8549 D LCHSAcceleration: Overall Acceleration | X: -0.5600000023841858 Y: -0.09000000357627869
11-20 14:48:03.893  8176  8549 D LCHSAcceleration: Linear Acceleration  | X: -0.03999999910593033 Y: 0.019999999552965164
11-20 14:48:03.926  8176  8549 D LCHSAcceleration: Overall Acceleration | X: -0.5600000023841858 Y: -0.10999999940395355
11-20 14:48:04.009  8176  8549 D LCHSAcceleration: Linear Acceleration  | X: -0.05999999865889549 Y: 0.009999999776482582
11-20 14:48:04.036  8176  8549 D LCHSAcceleration: Overall Acceleration | X: -0.5600000023841858 Y: -0.07000000029802322
11-20 14:48:04.062  8176  8549 D LCHSAcceleration: Linear Acceleration  | X: -0.05000000074505806 Y: 0.0
11-20 14:48:04.089  8176  8549 D LCHSAcceleration: Overall Acceleration | X: -0.5400000214576721 Y: -0.07999999821186066
11-20 14:48:04.112  8176  8549 D LCHSAcceleration: Linear Acceleration  | X: -0.03999999910593033 Y: 0.0
11-20 14:48:04.142  8176  8549 D LCHSAcceleration: Overall Acceleration | X: -0.550000011920929 Y: -0.07000000029802322
11-20 14:48:04.171  8176  8549 D LCHSAcceleration: Linear Acceleration  | X: -0.05000000074505806 Y: 0.009999999776482582
11-20 14:48:04.200  8176  8549 D LCHSAcceleration: Overall Acceleration | X: -0.5400000214576721 Y: -0.07999999821186066
11-20 14:48:04.229  8176  8549 D LCHSAcceleration: Linear Acceleration  | X: -0.03999999910593033 Y: -0.019999999552965164
11-20 14:48:04.259  8176  8549 D LCHSAcceleration: Overall Acceleration | X: -0.550000011920929 Y: -0.05999999865889549
11-20 14:48:04.282  8176  8549 D LCHSAcceleration: Linear Acceleration  | X: -0.03999999910593033 Y: 0.009999999776482582
11-20 14:48:04.313  8176  8549 D LCHSAcceleration: Overall Acceleration | X: -0.550000011920929 Y: -0.09000000357627869
11-20 14:48:04.347  8176  8549 D LCHSAcceleration: Linear Acceleration  | X: -0.03999999910593033 Y: 0.0
11-20 14:48:04.377  8176  8549 D LCHSAcceleration: Overall Acceleration | X: -0.550000011920929 Y: -0.09000000357627869
11-20 14:48:04.410  8176  8549 D LCHSAcceleration: Linear Acceleration  | X: -0.03999999910593033 Y: 0.0
11-20 14:48:04.441  8176  8549 D LCHSAcceleration: Overall Acceleration | X: -0.5600000023841858 Y: -0.07999999821186066
11-20 14:48:04.524  8176  8549 D LCHSAcceleration: Linear Acceleration  | X: -0.03999999910593033 Y: 0.0
11-20 14:48:04.552  8176  8549 D LCHSAcceleration: Overall Acceleration | X: -0.550000011920929 Y: -0.07999999821186066
11-20 14:48:04.580  8176  8549 D LCHSAcceleration: Linear Acceleration  | X: -0.05000000074505806 Y: 0.0
11-20 14:48:04.605  8176  8549 D LCHSAcceleration: Overall Acceleration | X: -0.550000011920929 Y: -0.10000000149011612
11-20 14:48:04.637  8176  8549 D LCHSAcceleration: Linear Acceleration  | X: -0.029999999329447746 Y: 0.0
11-20 14:48:04.652  8176  8554 V IMU     : dt=1.017s accel=(-0.050 -0.010 0.280)m/s^2
11-20 14:48:04.681  8176  8549 D LCHSAcceleration: Overall Acceleration | X: -0.550000011920929 Y: -0.09000000357627869
11-20 14:48:04.711  8176  8549 D LCHSAcceleration: Linear Acceleration  | X: -0.03999999910593033 Y: 0.0
11-20 14:48:04.743  8176  8549 D LCHSAcceleration: Overall Acceleration | X: -0.550000011920929 Y: -0.07999999821186066
11-20 14:48:04.775  8176  8549 D LCHSAcceleration: Linear Acceleration  | X: -0.029999999329447746 Y: 0.0
11-20 14:48:04.806  8176  8549 D LCHSAcceleration: Overall Acceleration | X: -0.5600000023841858 Y: -0.07999999821186066
11-20 14:48:04.839  8176  8549 D LCHSAcceleration: Linear Acceleration  | X: -0.029999999329447746 Y: 0.0
11-20 14:48:04.870  8176  8549 D LCHSAcceleration: Overall Acceleration | X: -0.5400000214576721 Y: -0.09000000357627869
11-20 14:48:04.896  8176  8549 D LCHSAcceleration: Linear Acceleration  | X: -0.03999999910593033 Y: -0.019999999552965164
11-20 14:48:04.925  8176  8549 D LCHSAcceleration: Overall Acceleration | X: -0.5600000023841858 Y: -0.09000000357627869
11-20 14:48:04.943  8176  8549 D LCHSAcceleration: Linear Acceleration  | X: -0.05999999865889549 Y: 0.0
11-20 14:48:04.973  8176  8549 D LCHSAcceleration: Overall Acceleration | X: -0.5600000023841858 Y: -0.09000000357627869
11-20 14:48:05.056  8176  8549 D LCHSAcceleration: Linear Acceleration  | X: -0.05000000074505806 Y: 0.0
11-20 14:48:05.084  8176  8549 D LCHSAcceleration: Overall Acceleration | X: -0.5600000023841858 Y: -0.07999999821186066
11-20 14:48:05.107  8176  8549 D LCHSAcceleration: Linear Acceleration  | X: -0.03999999910593033 Y: -0.009999999776482582
11-20 14:48:05.135  8176  8549 D LCHSAcceleration: Overall Acceleration | X: -0.550000011920929 Y: -0.07999999821186066
11-20 14:48:05.163  8176  8549 D LCHSAcceleration: Linear Acceleration  | X: -0.05000000074505806 Y: -0.009999999776482582
11-20 14:48:05.191  8176  8549 D LCHSAcceleration: Overall Acceleration | X: -0.550000011920929 Y: -0.10999999940395355
11-20 14:48:05.221  8176  8549 D LCHSAcceleration: Linear Acceleration  | X: -0.05999999865889549 Y: 0.009999999776482582
11-20 14:48:05.248  8176  8549 D LCHSAcceleration: Overall Acceleration | X: -0.5400000214576721 Y: -0.09000000357627869
11-20 14:48:05.288  8176  8549 D LCHSAcceleration: Linear Acceleration  | X: -0.05000000074505806 Y: 0.009999999776482582
11-20 14:48:05.313  8176  8549 D LCHSAcceleration: Overall Acceleration | X: -0.550000011920929 Y: -0.10999999940395355
11-20 14:48:05.342  8176  8549 D LCHSAcceleration: Linear Acceleration  | X: -0.05999999865889549 Y: -0.009999999776482582
11-20 14:48:05.369  8176  8549 D LCHSAcceleration: Overall Acceleration | X: -0.5400000214576721 Y: -0.10000000149011612
11-20 14:48:05.398  8176  8549 D LCHSAcceleration: Linear Acceleration  | X: -0.029999999329447746 Y: 0.009999999776482582
11-20 14:48:05.427  8176  8549 D LCHSAcceleration: Overall Acceleration | X: -0.5400000214576721 Y: -0.05999999865889549
11-20 14:48:05.464  8176  8549 D LCHSAcceleration: Linear Acceleration  | X: -0.05000000074505806 Y: -0.009999999776482582
11-20 14:48:05.492  8176  8549 D LCHSAcceleration: Overall Acceleration | X: -0.550000011920929 Y: -0.07999999821186066
11-20 14:48:05.572  8176  8549 D LCHSAcceleration: Linear Acceleration  | X: -0.05000000074505806 Y: -0.009999999776482582
11-20 14:48:05.600  8176  8549 D LCHSAcceleration: Overall Acceleration | X: -0.550000011920929 Y: -0.07999999821186066
11-20 14:48:05.626  8176  8549 D LCHSAcceleration: Linear Acceleration  | X: -0.05000000074505806 Y: 0.0
11-20 14:48:05.649  8176  8549 D LCHSAcceleration: Overall Acceleration | X: -0.5699999928474426 Y: -0.07000000029802322
11-20 14:48:05.665  8176  8554 V IMU     : dt=1.014s accel=(-0.050 0.000 0.270)m/s^2
11-20 14:48:05.695  8176  8549 D LCHSAcceleration: Linear Acceleration  | X: -0.03999999910593033 Y: 0.009999999776482582
11-20 14:48:05.719  8176  8549 D LCHSAcceleration: Overall Acceleration | X: -0.5400000214576721 Y: -0.09000000357627869
11-20 14:48:05.752  8176  8549 D LCHSAcceleration: Linear Acceleration  | X: -0.05000000074505806 Y: -0.009999999776482582
11-20 14:48:05.780  8176  8549 D LCHSAcceleration: Overall Acceleration | X: -0.550000011920929 Y: -0.09000000357627869
11-20 14:48:05.808  8176  8549 D LCHSAcceleration: Linear Acceleration  | X: -0.03999999910593033 Y: -0.009999999776482582
11-20 14:48:05.837  8176  8549 D LCHSAcceleration: Overall Acceleration | X: -0.5400000214576721 Y: -0.05999999865889549
11-20 14:48:05.868  8176  8549 D LCHSAcceleration: Linear Acceleration  | X: -0.05000000074505806 Y: 0.0
11-20 14:48:05.898  8176  8549 D LCHSAcceleration: Overall Acceleration | X: -0.5600000023841858 Y: -0.10000000149011612
11-20 14:48:05.928  8176  8549 D LCHSAcceleration: Linear Acceleration  | X: -0.03999999910593033 Y: 0.0
11-20 14:48:05.959  8176  8549 D LCHSAcceleration: Overall Acceleration | X: -0.550000011920929 Y: -0.10000000149011612
11-20 14:48:05.996  8176  8549 D LCHSAcceleration: Linear Acceleration  | X: -0.05000000074505806 Y: -0.009999999776482582
11-20 14:48:06.026  8176  8549 D LCHSAcceleration: Overall Acceleration | X: -0.5400000214576721 Y: -0.09000000357627869
11-20 14:48:06.100  8176  8549 D LCHSAcceleration: Linear Acceleration  | X: -0.05000000074505806 Y: 0.0
11-20 14:48:06.125  8176  8549 D LCHSAcceleration: Overall Acceleration | X: -0.5400000214576721 Y: -0.07999999821186066
11-20 14:48:06.156  8176  8549 D LCHSAcceleration: Linear Acceleration  | X: -0.03999999910593033 Y: 0.0
11-20 14:48:06.184  8176  8549 D LCHSAcceleration: Overall Acceleration | X: -0.5400000214576721 Y: -0.09000000357627869
11-20 14:48:06.214  8176  8549 D LCHSAcceleration: Linear Acceleration  | X: -0.05999999865889549 Y: 0.0
11-20 14:48:06.243  8176  8549 D LCHSAcceleration: Overall Acceleration | X: -0.550000011920929 Y: -0.09000000357627869
11-20 14:48:06.276  8176  8549 D LCHSAcceleration: Linear Acceleration  | X: -0.03999999910593033 Y: 0.0
11-20 14:48:06.303  8176  8549 D LCHSAcceleration: Overall Acceleration | X: -0.5600000023841858 Y: -0.07000000029802322
11-20 14:48:06.327  8176  8549 D LCHSAcceleration: Linear Acceleration  | X: -0.029999999329447746 Y: 0.0
11-20 14:48:06.355  8176  8549 D LCHSAcceleration: Overall Acceleration | X: -0.5400000214576721 Y: -0.05999999865889549
11-20 14:48:06.386  8176  8549 D LCHSAcceleration: Linear Acceleration  | X: -0.05999999865889549 Y: -0.009999999776482582
11-20 14:48:06.417  8176  8549 D LCHSAcceleration: Overall Acceleration | X: -0.5400000214576721 Y: -0.10000000149011612
11-20 14:48:06.443  8176  8549 D LCHSAcceleration: Linear Acceleration  | X: -0.05999999865889549 Y: -0.019999999552965164
11-20 14:48:06.475  8176  8549 D LCHSAcceleration: Overall Acceleration | X: -0.550000011920929 Y: -0.09000000357627869
11-20 14:48:06.517  8176  8549 D LCHSAcceleration: Linear Acceleration  | X: -0.029999999329447746 Y: 0.0
11-20 14:48:06.539  8176  8549 D LCHSAcceleration: Overall Acceleration | X: -0.5400000214576721 Y: -0.10000000149011612
11-20 14:48:06.621  8176  8549 D LCHSAcceleration: Linear Acceleration  | X: -0.03999999910593033 Y: -0.009999999776482582
11-20 14:48:06.646  8176  8549 D LCHSAcceleration: Overall Acceleration | X: -0.550000011920929 Y: -0.07000000029802322
11-20 14:48:06.676  8176  8554 V IMU     : dt=1.011s accel=(-0.060 0.000 0.270)m/s^2
11-20 14:48:06.690  8176  8549 D LCHSAcceleration: Linear Acceleration  | X: -0.05000000074505806 Y: 0.0
11-20 14:48:06.722  8176  8549 D LCHSAcceleration: Overall Acceleration | X: -0.550000011920929 Y: -0.10000000149011612
11-20 14:48:06.754  8176  8549 D LCHSAcceleration: Linear Acceleration  | X: -0.05000000074505806 Y: 0.009999999776482582
11-20 14:48:06.776  8176  8549 D LCHSAcceleration: Overall Acceleration | X: -0.550000011920929 Y: -0.09000000357627869
11-20 14:48:06.804  8176  8549 D LCHSAcceleration: Linear Acceleration  | X: -0.029999999329447746 Y: 0.0
11-20 14:48:06.832  8176  8549 D LCHSAcceleration: Overall Acceleration | X: -0.5400000214576721 Y: -0.09000000357627869
11-20 14:48:06.860  8176  8549 D LCHSAcceleration: Linear Acceleration  | X: -0.05000000074505806 Y: 0.0
11-20 14:48:06.889  8176  8549 D LCHSAcceleration: Overall Acceleration | X: -0.5600000023841858 Y: -0.10000000149011612
11-20 14:48:06.920  8176  8549 D LCHSAcceleration: Linear Acceleration  | X: -0.05999999865889549 Y: 0.0
11-20 14:48:06.944  8176  8549 D LCHSAcceleration: Overall Acceleration | X: -0.550000011920929 Y: -0.07999999821186066
11-20 14:48:06.977  8176  8549 D LCHSAcceleration: Linear Acceleration  | X: -0.03999999910593033 Y: -0.009999999776482582
11-20 14:48:07.011  8176  8549 D LCHSAcceleration: Overall Acceleration | X: -0.5299999713897705 Y: -0.07999999821186066
11-20 14:48:07.040  8176  8549 D LCHSAcceleration: Linear Acceleration  | X: -0.03999999910593033 Y: 0.009999999776482582
11-20 14:48:07.068  8176  8549 D LCHSAcceleration: Overall Acceleration | X: -0.5400000214576721 Y: -0.10999999940395355
11-20 14:48:07.151  8176  8549 D LCHSAcceleration: Linear Acceleration  | X: -0.029999999329447746 Y: 0.0
11-20 14:48:07.181  8176  8549 D LCHSAcceleration: Overall Acceleration | X: -0.550000011920929 Y: -0.09000000357627869
11-20 14:48:07.214  8176  8549 D LCHSAcceleration: Linear Acceleration  | X: -0.05999999865889549 Y: 0.0
11-20 14:48:07.242  8176  8549 D LCHSAcceleration: Overall Acceleration | X: -0.5699999928474426 Y: -0.07999999821186066
11-20 14:48:07.276  8176  8549 D LCHSAcceleration: Linear Acceleration  | X: -0.05000000074505806 Y: 0.0
11-20 14:48:07.302  8176  8549 D LCHSAcceleration: Overall Acceleration | X: -0.550000011920929 Y: -0.07999999821186066
