11-20 14:47:39.427  8176  8549 D LCHSAcceleration: Linear Acceleration  | X: -0.05000000074505806 Y: -0.009999999776482582
11-20 14:47:39.452  8176  8549 D LCHSAcceleration: Overall Acceleration | X: -0.6100000143051147 Y: -0.05999999865889549
11-20 14:47:39.484  8176  8549 D LCHSAcceleration: Linear Acceleration  | X: -0.03999999910593033 Y: -0.019999999552965164
11-20 14:47:39.510  8176  8549 D LCHSAcceleration: Overall Acceleration | X: -0.6200000047683716 Y: -0.05999999865889549
11-20 14:47:39.537  8176  8549 D LCHSAcceleration: Linear Acceleration  | X: -0.05000000074505806 Y: 0.009999999776482582
11-20 14:47:39.565  8176  8549 D LCHSAcceleration: Overall Acceleration | X: -0.6299999952316284 Y: -0.05000000074505806
11-20 14:47:39.593  8176  8549 D LCHSAcceleration: Linear Acceleration  | X: -0.05999999865889549 Y: 0.0
11-20 14:47:39.619  8176  8549 D LCHSAcceleration: Overall Acceleration | X: -0.6299999952316284 Y: -0.03999999910593033
11-20 14:47:39.647  8176  8549 D LCHSAcceleration: Linear Acceleration  | X: -0.05000000074505806 Y: 0.0
11-20 14:47:39.673  8176  8549 D LCHSAcceleration: Overall Acceleration | X: -0.6100000143051147 Y: -0.05000000074505806
11-20 14:47:39.733  8176  8549 D LCHSAcceleration: Linear Acceleration  | X: -0.05000000074505806 Y: 0.0
11-20 14:47:39.758  8176  8549 D LCHSAcceleration: Overall Acceleration | X: -0.6200000047683716 Y: -0.05999999865889549
11-20 14:47:39.789  8176  8549 D LCHSAcceleration: Linear Acceleration  | X: -0.05000000074505806 Y: 0.009999999776482582
11-20 14:47:39.817  8176  8549 D LCHSAcceleration: Overall Acceleration | X: -0.6100000143051147 Y: -0.05999999865889549
11-20 14:47:39.850  8176  8549 D LCHSAcceleration: Linear Acceleration  | X: -0.05000000074505806 Y: -0.009999999776482582
11-20 14:47:39.880  8176  8549 D LCHSAcceleration: Overall Acceleration | X: -0.6299999952316284 Y: -0.05000000074505806
11-20 14:47:39.911  8176  8549 D LCHSAcceleration: Linear Acceleration  | X: -0.05000000074505806 Y: 0.0
11-20 14:47:39.943  8176  8549 D LCHSAcceleration: Overall Acceleration | X: -0.6200000047683716 Y: -0.05000000074505806
11-20 14:47:39.986  8176  8549 D LCHSAcceleration: Linear Acceleration  | X: -0.05000000074505806 Y: 0.0
11-20 14:47:40.013  8176  8549 D LCHSAcceleration: Overall Acceleration | X: -0.6000000238418579 Y: -0.05000000074505806
11-20 14:47:40.045  8176  8549 D LCHSAcceleration: Linear Acceleration  | X: -0.03999999910593033 Y: -0.019999999552965164
11-20 14:47:40.074  8176  8549 D LCHSAcceleration: Overall Acceleration | X: -0.6299999952316284 Y: -0.05999999865889549
11-20 14:47:40.104  8176  8549 D LCHSAcceleration: Linear Acceleration  | X: -0.05999999865889549 Y: 0.0
11-20 14:47:40.132  8176  8549 D LCHSAcceleration: Overall Acceleration | X: -0.6200000047683716 Y: -0.07999999821186066
11-20 14:47:40.161  8176  8549 D LCHSAcceleration: Linear Acceleration  | X: -0.05000000074505806 Y: 0.0
11-20 14:47:40.190  8176  8549 D LCHSAcceleration: Overall Acceleration | X: -0.6299999952316284 Y: -0.07000000029802322
11-20 14:47:40.233  8176  8554 V IMU     : dt=1.031s accel=(-0.050 0.000 0.270)m/s^2
11-20 14:47:40.276  8176  8549 D LCHSAcceleration: Linear Acceleration  | X: -0.03999999910593033 Y: -0.009999999776482582
11-20 14:47:40.307  8176  8549 D LCHSAcceleration: Overall Acceleration | X: -0.6200000047683716 Y: -0.05000000074505806
11-20 14:47:40.341  8176  8549 D LCHSAcceleration: Linear Acceleration  | X: -0.05000000074505806 Y: -0.009999999776482582
11-20 14:47:40.372  8176  8549 D LCHSAcceleration: Overall Acceleration | X: -0.6299999952316284 Y: -0.07000000029802322
11-20 14:47:40.406  8176  8549 D LCHSAcceleration: Linear Acceleration  | X: -0.03999999910593033 Y: 0.009999999776482582
11-20 14:47:40.444  8176  8549 D LCHSAcceleration: Overall Acceleration | X: -0.6000000238418579 Y: -0.05000000074505806
11-20 14:47:40.469  8176  8549 D LCHSAcceleration: Linear Acceleration  | X: -0.05000000074505806 Y: 0.0
11-20 14:47:40.501  8176  8549 D LCHSAcceleration: Overall Acceleration | X: -0.6200000047683716 Y: -0.019999999552965164
11-20 14:47:40.543  8176  8549 D LCHSAcceleration: Linear Acceleration  | X: -0.05000000074505806 Y: 0.0
11-20 14:47:40.571  8176  8549 D LCHSAcceleration: Overall Acceleration | X: -0.6200000047683716 Y: -0.03999999910593033
11-20 14:47:40.608  8176  8549 D LCHSAcceleration: Linear Acceleration  | X: -0.05000000074505806 Y: 0.0
11-20 14:47:40.632  8176  8549 D LCHSAcceleration: Overall Acceleration | X: -0.6200000047683716 Y: -0.05000000074505806
11-20 14:47:40.664  8176  8549 D LCHSAcceleration: Linear Acceleration  | X: -0.05000000074505806 Y: 0.009999999776482582
11-20 14:47:40.696  8176  8549 D LCHSAcceleration: Overall Acceleration | X: -0.6299999952316284 Y: -0.029999999329447746
11-20 14:47:40.756  8176  8549 D LCHSAcceleration: Linear Acceleration  | X: -0.05000000074505806 Y: 0.0
11-20 14:47:40.783  8176  8549 D LCHSAcceleration: Overall Acceleration | X: -0.6299999952316284 Y: -0.029999999329447746
11-20 14:47:40.823  8176  8549 D LCHSAcceleration: Linear Acceleration  | X: -0.05999999865889549 Y: 0.0
11-20 14:47:40.854  8176  8549 D LCHSAcceleration: Overall Acceleration | X: -0.6299999952316284 Y: -0.03999999910593033
11-20 14:47:40.877  8176  8549 D LCHSAcceleration: Linear Acceleration  | X: -0.05000000074505806 Y: -0.009999999776482582
11-20 14:47:40.907  8176  8549 D LCHSAcceleration: Overall Acceleration | X: -0.6100000143051147 Y: -0.05999999865889549
11-20 14:47:40.939  8176  8549 D LCHSAcceleration: Linear Acceleration  | X: -0.05999999865889549 Y: 0.0
11-20 14:47:40.968  8176  8549 D LCHSAcceleration: Overall Acceleration | X: -0.6399999856948853 Y: -0.05999999865889549
11-20 14:47:40.999  8176  8549 D LCHSAcceleration: Linear Acceleration  | X: -0.03999999910593033 Y: 0.0
11-20 14:47:41.027  8176  8549 D LCHSAcceleration: Overall Acceleration | X: -0.6200000047683716 Y: -0.05999999865889549
11-20 14:47:41.061  8176  8549 D LCHSAcceleration: Linear Acceleration  | X: -0.05000000074505806 Y: 0.0
11-20 14:47:41.092  8176  8549 D LCHSAcceleration: Overall Acceleration | X: -0.6100000143051147 Y: -0.05000000074505806
11-20 14:47:41.130  8176  8549 D LCHSAcceleration: Linear Acceleration  | X: -0.07000000029802322 Y: 0.0
11-20 14:47:41.159  8176  8549 D LCHSAcceleration: Overall Acceleration | X: -0.6100000143051147 Y: -0.05000000074505806
11-20 14:47:41.191  8176  8549 D LCHSAcceleration: Linear Acceleration  | X: -0.07000000029802322 Y: 0.0
11-20 14:47:41.214  8176  8549 D LCHSAcceleration: Overall Acceleration | X: -0.6299999952316284 Y: -0.05999999865889549
11-20 14:47:41.258  8176  8554 V IMU     : dt=1.023s accel=(-0.050 0.000 0.280)m/s^2
11-20 14:47:41.288  8176  8549 D LCHSAcceleration: Linear Acceleration  | X: -0.05000000074505806 Y: 0.0
11-20 14:47:41.317  8176  8549 D LCHSAcceleration: Overall Acceleration | X: -0.6100000143051147 Y: -0.05999999865889549
11-20 14:47:41.367  8176  8549 D LCHSAcceleration: Linear Acceleration  | X: -0.05000000074505806 Y: 0.0
11-20 14:47:41.395  8176  8549 D LCHSAcceleration: Overall Acceleration | X: -0.6299999952316284 Y: -0.03999999910593033
11-20 14:47:41.417  8176  8549 D LCHSAcceleration: Linear Acceleration  | X: -0.05999999865889549 Y: -0.009999999776482582
11-20 14:47:41.440  8176  8549 D LCHSAcceleration: Overall Acceleration | X: -0.6200000047683716 Y: -0.05000000074505806
11-20 14:47:41.466  8176  8549 D LCHSAcceleration: Linear Acceleration  | X: -0.07000000029802322 Y: -0.009999999776482582
11-20 14:47:41.490  8176  8549 D LCHSAcceleration: Overall Acceleration | X: -0.6299999952316284 Y: -0.05999999865889549
11-20 14:47:41.530  8176  8549 D LCHSAcceleration: Linear Acceleration  | X: -0.05000000074505806 Y: 0.0
11-20 14:47:41.557  8176  8549 D LCHSAcceleration: Overall Acceleration | X: -0.6299999952316284 Y: -0.05999999865889549
11-20 14:47:41.593  8176  8549 D LCHSAcceleration: Linear Acceleration  | X: -0.05999999865889549 Y: -0.009999999776482582
11-20 14:47:41.625  8176  8549 D LCHSAcceleration: Overall Acceleration | X: -0.6100000143051147 Y: -0.05000000074505806
11-20 14:47:41.655  8176  8549 D LCHSAcceleration: Linear Acceleration  | X: -0.05000000074505806 Y: 0.009999999776482582
11-20 14:47:41.689  8176  8549 D LCHSAcceleration: Overall Acceleration | X: -0.6100000143051147 Y: -0.05000000074505806
11-20 14:47:41.720  8176  8549 D LCHSAcceleration: Linear Acceleration  | X: -0.029999999329447746 Y: -0.009999999776482582
11-20 14:47:41.752  8176  8549 D LCHSAcceleration: Overall Acceleration | X: -0.6100000143051147 Y: -0.03999999910593033
11-20 14:47:41.810  8176  8549 D LCHSAcceleration: Linear Acceleration  | X: -0.05999999865889549 Y: 0.0
11-20 14:47:41.839  8176  8549 D LCHSAcceleration: Overall Acceleration | X: -0.6299999952316284 Y: -0.07999999821186066
11-20 14:47:41.882  8176  8549 D LCHSAcceleration: Linear Acceleration  | X: -0.07000000029802322 Y: 0.0
11-20 14:47:41.911  8176  8549 D LCHSAcceleration: Overall Acceleration | X: -0.6200000047683716 Y: -0.05999999865889549
11-20 14:47:41.941  8176  8549 D LCHSAcceleration: Linear Acceleration  | X: -0.05000000074505806 Y: 0.009999999776482582
11-20 14:47:41.965  8176  8549 D LCHSAcceleration: Overall Acceleration | X: -0.6299999952316284 Y: -0.029999999329447746
11-20 14:47:41.996  8176  8549 D LCHSAcceleration: Linear Acceleration  | X: -0.05999999865889549 Y: -0.009999999776482582
11-20 14:47:42.034  8176  8549 D LCHSAcceleration: Overall Acceleration | X: -0.6100000143051147 Y: -0.05999999865889549
11-20 14:47:42.064  8176  8549 D LCHSAcceleration: Linear Acceleration  | X: -0.07000000029802322 Y: 0.009999999776482582
11-20 14:47:42.094  8176  8549 D LCHSAcceleration: Overall Acceleration | X: -0.6200000047683716 Y: -0.05999999865889549
11-20 14:47:42.126  8176  8549 D LCHSAcceleration: Linear Acceleration  | X: -0.05000000074505806 Y: 0.0
11-20 14:47:42.158  8176  8549 D LCHSAcceleration: Overall Acceleration | X: -0.6100000143051147 Y: -0.05000000074505806
11-20 14:47:42.189  8176  8549 D LCHSAcceleration: Linear Acceleration  | X: -0.05000000074505806 Y: 0.0
11-20 14:47:42.219  8176  8549 D LCHSAcceleration: Overall Acceleration | X: -0.6100000143051147 Y: -0.05000000074505806
11-20 14:47:42.256  8176  8549 D LCHSAcceleration: Linear Acceleration  | X: -0.05999999865889549 Y: 0.0
11-20 14:47:42.269  8176  8554 V IMU     : dt=1.011s accel=(-0.050 0.000 0.280)m/s^2
11-20 14:47:42.299  8176  8549 D LCHSAcceleration: Overall Acceleration | X: -0.6200000047683716 Y: -0.05000000074505806
11-20 14:47:42.352  8176  8549 D LCHSAcceleration: Linear Acceleration  | X: -0.07000000029802322 Y: 0.0
11-20 14:47:42.386  8176  8549 D LCHSAcceleration: Overall Acceleration | X: -0.6299999952316284 Y: -0.05000000074505806
11-20 14:47:42.434  8176  8549 D LCHSAcceleration: Linear Acceleration  | X: -0.05999999865889549 Y: 0.009999999776482582
11-20 14:47:42.466  8176  8549 D LCHSAcceleration: Overall Acceleration | X: -0.6399999856948853 Y: -0.03999999910593033
11-20 14:47:42.500  8176  8549 D LCHSAcceleration: Linear Acceleration  | X: -0.03999999910593033 Y: 0.0
11-20 14:47:42.536  8176  8549 D LCHSAcceleration: Overall Acceleration | X: -0.6100000143051147 Y: -0.03999999910593033
11-20 14:47:42.565  8176  8549 D LCHSAcceleration: Linear Acceleration  | X: -0.05999999865889549 Y: 0.0
11-20 14:47:42.592  8176  8549 D LCHSAcceleration: Overall Acceleration | X: -0.6100000143051147 Y: -0.05000000074505806
11-20 14:47:42.630  8176  8549 D LCHSAcceleration: Linear Acceleration  | X: -0.05999999865889549 Y: 0.0
11-20 14:47:42.659  8176  8549 D LCHSAcceleration: Overall Acceleration | X: -0.6299999952316284 Y: -0.029999999329447746
11-20 14:47:42.705  8176  8549 D LCHSAcceleration: Linear Acceleration  | X: -0.05999999865889549 Y: 0.0
11-20 14:47:42.734  8176  8549 D LCHSAcceleration: Overall Acceleration | X: -0.6299999952316284 Y: -0.05999999865889549
11-20 14:47:42.763  8176  8549 D LCHSAcceleration: Linear Acceleration  | X: -0.03999999910593033 Y: 0.0
11-20 14:47:42.796  8176  8549 D LCHSAcceleration: Overall Acceleration | X: -0.6000000238418579 Y: -0.05000000074505806
11-20 14:47:42.826  8176  8549 D LCHSAcceleration: Linear Acceleration  | X: -0.05000000074505806 Y: -0.009999999776482582
11-20 14:47:42.857  8176  8549 D LCHSAcceleration: Overall Acceleration | X: -0.6100000143051147 Y: -0.029999999329447746
11-20 14:47:42.911  8176  8549 D LCHSAcceleration: Linear Acceleration  | X: -0.05999999865889549 Y: 0.0
11-20 14:47:42.943  8176  8549 D LCHSAcceleration: Overall Acceleration | X: -0.6299999952316284 Y: -0.07000000029802322
11-20 14:47:42.994  8176  8549 D LCHSAcceleration: Linear Acceleration  | X: -0.05000000074505806 Y: 0.0
11-20 14:47:43.021  8176  8549 D LCHSAcceleration: Overall Acceleration | X: -0.6299999952316284 Y: -0.05999999865889549
11-20 14:47:43.050  8176  8549 D LCHSAcceleration: Linear Acceleration  | X: -0.03999999910593033 Y: 0.009999999776482582
11-20 14:47:43.079  8176  8549 D LCHSAcceleration: Overall Acceleration | X: -0.6399999856948853 Y: -0.03999999910593033
11-20 14:47:43.107  8176  8549 D LCHSAcceleration: Linear Acceleration  | X: -0.05999999865889549 Y: -0.009999999776482582
11-20 14:47:43.138  8176  8549 D LCHSAcceleration: Overall Acceleration | X: -0.6299999952316284 Y: -0.07000000029802322
11-20 14:47:43.167  8176  8549 D LCHSAcceleration: Linear Acceleration  | X: -0.05000000074505806 Y: -0.019999999552965164
11-20 14:47:43.198  8176  8549 D LCHSAcceleration: Overall Acceleration | X: -0.6100000143051147 Y: -0.05999999865889549
11-20 14:47:43.241  8176  8549 D LCHSAcceleration: Linear Acceleration  | X: -0.05000000074505806 Y: -0.009999999776482582
11-20 14:47:43.276  8176  8549 D LCHSAcceleration: Overall Acceleration | X: -0.6200000047683716 Y: -0.05000000074505806
11-20 14:47:43.293  8176  8554 V IMU     : dt=1.026s accel=(-0.070 0.000 0.290)m/s^2
11-20 14:47:43.323  8176  8549 D LCHSAcceleration: Linear Acceleration  | X: -0.07999999821186066 Y: 0.0
11-20 14:47:43.350  8176  8549 D LCHSAcceleration: Overall Acceleration | X: -0.6200000047683716 Y: -0.05999999865889549
11-20 14:47:43.386  8176  8549 D LCHSAcceleration: Linear Acceleration  | X: -0.05000000074505806 Y: -0.009999999776482582
11-20 14:47:43.417  8176  8549 D LCHSAcceleration: Overall Acceleration | X: -0.6100000143051147 Y: -0.05000000074505806
11-20 14:47:43.472  8176  8549 D LCHSAcceleration: Linear Acceleration  | X: -0.05000000074505806 Y: -0.019999999552965164
11-20 14:47:43.498  8176  8549 D LCHSAcceleration: Overall Acceleration | X: -0.6100000143051147 Y: -0.05000000074505806
11-20 14:47:43.552  8176  8549 D LCHSAcceleration: Linear Acceleration  | X: -0.05999999865889549 Y: -0.009999999776482582
11-20 14:47:43.580  8176  8549 D LCHSAcceleration: Overall Acceleration | X: -0.6100000143051147 Y: -0.05000000074505806
11-20 14:47:43.612  8176  8549 D LCHSAcceleration: Linear Acceleration  | X: -0.05999999865889549 Y: 0.0
11-20 14:47:43.649  8176  8549 D LCHSAcceleration: Overall Acceleration | X: -0.6200000047683716 Y: -0.05999999865889549
11-20 14:47:43.680  8176  8549 D LCHSAcceleration: Linear Acceleration  | X: -0.07000000029802322 Y: 0.0
11-20 14:47:43.710  8176  8549 D LCHSAcceleration: Overall Acceleration | X: -0.6399999856948853 Y: -0.05000000074505806
11-20 14:47:43.756  8176  8549 D LCHSAcceleration: Linear Acceleration  | X: -0.05000000074505806 Y: -0.029999999329447746
11-20 14:47:43.789  8176  8549 D LCHSAcceleration: Overall Acceleration | X: -0.6200000047683716 Y: -0.07000000029802322
11-20 14:47:43.816  8176  8549 D LCHSAcceleration: Linear Acceleration  | X: -0.05000000074505806 Y: 0.0
11-20 14:47:43.845  8176  8549 D LCHSAcceleration: Overall Acceleration | X: -0.6200000047683716 Y: -0.05000000074505806
11-20 14:47:43.874  8176  8549 D LCHSAcceleration: Linear Acceleration  | X: -0.05000000074505806 Y: -0.009999999776482582
11-20 14:47:43.900  8176  8549 D LCHSAcceleration: Overall Acceleration | X: -0.6200000047683716 Y: -0.05000000074505806
11-20 14:47:43.927  8176  8549 D LCHSAcceleration: Linear Acceleration  | X: -0.05000000074505806 Y: 0.0
11-20 14:47:43.953  8176  8549 D LCHSAcceleration: Overall Acceleration | X: -0.6000000238418579 Y: -0.029999999329447746
11-20 14:47:44.004  8176  8549 D LCHSAcceleration: Linear Acceleration  | X: -0.05000000074505806 Y: 0.0
11-20 14:47:44.031  8176  8549 D LCHSAcceleration: Overall Acceleration | X: -0.6100000143051147 Y: -0.03999999910593033
11-20 14:47:44.073  8176  8549 D LCHSAcceleration: Linear Acceleration  | X: -0.05000000074505806 Y: 0.009999999776482582
11-20 14:47:44.099  8176  8549 D LCHSAcceleration: Overall Acceleration | X: -0.6100000143051147 Y: -0.05000000074505806
11-20 14:47:44.127  8176  8549 D LCHSAcceleration: Linear Acceleration  | X: -0.05999999865889549 Y: 0.0
11-20 14:47:44.157  8176  8549 D LCHSAcceleration: Overall Acceleration | X: -0.6100000143051147 Y: -0.05999999865889549
11-20 14:47:44.187  8176  8549 D LCHSAcceleration: Linear Acceleration  | X: -0.05000000074505806 Y: 0.0
11-20 14:47:44.219  8176  8549 D LCHSAcceleration: Overall Acceleration | X: -0.6299999952316284 Y: -0.05000000074505806
11-20 14:47:44.260  8176  8549 D LCHSAcceleration: Linear Acceleration  | X: -0.05999999865889549 Y: 0.0
11-20 14:47:44.294  8176  8549 D LCHSAcceleration: Overall Acceleration | X: -0.6299999952316284 Y: -0.029999999329447746
11-20 14:47:44.307  8176  8554 V IMU     : dt=1.015s accel=(-0.070 0.000 0.260)m/s^2
11-20 14:47:44.336  8176  8549 D LCHSAcceleration: Linear Acceleration  | X: -0.07000000029802322 Y: 0.0
11-20 14:47:44.364  8176  8549 D LCHSAcceleration: Overall Acceleration | X: -0.6100000143051147 Y: -0.019999999552965164
11-20 14:47:44.395  8176  8549 D LCHSAcceleration: Linear Acceleration  | X: -0.05000000074505806 Y: -0.009999999776482582
11-20 14:47:44.425  8176  8549 D LCHSAcceleration: Overall Acceleration | X: -0.6399999856948853 Y: -0.05000000074505806
11-20 14:47:44.456  8176  8549 D LCHSAcceleration: Linear Acceleration  | X: -0.05000000074505806 Y: 0.0
11-20 14:47:44.484  8176  8549 D LCHSAcceleration: Overall Acceleration | X: -0.6100000143051147 Y: -0.05000000074505806
11-20 14:47:44.531  8176  8549 D LCHSAcceleration: Linear Acceleration  | X: -0.05000000074505806 Y: 0.0
11-20 14:47:44.554  8176  8549 D LCHSAcceleration: Overall Acceleration | X: -0.6299999952316284 Y: -0.05000000074505806
11-20 14:47:44.604  8176  8549 D LCHSAcceleration: Linear Acceleration  | X: -0.05999999865889549 Y: 0.0
11-20 14:47:44.634  8176  8549 D LCHSAcceleration: Overall Acceleration | X: -0.6100000143051147 Y: -0.05000000074505806
11-20 14:47:44.665  8176  8549 D LCHSAcceleration: Linear Acceleration  | X: -0.05999999865889549 Y: 0.009999999776482582
11-20 14:47:44.690  8176  8549 D LCHSAcceleration: Overall Acceleration | X: -0.6299999952316284 Y: -0.03999999910593033
11-20 14:47:44.720  8176  8549 D LCHSAcceleration: Linear Acceleration  | X: -0.07000000029802322 Y: -0.009999999776482582
11-20 14:47:44.755  8176  8549 D LCHSAcceleration: Overall Acceleration | X: -0.6100000143051147 Y: -0.05999999865889549
11-20 14:47:44.799  8176  8549 D LCHSAcceleration: Linear Acceleration  | X: -0.03999999910593033 Y: 0.0
11-20 14:47:44.828  8176  8549 D LCHSAcceleration: Overall Acceleration | X: -0.6299999952316284 Y: -0.07999999821186066
11-20 14:47:44.858  8176  8549 D LCHSAcceleration: Linear Acceleration  | X: -0.05000000074505806 Y: -0.019999999552965164
11-20 14:47:44.888  8176  8549 D LCHSAcceleration: Overall Acceleration | X: -0.6299999952316284 Y: -0.03999999910593033
11-20 14:47:44.919  8176  8549 D LCHSAcceleration: Linear Acceleration  | X: -0.05999999865889549 Y: 0.009999999776482582
11-20 14:47:44.953  8176  8549 D LCHSAcceleration: Overall Acceleration | X: -0.6200000047683716 Y: -0.03999999910593033
11-20 14:47:44.985  8176  8549 D LCHSAcceleration: Linear Acceleration  | X: -0.05000000074505806 Y: 0.0
11-20 14:47:45.012  8176  8549 D LCHSAcceleration: Overall Acceleration | X: -0.6200000047683716 Y: -0.05999999865889549
11-20 14:47:45.062  8176  8549 D LCHSAcceleration: Linear Acceleration  | X: -0.05999999865889549 Y: 0.0
11-20 14:47:45.088  8176  8549 D LCHSAcceleration: Overall Acceleration | X: -0.6100000143051147 Y: -0.03999999910593033
11-20 14:47:45.130  8176  8549 D LCHSAcceleration: Linear Acceleration  | X: -0.05000000074505806 Y: -0.009999999776482582
11-20 14:47:45.154  8176  8549 D LCHSAcceleration: Overall Acceleration | X: -0.6000000238418579 Y: -0.019999999552965164
11-20 14:47:45.184  8176  8549 D LCHSAcceleration: Linear Acceleration  | X: -0.05999999865889549 Y: 0.0
11-20 14:47:45.213  8176  8549 D LCHSAcceleration: Overall Acceleration | X: -0.6299999952316284 Y: -0.07000000029802322
11-20 14:47:45.243  8176  8549 D LCHSAcceleration: Linear Acceleration  | X: -0.05999999865889549 Y: 0.0
11-20 14:47:45.272  8176  8549 D LCHSAcceleration: Overall Acceleration | X: -0.6000000238418579 Y: -0.05999999865889549
11-20 14:47:45.319  8176  8554 V IMU     : dt=1.012s accel=(-0.050 0.000 0.290)m/s^2
11-20 14:47:45.333  8176  8549 D LCHSAcceleration: Linear Acceleration  | X: -0.05000000074505806 Y: 0.0
11-20 14:47:45.362  8176  8549 D LCHSAcceleration: Overall Acceleration | X: -0.6000000238418579 Y: -0.03999999910593033
11-20 14:47:45.411  8176  8549 D LCHSAcceleration: Linear Acceleration  | X: -0.05000000074505806 Y: 0.0
11-20 14:47:45.444  8176  8549 D LCHSAcceleration: Overall Acceleration | X: -0.6100000143051147 Y: -0.05999999865889549
11-20 14:47:45.494  8176  8549 D LCHSAcceleration: Linear Acceleration  | X: -0.05000000074505806 Y: -0.05000000074505806
11-20 14:47:45.524  8176  8549 D LCHSAcceleration: Overall Acceleration | X: -0.6299999952316284 Y: -0.03999999910593033
11-20 14:47:45.596  8176  8549 D LCHSAcceleration: Linear Acceleration  | X: -0.07000000029802322 Y: -3.3499999046325684
11-20 14:47:45.625  8176  8549 D LCHSAcceleration: Overall Acceleration | X: -1.3700000047683716 Y: -2.0299999713897705
11-20 14:47:45.683  8176  8549 D LCHSAcceleration: Linear Acceleration  | X: -0.10999999940395355 Y: -0.14000000059604645
11-20 14:47:45.714  8176  8549 D LCHSAcceleration: Overall Acceleration | X: -0.9399999976158142 Y: -0.23000000417232513
11-20 14:47:45.763  8176  8549 D LCHSAcceleration: Linear Acceleration  | X: 0.03999999910593033 Y: 0.17000000178813934
11-20 14:47:45.794  8176  8549 D LCHSAcceleration: Overall Acceleration | X: -1.309999942779541 Y: 0.5199999809265137
11-20 14:47:45.834  8176  8549 D LCHSAcceleration: Linear Acceleration  | X: -0.47999998927116394 Y: 0.8100000023841858
11-20 14:47:45.856  8176  8549 D LCHSAcceleration: Overall Acceleration | X: -0.75 Y: 0.41999998688697815
11-20 14:47:45.884  8176  8549 D LCHSAcceleration: Linear Acceleration  | X: -0.07000000029802322 Y: 0.6299999952316284
11-20 14:47:45.913  8176  8549 D LCHSAcceleration: Overall Acceleration | X: -0.5199999809265137 Y: 0.019999999552965164
11-20 14:47:45.932  8176  8549 D LCHSAcceleration: Linear Acceleration  | X: -0.05999999865889549 Y: 0.6000000238418579
11-20 14:47:45.961  8176  8549 D LCHSAcceleration: Overall Acceleration | X: -0.6499999761581421 Y: 0.4699999988079071
11-20 14:47:45.991  8176  8549 D LCHSAcceleration: Linear Acceleration  | X: -0.17000000178813934 Y: 0.6100000143051147
11-20 14:47:46.021  8176  8549 D LCHSAcceleration: Overall Acceleration | X: -0.5600000023841858 Y: 0.33000001311302185
11-20 14:47:46.051  8176  8549 D LCHSAcceleration: Linear Acceleration  | X: -0.25 Y: 0.12999999523162842
11-20 14:47:46.075  8176  8549 D LCHSAcceleration: Overall Acceleration | X: -0.5 Y: -0.23999999463558197
11-20 14:47:46.106  8176  8549 D LCHSAcceleration: Linear Acceleration  | X: -0.029999999329447746 Y: 0.0
11-20 14:47:46.134  8176  8549 D LCHSAcceleration: Overall Acceleration | X: -0.6899999976158142 Y: 0.07999999821186066
11-20 14:47:46.158  8176  8549 D LCHSAcceleration: Linear Acceleration  | X: -0.11999999731779099 Y: -0.1599999964237213
11-20 14:47:46.188  8176  8549 D LCHSAcceleration: Overall Acceleration | X: -0.6100000143051147 Y: -0.03999999910593033
11-20 14:47:46.218  8176  8549 D LCHSAcceleration: Linear Acceleration  | X: -0.019999999552965164 Y: -0.14000000059604645
11-20 14:47:46.241  8176  8549 D LCHSAcceleration: Overall Acceleration | X: -0.6399999856948853 Y: -0.15000000596046448
11-20 14:47:46.296  8176  8549 D LCHSAcceleration: Linear Acceleration  | X: -0.03999999910593033 Y: -0.03999999910593033
11-20 14:47:46.324  8176  8549 D LCHSAcceleration: Overall Acceleration | X: -0.6399999856948853 Y: -0.1599999964237213
11-20 14:47:46.349  8176  8554 V IMU     : dt=1.030s accel=(-0.090 0.000 0.260)m/s^2
11-20 14:47:46.383  8176  8549 D LCHSAcceleration: Linear Acceleration  | X: -0.23000000417232513 Y: 0.0
11-20 14:47:46.402  8176  8549 D LCHSAcceleration: Overall Acceleration | X: -0.8100000023841858 Y: 2.7899999618530273
11-20 14:47:46.449  8176  8549 D LCHSAcceleration: Linear Acceleration  | X: 0.41999998688697815 Y: 0.699999988079071
11-20 14:47:46.475  8176  8549 D LCHSAcceleration: Overall Acceleration | X: -0.7099999785423279 Y: 0.07000000029802322
11-20 14:47:46.503  8176  8549 D LCHSAcceleration: Linear Acceleration  | X: -0.44999998807907104 Y: 0.7900000214576721
11-20 14:47:46.529  8176  8549 D LCHSAcceleration: Overall Acceleration | X: -0.9100000262260437 Y: 0.4099999964237213
11-20 14:47:46.573  8176  8549 D LCHSAcceleration: Linear Acceleration  | X: -0.3799999952316284 Y: -0.10000000149011612
11-20 14:47:46.601  8176  8549 D LCHSAcceleration: Overall Acceleration | X: -0.8299999833106995 Y: -0.2199999988079071
11-20 14:47:46.643  8176  8549 D LCHSAcceleration: Linear Acceleration  | X: -0.05999999865889549 Y: -0.5400000214576721
11-20 14:47:46.674  8176  8549 D LCHSAcceleration: Overall Acceleration | X: -0.6000000238418579 Y: -1.0800000429153442
11-20 14:47:46.697  8176  8549 D LCHSAcceleration: Linear Acceleration  | X: -0.11999999731779099 Y: -0.5400000214576721
11-20 14:47:46.726  8176  8549 D LCHSAcceleration: Overall Acceleration | X: -0.6399999856948853 Y: -0.8500000238418579
11-20 14:47:46.758  8176  8549 D LCHSAcceleration: Linear Acceleration  | X: -0.14000000059604645 Y: -0.6600000262260437
11-20 14:47:46.782  8176  8549 D LCHSAcceleration: Overall Acceleration | X: -0.3499999940395355 Y: -0.2199999988079071
11-20 14:47:46.813  8176  8549 D LCHSAcceleration: Linear Acceleration  | X: 0.009999999776482582 Y: -0.1599999964237213
11-20 14:47:46.846  8176  8549 D LCHSAcceleration: Overall Acceleration | X: -0.6700000166893005 Y: -0.5899999737739563
11-20 14:47:46.885  8176  8549 D LCHSAcceleration: Linear Acceleration  | X: 0.09000000357627869 Y: -0.5299999713897705
11-20 14:47:46.917  8176  8549 D LCHSAcceleration: Overall Acceleration | X: -0.5799999833106995 Y: -0.10000000149011612
11-20 14:47:46.950  8176  8549 D LCHSAcceleration: Linear Acceleration  | X: 0.009999999776482582 Y: 0.27000001072883606
11-20 14:47:46.980  8176  8549 D LCHSAcceleration: Overall Acceleration | X: -0.7900000214576721 Y: -0.009999999776482582
11-20 14:47:47.013  8176  8549 D LCHSAcceleration: Linear Acceleration  | X: 0.0 Y: -0.20000000298023224
11-20 14:47:47.045  8176  8549 D LCHSAcceleration: Overall Acceleration | X: -0.5799999833106995 Y: 0.07000000029802322
11-20 14:47:47.066  8176  8549 D LCHSAcceleration: Linear Acceleration  | X: -0.15000000596046448 Y: 0.019999999552965164
11-20 14:47:47.095  8176  8549 D LCHSAcceleration: Overall Acceleration | X: -0.6399999856948853 Y: -0.10999999940395355
11-20 14:47:47.156  8176  8549 D LCHSAcceleration: Linear Acceleration  | X: -0.05999999865889549 Y: -0.10999999940395355
11-20 14:47:47.186  8176  8549 D LCHSAcceleration: Overall Acceleration | X: -0.7799999713897705 Y: -0.3400000035762787
11-20 14:47:47.248  8176  8549 D LCHSAcceleration: Linear Acceleration  | X: 0.12999999523162842 Y: 0.30000001192092896
11-20 14:47:47.278  8176  8549 D LCHSAcceleration: Overall Acceleration | X: -0.699999988079071 Y: 0.3799999952316284
11-20 14:47:47.314  8176  8549 D LCHSAcceleration: Linear Acceleration  | X: -0.10000000149011612 Y: 0.41999998688697815
11-20 14:47:47.339  8176  8549 D LCHSAcceleration: Overall Acceleration | X: -0.6800000071525574 Y: 0.0
11-20 14:47:47.371  8176  8554 V IMU     : dt=1.021s accel=(-0.190 -0.150 0.130)m/s^2
11-20 14:47:47.384  8176  8549 D LCHSAcceleration: Linear Acceleration  | X: 0.11999999731779099 Y: -0.17000000178813934
11-20 14:47:47.412  8176  8549 D LCHSAcceleration: Overall Acceleration | X: -0.5899999737739563 Y: -0.28999999165534973
11-20 14:47:47.470  8176  8549 D LCHSAcceleration: Linear Acceleration  | X: -0.05999999865889549 Y: 0.10999999940395355
11-20 14:47:47.494  8176  8549 D LCHSAcceleration: Overall Acceleration | X: -0.6800000071525574 Y: -0.20000000298023224
11-20 14:47:47.544  8176  8549 D LCHSAcceleration: Linear Acceleration  | X: 0.029999999329447746 Y: 0.0
11-20 14:47:47.568  8176  8549 D LCHSAcceleration: Overall Acceleration | X: -0.7300000190734863 Y: -1.2699999809265137
11-20 14:47:47.615  8176  8549 D LCHSAcceleration: Linear Acceleration  | X: -0.019999999552965164 Y: -0.029999999329447746
11-20 14:47:47.644  8176  8549 D LCHSAcceleration: Overall Acceleration | X: -0.6100000143051147 Y: 0.15000000596046448
11-20 14:47:47.680  8176  8549 D LCHSAcceleration: Linear Acceleration  | X: -0.15000000596046448 Y: 0.6899999976158142
11-20 14:47:47.710  8176  8549 D LCHSAcceleration: Overall Acceleration | X: -0.6700000166893005 Y: 0.4399999976158142
11-20 14:47:47.743  8176  8549 D LCHSAcceleration: Linear Acceleration  | X: -0.019999999552965164 Y: -0.12999999523162842
11-20 14:47:47.773  8176  8549 D LCHSAcceleration: Overall Acceleration | X: -0.7200000286102295 Y: -0.15000000596046448
11-20 14:47:47.840  8176  8549 D LCHSAcceleration: Linear Acceleration  | X: -0.009999999776482582 Y: 0.05999999865889549
11-20 14:47:47.872  8176  8549 D LCHSAcceleration: Overall Acceleration | X: -0.75 Y: -0.019999999552965164
11-20 14:47:47.921  8176  8549 D LCHSAcceleration: Linear Acceleration  | X: -0.029999999329447746 Y: 0.0
11-20 14:47:47.953  8176  8549 D LCHSAcceleration: Overall Acceleration | X: -0.6600000262260437 Y: -0.07999999821186066
11-20 14:47:47.989  8176  8549 D LCHSAcceleration: Linear Acceleration  | X: -0.009999999776482582 Y: 0.029999999329447746
11-20 14:47:48.020  8176  8549 D LCHSAcceleration: Overall Acceleration | X: -0.6299999952316284 Y: -0.15000000596046448
11-20 14:47:48.052  8176  8549 D LCHSAcceleration: Linear Acceleration  | X: -0.10000000149011612 Y: 0.05000000074505806
11-20 14:47:48.081  8176  8549 D LCHSAcceleration: Overall Acceleration | X: -0.6000000238418579 Y: 0.0
11-20 14:47:48.106  8176  8549 D LCHSAcceleration: Linear Acceleration  | X: -0.05999999865889549 Y: -0.05000000074505806
11-20 14:47:48.135  8176  8549 D LCHSAcceleration: Overall Acceleration | X: -0.6600000262260437 Y: -0.009999999776482582
11-20 14:47:48.163  8176  8549 D LCHSAcceleration: Linear Acceleration  | X: 0.0 Y: 0.019999999552965164
11-20 14:47:48.194  8176  8549 D LCHSAcceleration: Overall Acceleration | X: -0.6000000238418579 Y: -0.05999999865889549
11-20 14:47:48.223  8176  8549 D LCHSAcceleration: Linear Acceleration  | X: -0.07000000029802322 Y: 0.0
11-20 14:47:48.250  8176  8549 D LCHSAcceleration: Overall Acceleration | X: -0.5899999737739563 Y: -0.05000000074505806
11-20 14:47:48.285  8176  8549 D LCHSAcceleration: Linear Acceleration  | X: -0.05000000074505806 Y: 0.0
11-20 14:47:48.316  8176  8549 D LCHSAcceleration: Overall Acceleration | X: -0.6100000143051147 Y: -0.07999999821186066
11-20 14:47:48.350  8176  8549 D LCHSAcceleration: Linear Acceleration  | X: -0.029999999329447746 Y: 0.019999999552965164
11-20 14:47:48.377  8176  8549 D LCHSAcceleration: Overall Acceleration | X: -0.6000000238418579 Y: -0.029999999329447746
11-20 14:47:48.399  8176  8554 V IMU     : dt=1.029s accel=(-0.040 -0.010 0.280)m/s^2
11-20 14:47:48.449  8176  8549 D LCHSAcceleration: Linear Acceleration  | X: -0.029999999329447746 Y: 0.009999999776482582
11-20 14:47:48.476  8176  8549 D LCHSAcceleration: Overall Acceleration | X: -0.6100000143051147 Y: -0.05999999865889549
11-20 14:47:48.521  8176  8549 D LCHSAcceleration: Linear Acceleration  | X: -0.05000000074505806 Y: -0.009999999776482582
11-20 14:47:48.550  8176  8549 D LCHSAcceleration: Overall Acceleration | X: -0.6200000047683716 Y: -0.029999999329447746
11-20 14:47:48.594  8176  8549 D LCHSAcceleration: Linear Acceleration  | X: -0.03999999910593033 Y: 0.0
11-20 14:47:48.621  8176  8549 D LCHSAcceleration: Overall Acceleration | X: -0.6200000047683716 Y: -0.28999999165534973
11-20 14:47:48.668  8176  8549 D LCHSAcceleration: Linear Acceleration  | X: -0.07000000029802322 Y: -0.6399999856948853
11-20 14:47:48.689  8176  8549 D LCHSAcceleration: Overall Acceleration | X: 0.029999999329447746 Y: -2.0
11-20 14:47:48.731  8176  8549 D LCHSAcceleration: Linear Acceleration  | X: 0.05999999865889549 Y: -0.6200000047683716
11-20 14:47:48.759  8176  8549 D LCHSAcceleration: Overall Acceleration | X: -0.550000011920929 Y: -0.9100000262260437
11-20 14:47:48.795  8176  8549 D LCHSAcceleration: Linear Acceleration  | X: 0.05999999865889549 Y: -0.18000000715255737
11-20 14:47:48.831  8176  8549 D LCHSAcceleration: Overall Acceleration | X: -1.0700000524520874 Y: 0.03999999910593033
11-20 14:47:48.877  8176  8549 D LCHSAcceleration: Linear Acceleration  | X: -0.46000000834465027 Y: -0.05000000074505806
11-20 14:47:48.904  8176  8549 D LCHSAcceleration: Overall Acceleration | X: -1.0499999523162842 Y: 0.07000000029802322
11-20 14:47:48.971  8176  8549 D LCHSAcceleration: Linear Acceleration  | X: 0.029999999329447746 Y: 0.5199999809265137
11-20 14:47:49.001  8176  8549 D LCHSAcceleration: Overall Acceleration | X: -0.9800000190734863 Y: 0.3799999952316284
11-20 14:47:49.056  8176  8549 D LCHSAcceleration: Linear Acceleration  | X: -0.4699999988079071 Y: 1.2200000286102295
11-20 14:47:49.085  8176  8549 D LCHSAcceleration: Overall Acceleration | X: -0.8799999952316284 Y: 0.4099999964237213
11-20 14:47:49.115  8176  8549 D LCHSAcceleration: Linear Acceleration  | X: -0.09000000357627869 Y: 0.3499999940395355
11-20 14:47:49.140  8176  8549 D LCHSAcceleration: Overall Acceleration | X: -0.7900000214576721 Y: 0.12999999523162842
11-20 14:47:49.168  8176  8549 D LCHSAcceleration: Linear Acceleration  | X: -0.1599999964237213 Y: 0.4699999988079071
11-20 14:47:49.198  8176  8549 D LCHSAcceleration: Overall Acceleration | X: -0.6700000166893005 Y: 0.3100000023841858
11-20 14:47:49.248  8176  8549 D LCHSAcceleration: Linear Acceleration  | X: -0.03999999910593033 Y: 0.44999998807907104
11-20 14:47:49.278  8176  8549 D LCHSAcceleration: Overall Acceleration | X: -0.6000000238418579 Y: 0.28999999165534973
11-20 14:47:49.333  8176  8549 D LCHSAcceleration: Linear Acceleration  | X: -0.12999999523162842 Y: 0.7099999785423279
11-20 14:47:49.367  8176  8549 D LCHSAcceleration: Overall Acceleration | X: -1.4299999475479126 Y: 3.5799999237060547
11-20 14:47:49.395  8176  8549 D LCHSAcceleration: Linear Acceleration  | X: 0.0 Y: 1.2000000476837158
11-20 14:47:49.407  8176  8554 V IMU     : dt=1.008s accel=(-0.320 0.080 -0.260)m/s^2
11-20 14:47:49.439  8176  8549 D LCHSAcceleration: Overall Acceleration | X: -0.36000001430511475 Y: 0.11999999731779099
11-20 14:47:49.503  8176  8549 D LCHSAcceleration: Linear Acceleration  | X: -0.05000000074505806 Y: -0.7799999713897705
11-20 14:47:49.532  8176  8549 D LCHSAcceleration: Overall Acceleration | X: -0.8799999952316284 Y: -0.38999998569488525
11-20 14:47:49.593  8176  8549 D LCHSAcceleration: Linear Acceleration  | X: -0.30000001192092896 Y: -0.6399999856948853
11-20 14:47:49.624  8176  8549 D LCHSAcceleration: Overall Acceleration | X: -0.8299999833106995 Y: -0.5799999833106995
11-20 14:47:49.653  8176  8549 D LCHSAcceleration: Linear Acceleration  | X: -0.18000000715255737 Y: -0.3499999940395355
11-20 14:47:49.676  8176  8549 D LCHSAcceleration: Overall Acceleration | X: -0.4300000071525574 Y: -1.309999942779541
11-20 14:47:49.704  8176  8549 D LCHSAcceleration: Linear Acceleration  | X: -0.05000000074505806 Y: -0.4399999976158142
11-20 14:47:49.734  8176  8549 D LCHSAcceleration: Overall Acceleration | X: -0.8700000047683716 Y: -0.5099999904632568
11-20 14:47:49.758  8176  8549 D LCHSAcceleration: Linear Acceleration  | X: 0.05999999865889549 Y: -0.27000001072883606
11-20 14:47:49.793  8176  8549 D LCHSAcceleration: Overall Acceleration | X: -0.5400000214576721 Y: -0.550000011920929
11-20 14:47:49.830  8176  8549 D LCHSAcceleration: Linear Acceleration  | X: -0.18000000715255737 Y: -0.4699999988079071
11-20 14:47:49.850  8176  8549 D LCHSAcceleration: Overall Acceleration | X: -0.6499999761581421 Y: -0.47999998927116394
11-20 14:47:49.873  8176  8549 D LCHSAcceleration: Linear Acceleration  | X: 0.029999999329447746 Y: -0.28999999165534973
11-20 14:47:49.900  8176  8549 D LCHSAcceleration: Overall Acceleration | X: -0.550000011920929 Y: -0.5099999904632568
11-20 14:47:49.922  8176  8549 D LCHSAcceleration: Linear Acceleration  | X: -0.14000000059604645 Y: 0.12999999523162842
11-20 14:47:49.950  8176  8549 D LCHSAcceleration: Overall Acceleration | X: -0.5899999737739563 Y: 0.4699999988079071
11-20 14:47:49.980  8176  8549 D LCHSAcceleration: Linear Acceleration  | X: 0.019999999552965164 Y: -0.05000000074505806
11-20 14:47:50.010  8176  8549 D LCHSAcceleration: Overall Acceleration | X: -0.6399999856948853 Y: -0.14000000059604645
11-20 14:47:50.028  8176  8549 D LCHSAcceleration: Linear Acceleration  | X: -0.09000000357627869 Y: 0.10999999940395355
11-20 14:47:50.058  8176  8549 D LCHSAcceleration: Overall Acceleration | X: -0.6100000143051147 Y: -0.019999999552965164
11-20 14:47:50.142  8176  8549 D LCHSAcceleration: Linear Acceleration  | X: -0.05999999865889549 Y: 0.019999999552965164
11-20 14:47:50.170  8176  8549 D LCHSAcceleration: Overall Acceleration | X: -0.6100000143051147 Y: -0.1599999964237213
11-20 14:47:50.214  8176  8549 D LCHSAcceleration: Linear Acceleration  | X: -0.07999999821186066 Y: 0.09000000357627869
11-20 14:47:50.243  8176  8549 D LCHSAcceleration: Overall Acceleration | X: -0.6600000262260437 Y: -0.17000000178813934
11-20 14:47:50.290  8176  8549 D LCHSAcceleration: Linear Acceleration  | X: -1.0700000524520874 Y: -0.8399999737739563
11-20 14:47:50.317  8176  8549 D LCHSAcceleration: Overall Acceleration | X: -0.5199999809265137 Y: -2.069999933242798
11-20 14:47:50.362  8176  8549 D LCHSAcceleration: Linear Acceleration  | X: 0.05999999865889549 Y: -0.3499999940395355
11-20 14:47:50.390  8176  8549 D LCHSAcceleration: Overall Acceleration | X: -0.8299999833106995 Y: 0.800000011920929
11-20 14:47:50.419  8176  8554 V IMU     : dt=1.011s accel=(-0.160 0.610 0.110)m/s^2
11-20 14:47:50.447  8176  8549 D LCHSAcceleration: Linear Acceleration  | X: -0.44999998807907104 Y: 0.3799999952316284
11-20 14:47:50.478  8176  8549 D LCHSAcceleration: Overall Acceleration | X: -0.5199999809265137 Y: 0.27000001072883606
11-20 14:47:50.509  8176  8549 D LCHSAcceleration: Linear Acceleration  | X: -0.07999999821186066 Y: 0.8100000023841858
11-20 14:47:50.540  8176  8549 D LCHSAcceleration: Overall Acceleration | X: -0.75 Y: 0.05999999865889549
11-20 14:47:50.569  8176  8549 D LCHSAcceleration: Linear Acceleration  | X: -0.15000000596046448 Y: 0.6399999856948853
11-20 14:47:50.600  8176  8549 D LCHSAcceleration: Overall Acceleration | X: -0.550000011920929 Y: 0.20000000298023224
11-20 14:47:50.642  8176  8549 D LCHSAcceleration: Linear Acceleration  | X: -0.03999999910593033 Y: 0.36000001430511475
11-20 14:47:50.668  8176  8549 D LCHSAcceleration: Overall Acceleration | X: -0.6100000143051147 Y: 0.14000000059604645
11-20 14:47:50.696  8176  8549 D LCHSAcceleration: Linear Acceleration  | X: -0.07999999821186066 Y: -0.3700000047683716
11-20 14:47:50.724  8176  8549 D LCHSAcceleration: Overall Acceleration | X: -0.6600000262260437 Y: -0.10000000149011612
11-20 14:47:50.756  8176  8549 D LCHSAcceleration: Linear Acceleration  | X: -0.09000000357627869 Y: 0.12999999523162842
11-20 14:47:50.785  8176  8549 D LCHSAcceleration: Overall Acceleration | X: -0.5699999928474426 Y: -0.14000000059604645
11-20 14:47:50.820  8176  8549 D LCHSAcceleration: Linear Acceleration  | X: -0.05000000074505806 Y: 0.019999999552965164
11-20 14:47:50.849  8176  8549 D LCHSAcceleration: Overall Acceleration | X: -0.6000000238418579 Y: -0.10000000149011612
11-20 14:47:50.889  8176  8549 D LCHSAcceleration: Linear Acceleration  | X: -0.09000000357627869 Y: 0.07999999821186066
11-20 14:47:50.917  8176  8549 D LCHSAcceleration: Overall Acceleration | X: -0.5899999737739563 Y: -0.10000000149011612
11-20 14:47:50.982  8176  8549 D LCHSAcceleration: Linear Acceleration  | X: -0.07000000029802322 Y: 0.09000000357627869
11-20 14:47:51.010  8176  8549 D LCHSAcceleration: Overall Acceleration | X: -0.6100000143051147 Y: -0.10999999940395355
11-20 14:47:51.054  8176  8549 D LCHSAcceleration: Linear Acceleration  | X: -0.07000000029802322 Y: -0.009999999776482582
11-20 14:47:51.080  8176  8549 D LCHSAcceleration: Overall Acceleration | X: -0.7900000214576721 Y: 0.6899999976158142
11-20 14:47:51.126  8176  8549 D LCHSAcceleration: Linear Acceleration  | X: 0.5899999737739563 Y: -0.4099999964237213
11-20 14:47:51.151  8176  8549 D LCHSAcceleration: Overall Acceleration | X: -1.2100000381469727 Y: -0.4699999988079071
11-20 14:47:51.190  8176  8549 D LCHSAcceleration: Linear Acceleration  | X: -0.03999999910593033 Y: -0.9100000262260437
11-20 14:47:51.224  8176  8549 D LCHSAcceleration: Overall Acceleration | X: -1.0 Y: -0.6299999952316284
11-20 14:47:51.254  8176  8549 D LCHSAcceleration: Linear Acceleration  | X: -0.019999999552965164 Y: -0.25
11-20 14:47:51.286  8176  8549 D LCHSAcceleration: Overall Acceleration | X: -0.6399999856948853 Y: -0.14000000059604645
11-20 14:47:51.321  8176  8549 D LCHSAcceleration: Linear Acceleration  | X: 0.09000000357627869 Y: -0.019999999552965164
11-20 14:47:51.347  8176  8549 D LCHSAcceleration: Overall Acceleration | X: -0.7200000286102295 Y: 0.10999999940395355
11-20 14:47:51.383  8176  8549 D LCHSAcceleration: Linear Acceleration  | X: -0.05999999865889549 Y: -0.09000000357627869
11-20 14:47:51.404  8176  8549 D LCHSAcceleration: Overall Acceleration | X: -0.5899999737739563 Y: 0.11999999731779099
11-20 14:47:51.433  8176  8554 V IMU     : dt=1.015s accel=(-0.040 -0.040 0.220)m/s^2
11-20 14:47:51.446  8176  8549 D LCHSAcceleration: Linear Acceleration  | X: -0.05000000074505806 Y: -0.03999999910593033
11-20 14:47:51.477  8176  8549 D LCHSAcceleration: Overall Acceleration | X: -0.5699999928474426 Y: -0.09000000357627869
11-20 14:47:51.501  8176  8549 D LCHSAcceleration: Linear Acceleration  | X: -0.019999999552965164 Y: -0.03999999910593033
11-20 14:47:51.530  8176  8549 D LCHSAcceleration: Overall Acceleration | X: -0.6299999952316284 Y: -0.1899999976158142
11-20 14:47:51.561  8176  8549 D LCHSAcceleration: Linear Acceleration  | X: 0.0 Y: 0.0
11-20 14:47:51.591  8176  8549 D LCHSAcceleration: Overall Acceleration | X: -0.6100000143051147 Y: -0.11999999731779099
11-20 14:47:51.660  8176  8549 D LCHSAcceleration: Linear Acceleration  | X: -0.019999999552965164 Y: 0.0
11-20 14:47:51.689  8176  8549 D LCHSAcceleration: Overall Acceleration | X: -0.6000000238418579 Y: -0.12999999523162842
11-20 14:47:51.735  8176  8549 D LCHSAcceleration: Linear Acceleration  | X: -0.05999999865889549 Y: 0.0
11-20 14:47:51.766  8176  8549 D LCHSAcceleration: Overall Acceleration | X: -0.6100000143051147 Y: -0.05999999865889549
11-20 14:47:51.795  8176  8549 D LCHSAcceleration: Linear Acceleration  | X: -0.03999999910593033 Y: -0.019999999552965164
11-20 14:47:51.826  8176  8549 D LCHSAcceleration: Overall Acceleration | X: -0.6100000143051147 Y: -0.07999999821186066
11-20 14:47:51.864  8176  8549 D LCHSAcceleration: Linear Acceleration  | X: -0.03999999910593033 Y: 0.0
11-20 14:47:51.890  8176  8549 D LCHSAcceleration: Overall Acceleration | X: -0.6200000047683716 Y: -0.09000000357627869
11-20 14:47:51.917  8176  8549 D LCHSAcceleration: Linear Acceleration  | X: -0.05000000074505806 Y: -0.019999999552965164
11-20 14:47:51.943  8176  8549 D LCHSAcceleration: Overall Acceleration | X: -0.6200000047683716 Y: -0.03999999910593033
11-20 14:47:51.975  8176  8549 D LCHSAcceleration: Linear Acceleration  | X: -0.05000000074505806 Y: -0.029999999329447746
11-20 14:47:52.006  8176  8549 D LCHSAcceleration: Overall Acceleration | X: -0.6100000143051147 Y: -0.05999999865889549
11-20 14:47:52.032  8176  8549 D LCHSAcceleration: Linear Acceleration  | X: -0.03999999910593033 Y: 0.0
11-20 14:47:52.059  8176  8549 D LCHSAcceleration: Overall Acceleration | X: -0.6200000047683716 Y: -0.07000000029802322
11-20 14:47:52.085  8176  8549 D LCHSAcceleration: Linear Acceleration  | X: -0.029999999329447746 Y: 0.0
11-20 14:47:52.113  8176  8549 D LCHSAcceleration: Overall Acceleration | X: -0.6200000047683716 Y: -0.05999999865889549
11-20 14:47:52.172  8176  8549 D LCHSAcceleration: Linear Acceleration  | X: -0.05999999865889549 Y: -0.009999999776482582
11-20 14:47:52.200  8176  8549 D LCHSAcceleration: Overall Acceleration | X: -0.6200000047683716 Y: -0.07999999821186066
11-20 14:47:52.243  8176  8549 D LCHSAcceleration: Linear Acceleration  | X: -0.05000000074505806 Y: 0.0
11-20 14:47:52.267  8176  8549 D LCHSAcceleration: Overall Acceleration | X: -0.6200000047683716 Y: -0.07000000029802322
11-20 14:47:52.295  8176  8549 D LCHSAcceleration: Linear Acceleration  | X: -0.05999999865889549 Y: -0.019999999552965164
11-20 14:47:52.326  8176  8549 D LCHSAcceleration: Overall Acceleration | X: -0.6299999952316284 Y: -0.07000000029802322
11-20 14:47:52.359  8176  8549 D LCHSAcceleration: Linear Acceleration  | X: -0.03999999910593033 Y: -0.019999999552965164
11-20 14:47:52.390  8176  8549 D LCHSAcceleration: Overall Acceleration | X: -0.6299999952316284 Y: -0.07000000029802322
11-20 14:47:52.420  8176  8549 D LCHSAcceleration: Linear Acceleration  | X: -0.03999999910593033 Y: -0.019999999552965164
11-20 14:47:52.452  8176  8554 V IMU     : dt=1.018s accel=(-0.050 -0.020 0.280)m/s^2
11-20 14:47:52.467  8176  8549 D LCHSAcceleration: Overall Acceleration | X: -0.6299999952316284 Y: -0.05999999865889549
11-20 14:47:52.499  8176  8549 D LCHSAcceleration: Linear Acceleration  | X: -0.03999999910593033 Y: -0.009999999776482582
11-20 14:47:52.527  8176  8549 D LCHSAcceleration: Overall Acceleration | X: -0.6100000143051147 Y: -0.07000000029802322
11-20 14:47:52.558  8176  8549 D LCHSAcceleration: Linear Acceleration  | X: -0.03999999910593033 Y: -0.009999999776482582
11-20 14:47:52.591  8176  8549 D LCHSAcceleration: Overall Acceleration | X: -0.6100000143051147 Y: -0.07000000029802322
11-20 14:47:52.625  8176  8549 D LCHSAcceleration: Linear Acceleration  | X: -0.05000000074505806 Y: 0.0
11-20 14:47:52.656  8176  8549 D LCHSAcceleration: Overall Acceleration | X: -0.6200000047683716 Y: -0.07999999821186066
11-20 14:47:52.716  8176  8549 D LCHSAcceleration: Linear Acceleration  | X: -0.03999999910593033 Y: -0.009999999776482582
11-20 14:47:52.742  8176  8549 D LCHSAcceleration: Overall Acceleration | X: -0.6200000047683716 Y: -0.07999999821186066
11-20 14:47:52.786  8176  8549 D LCHSAcceleration: Linear Acceleration  | X: -0.05000000074505806 Y: -0.009999999776482582
11-20 14:47:52.819  8176  8549 D LCHSAcceleration: Overall Acceleration | X: -0.6299999952316284 Y: -0.07000000029802322
11-20 14:47:52.848  8176  8549 D LCHSAcceleration: Linear Acceleration  | X: -0.03999999910593033 Y: 0.0
11-20 14:47:52.883  8176  8549 D LCHSAcceleration: Overall Acceleration | X: -0.6299999952316284 Y: -0.05999999865889549
11-20 14:47:52.908  8176  8549 D LCHSAcceleration: Linear Acceleration  | X: -0.03999999910593033 Y: -0.019999999552965164
11-20 14:47:52.938  8176  8549 D LCHSAcceleration: Overall Acceleration | X: -0.6000000238418579 Y: -0.07000000029802322
11-20 14:47:52.962  8176  8549 D LCHSAcceleration: Linear Acceleration  | X: -0.05000000074505806 Y: 0.0
11-20 14:47:52.995  8176  8549 D LCHSAcceleration: Overall Acceleration | X: -0.6100000143051147 Y: -0.07000000029802322
11-20 14:47:53.031  8176  8549 D LCHSAcceleration: Linear Acceleration  | X: -0.05999999865889549 Y: 0.0
11-20 14:47:53.060  8176  8549 D LCHSAcceleration: Overall Acceleration | X: -0.6200000047683716 Y: -0.07000000029802322
11-20 14:47:53.089  8176  8549 D LCHSAcceleration: Linear Acceleration  | X: -0.07000000029802322 Y: 0.0
11-20 14:47:53.113  8176  8549 D LCHSAcceleration: Overall Acceleration | X: -0.6200000047683716 Y: -0.05999999865889549
11-20 14:47:53.148  8176  8549 D LCHSAcceleration: Linear Acceleration  | X: -0.029999999329447746 Y: -0.029999999329447746
11-20 14:47:53.176  8176  8549 D LCHSAcceleration: Overall Acceleration | X: -0.6200000047683716 Y: -0.05000000074505806
11-20 14:47:53.232  8176  8549 D LCHSAcceleration: Linear Acceleration  | X: -0.03999999910593033 Y: -0.019999999552965164
11-20 14:47:53.260  8176  8549 D LCHSAcceleration: Overall Acceleration | X: -0.6299999952316284 Y: -0.05999999865889549
11-20 14:47:53.301  8176  8549 D LCHSAcceleration: Linear Acceleration  | X: -0.03999999910593033 Y: -0.009999999776482582
11-20 14:47:53.331  8176  8549 D LCHSAcceleration: Overall Acceleration | X: -0.6100000143051147 Y: -0.05000000074505806
11-20 14:47:53.363  8176  8549 D LCHSAcceleration: Linear Acceleration  | X: -0.03999999910593033 Y: -0.019999999552965164
11-20 14:47:53.394  8176  8549 D LCHSAcceleration: Overall Acceleration | X: -0.6299999952316284 Y: -0.07000000029802322
11-20 14:47:53.423  8176  8549 D LCHSAcceleration: Linear Acceleration  | X: -0.03999999910593033 Y: -0.019999999552965164
11-20 14:47:53.452  8176  8549 D LCHSAcceleration: Overall Acceleration | X: -0.6000000238418579 Y: -0.05999999865889549
11-20 14:47:53.465  8176  8554 V IMU     : dt=1.013s accel=(-0.050 -0.010 0.280)m/s^2
