11-19 16:23:26.459  9534  9664 I RobotCore: Servo                                              hook                           USB DQ1NE3V4; module 3; port 0
11-19 16:23:26.461  9534  9664 I RobotCore: Motor                                              left_front                     USB DQ1NE3V4; module 3; port 0
11-19 16:23:26.462  9534  9664 I RobotCore: Servo                                              gate_left                      USB DQ1NE3V4; module 3; port 1
11-19 16:23:26.462  9534  9664 I RobotCore: Expansion Hub DC Motor Controller                  Expansion Hub 2                USB DQ1NE3V4; module 2
11-19 16:23:26.463  9534  9664 I RobotCore: Expansion Hub Servo Controller                     Expansion Hub 2                USB DQ1NE3V4; module 2
11-19 16:23:26.463  9534  9664 I RobotCore: Expansion Hub Voltage Sensor                       Expansion Hub 2                USB DQ1NE3V4; module 2
11-19 16:23:26.464  9534  9664 I RobotCore: Expansion Hub Pwm Controller                       Expansion Hub 2                USB DQ1NE3V4; module 2
11-19 16:23:26.464  9534  9664 I RobotCore: Expansion Hub Analog Input Controller              Expansion Hub 2                USB DQ1NE3V4; module 2
11-19 16:23:26.465  9534  9664 I RobotCore: Expansion Hub Digital Channel Controller           Expansion Hub 2                USB DQ1NE3V4; module 2
11-19 16:23:26.471  9534  9664 I RobotCore: Expansion Hub (HW: 20, Maj: 1, Min: 8, Eng: 2)     Expansion Hub 2                USB DQ1NE3V4; module 2
11-19 16:23:26.472  9534  9664 I RobotCore: Expansion Hub DC Motor Controller                  Expansion Hub 3                USB DQ1NE3V4; module 3
11-19 16:23:26.472  9534  9664 I RobotCore: Expansion Hub Servo Controller                     Expansion Hub 3                USB DQ1NE3V4; module 3
11-19 16:23:26.473  9534  9664 I RobotCore: Expansion Hub Voltage Sensor                       Expansion Hub 3                USB DQ1NE3V4; module 3
11-19 16:23:26.473  9534  9664 I RobotCore: Expansion Hub Pwm Controller                       Expansion Hub 3                USB DQ1NE3V4; module 3
11-19 16:23:26.474  9534  9664 I RobotCore: Expansion Hub Analog Input Controller              Expansion Hub 3                USB DQ1NE3V4; module 3
11-19 16:23:26.474  9534  9664 I RobotCore: Expansion Hub Digital Channel Controller           Expansion Hub 3                USB DQ1NE3V4; module 3
11-19 16:23:26.482  9534  9664 I RobotCore: Expansion Hub (HW: 20, Maj: 1, Min: 8, Eng: 2)     Expansion Hub 3                USB DQ1NE3V4; module 3
11-19 16:23:26.483  9534  9664 I RobotCore: REV Expansion Hub IMU                              imu                            USB DQ1NE3V4; module 2; bus 0; addr7=0x00
11-19 16:23:26.484  9534  9664 I RobotCore: Motor                                              intake_left                    USB DQ1NE3V4; module 2; port 2
11-19 16:23:26.487  9534  9664 I RobotCore: Motor                                              right_front                    USB DQ1NE3V4; module 3; port 1
11-19 16:23:26.488  9534  9664 I RobotCore: REV Robotics USB Expansion Hub Portal              Expansion Hub Portal 1         USB DQ1NE3V4
11-19 16:23:26.488  9534  9664 I RobotCore: Motor                                              boom                           USB DQ1NE3V4; module 2; port 1
11-19 16:23:26.489  9534  9664 I RobotCore: REV Expansion Hub IMU                              imu 1                          USB DQ1NE3V4; module 3; bus 0; addr7=0x00
11-19 16:23:26.489  9534  9664 I FtcEventLoop: ======= INIT FINISH =======
11-19 16:23:26.489  9534  9664 V RobotCore: EventLoopManager state is RUNNING
11-19 16:23:26.490  9534  9664 V RobotCore: Robot Status: running, starting robot
11-19 16:23:26.490  9534  9664 V RobotCore: Robot Status: running
11-19 16:23:26.491  9534  9664 V RobotCore: thread: ...terminating 'RobotSetupRunnable.run()'
11-19 16:23:26.493  9534  9698 V RobotCore: thread: 'opmode loop()' starting...
11-19 16:23:26.510  9534  9674 D FtcEventLoopHandler: restarting robot...
11-19 16:23:26.512  9534  9698 V FtcEventLoop: processedRecentlyAttachedUsbDevices(): DQ1NE3V4 not in hwmap; ignoring
11-19 16:23:26.520  9534  9698 I RobotCore: Attempting to switch to op mode $Stop$Robot$
11-19 16:23:26.526  9534  9686 V Robocol : sending CMD_NOTIFY_ROBOT_STATE(38), attempt: 0
11-19 16:23:26.527  9534  9690 V SoundInfo: construct(0x06e51c64)
11-19 16:23:26.531  9534  9534 V Robocol : EventLoopManager.shutdown()
11-19 16:23:26.553  9534  9689 I MediaCodec: (0x93412140) init name(audio/raw) isType(1) encoder(0)
11-19 16:23:26.558  9534  9702 I MediaCodec: (0x93412140) Component Allocated (OMX.google.raw.decoder)
11-19 16:23:26.559  9534  9689 I MediaCodec: (0x93412140) configure surface(0x0) crypto(0x0) flags(0)
11-19 16:23:26.559  9534  9689 D MediaCodec: (0x93412140) configure format: AMessage(what = 0x00000000) = {
11-19 16:23:26.559  9534  9689 D MediaCodec:       string mime = "audio/raw"
11-19 16:23:26.559  9534  9689 D MediaCodec:       int64_t durationUs = 1019125
11-19 16:23:26.559  9534  9689 D MediaCodec:       int32_t track-id = 1
11-19 16:23:26.559  9534  9689 D MediaCodec:       int32_t channel-count = 1
11-19 16:23:26.559  9534  9689 D MediaCodec:       int32_t sample-rate = 8000
11-19 16:23:26.559  9534  9689 D MediaCodec:       int32_t channel-mask = 0
11-19 16:23:26.559  9534  9689 D MediaCodec:       int32_t pcm-encoding = 2
11-19 16:23:26.559  9534  9689 D MediaCodec:     }
11-19 16:23:26.561  9534  9689 I MediaCodec: (0x93412140) start
11-19 16:23:26.566  9534  9686 V Robocol : sending CMD_SHOW_TOAST(44), attempt: 0
11-19 16:23:26.567  9534  9686 V Robocol : sending CMD_NOTIFY_INIT_OP_MODE(45), attempt: 0
11-19 16:23:26.567  9534  9686 V Robocol : sending CMD_NOTIFY_ACTIVE_CONFIGURATION(48), attempt: 0
11-19 16:23:26.569  9534  9702 I MediaCodec: (0x93412140) input buffers allocated
11-19 16:23:26.569  9534  9702 I MediaCodec: (0x93412140) numBuffers (4)
11-19 16:23:26.570  9534  9702 I MediaCodec: (0x93412140) output buffers allocated
11-19 16:23:26.570  9534  9702 I MediaCodec: (0x93412140) numBuffers (4)
11-19 16:23:26.572  9534  9698 I FtcEventLoop: ======= TEARDOWN =======
11-19 16:23:26.580  9534  9702 D MediaCodec: (0x93412140) [OMX.google.raw.decoder] output format changed to: AMessage(what = 0x00000000) = {
11-19 16:23:26.580  9534  9702 D MediaCodec:       string mime = "audio/raw"
11-19 16:23:26.580  9534  9702 D MediaCodec:       int32_t channel-count = 1
11-19 16:23:26.580  9534  9702 D MediaCodec:       int32_t sample-rate = 8000
11-19 16:23:26.580  9534  9702 D MediaCodec:       int32_t pcm-encoding = 2
11-19 16:23:26.580  9534  9702 D MediaCodec:       int32_t bit-width = 16
11-19 16:23:26.580  9534  9702 D MediaCodec:       int32_t channel-mask = 0
11-19 16:23:26.580  9534  9702 D MediaCodec:     }
11-19 16:23:26.581  9534  9698 V LynxUsb : 0x012612ee on 0x0a7f5897: releasing delegate to [DQ1NE3V4]
11-19 16:23:26.582  9534  9698 V LynxModule: close(#2)
11-19 16:23:26.582  9534  9698 V LynxModule: sending LynxFtdiResetControlCommand(false) wasInterrupted=true
11-19 16:23:26.584  9534  9689 I MediaCodec: (0x93412140) stop
11-19 16:23:26.587  9534  9698 V LynxModule: close(#3)
11-19 16:23:26.587  9534  9698 V LynxModule: sending LynxFtdiResetControlCommand(false) wasInterrupted=true
11-19 16:23:26.590  9534  9689 I MediaCodec: (0x93412140) release
11-19 16:23:26.594  9534  9698 V LynxUsb : disarmDevice() serial=DQ1NE3V4...
11-19 16:23:26.594  9534  9698 V LynxUsb : shutting down incoming datagrams
11-19 16:23:26.595  9534  9683 V RobotCore: thread: ...terminating 'lynx incoming datagrams'
11-19 16:23:26.595  9534  9698 V RobotUsbDeviceFtdi: closing DQ1NE3V4
11-19 16:23:26.596  9534  9698 V FtDevice: vv********************DQ1NE3V4 closing********************vv 0x09d7aea2
11-19 16:23:26.596  9534  9698 V FtDevice: DQ1NE3V4 stopping thread readBufferManager
11-19 16:23:26.596  9534  9698 V FtDevice: DQ1NE3V4 stopping thread bulkPacketInWorker
11-19 16:23:26.596  9534  9677 V FtDevice: DQ1NE3V4 thread readBufferManager is stopped
11-19 16:23:26.596  9534  9698 V MonitoredUsbDeviceConnection: closing UsbDeviceConnection(DQ1NE3V4)
11-19 16:23:26.597  9534  9698 D UsbDeviceConnectionJNI: close
11-19 16:23:26.597  9534  9698 V FtDevice: ^^********************DQ1NE3V4 closed ********************^^
11-19 16:23:26.597  9534  9676 V FtDevice: DQ1NE3V4 thread bulkPacketInWorker is stopped
11-19 16:23:26.597  9534  9555 D SoundPlayer: onLoadComplete(samp=2|ms=1019, samp=2)=0
11-19 16:23:26.598  9534  9698 I FtcEventLoop: ======= TEARDOWN COMPLETE =======
11-19 16:23:26.598  9534  9698 V RobotCore: thread: ...terminating 'opmode loop()'
11-19 16:23:26.601  9534  9534 V RobotCore: EventLoopManager state is STOPPED
11-19 16:23:26.601  9534  9534 V RobotCore: Robot Status: stopped
11-19 16:23:26.606  9534  9686 V Robocol : sending CMD_NOTIFY_USER_DEVICE_LIST(49), attempt: 0
11-19 16:23:26.608  9534  9686 V Robocol : sending CMD_NOTIFY_OP_MODE_LIST(50), attempt: 0
11-19 16:23:26.609  9534  9664 V RobotCore: thread: 'RobotSetupRunnable.run()' starting...
11-19 16:23:26.609  9534  9664 V FTCService: Processing robot setup
11-19 16:23:26.609  9534  9686 V Robocol : sending CMD_NOTIFY_ROBOT_STATE(54), attempt: 0
11-19 16:23:26.610  9534  9664 V RobotCore: Robot Status: stopped, scanning for USB devices
11-19 16:23:26.883  9534  9705 W AudioTrack: AUDIO_OUTPUT_FLAG_FAST denied by client; transfer 4, track 8000 Hz, output 48000 Hz
11-19 16:23:26.885  9534  9705 D SoundPlayer: playing volume=1.000000 samp=2|ms=1019
11-19 16:23:26.886  9534  9686 V Robocol : sending CMD_PLAY_SOUND(63), attempt: 0
11-19 16:23:31.611  9534  9664 V RobotCore: Robot Status: stopped, waiting for Wifi to enable
11-19 16:23:31.613  9534  9664 I RobotCore: state = 3
11-19 16:23:31.615  9534  9664 V RobotCore: Robot Status: stopped, waiting for Wifi Direct to enable
11-19 16:23:31.616  9534  9664 V FTCService: Waiting for a connection to a wifi service
11-19 16:23:31.616  9534  9664 V RobotCore: Robot Status: stopped, waiting for network to become active
11-19 16:23:31.616  9534  9664 V WebServer: Asked an already running WebServer to start
11-19 16:23:31.617  9534  9664 V RobotCore: Robot Status: stopped, starting robot
11-19 16:23:31.617  9534  9664 V Robocol : EventLoopManager.start()
11-19 16:23:31.618  9534  9664 V Robocol : Spoofing a Network Connection event...
11-19 16:23:31.618  9534  9664 I EventLoopManager: onNetworkConnectionEvent: CONNECTION_INFO_AVAILABLE
11-19 16:23:31.618  9534  9664 I Robocol : Received network connection event
11-19 16:23:31.618  9534  9664 I NetworkConnectionHandler: Handling new network connection infomation, connected: true setup needed: false
11-19 16:23:31.619  9534  9664 V RobotCore: EventLoopManager state is STOPPED
11-19 16:23:31.620  9534  9664 V Robocol : eventLoop=FtcEventLoop
11-19 16:23:31.620  9534  9664 V RobotCore: EventLoopManager state is INIT
11-19 16:23:31.621  9534  9664 V RobotCore: Robot Status: initializing, starting robot
11-19 16:23:31.621  9534  9664 I FtcEventLoop: ======= INIT START =======
11-19 16:23:31.622  9534  9664 V OpmodeRegistration: registered {DefaultOpMode} as {$Stop$Robot$}
11-19 16:23:31.627  9534  9664 V FileBasedLock: locked /storage/emulated/0/FIRST/blocks/projectslock/lock.dat
11-19 16:23:31.628  9534  9664 V FileBasedLock: unlocking /storage/emulated/0/FIRST/blocks/projectslock/lock.dat
11-19 16:23:31.637  9534  9534 D WifiDirect: cannot create group, does group already exist?
11-19 16:23:31.640  9534  9664 V OpmodeRegistration: registered {LeftCoop} as {Auto Left Coop}
11-19 16:23:31.641  9534  9664 V OpmodeRegistration: registered {LCHSAcceleration} as {LCHSAcceleration}
11-19 16:23:31.642  9534  9664 V OpmodeRegistration: registered {RightCoop} as {Auto Right Coop}
11-19 16:23:31.642  9534  9664 V OpmodeRegistration: registered {LCHSTensorFlow} as {Concept: TensorFlow Object Detection}
11-19 16:23:31.643  9534  9664 V OpmodeRegistration: registered {LCHSTeleOp} as {LCHS TeleOp}
11-19 16:23:31.644  9534  9664 V OpmodeRegistration: registered {Test} as {Auto Test}
11-19 16:23:31.644  9534  9664 V OpmodeRegistration: registered {ConceptVuforiaNavRoverRuckus} as {Vuforia Rover Nav}
11-19 16:23:31.645  9534  9664 V OpmodeRegistration: registered {CalibrateDevices} as {Calibrate Devices}
11-19 16:23:31.646  9534  9686 V Robocol : sending CMD_NOTIFY_ROBOT_STATE(109), attempt: 0
11-19 16:23:31.647  9534  9686 V Robocol : sending CMD_NOTIFY_ROBOT_STATE(110), attempt: 0
11-19 16:23:31.667  9534  9664 V HardwareFactory: createHardwareMap()
11-19 16:23:31.667  9534  9664 V WifiDirectInviteMonitor: clearUILynxModule()
11-19 16:23:31.679  9534  9664 V RobotCore: Creating REV Robotics USB Expansion Hub Portal [DQ1NE3V4]
11-19 16:23:31.679  9534  9664 V LynxUsb : creating new [DQ1NE3V4]: 0x08d360da
11-19 16:23:31.682  9534  9664 V FtDeviceManager: createDeviceInfoList(): 1 USB devices
11-19 16:23:31.686  9534  9686 V Robocol : sending CMD_NOTIFY_ACTIVE_CONFIGURATION(111), attempt: 0
11-19 16:23:31.687  9534  9686 V Robocol : sending CMD_NOTIFY_USER_DEVICE_LIST(114), attempt: 0
11-19 16:23:31.689  9534  9664 V FtDevice: vv********************DQ1NE3V4 opening********************vv 0x09d7aea2
11-19 16:23:31.689  9534  9686 V Robocol : sending CMD_NOTIFY_OP_MODE_LIST(115), attempt: 0
11-19 16:23:31.690  9534  9664 V FtDevice: ^^********************DQ1NE3V4 opened ********************^^
11-19 16:23:31.690  9534  9664 V FtDevice: resetting DQ1NE3V4
11-19 16:23:31.697  9534  9664 V LynxUsb : armDevice() serial=DQ1NE3V4...
11-19 16:23:31.697  9534  9664 V LynxModule: resetDevice() serial=DQ1NE3V4
11-19 16:23:32.055  9534  9664 V LynxUsb : ...done armDevice()
11-19 16:23:32.056  9534  9664 V LynxUsb : 0x025ffae7 on 0x08d360da: new delegate to [DQ1NE3V4]
11-19 16:23:32.056  9534  9664 V RobotCore: Creating Lynx Module - mod=2 parent=false
11-19 16:23:32.056  9534  9780 V RobotCore: thread: 'lynx incoming datagrams' starting...
11-19 16:23:32.058  9534  9664 V RobotCore: Creating Lynx Module - mod=3 parent=false
11-19 16:23:32.061  9534  9664 V LynxUsb : addConfiguredModule() module#=2
11-19 16:23:32.061  9534  9664 V LynxModule: pingAndQueryKnownInterfaces mod=2
11-19 16:23:32.067  9534  9780 V LynxUsb : synchronization gained: serial=DQ1NE3V4
11-19 16:23:32.075  9534  9664 V LynxModule: mod#=2 queryInterface(DEKA)=54 commands starting at 4096
11-19 16:23:32.088  9534  9664 V LynxModule: sending LynxFtdiResetControlCommand(true) wasInterrupted=false
11-19 16:23:32.097  9534  9664 V LynxModule: sendLEDPatternSteps(): #steps=6
11-19 16:23:32.102  9534  9781 V LynxModule: received status: LynxGetModuleStatusResponse(status=0x02 alerts=0x00: Reset)
11-19 16:23:32.111  9534  9664 V LynxUsb : addConfiguredModule() module#=3
11-19 16:23:32.111  9534  9664 V LynxModule: pingAndQueryKnownInterfaces mod=3
11-19 16:23:32.127  9534  9664 V LynxModule: mod#=3 queryInterface(DEKA)=54 commands starting at 4096
11-19 16:23:32.136  9534  9664 V LynxModule: sending LynxFtdiResetControlCommand(true) wasInterrupted=false
11-19 16:23:32.146  9534  9664 V LynxModule: sendLEDPatternSteps(): #steps=8
11-19 16:23:32.150  9534  9782 V LynxModule: received status: LynxGetModuleStatusResponse(status=0x05 alerts=0x00: KeepAliveTimeout|FailSafe)
11-19 16:23:32.150  9534  9782 V LynxModule: resendCurrentPattern()
11-19 16:23:32.150  9534  9782 V LynxModule: sendLEDPatternSteps(): #steps=8
11-19 16:23:32.177  9534  9664 V LynxMotor: initializeHardware() mod#=2
11-19 16:23:32.263  9534  9664 V RobotCore: DcMotorImpl(type=NeveRest60Gearmotor)
11-19 16:23:32.263  9534  9664 V RobotCore: DcMotorImpl(type=NeveRest20Gearmotor)
11-19 16:23:32.264  9534  9664 V RobotCore: DcMotorImpl(type=NeveRest20Gearmotor)
11-19 16:23:32.264  9534  9664 V RobotCore: DcMotorImpl(type=NeveRest40Gearmotor)
11-19 16:23:32.265  9534  9664 V LynxServoController: initializeHardware() mod#=2
11-19 16:23:32.310  9534  9664 V LynxVoltageSensor: initializeHardware() mod#=2
11-19 16:23:32.310  9534  9664 V LynxPwmOutputController: initializeHardware() mod#=2
11-19 16:23:32.314  9534  9664 W LynxPwmOutputController: LynxSetPWMEnableCommand not implemented by lynx hw; ignoring
11-19 16:23:32.318  9534  9664 W LynxPwmOutputController: LynxSetPWMConfigurationCommand not implemented by lynx hw; ignoring
11-19 16:23:32.322  9534  9664 W LynxPwmOutputController: LynxSetPWMEnableCommand not implemented by lynx hw; ignoring
11-19 16:23:32.327  9534  9664 W LynxPwmOutputController: LynxSetPWMConfigurationCommand not implemented by lynx hw; ignoring
11-19 16:23:32.332  9534  9664 W LynxPwmOutputController: LynxSetPWMEnableCommand not implemented by lynx hw; ignoring
11-19 16:23:32.336  9534  9664 W LynxPwmOutputController: LynxSetPWMConfigurationCommand not implemented by lynx hw; ignoring
11-19 16:23:32.341  9534  9664 W LynxPwmOutputController: LynxSetPWMEnableCommand not implemented by lynx hw; ignoring
11-19 16:23:32.350  9534  9664 W LynxPwmOutputController: LynxSetPWMConfigurationCommand not implemented by lynx hw; ignoring
11-19 16:23:32.351  9534  9664 V LynxAnalogInputController: initializeHardware() mod#=2
11-19 16:23:32.352  9534  9664 V LynxDigitalChannelController: initializeHardware() mod#=2
11-19 16:23:32.395  9534  9664 V RobotCore: Creating user sensor REV Expansion Hub IMU - on Lynx module=2 bus=0
11-19 16:23:32.395  9534  9664 V RobotCore: Creating I2cDeviceSynch (Lynx) - mod=2 bus=0
11-19 16:23:32.396  9534  9664 I RobotCore: LynxFirmwareVersionManager: LynxI2cDeviceSynchV2
11-19 16:23:32.397  9534  9664 V LynxI2cDeviceSynch: initializeHardware() mod#=2
11-19 16:23:32.398  9534  9664 V LynxMotor: initializeHardware() mod#=3
11-19 16:23:32.527  9534  9664 V RobotCore: DcMotorImpl(type=NeveRest40Gearmotor)
11-19 16:23:32.528  9534  9664 V RobotCore: DcMotorImpl(type=NeveRest40Gearmotor)
11-19 16:23:32.528  9534  9664 V RobotCore: DcMotorImpl(type=NeveRest40Gearmotor)
11-19 16:23:32.529  9534  9664 V RobotCore: DcMotorImpl(type=NeveRest40Gearmotor)
11-19 16:23:32.530  9534  9664 V LynxServoController: initializeHardware() mod#=3
11-19 16:23:32.607  9534  9664 V LynxVoltageSensor: initializeHardware() mod#=3
11-19 16:23:32.608  9534  9664 V LynxPwmOutputController: initializeHardware() mod#=3
11-19 16:23:32.616  9534  9664 W LynxPwmOutputController: LynxSetPWMEnableCommand not implemented by lynx hw; ignoring
11-19 16:23:32.624  9534  9664 W LynxPwmOutputController: LynxSetPWMConfigurationCommand not implemented by lynx hw; ignoring
11-19 16:23:32.631  9534  9664 W LynxPwmOutputController: LynxSetPWMEnableCommand not implemented by lynx hw; ignoring
11-19 16:23:32.640  9534  9664 W LynxPwmOutputController: LynxSetPWMConfigurationCommand not implemented by lynx hw; ignoring
11-19 16:23:32.646  9534  9664 W LynxPwmOutputController: LynxSetPWMEnableCommand not implemented by lynx hw; ignoring
11-19 16:23:32.653  9534  9664 W LynxPwmOutputController: LynxSetPWMConfigurationCommand not implemented by lynx hw; ignoring
11-19 16:23:32.660  9534  9664 W LynxPwmOutputController: LynxSetPWMEnableCommand not implemented by lynx hw; ignoring
11-19 16:23:32.666  9534  9664 W LynxPwmOutputController: LynxSetPWMConfigurationCommand not implemented by lynx hw; ignoring
11-19 16:23:32.667  9534  9664 V LynxAnalogInputController: initializeHardware() mod#=3
11-19 16:23:32.667  9534  9664 V RobotCore: Creating Analog Sensor - Type: Analog Input - Port: 1
11-19 16:23:32.669  9534  9664 V LynxDigitalChannelController: initializeHardware() mod#=3
11-19 16:23:32.721  9534  9664 V RobotCore: Creating user sensor REV Expansion Hub IMU - on Lynx module=3 bus=0
11-19 16:23:32.722  9534  9664 V RobotCore: Creating I2cDeviceSynch (Lynx) - mod=3 bus=0
11-19 16:23:32.722  9534  9664 I RobotCore: LynxFirmwareVersionManager: LynxI2cDeviceSynchV2
11-19 16:23:32.723  9534  9664 V LynxI2cDeviceSynch: initializeHardware() mod#=3
11-19 16:23:32.725  9534  9664 I RobotCore: ========= Device Information ===================================================
11-19 16:23:32.725  9534  9664 I RobotCore: Type                                               Name                           Connection
11-19 16:23:32.726  9534  9664 I RobotCore: Analog Input                                       tilt_switch                    USB DQ1NE3V4; module 3; analog port 1
11-19 16:23:32.727  9534  9664 I RobotCore: Motor                                              left_back                      USB DQ1NE3V4; module 3; port 3
11-19 16:23:32.728  9534  9664 I RobotCore: Motor                                              intake_right                   USB DQ1NE3V4; module 2; port 3
11-19 16:23:32.729  9534  9664 I RobotCore: Motor                                              right_back                     USB DQ1NE3V4; module 3; port 2
11-19 16:23:32.729  9534  9664 I RobotCore: Servo                                              gate_right                     USB DQ1NE3V4; module 3; port 2
11-19 16:23:32.730  9534  9664 I RobotCore: Motor                                              tilt                           USB DQ1NE3V4; module 2; port 0
11-19 16:23:32.731  9534  9664 I RobotCore: Servo                                              hook                           USB DQ1NE3V4; module 3; port 0
11-19 16:23:32.732  9534  9664 I RobotCore: Motor                                              left_front                     USB DQ1NE3V4; module 3; port 0
11-19 16:23:32.733  9534  9664 I RobotCore: Servo                                              gate_left                      USB DQ1NE3V4; module 3; port 1
11-19 16:23:32.733  9534  9664 I RobotCore: Expansion Hub DC Motor Controller                  Expansion Hub 2                USB DQ1NE3V4; module 2
11-19 16:23:32.734  9534  9664 I RobotCore: Expansion Hub Servo Controller                     Expansion Hub 2                USB DQ1NE3V4; module 2
11-19 16:23:32.735  9534  9664 I RobotCore: Expansion Hub Voltage Sensor                       Expansion Hub 2                USB DQ1NE3V4; module 2
11-19 16:23:32.736  9534  9664 I RobotCore: Expansion Hub Pwm Controller                       Expansion Hub 2                USB DQ1NE3V4; module 2
11-19 16:23:32.737  9534  9664 I RobotCore: Expansion Hub Analog Input Controller              Expansion Hub 2                USB DQ1NE3V4; module 2
11-19 16:23:32.738  9534  9664 I RobotCore: Expansion Hub Digital Channel Controller           Expansion Hub 2                USB DQ1NE3V4; module 2
11-19 16:23:32.744  9534  9664 I RobotCore: Expansion Hub (HW: 20, Maj: 1, Min: 8, Eng: 2)     Expansion Hub 2                USB DQ1NE3V4; module 2
11-19 16:23:32.745  9534  9664 I RobotCore: Expansion Hub DC Motor Controller                  Expansion Hub 3                USB DQ1NE3V4; module 3
11-19 16:23:32.745  9534  9664 I RobotCore: Expansion Hub Servo Controller                     Expansion Hub 3                USB DQ1NE3V4; module 3
11-19 16:23:32.746  9534  9664 I RobotCore: Expansion Hub Voltage Sensor                       Expansion Hub 3                USB DQ1NE3V4; module 3
11-19 16:23:32.746  9534  9664 I RobotCore: Expansion Hub Pwm Controller                       Expansion Hub 3                USB DQ1NE3V4; module 3
11-19 16:23:32.747  9534  9664 I RobotCore: Expansion Hub Analog Input Controller              Expansion Hub 3                USB DQ1NE3V4; module 3
11-19 16:23:32.747  9534  9664 I RobotCore: Expansion Hub Digital Channel Controller           Expansion Hub 3                USB DQ1NE3V4; module 3
11-19 16:23:32.753  9534  9664 I RobotCore: Expansion Hub (HW: 20, Maj: 1, Min: 8, Eng: 2)     Expansion Hub 3                USB DQ1NE3V4; module 3
11-19 16:23:32.754  9534  9664 I RobotCore: REV Expansion Hub IMU                              imu                            USB DQ1NE3V4; module 2; bus 0; addr7=0x00
11-19 16:23:32.754  9534  9664 I RobotCore: Motor                                              intake_left                    USB DQ1NE3V4; module 2; port 2
11-19 16:23:32.754  9534  9664 I RobotCore: Motor                                              right_front                    USB DQ1NE3V4; module 3; port 1
11-19 16:23:32.755  9534  9664 I RobotCore: REV Robotics USB Expansion Hub Portal              Expansion Hub Portal 1         USB DQ1NE3V4
11-19 16:23:32.755  9534  9664 I RobotCore: Motor                                              boom                           USB DQ1NE3V4; module 2; port 1
11-19 16:23:32.755  9534  9664 I RobotCore: REV Expansion Hub IMU                              imu 1                          USB DQ1NE3V4; module 3; bus 0; addr7=0x00
11-19 16:23:32.755  9534  9664 I FtcEventLoop: ======= INIT FINISH =======
11-19 16:23:32.756  9534  9664 V RobotCore: EventLoopManager state is RUNNING
11-19 16:23:32.756  9534  9664 V RobotCore: Robot Status: running, starting robot
11-19 16:23:32.756  9534  9664 V RobotCore: Robot Status: running
11-19 16:23:32.758  9534  9664 V RobotCore: thread: ...terminating 'RobotSetupRunnable.run()'
11-19 16:23:32.760  9534  9690 D SoundPlayer: playing volume=1.000000 samp=2|ms=1019
11-19 16:23:32.760  9534  9783 V RobotCore: thread: 'opmode loop()' starting...
11-19 16:23:32.766  9534  9686 V Robocol : sending CMD_NOTIFY_ROBOT_STATE(132), attempt: 0
11-19 16:23:32.767  9534  9686 V Robocol : sending CMD_SHOW_TOAST(133), attempt: 0
11-19 16:23:32.768  9534  9686 V Robocol : sending CMD_PLAY_SOUND(134), attempt: 0
11-19 16:23:33.270  9534  9783 I RobotCore: Attempting to switch to op mode $Stop$Robot$
11-19 16:23:33.406  9534  9686 V Robocol : sending CMD_NOTIFY_INIT_OP_MODE(146), attempt: 0
11-19 16:23:34.534  9534  9675 V Robocol : received command: CMD_INIT_OP_MODE(10110) $Stop$Robot$
11-19 16:23:34.558  9534  9783 I RobotCore: Attempting to switch to op mode $Stop$Robot$
11-19 16:23:34.647  9534  9686 V Robocol : sending CMD_NOTIFY_INIT_OP_MODE(168), attempt: 0
11-19 16:23:37.773  9534  9675 V Robocol : received command: CMD_SET_MATCH_NUMBER(10156) 0
11-19 16:23:37.775  9534  9675 V Robocol : received command: CMD_INIT_OP_MODE(10157) LCHS TeleOp
11-19 16:23:37.823  9534  9674 I RobotCore: ******************** START - OPMODE LCHS TeleOp ********************
11-19 16:23:37.826  9534  9783 I RobotCore: Attempting to switch to op mode LCHS TeleOp
11-19 16:23:37.833  9534  9783 W LynxPwmOutputController: LynxSetPWMEnableCommand not implemented by lynx hw; ignoring
11-19 16:23:37.838  9534  9783 W LynxPwmOutputController: LynxSetPWMConfigurationCommand not implemented by lynx hw; ignoring
11-19 16:23:37.845  9534  9783 W LynxPwmOutputController: LynxSetPWMEnableCommand not implemented by lynx hw; ignoring
11-19 16:23:37.853  9534  9783 W LynxPwmOutputController: LynxSetPWMConfigurationCommand not implemented by lynx hw; ignoring
11-19 16:23:37.858  9534  9783 W LynxPwmOutputController: LynxSetPWMEnableCommand not implemented by lynx hw; ignoring
11-19 16:23:37.866  9534  9783 W LynxPwmOutputController: LynxSetPWMConfigurationCommand not implemented by lynx hw; ignoring
11-19 16:23:37.872  9534  9783 W LynxPwmOutputController: LynxSetPWMEnableCommand not implemented by lynx hw; ignoring
11-19 16:23:37.878  9534  9783 W LynxPwmOutputController: LynxSetPWMConfigurationCommand not implemented by lynx hw; ignoring
11-19 16:23:37.883  9534  9783 W LynxPwmOutputController: LynxSetPWMEnableCommand not implemented by lynx hw; ignoring
11-19 16:23:37.891  9534  9783 W LynxPwmOutputController: LynxSetPWMConfigurationCommand not implemented by lynx hw; ignoring
11-19 16:23:37.897  9534  9783 W LynxPwmOutputController: LynxSetPWMEnableCommand not implemented by lynx hw; ignoring
11-19 16:23:37.904  9534  9783 W LynxPwmOutputController: LynxSetPWMConfigurationCommand not implemented by lynx hw; ignoring
11-19 16:23:37.910  9534  9783 W LynxPwmOutputController: LynxSetPWMEnableCommand not implemented by lynx hw; ignoring
11-19 16:23:37.916  9534  9783 W LynxPwmOutputController: LynxSetPWMConfigurationCommand not implemented by lynx hw; ignoring
11-19 16:23:37.923  9534  9783 W LynxPwmOutputController: LynxSetPWMEnableCommand not implemented by lynx hw; ignoring
11-19 16:23:37.928  9534  9783 W LynxPwmOutputController: LynxSetPWMConfigurationCommand not implemented by lynx hw; ignoring
11-19 16:23:38.302  9534  9789 V RobotCore: thread: 'LinearOpMode main' starting...
11-19 16:23:38.327  9534  9686 V Robocol : sending CMD_NOTIFY_INIT_OP_MODE(228), attempt: 0
11-19 16:23:38.459  9534  9789 D LCHSHardwareMap: Call IMU initialization
11-19 16:23:38.561  9534  9789 V RobotCore: addr=false data=true arb=false clock=false
11-19 16:23:38.562  9534  9789 E LynxI2cDeviceSynch: readStatusQuery: cbExpected=1 cbRead=0
11-19 16:23:38.562  9534  9789 E LynxI2cDeviceSynch: placeholder: readStatusQuery
11-19 16:23:38.630  9534  9789 V RobotCore: addr=false data=true arb=false clock=false
11-19 16:23:38.630  9534  9789 E LynxI2cDeviceSynch: readStatusQuery: cbExpected=1 cbRead=0
11-19 16:23:38.701  9534  9789 V RobotCore: addr=false data=true arb=false clock=false
11-19 16:23:38.701  9534  9789 E LynxI2cDeviceSynch: readStatusQuery: cbExpected=1 cbRead=0
11-19 16:23:38.772  9534  9789 V RobotCore: addr=false data=true arb=false clock=false
11-19 16:23:38.773  9534  9789 E LynxI2cDeviceSynch: readStatusQuery: cbExpected=1 cbRead=0
11-19 16:23:38.844  9534  9789 V RobotCore: addr=false data=true arb=false clock=false
11-19 16:23:38.846  9534  9789 E LynxI2cDeviceSynch: readStatusQuery: cbExpected=1 cbRead=0
11-19 16:23:38.916  9534  9789 V RobotCore: addr=false data=true arb=false clock=false
11-19 16:23:38.916  9534  9789 E LynxI2cDeviceSynch: readStatusQuery: cbExpected=1 cbRead=0
11-19 16:23:38.987  9534  9789 V RobotCore: addr=false data=true arb=false clock=false
11-19 16:23:38.988  9534  9789 E LynxI2cDeviceSynch: readStatusQuery: cbExpected=1 cbRead=0
11-19 16:23:39.059  9534  9789 V RobotCore: addr=false data=true arb=false clock=false
11-19 16:23:39.060  9534  9789 E LynxI2cDeviceSynch: readStatusQuery: cbExpected=1 cbRead=0
11-19 16:23:39.251  9534  9675 V Robocol : received command: CMD_RUN_OP_MODE(10179) LCHS TeleOp
11-19 16:23:39.286  9534  9686 V Robocol : sending CMD_NOTIFY_RUN_OP_MODE(242), attempt: 0
11-19 16:23:39.526  9534  9789 W LCHS IMU init: re-issuing IMU mode: system status=IDLE expected=RUNNING_FUSION
11-19 16:23:39.699  9534  9789 D LCHSHardwareMap: Return from IMU initialization
11-19 16:23:39.711  9534  9789 D LCHSHardwareMap: imu status after init RUNNING_FUSION
11-19 16:23:39.917  9534  9780 V RobotCore: nack rec'd mod=2 msg#=25 ref#=0 reason=MOTOR_NOT_CONFIG_BEFORE_ENABLED:50
11-19 16:23:39.919  9534  9789 E LynxMotor: exception thrown during lynx communication
11-19 16:23:39.926  9534  9789 E LynxMotor: com.qualcomm.hardware.lynx.LynxNackException: (DQ1NE3V4 #2) LynxSetMotorChannelEnableCommand: nack received: MOTOR_NOT_CONFIG_BEFORE_ENABLED:50
11-19 16:23:39.932  9534  9789 E LynxMotor: 	at com.qualcomm.hardware.lynx.commands.LynxRespondable.throwIfNack(LynxRespondable.java:325)
11-19 16:23:39.934  9534  9789 E LynxMotor: 	at com.qualcomm.hardware.lynx.commands.LynxRespondable.send(LynxRespondable.java:239)
11-19 16:23:39.937  9534  9789 E LynxMotor: 	at com.qualcomm.hardware.lynx.LynxDcMotorController.internalSetMotorEnable(LynxDcMotorController.java:221)
11-19 16:23:39.940  9534  9789 E LynxMotor: 	at com.qualcomm.hardware.lynx.LynxDcMotorController.internalSetMotorPower(LynxDcMotorController.java:543)
11-19 16:23:39.943  9534  9789 E LynxMotor: 	at com.qualcomm.hardware.lynx.LynxDcMotorController.setMotorMode(LynxDcMotorController.java:373)
11-19 16:23:39.944  9534  9789 E LynxMotor: 	at com.qualcomm.robotcore.hardware.DcMotorImpl.internalSetMode(DcMotorImpl.java:322)
11-19 16:23:39.945  9534  9789 E LynxMotor: 	at com.qualcomm.robotcore.hardware.DcMotorImpl.setMode(DcMotorImpl.java:318)
11-19 16:23:39.946  9534  9789 E LynxMotor: 	at org.firstinspires.ftc.teamcode.LCHSTeleOp.runOpMode(LCHSTeleOp.java:250)
11-19 16:23:39.947  9534  9789 E LynxMotor: 	at com.qualcomm.robotcore.eventloop.opmode.LinearOpMode$LinearOpModeHelper$1.run(LinearOpMode.java:305)
11-19 16:23:39.948  9534  9789 E LynxMotor: 	at com.qualcomm.robotcore.util.ThreadPool.logThreadLifeCycle(ThreadPool.java:737)
11-19 16:23:39.948  9534  9789 E LynxMotor: 	at com.qualcomm.robotcore.eventloop.opmode.LinearOpMode$LinearOpModeHelper.run(LinearOpMode.java:300)
11-19 16:23:39.949  9534  9789 E LynxMotor: 	at java.util.concurrent.ThreadPoolExecutor.runWorker(ThreadPoolExecutor.java:1133)
11-19 16:23:39.950  9534  9789 E LynxMotor: 	at java.util.concurrent.ThreadPoolExecutor$Worker.run(ThreadPoolExecutor.java:607)
11-19 16:23:39.950  9534  9789 E LynxMotor: 	at com.qualcomm.robotcore.util.ThreadPool$ThreadFactoryImpl$1.run(ThreadPool.java:793)
11-19 16:23:39.950  9534  9789 E LynxMotor: 	at java.lang.Thread.run(Thread.java:761)
11-19 16:23:39.974  9534  9780 V RobotCore: nack rec'd mod=2 msg#=31 ref#=0 reason=MOTOR_NOT_CONFIG_BEFORE_ENABLED:50
11-19 16:23:39.975  9534  9789 E LynxMotor: exception thrown during lynx communication
11-19 16:23:39.977  9534  9789 E LynxMotor: com.qualcomm.hardware.lynx.LynxNackException: (DQ1NE3V4 #2) LynxSetMotorChannelEnableCommand: nack received: MOTOR_NOT_CONFIG_BEFORE_ENABLED:50
11-19 16:23:39.978  9534  9789 E LynxMotor: 	at com.qualcomm.hardware.lynx.commands.LynxRespondable.throwIfNack(LynxRespondable.java:325)
11-19 16:23:39.978  9534  9789 E LynxMotor: 	at com.qualcomm.hardware.lynx.commands.LynxRespondable.send(LynxRespondable.java:239)
11-19 16:23:39.979  9534  9789 E LynxMotor: 	at com.qualcomm.hardware.lynx.LynxDcMotorController.internalSetMotorEnable(LynxDcMotorController.java:221)
11-19 16:23:39.979  9534  9789 E LynxMotor: 	at com.qualcomm.hardware.lynx.LynxDcMotorController.internalSetMotorPower(LynxDcMotorController.java:543)
11-19 16:23:39.980  9534  9789 E LynxMotor: 	at com.qualcomm.hardware.lynx.LynxDcMotorController.setMotorMode(LynxDcMotorController.java:373)
11-19 16:23:39.980  9534  9789 E LynxMotor: 	at com.qualcomm.robotcore.hardware.DcMotorImpl.internalSetMode(DcMotorImpl.java:322)
11-19 16:23:39.981  9534  9789 E LynxMotor: 	at com.qualcomm.robotcore.hardware.DcMotorImpl.setMode(DcMotorImpl.java:318)
11-19 16:23:39.981  9534  9789 E LynxMotor: 	at org.firstinspires.ftc.teamcode.LCHSTeleOp.runOpMode(LCHSTeleOp.java:265)
11-19 16:23:39.982  9534  9789 E LynxMotor: 	at com.qualcomm.robotcore.eventloop.opmode.LinearOpMode$LinearOpModeHelper$1.run(LinearOpMode.java:305)
11-19 16:23:39.982  9534  9789 E LynxMotor: 	at com.qualcomm.robotcore.util.ThreadPool.logThreadLifeCycle(ThreadPool.java:737)
11-19 16:23:39.983  9534  9789 E LynxMotor: 	at com.qualcomm.robotcore.eventloop.opmode.LinearOpMode$LinearOpModeHelper.run(LinearOpMode.java:300)
11-19 16:23:39.983  9534  9789 E LynxMotor: 	at java.util.concurrent.ThreadPoolExecutor.runWorker(ThreadPoolExecutor.java:1133)
11-19 16:23:39.984  9534  9789 E LynxMotor: 	at java.util.concurrent.ThreadPoolExecutor$Worker.run(ThreadPoolExecutor.java:607)
11-19 16:23:39.984  9534  9789 E LynxMotor: 	at com.qualcomm.robotcore.util.ThreadPool$ThreadFactoryImpl$1.run(ThreadPool.java:793)
11-19 16:23:39.984  9534  9789 E LynxMotor: 	at java.lang.Thread.run(Thread.java:761)
11-19 16:24:48.441  9534  9789 V LynxModule: retransmitting: mod=3 cmd=0x100f msg#=48 ref#=0 
11-19 16:24:48.643  9534  9779 E MonitoredUsbDeviceConnection: watchdog: stuck USB write(14 bytes) threadId=786 TID=9789:: serial=DQ1NE3V4 closing device
11-19 16:24:48.644  9534  9779 V FtDevice: vv********************DQ1NE3V4 closing********************vv 0x09d7aea2
11-19 16:24:48.644  9534  9779 V FtDevice: DQ1NE3V4 stopping thread readBufferManager
11-19 16:24:48.645  9534  9778 V FtDevice: DQ1NE3V4 thread readBufferManager is stopped
11-19 16:24:48.645  9534  9779 V FtDevice: DQ1NE3V4 stopping thread bulkPacketInWorker
11-19 16:24:48.646  9534  9783 V RobotCore: event loop: device has shutdown abnormally: ABNORMAL
11-19 16:24:48.647  9534  9783 V EventLoopManager: event loop: detaching device DQ1NE3V4
11-19 16:24:48.647  9534  9783 I FtcEventLoop: vv===== MODULE DETACH RECOVERY: disarm REV Robotics USB Expansion Hub Portal [DQ1NE3V4]=====vv
11-19 16:24:49.646  9534  9780 V LynxUsb : exception thrown in incoming datagram loop; ignored
11-19 16:24:49.651  9534  9780 E LynxUsb : org.firstinspires.ftc.robotcore.internal.usb.exception.RobotUsbStuckUsbWriteException: watchdog: stuck USB write(14 bytes): closed DQ1NE3V4
11-19 16:24:49.653  9534  9780 E LynxUsb : 	at org.firstinspires.ftc.robotcore.internal.ftdi.MonitoredUsbDeviceConnection$3.call(MonitoredUsbDeviceConnection.java:184)
11-19 16:24:49.654  9534  9780 E LynxUsb : 	at org.firstinspires.ftc.robotcore.internal.ftdi.MonitoredUsbDeviceConnection$3.call(MonitoredUsbDeviceConnection.java:161)
11-19 16:24:49.655  9534  9780 E LynxUsb : 	at org.firstinspires.ftc.robotcore.internal.system.WatchdogMonitor$Runner.run(WatchdogMonitor.java:243)
11-19 16:24:49.656  9534  9780 E LynxUsb : 	at java.util.concurrent.Executors$RunnableAdapter.call(Executors.java:428)
11-19 16:24:49.657  9534  9780 E LynxUsb : 	at java.util.concurrent.FutureTask.run(FutureTask.java:237)
11-19 16:24:49.657  9534  9780 E LynxUsb : 	at java.util.concurrent.ThreadPoolExecutor.runWorker(ThreadPoolExecutor.java:1133)
11-19 16:24:49.658  9534  9780 E LynxUsb : 	at java.util.concurrent.ThreadPoolExecutor$Worker.run(ThreadPoolExecutor.java:607)
11-19 16:24:49.660  9534  9780 E LynxUsb : 	at com.qualcomm.robotcore.util.ThreadPool$ThreadFactoryImpl$1.run(ThreadPool.java:793)
11-19 16:24:49.661  9534  9780 E LynxUsb : 	at java.lang.Thread.run(Thread.java:761)
11-19 16:24:49.661  9534  9780 V RobotCore: thread: ...terminating 'lynx incoming datagrams'
11-19 16:24:49.690  9789  9789 W com.qualcomm.ftcrobotcontroller: type=1400 audit(0.0:56): avc: denied { search } for uid=10151 comm=4C696E6561724F704D6F6465206D61 name="usb" dev="tmpfs" ino=7365 scontext=u:r:untrusted_app:s0:c512,c768 tcontext=u:object_r:usb_device:s0 tclass=dir permissive=0
11-19 16:24:49.693  9534  9779 V MonitoredUsbDeviceConnection: closing UsbDeviceConnection(DQ1NE3V4)
11-19 16:24:49.693  9534  9779 D UsbDeviceConnectionJNI: close
11-19 16:24:49.694  9534  9779 V FtDevice: ^^********************DQ1NE3V4 closed ********************^^
11-19 16:24:49.695  9534  9777 E BulkPacketInWorker: DQ1NE3V4: bulkTransfer() error: -1
11-19 16:24:49.695  9534  9777 V FtDevice: DQ1NE3V4 thread bulkPacketInWorker is stopped
11-19 16:24:49.696  9534  9789 E LynxUsb : exception thrown in LynxUsbDevice.transmit
11-19 16:24:49.697  9534  9789 E LynxUsb : org.firstinspires.ftc.robotcore.internal.usb.exception.RobotUsbStuckUsbWriteException: watchdog: stuck USB write(14 bytes): closed DQ1NE3V4
11-19 16:24:49.698  9534  9789 E LynxUsb : 	at org.firstinspires.ftc.robotcore.internal.ftdi.MonitoredUsbDeviceConnection$3.call(MonitoredUsbDeviceConnection.java:184)
11-19 16:24:49.698  9534  9789 E LynxUsb : 	at org.firstinspires.ftc.robotcore.internal.ftdi.MonitoredUsbDeviceConnection$3.call(MonitoredUsbDeviceConnection.java:161)
11-19 16:24:49.699  9534  9789 E LynxUsb : 	at org.firstinspires.ftc.robotcore.internal.system.WatchdogMonitor$Runner.run(WatchdogMonitor.java:243)
11-19 16:24:49.699  9534  9789 E LynxUsb : 	at java.util.concurrent.Executors$RunnableAdapter.call(Executors.java:428)
11-19 16:24:49.700  9534  9789 E LynxUsb : 	at java.util.concurrent.FutureTask.run(FutureTask.java:237)
11-19 16:24:49.700  9534  9789 E LynxUsb : 	at java.util.concurrent.ThreadPoolExecutor.runWorker(ThreadPoolExecutor.java:1133)
11-19 16:24:49.701  9534  9789 E LynxUsb : 	at java.util.concurrent.ThreadPoolExecutor$Worker.run(ThreadPoolExecutor.java:607)
11-19 16:24:49.701  9534  9789 E LynxUsb : 	at com.qualcomm.robotcore.util.ThreadPool$ThreadFactoryImpl$1.run(ThreadPool.java:793)
11-19 16:24:49.701  9534  9789 E LynxUsb : 	at java.lang.Thread.run(Thread.java:761)
11-19 16:24:49.702  9534  9789 V RobotCore: timeout: abandoning waiting 250ms for ack: cmd=LynxSetMotorConstantPowerCommand mod=3 msg#=48
11-19 16:24:49.702  9534  9789 V RobotCore: nack rec'd mod=3 msg#=48 ref#=0 reason=ABANDONED_WAITING_FOR_ACK:257
11-19 16:24:49.703  9534  9789 W LynxMotor: LynxSetMotorConstantPowerCommand was abandoned waiting for ack
11-19 16:24:49.703  9534  9783 V LynxUsb : disarmDevice() serial=DQ1NE3V4...
11-19 16:24:49.704  9534  9783 V LynxUsb : shutting down incoming datagrams
11-19 16:24:49.705  9534  9783 V RobotUsbDeviceFtdi: closing DQ1NE3V4
11-19 16:24:49.705  9534  9783 V LynxUsb : ...done disarmDevice()
11-19 16:24:49.706  9534  9789 E RobotCore: lynx xmit lock: #### releasing ownerless message keyed lock: ignored: LynxGetMotorChannelModeCommand
11-19 16:24:49.706  9534  9783 I FtcEventLoop: ======= MODULE DETACH RECOVERY: pretend REV Robotics USB Expansion Hub Portal [DQ1NE3V4]=======
11-19 16:24:49.731  9534  9675 D RobotCore: system telemetry: key=$System$Warning$ msg="REV Robotics USB Expansion Hub Portal [DQ1NE3V4] detached"
11-19 16:24:49.782  9534  9690 V SoundInfo: construct(0x0fed3051)
11-19 16:24:49.826  9534  9689 I MediaCodec: (0x93412c80) init name(audio/raw) isType(1) encoder(0)
11-19 16:24:49.832  9534  9846 I MediaCodec: (0x93412c80) Component Allocated (OMX.google.raw.decoder)
11-19 16:24:49.833  9534  9689 I MediaCodec: (0x93412c80) configure surface(0x0) crypto(0x0) flags(0)
11-19 16:24:49.833  9534  9689 D MediaCodec: (0x93412c80) configure format: AMessage(what = 0x00000000) = {
11-19 16:24:49.833  9534  9689 D MediaCodec:       string mime = "audio/raw"
11-19 16:24:49.833  9534  9689 D MediaCodec:       int64_t durationUs = 1043650
11-19 16:24:49.833  9534  9689 D MediaCodec:       int32_t track-id = 1
11-19 16:24:49.833  9534  9689 D MediaCodec:       int32_t channel-count = 2
11-19 16:24:49.833  9534  9689 D MediaCodec:       int32_t sample-rate = 44100
11-19 16:24:49.833  9534  9689 D MediaCodec:       int32_t channel-mask = 0
11-19 16:24:49.833  9534  9689 D MediaCodec:       int32_t pcm-encoding = 2
11-19 16:24:49.833  9534  9689 D MediaCodec:     }
11-19 16:24:49.834  9534  9689 I MediaCodec: (0x93412c80) start
11-19 16:24:49.837  9534  9846 I MediaCodec: (0x93412c80) input buffers allocated
11-19 16:24:49.838  9534  9846 I MediaCodec: (0x93412c80) numBuffers (4)
11-19 16:24:49.838  9534  9846 I MediaCodec: (0x93412c80) output buffers allocated
11-19 16:24:49.838  9534  9846 I MediaCodec: (0x93412c80) numBuffers (4)
11-19 16:24:49.843  9534  9846 D MediaCodec: (0x93412c80) [OMX.google.raw.decoder] output format changed to: AMessage(what = 0x00000000) = {
11-19 16:24:49.843  9534  9846 D MediaCodec:       string mime = "audio/raw"
11-19 16:24:49.843  9534  9846 D MediaCodec:       int32_t channel-count = 2
11-19 16:24:49.843  9534  9846 D MediaCodec:       int32_t sample-rate = 44100
11-19 16:24:49.843  9534  9846 D MediaCodec:       int32_t pcm-encoding = 2
11-19 16:24:49.843  9534  9846 D MediaCodec:       int32_t bit-width = 16
11-19 16:24:49.843  9534  9846 D MediaCodec:       int32_t channel-mask = 0
11-19 16:24:49.843  9534  9846 D MediaCodec:     }
11-19 16:24:49.865  9534  9689 I MediaCodec: (0x93412c80) stop
11-19 16:24:49.869  9534  9689 I MediaCodec: (0x93412c80) release
11-19 16:24:49.872  9534  9555 D SoundPlayer: onLoadComplete(samp=3|ms=1044, samp=3)=0
11-19 16:24:49.874  9534  9690 W AudioTrack: AUDIO_OUTPUT_FLAG_FAST denied by client; transfer 4, track 44100 Hz, output 48000 Hz
11-19 16:24:49.878  9534  9690 D SoundPlayer: playing volume=1.000000 samp=3|ms=1044
11-19 16:24:49.886  9534  9686 V Robocol : sending CMD_PLAY_SOUND(4108), attempt: 0
11-19 16:24:49.957  9534  9789 V RobotCore: timeout: abandoning waiting 250ms for response: cmd=LynxGetMotorChannelModeCommand mod=2 msg#=0
11-19 16:24:49.957  9534  9789 V RobotCore: nack rec'd mod=2 msg#=0 ref#=0 reason=ABANDONED_WAITING_FOR_RESPONSE:256
11-19 16:24:49.958  9534  9789 W LynxMotor: LynxGetMotorChannelModeCommand was abandoned waiting for response
11-19 16:24:50.209  9534  9789 V RobotCore: timeout: abandoning waiting 250ms for response: cmd=LynxGetMotorChannelModeCommand mod=2 msg#=0
11-19 16:24:50.210  9534  9789 V RobotCore: nack rec'd mod=2 msg#=0 ref#=0 reason=ABANDONED_WAITING_FOR_RESPONSE:256
11-19 16:24:50.211  9534  9789 W LynxMotor: LynxGetMotorChannelModeCommand was abandoned waiting for response
11-19 16:24:50.462  9534  9789 V RobotCore: timeout: abandoning waiting 250ms for ack: cmd=LynxSetMotorConstantPowerCommand mod=2 msg#=0
11-19 16:24:50.463  9534  9789 V RobotCore: nack rec'd mod=2 msg#=0 ref#=0 reason=ABANDONED_WAITING_FOR_ACK:257
11-19 16:24:50.464  9534  9789 W LynxMotor: LynxSetMotorConstantPowerCommand was abandoned waiting for ack
11-19 16:24:50.465  9534  9783 V LynxUsb : doPretend() serial=DQ1NE3V4
11-19 16:24:50.715  9534  9789 V RobotCore: timeout: abandoning waiting 250ms for response: cmd=LynxGetMotorEncoderPositionCommand mod=2 msg#=0
11-19 16:24:50.716  9534  9789 V RobotCore: nack rec'd mod=2 msg#=0 ref#=0 reason=ABANDONED_WAITING_FOR_RESPONSE:256
11-19 16:24:50.717  9534  9789 W LynxMotor: LynxGetMotorEncoderPositionCommand was abandoned waiting for response
11-19 16:24:50.720  9534  9783 I FtcEventLoop: ^^===== MODULE DETACH RECOVERY: complete REV Robotics USB Expansion Hub Portal [DQ1NE3V4]=====^^
11-19 16:24:50.773  9534  9534 V FtDeviceManager: ACTION_USB_DEVICE_DETACHED: /dev/bus/usb/001/003
11-19 16:24:51.631  9534  9534 V FtDeviceManager: ACTION_USB_DEVICE_ATTACHED: /dev/bus/usb/001/004
11-19 16:24:51.631  9534  9534 V FtDeviceManager: addOrUpdateUsbDevice(vid=0x0403 pid=0x6015)
11-19 16:24:51.726  9534  9534 V FtDevice: initialize(vid=0x0403 pid=0x6015 bcdDevice=0x1000)
11-19 16:24:51.727  9534  9534 V MonitoredUsbDeviceConnection: closing UsbDeviceConnection(DQ1NE3V4)
11-19 16:24:51.727  9534  9534 D UsbDeviceConnectionJNI: close
11-19 16:24:51.727  9534  9534 V MonitoredUsbDeviceConnection: closing UsbDeviceConnection(DQ1NE3V4)
11-19 16:24:51.727  9534  9534 D UsbDeviceConnectionJNI: close
11-19 16:24:51.727  9534  9534 V RCActivity: onPause()
11-19 16:24:51.728  9534  9534 V RCActivity: ACTION_USB_DEVICE_ATTACHED: /dev/bus/usb/001/004
11-19 16:24:51.729  9534  9534 V RCActivity: onResume()
11-19 16:24:51.732  9534  9783 I FtcEventLoop: vv===== MODULE ATTACH: disarm REV Robotics USB Expansion Hub Portal [DQ1NE3V4]=====vv
11-19 16:24:51.732  9534  9783 V LynxUsb : disarmDevice() serial=DQ1NE3V4...
11-19 16:24:51.733  9534  9783 V LynxUsb : ...done disarmDevice()
11-19 16:24:51.733  9534  9783 I FtcEventLoop: ======= MODULE ATTACH: arm or pretend REV Robotics USB Expansion Hub Portal [DQ1NE3V4]=======
11-19 16:24:51.734  9534  9783 V LynxUsb : clearing extant global warning: "REV Robotics USB Expansion Hub Portal [DQ1NE3V4] detached"
11-19 16:24:51.736  9534  9783 V FtDeviceManager: createDeviceInfoList(): 1 USB devices
11-19 16:24:51.740  9534  9783 V FtDevice: vv********************DQ1NE3V4 opening********************vv 0x03daa253
11-19 16:24:51.741  9534  9783 V FtDevice: ^^********************DQ1NE3V4 opened ********************^^
11-19 16:24:51.741  9534  9783 V FtDevice: resetting DQ1NE3V4
11-19 16:24:51.746  9534  9783 V LynxUsb : armDevice() serial=DQ1NE3V4...
11-19 16:24:51.749  9534  9783 V LynxModule: pingAndQueryKnownInterfaces mod=2
11-19 16:24:51.749  9534  9872 V RobotCore: thread: 'lynx incoming datagrams' starting...
11-19 16:24:51.752  9534  9872 V LynxUsb : synchronization gained: serial=DQ1NE3V4
11-19 16:24:51.756  9534  9783 V LynxModule: mod#=2 queryInterface(DEKA)=54 commands starting at 4096
11-19 16:24:51.771  9534  9783 V LynxModule: sendLEDPatternSteps(): #steps=6
11-19 16:24:51.773  9534  9781 V LynxModule: received status: LynxGetModuleStatusResponse(status=0x05 alerts=0x00: KeepAliveTimeout|FailSafe)
11-19 16:24:51.773  9534  9781 V LynxModule: resendCurrentPattern()
11-19 16:24:51.773  9534  9781 V LynxModule: sendLEDPatternSteps(): #steps=6
11-19 16:24:51.784  9534  9783 V LynxModule: pingAndQueryKnownInterfaces mod=3
11-19 16:24:51.792  9534  9783 V LynxModule: mod#=3 queryInterface(DEKA)=54 commands starting at 4096
11-19 16:24:51.807  9534  9783 V LynxModule: sendLEDPatternSteps(): #steps=8
11-19 16:24:51.810  9534  9675 D RobotCore: system telemetry: key=$System$None$ msg=""
11-19 16:24:51.811  9534  9782 V LynxModule: received status: LynxGetModuleStatusResponse(status=0x05 alerts=0x00: KeepAliveTimeout|FailSafe)
11-19 16:24:51.811  9534  9782 V LynxModule: resendCurrentPattern()
11-19 16:24:51.811  9534  9782 V LynxModule: sendLEDPatternSteps(): #steps=8
11-19 16:24:51.832  9534  9783 V LynxUsb : ...done armDevice()
11-19 16:24:51.984  9534  9789 V RobotCore: timeout: abandoning waiting 250ms for response: cmd=LynxGetMotorChannelModeCommand mod=3 msg#=0
11-19 16:24:51.985  9534  9789 V RobotCore: nack rec'd mod=3 msg#=0 ref#=0 reason=ABANDONED_WAITING_FOR_RESPONSE:256
11-19 16:24:51.985  9534  9789 W LynxMotor: LynxGetMotorChannelModeCommand was abandoned waiting for response
11-19 16:24:52.236  9534  9789 V RobotCore: timeout: abandoning waiting 250ms for ack: cmd=LynxSetMotorConstantPowerCommand mod=3 msg#=0
11-19 16:24:52.236  9534  9789 V RobotCore: nack rec'd mod=3 msg#=0 ref#=0 reason=ABANDONED_WAITING_FOR_ACK:257
11-19 16:24:52.237  9534  9789 W LynxMotor: LynxSetMotorConstantPowerCommand was abandoned waiting for ack
11-19 16:24:52.487  9534  9789 V RobotCore: timeout: abandoning waiting 250ms for response: cmd=LynxGetMotorChannelModeCommand mod=3 msg#=0
11-19 16:24:52.488  9534  9789 V RobotCore: nack rec'd mod=3 msg#=0 ref#=0 reason=ABANDONED_WAITING_FOR_RESPONSE:256
11-19 16:24:52.488  9534  9789 W LynxMotor: LynxGetMotorChannelModeCommand was abandoned waiting for response
11-19 16:24:52.739  9534  9789 V RobotCore: timeout: abandoning waiting 250ms for response: cmd=LynxGetMotorChannelModeCommand mod=3 msg#=0
