11-19 16:20:51.547  7924  8792 V RobotCore: Robot Status: initializing, starting robot
11-19 16:20:51.547  7924  8792 I FtcEventLoop: ======= INIT START =======
11-19 16:20:51.548  7924  8792 V OpmodeRegistration: registered {DefaultOpMode} as {$Stop$Robot$}
11-19 16:20:51.552  7924  8792 V FileBasedLock: locked /storage/emulated/0/FIRST/blocks/projectslock/lock.dat
11-19 16:20:51.554  7924  8792 V FileBasedLock: unlocking /storage/emulated/0/FIRST/blocks/projectslock/lock.dat
11-19 16:20:51.557  7924  8792 V OpmodeRegistration: registered {LeftCoop} as {Auto Left Coop}
11-19 16:20:51.558  7924  8792 V OpmodeRegistration: registered {LCHSAcceleration} as {LCHSAcceleration}
11-19 16:20:51.558  7924  8792 V OpmodeRegistration: registered {RightCoop} as {Auto Right Coop}
11-19 16:20:51.559  7924  8792 V OpmodeRegistration: registered {LCHSTensorFlow} as {Concept: TensorFlow Object Detection}
11-19 16:20:51.560  7924  8792 V OpmodeRegistration: registered {LCHSTeleOp} as {LCHS TeleOp}
11-19 16:20:51.561  7924  8792 V OpmodeRegistration: registered {Test} as {Auto Test}
11-19 16:20:51.562  7924  8792 V OpmodeRegistration: registered {ConceptVuforiaNavRoverRuckus} as {Vuforia Rover Nav}
11-19 16:20:51.563  7924  8792 V OpmodeRegistration: registered {CalibrateDevices} as {Calibrate Devices}
11-19 16:20:51.566  7924  8016 V Robocol : sending CMD_NOTIFY_ROBOT_STATE(19453), attempt: 0
11-19 16:20:51.567  7924  8016 V Robocol : sending CMD_NOTIFY_ROBOT_STATE(19454), attempt: 0
11-19 16:20:51.568  7924  8016 V Robocol : sending CMD_NOTIFY_ACTIVE_CONFIGURATION(19455), attempt: 0
11-19 16:20:51.587  7924  8792 V HardwareFactory: createHardwareMap()
11-19 16:20:51.587  7924  8792 V WifiDirectInviteMonitor: clearUILynxModule()
11-19 16:20:51.598  7924  8792 V RobotCore: Creating REV Robotics USB Expansion Hub Portal [DQ1NE3V4]
11-19 16:20:51.599  7924  8792 V LynxUsb : creating new [DQ1NE3V4]: 0x049a94e3
11-19 16:20:51.600  7924  8792 V FtDeviceManager: createDeviceInfoList(): 0 USB devices
11-19 16:20:51.600  7924  8792 W System.err: unable to open lynx USB device DQ1NE3V4: FTDI driver failed to open USB device with serial number DQ1NE3V4 (returned null device)
11-19 16:20:51.601  7924  8792 E LynxUsb : exception RobotCoreException(unable to open lynx USB device DQ1NE3V4: FTDI driver failed to open USB device with serial number DQ1NE3V4 (returned null device)): exception arming DQ1NE3V4 [com.qualcomm.hardware.lynx.LynxUsbUtil.logMessageAndThrow(LynxUsbUtil.java:92)]
11-19 16:20:51.601  7924  8792 V LynxUsb : doPretend() serial=DQ1NE3V4
11-19 16:20:51.601  7924  8792 V LynxUsb : 0x09c0bee0 on 0x049a94e3: new delegate to [DQ1NE3V4]
11-19 16:20:51.602  7924  8792 V RobotCore: Creating Lynx Module - mod=2 parent=false
11-19 16:20:51.605  7924  8792 V RobotCore: Creating Lynx Module - mod=3 parent=false
11-19 16:20:51.606  7924  8792 V LynxUsb : addConfiguredModule() module#=2
11-19 16:20:51.606  7924  8016 V Robocol : sending CMD_NOTIFY_USER_DEVICE_LIST(19457), attempt: 0
11-19 16:20:51.606  7924  8792 V LynxModule: pingAndQueryKnownInterfaces mod=2
11-19 16:20:51.606  7924  8792 V LynxModule: mod#=2 queryInterface(DEKA)=0 commands starting at 0
11-19 16:20:51.607  7924  8792 V LynxModule: mod#=2 intf=DEKA: expected 54 commands; found 0
11-19 16:20:51.607  7924  8792 V LynxModule: sendLEDPatternSteps(): #steps=6
11-19 16:20:51.608  7924  8016 V Robocol : sending CMD_NOTIFY_OP_MODE_LIST(19458), attempt: 0
11-19 16:20:51.609  7924  8792 V LynxUsb : addConfiguredModule() module#=3
11-19 16:20:51.609  7924  8792 V LynxModule: pingAndQueryKnownInterfaces mod=3
11-19 16:20:51.611  7924  8792 V LynxModule: mod#=3 queryInterface(DEKA)=0 commands starting at 0
11-19 16:20:51.611  7924  8792 V LynxModule: mod#=3 intf=DEKA: expected 54 commands; found 0
11-19 16:20:51.612  7924  8792 V LynxModule: sendLEDPatternSteps(): #steps=8
11-19 16:20:51.613  7924  8008 D RobotCore: system telemetry: key=$System$Warning$ msg="unable to open REV Robotics USB Expansion Hub Portal [DQ1NE3V4]"
11-19 16:20:51.614  7924  8792 V LynxMotor: initializeHardware() mod#=2
11-19 16:20:51.616  7924  8792 V RobotCore: DcMotorImpl(type=NeveRest60Gearmotor)
11-19 16:20:51.616  7924  8792 V RobotCore: DcMotorImpl(type=NeveRest20Gearmotor)
11-19 16:20:51.617  7924  8792 V RobotCore: DcMotorImpl(type=NeveRest20Gearmotor)
11-19 16:20:51.617  7924  8792 V RobotCore: DcMotorImpl(type=NeveRest40Gearmotor)
11-19 16:20:51.618  7924  8792 V LynxServoController: initializeHardware() mod#=2
11-19 16:20:51.619  7924  8792 V LynxVoltageSensor: initializeHardware() mod#=2
11-19 16:20:51.620  7924  8792 V LynxPwmOutputController: initializeHardware() mod#=2
11-19 16:20:51.622  7924  8792 V LynxAnalogInputController: initializeHardware() mod#=2
11-19 16:20:51.622  7924  8019 D SoundPlayer: playing volume=1.000000 samp=3|ms=1044
11-19 16:20:51.622  7924  8792 V LynxDigitalChannelController: initializeHardware() mod#=2
11-19 16:20:51.623  7924  8792 V RobotCore: Creating user sensor REV Expansion Hub IMU - on Lynx module=2 bus=0
11-19 16:20:51.623  7924  8792 V RobotCore: Creating I2cDeviceSynch (Lynx) - mod=2 bus=0
11-19 16:20:51.623  7924  8792 I RobotCore: LynxFirmwareVersionManager: LynxI2cDeviceSynchV1
11-19 16:20:51.624  7924  8792 V LynxI2cDeviceSynch: initializeHardware() mod#=2
11-19 16:20:51.626  7924  8792 V LynxMotor: initializeHardware() mod#=3
11-19 16:20:51.631  7924  8792 V RobotCore: DcMotorImpl(type=NeveRest40Gearmotor)
11-19 16:20:51.632  7924  8792 V RobotCore: DcMotorImpl(type=NeveRest40Gearmotor)
11-19 16:20:51.632  7924  8792 V RobotCore: DcMotorImpl(type=NeveRest40Gearmotor)
11-19 16:20:51.632  7924  8792 V RobotCore: DcMotorImpl(type=NeveRest40Gearmotor)
11-19 16:20:51.633  7924  8792 V LynxServoController: initializeHardware() mod#=3
11-19 16:20:51.635  7924  8792 V LynxVoltageSensor: initializeHardware() mod#=3
11-19 16:20:51.636  7924  8792 V LynxPwmOutputController: initializeHardware() mod#=3
11-19 16:20:51.637  7924  8792 V LynxAnalogInputController: initializeHardware() mod#=3
11-19 16:20:51.637  7924  8792 V RobotCore: Creating Analog Sensor - Type: Analog Input - Port: 1
11-19 16:20:51.638  7924  8792 V LynxDigitalChannelController: initializeHardware() mod#=3
11-19 16:20:51.640  7924  8792 V RobotCore: Creating user sensor REV Expansion Hub IMU - on Lynx module=3 bus=0
11-19 16:20:51.640  7924  8792 V RobotCore: Creating I2cDeviceSynch (Lynx) - mod=3 bus=0
11-19 16:20:51.640  7924  8792 I RobotCore: LynxFirmwareVersionManager: LynxI2cDeviceSynchV1
11-19 16:20:51.640  7924  8792 V LynxI2cDeviceSynch: initializeHardware() mod#=3
11-19 16:20:51.641  7924  8792 I RobotCore: ========= Device Information ===================================================
11-19 16:20:51.642  7924  8792 I RobotCore: Type                                               Name                           Connection
11-19 16:20:51.643  7924  8792 I RobotCore: Analog Input                                       tilt_switch                    USB DQ1NE3V4; module 3; analog port 1
11-19 16:20:51.644  7924  8792 I RobotCore: Motor                                              left_back                      USB DQ1NE3V4; module 3; port 3
11-19 16:20:51.645  7924  8792 I RobotCore: Motor                                              intake_right                   USB DQ1NE3V4; module 2; port 3
11-19 16:20:51.646  7924  8792 I RobotCore: Motor                                              right_back                     USB DQ1NE3V4; module 3; port 2
11-19 16:20:51.647  7924  8016 V Robocol : sending CMD_PLAY_SOUND(19464), attempt: 0
11-19 16:20:51.647  7924  8792 I RobotCore: Servo                                              gate_right                     USB DQ1NE3V4; module 3; port 2
11-19 16:20:51.647  7924  8792 I RobotCore: Motor                                              tilt                           USB DQ1NE3V4; module 2; port 0
11-19 16:20:51.648  7924  8792 I RobotCore: Servo                                              hook                           USB DQ1NE3V4; module 3; port 0
11-19 16:20:51.648  7924  8792 I RobotCore: Motor                                              left_front                     USB DQ1NE3V4; module 3; port 0
11-19 16:20:51.648  7924  8792 I RobotCore: Servo                                              gate_left                      USB DQ1NE3V4; module 3; port 1
11-19 16:20:51.649  7924  8792 I RobotCore: Expansion Hub DC Motor Controller                  Expansion Hub 2                USB DQ1NE3V4; module 2
11-19 16:20:51.649  7924  8792 I RobotCore: Expansion Hub Servo Controller                     Expansion Hub 2                USB DQ1NE3V4; module 2
11-19 16:20:51.650  7924  8792 I RobotCore: Expansion Hub Voltage Sensor                       Expansion Hub 2                USB DQ1NE3V4; module 2
11-19 16:20:51.650  7924  8792 I RobotCore: Expansion Hub Pwm Controller                       Expansion Hub 2                USB DQ1NE3V4; module 2
11-19 16:20:51.650  7924  8792 I RobotCore: Expansion Hub Analog Input Controller              Expansion Hub 2                USB DQ1NE3V4; module 2
11-19 16:20:51.650  7924  8792 I RobotCore: Expansion Hub Digital Channel Controller           Expansion Hub 2                USB DQ1NE3V4; module 2
11-19 16:20:51.651  7924  8792 I RobotCore: Expansion Hub (firmware version unavailable)       Expansion Hub 2                USB DQ1NE3V4; module 2
11-19 16:20:51.651  7924  8792 I RobotCore: Expansion Hub DC Motor Controller                  Expansion Hub 3                USB DQ1NE3V4; module 3
11-19 16:20:51.652  7924  8792 I RobotCore: Expansion Hub Servo Controller                     Expansion Hub 3                USB DQ1NE3V4; module 3
11-19 16:20:51.652  7924  8792 I RobotCore: Expansion Hub Voltage Sensor                       Expansion Hub 3                USB DQ1NE3V4; module 3
11-19 16:20:51.652  7924  8792 I RobotCore: Expansion Hub Pwm Controller                       Expansion Hub 3                USB DQ1NE3V4; module 3
11-19 16:20:51.653  7924  8792 I RobotCore: Expansion Hub Analog Input Controller              Expansion Hub 3                USB DQ1NE3V4; module 3
11-19 16:20:51.653  7924  8792 I RobotCore: Expansion Hub Digital Channel Controller           Expansion Hub 3                USB DQ1NE3V4; module 3
11-19 16:20:51.653  7924  8792 I RobotCore: Expansion Hub (firmware version unavailable)       Expansion Hub 3                USB DQ1NE3V4; module 3
11-19 16:20:51.654  7924  8792 I RobotCore: REV Expansion Hub IMU                              imu                            USB DQ1NE3V4; module 2; bus 0; addr7=0x00
11-19 16:20:51.654  7924  8792 I RobotCore: Motor                                              intake_left                    USB DQ1NE3V4; module 2; port 2
11-19 16:20:51.655  7924  8792 I RobotCore: Motor                                              right_front                    USB DQ1NE3V4; module 3; port 1
11-19 16:20:51.655  7924  8792 I RobotCore: REV Robotics USB Expansion Hub Portal              Expansion Hub Portal 1         USB DQ1NE3V4
11-19 16:20:51.655  7924  8792 I RobotCore: Motor                                              boom                           USB DQ1NE3V4; module 2; port 1
11-19 16:20:51.656  7924  8792 I RobotCore: REV Expansion Hub IMU                              imu 1                          USB DQ1NE3V4; module 3; bus 0; addr7=0x00
11-19 16:20:51.656  7924  8792 I FtcEventLoop: ======= INIT FINISH =======
11-19 16:20:51.656  7924  8792 V RobotCore: EventLoopManager state is RUNNING
11-19 16:20:51.656  7924  8792 V RobotCore: Robot Status: running, starting robot
11-19 16:20:51.657  7924  8792 V RobotCore: Robot Status: running
11-19 16:20:51.663  7924  8792 V RobotCore: thread: ...terminating 'RobotSetupRunnable.run()'
11-19 16:20:51.664  7924  8804 V RobotCore: thread: 'opmode loop()' starting...
11-19 16:20:51.686  7924  8016 V Robocol : sending CMD_NOTIFY_ROBOT_STATE(19465), attempt: 0
11-19 16:20:51.687  7924  8016 V Robocol : sending CMD_SHOW_TOAST(19466), attempt: 0
11-19 16:20:52.171  7924  8804 I RobotCore: Attempting to switch to op mode $Stop$Robot$
11-19 16:20:52.206  7924  8016 V Robocol : sending CMD_NOTIFY_INIT_OP_MODE(19479), attempt: 0
11-19 16:20:52.251  7924  8008 V Robocol : received command: CMD_RUN_OP_MODE(16218) $Stop$Robot$
11-19 16:20:52.286  7924  8016 V Robocol : sending CMD_NOTIFY_RUN_OP_MODE(19485), attempt: 0
11-19 16:20:52.298  7924  7924 V AppUtil : rootActivity=FtcRobotControllerActivity destroyed
11-19 16:20:52.298  7924  7924 V RCActivity: onDestroy()
11-19 16:20:52.298  7924  7924 V Robocol : EventLoopManager.shutdown()
11-19 16:20:52.299  7924  8804 V RobotCore: EventLoopRunnable interrupted
11-19 16:20:52.299  7924  8804 V RobotCore: EventLoopManager state is STOPPED
11-19 16:20:52.299  7924  8804 V RobotCore: Robot Status: stopped
11-19 16:20:52.300  7924  8804 I FtcEventLoop: ======= TEARDOWN =======
11-19 16:20:52.307  7924  8804 V LynxUsb : 0x09c0bee0 on 0x049a94e3: releasing delegate to [DQ1NE3V4]
11-19 16:20:52.308  7924  8804 V LynxModule: close(#2)
11-19 16:20:52.308  7924  8804 V LynxModule: close(#3)
11-19 16:20:52.310  7924  8804 V LynxUsb : disarmDevice() serial=DQ1NE3V4...
11-19 16:20:52.329  7924  8016 V Robocol : sending CMD_NOTIFY_ROBOT_STATE(19487), attempt: 0
11-19 16:20:52.332  7924  8008 D RobotCore: system telemetry: key=$System$None$ msg=""
11-19 16:20:52.340  7924  8804 I FtcEventLoop: ======= TEARDOWN COMPLETE =======
11-19 16:20:52.340  7924  8804 V RobotCore: thread: ...terminating 'opmode loop()'
11-19 16:20:52.341  7924  7924 V RobotCore: EventLoopManager state is STOPPED
11-19 16:20:52.347  7924  7924 V NetDiscover_prefremrc: doStop()...
11-19 16:20:52.348  7924  7924 V NetDiscover_prefremrc: ...doStop()
11-19 16:20:52.348  7924  7924 V NetDiscover_name: doStop()...
11-19 16:20:52.349  7924  7924 V NetDiscover_name: ...doStop()
11-19 16:20:52.351  7924  7924 V ServiceStarter: attempting to stop service FtcRobotControllerWatchdogService
11-19 16:20:52.367  7924  8016 V Robocol : sending CMD_NOTIFY_ROBOT_STATE(19490), attempt: 0
11-19 16:20:52.665  7924  8034 W AudioTrack: AUDIO_OUTPUT_FLAG_FAST denied by client; transfer 4, track 8000 Hz, output 48000 Hz
11-19 16:20:52.668  7924  8034 D SoundPlayer: playing volume=1.000000 samp=2|ms=1019
11-19 16:20:52.686  7924  8016 V Robocol : sending CMD_PLAY_SOUND(19495), attempt: 0
--------- beginning of main
11-19 16:20:52.861  7924  7941 I RobotCore: Done running exec logcat -f /storage/emulated/0/robotControllerLog.txt -r4096 -n4 -v threadtime UsbRequestJNI:S UsbRequest:S art:W ThreadPool:W System:W ExtendedExtractor:W OMXClient:W MediaPlayer:W dalvikvm:W  *:V
11-19 16:20:52.861  7924  7924 V RobotCore: Waiting for the logcat process to die.
11-19 16:20:52.862  7924  7941 E RobotCore: java.io.IOException: Stream closed
11-19 16:20:52.863  7924  7941 E RobotCore: 	at java.io.BufferedInputStream.getBufIfOpen(BufferedInputStream.java:162)
11-19 16:20:52.864  7924  7941 E RobotCore: 	at java.io.BufferedInputStream.read(BufferedInputStream.java:325)
11-19 16:20:52.864  7924  7941 E RobotCore: 	at java.io.FilterInputStream.read(FilterInputStream.java:107)
11-19 16:20:52.865  7924  7941 E RobotCore: 	at com.qualcomm.robotcore.util.RunShellCommand.runCommand(RunShellCommand.java:103)
11-19 16:20:52.865  7924  7941 E RobotCore: 	at com.qualcomm.robotcore.util.RunShellCommand.run(RunShellCommand.java:71)
11-19 16:20:52.866  7924  7941 E RobotCore: 	at com.qualcomm.robotcore.util.RobotLog$LoggingThread.run(RobotLog.java:72)
11-19 16:20:52.866  7924  7941 E RobotCore: 	at com.qualcomm.robotcore.util.RobotLog$1.run(RobotLog.java:576)
11-19 16:20:52.885  7924  7924 V OnBotJavaService: onTaskRemoved()
11-19 16:20:52.885  7924  7924 V MTPMonitorService: onTaskRemoved()
11-19 16:20:52.887  7924  7924 V FTCService: onUnbind()
11-19 16:20:52.887  7924  7924 V WifiDirect: There are 1 Wifi Direct Assistant Clients (-)
11-19 16:20:52.888  7924  7924 V Robocol : EventLoopManager.close()
11-19 16:20:52.888  7924  7924 I SetupRunnable: Shutting down setup and receive loop
11-19 16:20:52.931  7924  8008 V RobotCore: thread: ...terminating 'RecvLoopRunnable.run()'
11-19 16:20:52.932  7924  7924 V PeerDiscovery: Stopping peer discovery
11-19 16:20:52.933  7924  7924 D Robocol : RobocolDatagramSocket is closed
11-19 16:20:52.933  7924  7924 V FTCService: onDestroy()
11-19 16:20:52.934  7924  7924 V WebServer: stopping port=8080
11-19 16:20:52.937  7924  7924 V WifiDirect: There are 0 Wifi Direct Assistant Clients (-)
11-19 16:20:52.937  7924  7924 V WifiDirect: Disabling Wifi Direct Assistant
11-19 16:20:52.939  7924  7924 V WifiDirectInviteMonitor: stopMonitoring()
11-19 16:20:52.942  7924  7924 V WebServer: stopped port=8080
11-19 16:20:52.943  7924  7924 V FtcRobotControllerWatchdogService: onDestroy()
11-19 16:21:06.008  8941  8941 V AppUtil : initializing: getExternalStorageDirectory()=/storage/emulated/0
11-19 16:21:06.011  8941  8941 I AppUtil : found usbFileSystemRoot: /dev/bus/usb
11-19 16:21:06.020  8941  8956 V RobotCore: saving logcat to /storage/emulated/0/robotControllerLog.txt
11-19 16:21:06.020  8941  8956 V RobotCore: logging command line: exec logcat -f /storage/emulated/0/robotControllerLog.txt -r4096 -n4 -v threadtime UsbRequestJNI:S UsbRequest:S art:W ThreadPool:W System:W ExtendedExtractor:W OMXClient:W MediaPlayer:W dalvikvm:W  *:V
11-19 16:21:06.021  8941  8941 V ServiceStarter: attempting to start service MediaTransferProtocolMonitorService
11-19 16:21:06.024  8941  8941 V ServiceStarter: started service MediaTransferProtocolMonitorService
11-19 16:21:06.024  8941  8941 V ServiceStarter: attempting to start service OnBotJavaService
11-19 16:21:06.029  8941  8941 V ServiceStarter: started service OnBotJavaService
11-19 16:21:06.039  8941  8941 V AppUtil : rootActivity=FtcRobotControllerActivity
11-19 16:21:06.040  8941  8941 V RCActivity: onCreate()
11-19 16:21:06.052  8941  8941 V RCActivity: rootActivity is of class FtcRobotControllerActivity
11-19 16:21:06.067  8941  8961 V CallbackLooper: thread=697
11-19 16:21:06.072  8941  8941 V NetDiscover_wifiDirectAgent: doStart()...
11-19 16:21:06.076  8941  8956 I RobotCore: Done running ps
11-19 16:21:06.082  8941  8961 V NetDiscover_wifiDirectAgent_bcast: wifiP2pEnabled=true
11-19 16:21:06.083  8941  8941 V NetDiscover_wifiDirectAgent: ...doStart()
11-19 16:21:06.084  8941  8941 V NetDiscover_name: doStart()...
11-19 16:21:06.085  8941  8941 V NetDiscover_name: ...doStart()
11-19 16:21:06.086  8941  8941 V NetDiscover_prefremrc: ----- all preferences -----
11-19 16:21:06.086  8941  8941 V NetDiscover_prefremrc: name='pref_app_version' value=unavailable
11-19 16:21:06.086  8941  8941 V NetDiscover_prefremrc: name='pref_wifip2p_groupowner_connectedto' value=
11-19 16:21:06.087  8941  8941 V NetDiscover_prefremrc: name='pref_network_protocol_version' value=unavailable
11-19 16:21:06.087  8941  8941 V NetDiscover_prefremrc: name='pref_has_speaker' value=true
11-19 16:21:06.087  8941  8961 D NetDiscover_wifiDirectAgent_bcast: connection changed: networkInfo.state=CONNECTED
11-19 16:21:06.087  8941  8941 V NetDiscover_prefremrc: name='pref_pairing_kind' value=WIFIDIRECT
11-19 16:21:06.087  8941  8961 V NetDiscover_wifiDirectAgent_bcast: NetworkInfo: [type: WIFI_P2P[], state: CONNECTED/CONNECTED, reason: (unspecified), extra: (none), failover: false, available: true, roaming: false, metered: false]
11-19 16:21:06.087  8941  8941 V NetDiscover_prefremrc: name='pref_has_independent_phone_battery' value=true
11-19 16:21:06.087  8941  8961 V NetDiscover_wifiDirectAgent_bcast: WifiP2pInfo: groupFormed: true isGroupOwner: true groupOwnerAddress: /192.168.49.1 mccMode: false
11-19 16:21:06.087  8941  8941 V NetDiscover_prefremrc: name='pref_app_theme' value=red
11-19 16:21:06.087  8941  8941 V NetDiscover_prefremrc: name='pref_wifip2p_remote_channel_change_works' value=true
11-19 16:21:06.087  8941  8941 V NetDiscover_prefremrc: name='pref_device_name' value=5921-A-RC
11-19 16:21:06.087  8941  8961 V NetDiscover_wifiDirectAgent_bcast: WifiP2pGroup: network: DIRECT-EF-5921-A-RC, isGO: true, GO: Device: , deviceAddress: cc:61:e5:17:31:21, primary type: null, secondary type: null, wps: 0, grpcapab: 0, devcapab: 0, status: 4, wfdInfo: WFD enabled: falseWFD DeviceInfo: 0, WFD CtrlPort: 0, WFD MaxThroughput: 0, level: 0, Client: Device: 5921-A-DS, deviceAddress: 68:c4:4d:43:43:6f, primary type: 10-0050F204-5, secondary type: null, wps: 392, grpcapab: 0, devcapab: 33, status: 0, wfdInfo: null, level: 60, interface: p2p0, networkId: 0
11-19 16:21:06.087  8941  8941 V NetDiscover_prefremrc: name='pref_hardware_config_filename' value={"isDirty":false,"location":"LOCAL_STORAGE","name":"two hubs","resourceId":0}
11-19 16:21:06.088  8941  8941 V NetDiscover_prefremrc: name='pref_network_connection_info' value=unavailable
11-19 16:21:06.088  8941  8941 V NetDiscover_prefremrc: name='pref_device_name_old' value=5921-A-RC
11-19 16:21:06.088  8941  8941 V NetDiscover_prefremrc: name='pref_build_time' value=unavailable
11-19 16:21:06.088  8941  8961 V NetDiscover_wifiDirectAgent_bcast: this device changed: Device=5921-A-RC deviceAddress=cc:61:e5:17:31:21 primary type=10-0050F204-5 secondary type=null wps=0 grpcapab=0 devcapab=0 status=0 wfdInfo=WFD enabled=falseWFD DeviceInfo=0 WFD CtrlPort=0 WFD MaxThroughput=0 level=0
11-19 16:21:06.088  8941  8941 V NetDiscover_prefremrc: name='pref_device_name_tracking' value=WIFIDIRECT
11-19 16:21:06.088  8941  8941 V NetDiscover_prefremrc: name='pref_sound_on_off' value=true
11-19 16:21:06.088  8941  8961 V NetDiscover_name: remembering wifiDirectName: 5921-A-RC...
11-19 16:21:06.088  8941  8941 V NetDiscover_prefremrc: name='pref_lib_version' value=unavailable
11-19 16:21:06.088  8941  8961 V NetDiscover_name: wifiDirectName=5921-A-RC
11-19 16:21:06.088  8941  8941 V NetDiscover_prefremrc: name='pref_rc_connected' value=true
11-19 16:21:06.089  8941  8941 V NetDiscover_prefremrc: doStart()...
11-19 16:21:06.089  8941  8961 V NetDiscover_name: ...remembering wifiDirectName
11-19 16:21:06.089  8941  8941 V NetDiscover_prefremrc: ...doStart()
11-19 16:21:06.089  8941  8961 V NetDiscover_wifiDirectAgent_bcast: p2p discoverPeers()=false
11-19 16:21:06.089  8941  8961 V NetDiscover_wifiDirectAgent_bcast: wifi direct remembered groups cleared
11-19 16:21:06.091  8941  8961 V NetDiscover_wifiDirectAgent_bcast: wifiState=ENABLED
11-19 16:21:06.092  8941  8961 V NetDiscover_wifiDirectAgent: found persistent group: DIRECT-0a-5921-A-RC
11-19 16:21:06.092  8941  8961 V NetDiscover_wifiDirectAgent: found persistent group: DIRECT-EF-5921-A-RC
11-19 16:21:06.100  8962  8962 W sh      : type=1400 audit(0.0:45): avc: denied { read } for uid=10151 name="/" dev="rootfs" ino=1 scontext=u:r:untrusted_app:s0:c512,c768 tcontext=u:object_r:rootfs:s0 tclass=dir permissive=0
11-19 16:21:06.139  8941  8941 D ApplicationLoaders: ignored Vulkan layer search path /data/app/com.google.android.webview-2/lib/arm:/data/app/com.google.android.webview-2/base.apk!/lib/armeabi-v7a for namespace 0xb0dae090
11-19 16:21:06.142  8941  8941 I WebViewFactory: Loading com.google.android.webview version 64.0.3282.137 (code 328213700)
11-19 16:21:06.180  8941  8941 I cr_LibraryLoader: Time to load native libraries: 2 ms (timestamps 2062-2064)
11-19 16:21:06.205  8941  8941 I chromium: [INFO:library_loader_hooks.cc(36)] Chromium logging enabled: level = 0, default verbosity = 0
11-19 16:21:06.205  8941  8941 I cr_LibraryLoader: Expected native library version number "64.0.3282.137", actual native library version number "64.0.3282.137"
11-19 16:21:06.252  8941  8941 I cr_BrowserStartup: Initializing chromium process, singleProcess=true
11-19 16:21:06.253  8941  8941 I cr_base : Android Locale: en_US requires .pak files: []
11-19 16:21:06.283  8941  8941 W robotcontroller: type=1400 audit(0.0:46): avc: denied { read } for uid=10151 name="gpuclk" dev="sysfs" ino=11560 scontext=u:r:untrusted_app:s0:c512,c768 tcontext=u:object_r:sysfs:s0 tclass=file permissive=0
11-19 16:21:06.283  8941  8941 I Adreno-EGL: <qeglDrvAPI_eglInitialize:379>: EGL 1.4 QUALCOMM build: Nondeterministic_AU_msm8916_32_LA.BR.1.2.9_RB1__release_AU (I750f7f2fa6)
11-19 16:21:06.283  8941  8941 I Adreno-EGL: OpenGL ES Shader Compiler Version: XE031.09.00.03
11-19 16:21:06.283  8941  8941 I Adreno-EGL: Build Date: 02/18/17 Sat
11-19 16:21:06.283  8941  8941 I Adreno-EGL: Local Branch: 
11-19 16:21:06.283  8941  8941 I Adreno-EGL: Remote Branch: quic/LA.BR.1.2.9_rb1.12
11-19 16:21:06.283  8941  8941 I Adreno-EGL: Local Patches: NONE
11-19 16:21:06.283  8941  8941 I Adreno-EGL: Reconstruct Branch: NOTHING
11-19 16:21:06.288  8941  8941 W Adreno-ES20: <get_gpu_clk:229>: open failed: errno 13
11-19 16:21:06.336  8941  8976 E chromium: [ERROR:instance.cc(49)] Unable to locate service manifest for metrics
11-19 16:21:06.336  8941  8976 E chromium: [ERROR:service_manager.cc(890)] Failed to resolve service name: metrics
11-19 16:21:06.431  8941  8941 V OnBotJava: OnBotJavaManager::static
11-19 16:21:06.721  8941  8941 W art     : Found duplicate classes, falling back to interpreter mode for /data/app/com.qualcomm.ftcrobotcontroller-2/base.apk
11-19 16:21:06.722  8941  8941 W art     : Found duplicated class when checking oat files: 'Landroid/support/annotation/Keep;' in /data/app/com.qualcomm.ftcrobotcontroller-2/base.apk and /data/app/com.google.android.webview-2/base.apk
11-19 16:21:07.368  8941  8941 V OnBotJava: getCurrentOutputJarDir() unavailable
11-19 16:21:07.369  8941  8941 V OnBotJava: getCurrentOutputJarDir() unavailable
11-19 16:21:08.579  8941  8941 V UpdateUI: Network: inactive, disconnected
11-19 16:21:08.580  8941  8941 V ServiceStarter: attempting to start service FtcRobotControllerWatchdogService
11-19 16:21:08.583  8941  8941 V ServiceStarter: started service FtcRobotControllerWatchdogService
11-19 16:21:08.587  8941  8941 V RobotCore: BuildConfig: versionCode=31 versionName=4.3 module=com.qualcomm.ftcrobotcontroller
11-19 16:21:08.588  8941  8941 V RobotCore: BuildConfig: versionCode=55 versionName=8.9 module=com.qualcomm.robotcore
11-19 16:21:08.588  8941  8941 V RobotCore: BuildConfig: versionCode=55 versionName=8.9 module=com.qualcomm.hardware
11-19 16:21:08.588  8941  8941 V RobotCore: BuildConfig: versionCode=55 versionName=8.9 module=com.qualcomm.ftccommon
11-19 16:21:08.588  8941  8941 V RobotCore: BuildConfig: versionCode=55 versionName=8.9 module=com.google.blocks
11-19 16:21:08.589  8941  8941 V RobotCore: BuildConfig: versionCode=55 versionName=8.9 module=org.firstinspires.inspection
11-19 16:21:08.589  8941  8941 I RCActivity: 410c serial number: ZY223QSZCJ
11-19 16:21:08.589  8941  8941 I RobotCore: Android Device: maker=motorola model=XT1609 sdk=25
11-19 16:21:08.590  8941  8941 V RCActivity: onStart()
11-19 16:21:08.594  8941  8941 V RCActivity: onResume()
11-19 16:21:08.624  8941  8941 V MTPMonitorService: onCreate()
11-19 16:21:08.624  8941  8941 V MTPMonitorService: onStartCommand() intent=Intent { cmp=com.qualcomm.ftcrobotcontroller/org.firstinspires.ftc.robotcore.internal.files.MediaTransferProtocolMonitorService } flags=0x0 startId=1
11-19 16:21:08.626  8941  8941 V MTPMonitor: observing: /storage/emulated/0
11-19 16:21:08.679  8941  8941 W FileObserverManager: upgrading mask: path=/storage/emulated/0/FIRST/blocks old=0x00000ffc new=0x00004ffc: might possibly miss event
11-19 16:21:08.685  8941  8941 W FileObserverManager: upgrading mask: path=/storage/emulated/0/FIRST/java/status old=0x00000ffc new=0x00004ffc: might possibly miss event
11-19 16:21:08.749  8941  8941 V OnBotJavaService: onCreate()
11-19 16:21:08.750  8941  8941 V OnBotJavaService: onStartCommand() intent=Intent { cmp=com.qualcomm.ftcrobotcontroller/org.firstinspires.ftc.robotcore.internal.opmode.OnBotJavaService } flags=0x0 startId=1
11-19 16:21:08.750  8941  8941 V OnBotJava: ctor()...
11-19 16:21:08.751  8941  8941 V OnBotJava: ...ctor()
11-19 16:21:08.775  8941  8941 V MTPMonitorService: onConfigurationChanged()
11-19 16:21:08.775  8941  8941 V OnBotJavaService: onConfigurationChanged()
11-19 16:21:08.776  8941  8941 V FtcRobotControllerWatchdogService: onCreate()
11-19 16:21:08.776  8941  8941 V FtcRobotControllerWatchdogService: onStartCommand() intent=Intent { cmp=com.qualcomm.ftcrobotcontroller/org.firstinspires.ftc.ftccommon.internal.FtcRobotControllerWatchdogService } flags=0x0 startId=1
11-19 16:21:08.776  8941  8941 V FtcRobotControllerWatchdogService: shouldAutoLauchRobotController() result=false
11-19 16:21:08.777  8941  8941 V FTCService: onCreate()
11-19 16:21:08.778  8941  8941 V FTCService: onBind()
11-19 16:21:08.783  8941  8941 V WebServer: creating NanoHTTPD(8080)
11-19 16:21:08.789  8941  8941 V RobotCore: Getting network assistant of type: WIFIDIRECT
11-19 16:21:08.792  8941  8941 V NetDiscover_prefremrc: onSharedPreferenceChanged(name=pref_wifip2p_groupowner_connectedto, value=null)
11-19 16:21:08.793  8941  8941 V WifiDirect: There are 1 Wifi Direct Assistant Clients (+)
11-19 16:21:08.793  8941  8941 V WifiDirect: Enabling Wifi Direct Assistant
11-19 16:21:08.795  8941  8941 V WifiDirectInviteMonitor: startMonitoring()
11-19 16:21:08.799  8941  8961 V NetDiscover_wifiDirectAgent_bcast: wifiP2pEnabled=true
11-19 16:21:08.799  8941  8961 D NetDiscover_wifiDirectAgent_bcast: connection changed: networkInfo.state=CONNECTED
11-19 16:21:08.799  8941  8961 V NetDiscover_wifiDirectAgent_bcast: NetworkInfo: [type: WIFI_P2P[], state: CONNECTED/CONNECTED, reason: (unspecified), extra: (none), failover: false, available: true, roaming: false, metered: false]
11-19 16:21:08.800  8941  8961 V NetDiscover_wifiDirectAgent_bcast: WifiP2pInfo: groupFormed: true isGroupOwner: true groupOwnerAddress: /192.168.49.1 mccMode: false
11-19 16:21:08.800  8941  8961 V NetDiscover_wifiDirectAgent_bcast: WifiP2pGroup: network: DIRECT-EF-5921-A-RC, isGO: true, GO: Device: , deviceAddress: cc:61:e5:17:31:21, primary type: null, secondary type: null, wps: 0, grpcapab: 0, devcapab: 0, status: 4, wfdInfo: WFD enabled: falseWFD DeviceInfo: 0, WFD CtrlPort: 0, WFD MaxThroughput: 0, level: 0, Client: Device: 5921-A-DS, deviceAddress: 68:c4:4d:43:43:6f, primary type: 10-0050F204-5, secondary type: null, wps: 392, grpcapab: 0, devcapab: 33, status: 0, wfdInfo: null, level: 60, interface: p2p0, networkId: 0
11-19 16:21:08.800  8941  8961 V NetDiscover_wifiDirectAgent_bcast: this device changed: Device=5921-A-RC deviceAddress=cc:61:e5:17:31:21 primary type=10-0050F204-5 secondary type=null wps=0 grpcapab=0 devcapab=0 status=0 wfdInfo=WFD enabled=falseWFD DeviceInfo=0 WFD CtrlPort=0 WFD MaxThroughput=0 level=0
11-19 16:21:08.800  8941  8961 V NetDiscover_name: remembering wifiDirectName: 5921-A-RC...
11-19 16:21:08.800  8941  8961 V NetDiscover_name: ...remembering wifiDirectName
11-19 16:21:08.801  8941  8961 V NetDiscover_wifiDirectAgent_bcast: p2p discoverPeers()=false
11-19 16:21:08.801  8941  8961 V NetDiscover_wifiDirectAgent_bcast: wifi direct remembered groups cleared
11-19 16:21:08.801  8941  8961 V NetDiscover_wifiDirectAgent_bcast: wifiState=ENABLED
11-19 16:21:08.840  8941  8992 I OpenGLRenderer: Initialized EGL, version 1.4
11-19 16:21:08.840  8941  8992 D OpenGLRenderer: Swap behavior 1
11-19 16:21:08.836  8992  8992 W RenderThread: type=1400 audit(0.0:47): avc: denied { read } for uid=10151 name="gpuclk" dev="sysfs" ino=11560 scontext=u:r:untrusted_app:s0:c512,c768 tcontext=u:object_r:sysfs:s0 tclass=file permissive=0
11-19 16:21:08.841  8941  8992 W Adreno-ES20: <get_gpu_clk:229>: open failed: errno 13
11-19 16:21:08.847  8941  8941 D WifiDirect: broadcast: state - enabled: true
11-19 16:21:08.847  8941  8941 D WifiDirect: broadcast: connection changed: connectStatus=NOT_CONNECTED networkInfo.state=CONNECTED
11-19 16:21:08.848  8941  8941 V WifiDirect: writing pref name=pref_wifip2p_groupowner_connectedto value=
11-19 16:21:08.848  8941  8941 V NetDiscover_prefremrc: onSharedPreferenceChanged(name=pref_wifip2p_groupowner_connectedto, value=)
11-19 16:21:08.849  8941  8941 D WifiDirect: broadcast: this device changed
11-19 16:21:08.849  8941  8941 V WifiDirect: device information: 5921-A-RC cc:61:e5:17:31:21
11-19 16:21:08.849  8941  8941 D WifiDirect: cannot create group, does group already exist?
11-19 16:21:08.850  8941  8941 V FTCService: RCActivity.controllerService=bound
11-19 16:21:08.850  8941  8941 V UpdateUI: Network: unknown, disconnected
11-19 16:21:08.851  8941  8941 V RobotCore: Robot Status: stopped
11-19 16:21:08.864  8941  8997 V RobotCore: thread: 'RobotSetupRunnable.run()' starting...
11-19 16:21:08.864  8941  8997 V FTCService: Processing robot setup
11-19 16:21:08.864  8941  8997 V RobotCore: Robot Status: stopped, scanning for USB devices
11-19 16:21:08.920  8941  8941 D WifiDirect: group owners address: /192.168.49.1
11-19 16:21:08.920  8941  8941 D WifiDirect: group formed, this device is the group owner (GO)
11-19 16:21:08.920  8941  8941 I FTCService: onNetworkConnectionEvent: CONNECTED_AS_GROUP_OWNER
11-19 16:21:08.920  8941  8941 I FTCService: Wifi Direct - connected as group owner
11-19 16:21:08.927  8941  8941 V UpdateUI: Network: enabled, disconnected
11-19 16:21:08.965  8941  8941 V WifiDirect: connection information available
11-19 16:21:08.965  8941  8941 V WifiDirect: connection information - groupOwnerName = 5921-A-RC
11-19 16:21:08.965  8941  8941 V WifiDirect: connection information - groupOwnerMacAddress = cc:61:e5:17:31:21
11-19 16:21:08.965  8941  8941 V WifiDirect: connection information - groupInterface = p2p0
11-19 16:21:08.965  8941  8941 V WifiDirect: connection information - groupNetworkName = DIRECT-EF-5921-A-RC
11-19 16:21:08.965  8941  8941 I FTCService: onNetworkConnectionEvent: CONNECTION_INFO_AVAILABLE
11-19 16:21:08.965  8941  8941 I FTCService: Network Connection Passphrase: 85gLD51c
11-19 16:21:08.966  8941  8941 V WebServer: starting port=8080
11-19 16:21:08.979  8941  8941 V RobotCore: Getting network assistant of type: WIFIDIRECT
11-19 16:21:08.979  8941  8941 V WifiDirect: There are 2 Wifi Direct Assistant Clients (+)
11-19 16:21:08.981  8941  8961 V NetDiscover_wifiDirectAgent_bcast: wifiP2pEnabled=true
11-19 16:21:08.981  8941  8941 V WebServer: started port=8080
11-19 16:21:08.981  8941  8961 D NetDiscover_wifiDirectAgent_bcast: connection changed: networkInfo.state=CONNECTED
11-19 16:21:08.981  8941  8961 V NetDiscover_wifiDirectAgent_bcast: NetworkInfo: [type: WIFI_P2P[], state: CONNECTED/CONNECTED, reason: (unspecified), extra: (none), failover: false, available: true, roaming: false, metered: false]
11-19 16:21:08.982  8941  8961 V NetDiscover_wifiDirectAgent_bcast: WifiP2pInfo: groupFormed: true isGroupOwner: true groupOwnerAddress: /192.168.49.1 mccMode: false
11-19 16:21:08.982  8941  8941 V UpdateUI: Network: active, disconnected
11-19 16:21:08.982  8941  8961 V NetDiscover_wifiDirectAgent_bcast: WifiP2pGroup: network: DIRECT-EF-5921-A-RC, isGO: true, GO: Device: , deviceAddress: cc:61:e5:17:31:21, primary type: null, secondary type: null, wps: 0, grpcapab: 0, devcapab: 0, status: 4, wfdInfo: WFD enabled: falseWFD DeviceInfo: 0, WFD CtrlPort: 0, WFD MaxThroughput: 0, level: 0, Client: Device: 5921-A-DS, deviceAddress: 68:c4:4d:43:43:6f, primary type: 10-0050F204-5, secondary type: null, wps: 392, grpcapab: 0, devcapab: 33, status: 0, wfdInfo: null, level: 60, interface: p2p0, networkId: 0
11-19 16:21:08.982  8941  8961 V NetDiscover_wifiDirectAgent_bcast: this device changed: Device=5921-A-RC deviceAddress=cc:61:e5:17:31:21 primary type=10-0050F204-5 secondary type=null wps=0 grpcapab=0 devcapab=0 status=0 wfdInfo=WFD enabled=falseWFD DeviceInfo=0 WFD CtrlPort=0 WFD MaxThroughput=0 level=0
11-19 16:21:08.982  8941  8961 V NetDiscover_name: remembering wifiDirectName: 5921-A-RC...
11-19 16:21:08.983  8941  8961 V NetDiscover_name: ...remembering wifiDirectName
11-19 16:21:08.983  8941  8961 V NetDiscover_wifiDirectAgent_bcast: p2p discoverPeers()=false
11-19 16:21:08.983  8941  8961 V NetDiscover_wifiDirectAgent_bcast: wifi direct remembered groups cleared
11-19 16:21:08.983  8941  8961 V NetDiscover_wifiDirectAgent_bcast: wifiState=ENABLED
11-19 16:21:08.989  8941  9001 W cr_CrashFileManager: /data/user/0/com.qualcomm.ftcrobotcontroller/cache/WebView/Crash Reports does not exist or is not a directory
11-19 16:21:10.698  8941  8998 W art     : Before Android 4.1, method double java.util.concurrent.ThreadLocalRandom.internalNextDouble(double, double) would have incorrectly overridden the package-private method in java.util.Random
11-19 16:21:10.698  8941  8998 W art     : Before Android 4.1, method int java.util.concurrent.ThreadLocalRandom.internalNextInt(int, int) would have incorrectly overridden the package-private method in java.util.Random
11-19 16:21:10.698  8941  8998 W art     : Before Android 4.1, method long java.util.concurrent.ThreadLocalRandom.internalNextLong(long, long) would have incorrectly overridden the package-private method in java.util.Random
11-19 16:21:13.865  8941  8997 V RobotCore: EventLoopManager state is NOT_STARTED
11-19 16:21:13.866  8941  8997 V RobotCore: Robot Status: stopped, waiting for Wifi to enable
11-19 16:21:13.868  8941  8997 I RobotCore: state = 3
11-19 16:21:13.869  8941  8997 V RobotCore: Robot Status: stopped, waiting for Wifi Direct to enable
11-19 16:21:13.870  8941  8997 V FTCService: Waiting for a connection to a wifi service
11-19 16:21:13.870  8941  8997 V RobotCore: Robot Status: stopped, waiting for network to become active
11-19 16:21:13.870  8941  8997 V WebServer: Asked an already running WebServer to start
11-19 16:21:13.871  8941  8997 V RobotCore: Robot Status: stopped, starting robot
11-19 16:21:13.871  8941  8997 V Robocol : EventLoopManager.start()
11-19 16:21:13.871  8941  8997 V RobotCore: Getting network assistant of type: WIFIDIRECT
11-19 16:21:13.871  8941  8997 V Robocol : Spoofing a Network Connection event...
11-19 16:21:13.871  8941  8997 I EventLoopManager: onNetworkConnectionEvent: CONNECTION_INFO_AVAILABLE
11-19 16:21:13.871  8941  8997 I Robocol : Received network connection event
11-19 16:21:13.872  8941  8997 I NetworkConnectionHandler: Handling new network connection infomation, connected: true setup needed: true
11-19 16:21:13.873  8941  8997 V RobotCore: EventLoopManager state is STOPPED
11-19 16:21:13.873  8941  8997 V Robocol : eventLoop=FtcEventLoop
11-19 16:21:13.873  8941  8997 V RobotCore: EventLoopManager state is INIT
11-19 16:21:13.874  8941  8997 V RobotCore: Robot Status: initializing, starting robot
11-19 16:21:13.874  8941  8997 I FtcEventLoop: ======= INIT START =======
11-19 16:21:13.874  8941  8997 V OpmodeRegistration: registered {DefaultOpMode} as {$Stop$Robot$}
11-19 16:21:13.878  8941  8997 V FileBasedLock: locked /storage/emulated/0/FIRST/blocks/projectslock/lock.dat
11-19 16:21:13.880  8941  8997 V FileBasedLock: unlocking /storage/emulated/0/FIRST/blocks/projectslock/lock.dat
11-19 16:21:13.883  8941  8997 V OpmodeRegistration: registered {LeftCoop} as {Auto Left Coop}
11-19 16:21:13.883  8941  8997 V OpmodeRegistration: registered {LCHSAcceleration} as {LCHSAcceleration}
11-19 16:21:13.883  8941  8941 D WifiDirect: cannot create group, does group already exist?
11-19 16:21:13.884  8941  8997 V OpmodeRegistration: registered {RightCoop} as {Auto Right Coop}
11-19 16:21:13.884  8941  8997 V OpmodeRegistration: registered {LCHSTensorFlow} as {Concept: TensorFlow Object Detection}
11-19 16:21:13.885  8941  8997 V OpmodeRegistration: registered {LCHSTeleOp} as {LCHS TeleOp}
11-19 16:21:13.885  8941  8997 V OpmodeRegistration: registered {Test} as {Auto Test}
11-19 16:21:13.886  8941  8997 V OpmodeRegistration: registered {ConceptVuforiaNavRoverRuckus} as {Vuforia Rover Nav}
11-19 16:21:13.887  8941  8997 V OpmodeRegistration: registered {CalibrateDevices} as {Calibrate Devices}
11-19 16:21:13.887  8941  9005 V RobotCore: thread: 'SetupRunnable.run()' starting...
11-19 16:21:13.892  8941  9005 D Robocol : RobocolDatagramSocket listening addr=/192.168.49.1:20884 cbRec=65520 cbSend=81920 msRecTO=300
11-19 16:21:13.893  8941  9005 V Robocol : RecvLoopRunnable created
11-19 16:21:13.895  8941  9005 V PeerDiscovery: Starting peer discovery remote: /192.168.49.1 local: /192.168.49.1
11-19 16:21:13.895  8941  9005 V PeerDiscovery: No need for peer discovery, we are the peer discovery device
11-19 16:21:13.895  8941  9005 V RobotCore: Setup complete
11-19 16:21:13.895  8941  9005 V RobotCore: thread: ...terminating 'SetupRunnable.run()'
11-19 16:21:13.902  8941  9008 V RobotCore: thread: 'RecvLoopRunnable.run()' starting...
11-19 16:21:14.015  8941  8997 V HardwareFactory: createHardwareMap()
11-19 16:21:14.015  8941  8997 V WifiDirectInviteMonitor: clearUILynxModule()
11-19 16:21:14.035  8941  8997 V RobotCore: Creating REV Robotics USB Expansion Hub Portal [DQ1NE3V4]
11-19 16:21:14.036  8941  8997 V LynxUsb : creating new [DQ1NE3V4]: 0x0a7f5897
11-19 16:21:14.045  8941  8997 V FtDevice: initialize(vid=0x0403 pid=0x6015 bcdDevice=0x1000)
11-19 16:21:14.046  8941  8997 V MonitoredUsbDeviceConnection: closing UsbDeviceConnection(DQ1NE3V4)
11-19 16:21:14.046  8941  8997 D UsbDeviceConnectionJNI: close
11-19 16:21:14.046  8941  8997 V MonitoredUsbDeviceConnection: closing UsbDeviceConnection(DQ1NE3V4)
11-19 16:21:14.046  8941  8997 D UsbDeviceConnectionJNI: close
11-19 16:21:14.046  8941  8997 V FtDeviceManager: createDeviceInfoList(): 1 USB devices
11-19 16:21:14.051  8941  8997 V FtDevice: vv********************DQ1NE3V4 opening********************vv 0x09d7aea2
11-19 16:21:14.052  8941  8997 V FtDevice: ^^********************DQ1NE3V4 opened ********************^^
11-19 16:21:14.053  8941  8997 V FtDevice: resetting DQ1NE3V4
11-19 16:21:14.059  8941  8997 V LynxUsb : armDevice() serial=DQ1NE3V4...
11-19 16:21:14.059  8941  8997 V LynxModule: resetDevice() serial=DQ1NE3V4
11-19 16:21:14.122  8941  9008 D RobotCore: system telemetry: key=$System$None$ msg=""
11-19 16:21:14.123  8941  9008 V PeerDiscovery: new remote peer discovered: 192.168.49.245
11-19 16:21:14.123  8941  9008 D Robocol : RobocolDatagramSocket connected to /192.168.49.245:20884
11-19 16:21:14.124  8941  9008 V NetworkConnectionHandler: starting sending loop
11-19 16:21:14.124  8941  9008 V Robocol : SendOnceRunnable created
11-19 16:21:14.172  8941  9008 V NetDiscover_prefremrc: sendAllPreferences()
11-19 16:21:14.172  8941  9008 V NetDiscover_prefremrc: sending RC pref name=pref_wifip2p_remote_channel_change_works value=true
11-19 16:21:14.177  8941  9008 V NetDiscover_prefremrc: sending RC pref name=pref_device_name value=5921-A-RC
11-19 16:21:14.178  8941  9008 V NetDiscover_prefremrc: sending RC pref name=pref_has_independent_phone_battery value=true
11-19 16:21:14.178  8941  9008 V NetDiscover_prefremrc: sending RC pref name=pref_has_speaker value=true
11-19 16:21:14.179  8941  9008 V NetDiscover_prefremrc: sending RC pref name=pref_app_theme value=red
11-19 16:21:14.181  8941  9008 V NetDiscover_prefremrc: sending RC pref name=pref_sound_on_off value=true
11-19 16:21:14.205  8941  9012 V Robocol : sending CMD_NOTIFY_USER_DEVICE_LIST(17), attempt: 0
11-19 16:21:14.207  8941  9012 V Robocol : sending CMD_ROBOT_CONTROLLER_PREFERENCE(18), attempt: 0
11-19 16:21:14.208  8941  9012 V Robocol : sending CMD_ROBOT_CONTROLLER_PREFERENCE(19), attempt: 0
11-19 16:21:14.209  8941  9012 V Robocol : sending CMD_ROBOT_CONTROLLER_PREFERENCE(20), attempt: 0
11-19 16:21:14.210  8941  9012 V Robocol : sending CMD_ROBOT_CONTROLLER_PREFERENCE(21), attempt: 0
11-19 16:21:14.212  8941  9012 V Robocol : sending CMD_ROBOT_CONTROLLER_PREFERENCE(22), attempt: 0
11-19 16:21:14.213  8941  9012 V Robocol : sending CMD_ROBOT_CONTROLLER_PREFERENCE(23), attempt: 0
11-19 16:21:14.219  8941  9008 V UpdateUI: Network: active, connected
11-19 16:21:14.258  8941  9008 V Robocol : received command: CMD_REQUEST_UI_STATE(10008) 
11-19 16:21:14.290  8941  9019 V SoundInfo: construct(0x0abe09ab)
11-19 16:21:14.307  8941  9018 E WVMExtractor: Failed to open libwvm.so: dlopen failed: library "libwvm.so" not found
11-19 16:21:14.350  8941  9018 I MediaCodec: (0x937fb540) init name(audio/raw) isType(1) encoder(0)
11-19 16:21:14.358  8941  9025 I MediaCodec: (0x937fb540) Component Allocated (OMX.google.raw.decoder)
11-19 16:21:14.358  8941  9018 I MediaCodec: (0x937fb540) configure surface(0x0) crypto(0x0) flags(0)
11-19 16:21:14.359  8941  9018 D MediaCodec: (0x937fb540) configure format: AMessage(what = 0x00000000) = {
11-19 16:21:14.359  8941  9018 D MediaCodec:       string mime = "audio/raw"
11-19 16:21:14.359  8941  9018 D MediaCodec:       int64_t durationUs = 485011
11-19 16:21:14.359  8941  9018 D MediaCodec:       int32_t track-id = 1
11-19 16:21:14.359  8941  9018 D MediaCodec:       int32_t channel-count = 2
11-19 16:21:14.359  8941  9018 D MediaCodec:       int32_t sample-rate = 44100
11-19 16:21:14.359  8941  9018 D MediaCodec:       int32_t channel-mask = 0
11-19 16:21:14.359  8941  9018 D MediaCodec:       int32_t pcm-encoding = 2
11-19 16:21:14.359  8941  9018 D MediaCodec:     }
11-19 16:21:14.362  8941  9018 I MediaCodec: (0x937fb540) start
11-19 16:21:14.367  8941  9025 I MediaCodec: (0x937fb540) input buffers allocated
11-19 16:21:14.367  8941  9025 I MediaCodec: (0x937fb540) numBuffers (4)
11-19 16:21:14.367  8941  9025 I MediaCodec: (0x937fb540) output buffers allocated
11-19 16:21:14.367  8941  9025 I MediaCodec: (0x937fb540) numBuffers (4)
11-19 16:21:14.372  8941  9025 D MediaCodec: (0x937fb540) [OMX.google.raw.decoder] output format changed to: AMessage(what = 0x00000000) = {
11-19 16:21:14.372  8941  9025 D MediaCodec:       string mime = "audio/raw"
11-19 16:21:14.372  8941  9025 D MediaCodec:       int32_t channel-count = 2
11-19 16:21:14.372  8941  9025 D MediaCodec:       int32_t sample-rate = 44100
11-19 16:21:14.372  8941  9025 D MediaCodec:       int32_t pcm-encoding = 2
11-19 16:21:14.372  8941  9025 D MediaCodec:       int32_t bit-width = 16
11-19 16:21:14.372  8941  9025 D MediaCodec:       int32_t channel-mask = 0
11-19 16:21:14.372  8941  9025 D MediaCodec:     }
11-19 16:21:14.382  8941  9018 I MediaCodec: (0x937fb540) stop
11-19 16:21:14.386  8941  9018 I MediaCodec: (0x937fb540) release
11-19 16:21:14.390  8941  8961 D SoundPlayer: onLoadComplete(samp=1|ms=485, samp=1)=0
11-19 16:21:14.393  8941  9019 W AudioTrack: AUDIO_OUTPUT_FLAG_FAST denied by client; transfer 4, track 44100 Hz, output 48000 Hz
11-19 16:21:14.396  8941  9019 D SoundPlayer: playing volume=1.000000 samp=1|ms=485
11-19 16:21:14.405  8941  9012 V Robocol : sending CMD_PLAY_SOUND(35), attempt: 0
11-19 16:21:14.415  8941  8997 V LynxUsb : ...done armDevice()
11-19 16:21:14.415  8941  8997 V LynxUsb : 0x0aed0452 on 0x0a7f5897: new delegate to [DQ1NE3V4]
11-19 16:21:14.416  8941  8997 V RobotCore: Creating Lynx Module - mod=2 parent=false
11-19 16:21:14.417  8941  9029 V RobotCore: thread: 'lynx incoming datagrams' starting...
11-19 16:21:14.420  8941  8997 V RobotCore: Creating Lynx Module - mod=3 parent=false
11-19 16:21:14.421  8941  8997 V LynxUsb : addConfiguredModule() module#=2
11-19 16:21:14.421  8941  8997 V LynxModule: pingAndQueryKnownInterfaces mod=2
11-19 16:21:14.426  8941  9029 V LynxUsb : synchronization gained: serial=DQ1NE3V4
11-19 16:21:14.440  8941  8997 V LynxModule: mod#=2 queryInterface(DEKA)=54 commands starting at 4096
11-19 16:21:14.447  8941  8997 V LynxModule: sending LynxFtdiResetControlCommand(true) wasInterrupted=false
11-19 16:21:14.456  8941  8997 V LynxModule: sendLEDPatternSteps(): #steps=6
11-19 16:21:14.461  8941  9030 V LynxModule: received status: LynxGetModuleStatusResponse(status=0x02 alerts=0x00: Reset)
11-19 16:21:14.472  8941  8997 V LynxUsb : addConfiguredModule() module#=3
11-19 16:21:14.473  8941  8997 V LynxModule: pingAndQueryKnownInterfaces mod=3
11-19 16:21:14.483  8941  8997 V LynxModule: mod#=3 queryInterface(DEKA)=54 commands starting at 4096
11-19 16:21:14.490  8941  8997 V LynxModule: sending LynxFtdiResetControlCommand(true) wasInterrupted=false
11-19 16:21:14.502  8941  9031 V LynxModule: received status: LynxGetModuleStatusResponse(status=0x02 alerts=0x00: Reset)
11-19 16:21:14.507  8941  8997 V LynxModule: sendLEDPatternSteps(): #steps=8
11-19 16:21:14.523  8941  8997 V LynxMotor: initializeHardware() mod#=2
11-19 16:21:14.607  8941  8997 V RobotCore: DcMotorImpl(type=NeveRest60Gearmotor)
11-19 16:21:14.607  8941  8997 V RobotCore: DcMotorImpl(type=NeveRest20Gearmotor)
11-19 16:21:14.608  8941  8997 V RobotCore: DcMotorImpl(type=NeveRest20Gearmotor)
11-19 16:21:14.608  8941  8997 V RobotCore: DcMotorImpl(type=NeveRest40Gearmotor)
11-19 16:21:14.609  8941  8997 V LynxServoController: initializeHardware() mod#=2
11-19 16:21:14.658  8941  8997 V LynxVoltageSensor: initializeHardware() mod#=2
11-19 16:21:14.658  8941  8997 V LynxPwmOutputController: initializeHardware() mod#=2
11-19 16:21:14.664  8941  8997 W LynxPwmOutputController: LynxSetPWMEnableCommand not implemented by lynx hw; ignoring
11-19 16:21:14.668  8941  8997 W LynxPwmOutputController: LynxSetPWMConfigurationCommand not implemented by lynx hw; ignoring
11-19 16:21:14.674  8941  8997 W LynxPwmOutputController: LynxSetPWMEnableCommand not implemented by lynx hw; ignoring
11-19 16:21:14.678  8941  8997 W LynxPwmOutputController: LynxSetPWMConfigurationCommand not implemented by lynx hw; ignoring
11-19 16:21:14.683  8941  8997 W LynxPwmOutputController: LynxSetPWMEnableCommand not implemented by lynx hw; ignoring
11-19 16:21:14.688  8941  8997 W LynxPwmOutputController: LynxSetPWMConfigurationCommand not implemented by lynx hw; ignoring
11-19 16:21:14.693  8941  8997 W LynxPwmOutputController: LynxSetPWMEnableCommand not implemented by lynx hw; ignoring
11-19 16:21:14.698  8941  8997 W LynxPwmOutputController: LynxSetPWMConfigurationCommand not implemented by lynx hw; ignoring
