11-19 15:50:36.485  7386  7409 D NetDiscover_wifiDirectAgent_bcast: connection changed: networkInfo.state=CONNECTED
11-19 15:50:36.485  7386  7409 V NetDiscover_wifiDirectAgent_bcast: NetworkInfo: [type: WIFI_P2P[], state: CONNECTED/CONNECTED, reason: (unspecified), extra: (none), failover: false, available: true, roaming: false, metered: false]
11-19 15:50:36.485  7386  7409 V NetDiscover_wifiDirectAgent_bcast: WifiP2pInfo: groupFormed: true isGroupOwner: true groupOwnerAddress: /192.168.49.1 mccMode: false
11-19 15:50:36.486  7386  7409 V NetDiscover_wifiDirectAgent_bcast: WifiP2pGroup: network: DIRECT-EF-5921-A-RC, isGO: true, GO: Device: , deviceAddress: cc:61:e5:17:31:21, primary type: null, secondary type: null, wps: 0, grpcapab: 0, devcapab: 0, status: 4, wfdInfo: WFD enabled: falseWFD DeviceInfo: 0, WFD CtrlPort: 0, WFD MaxThroughput: 0, level: 0, interface: p2p0, networkId: 0
11-19 15:50:36.486  7386  7409 V NetDiscover_wifiDirectAgent_bcast: this device changed: Device=5921-A-RC deviceAddress=cc:61:e5:17:31:21 primary type=10-0050F204-5 secondary type=null wps=0 grpcapab=0 devcapab=0 status=0 wfdInfo=WFD enabled=falseWFD DeviceInfo=0 WFD CtrlPort=0 WFD MaxThroughput=0 level=0
11-19 15:50:36.487  7386  7409 V NetDiscover_name: remembering wifiDirectName: 5921-A-RC...
11-19 15:50:36.487  7386  7409 V NetDiscover_name: ...remembering wifiDirectName
11-19 15:50:36.487  7386  7409 V NetDiscover_wifiDirectAgent_bcast: p2p discoverPeers()=false
11-19 15:50:36.487  7386  7409 V NetDiscover_wifiDirectAgent_bcast: wifi direct remembered groups cleared
11-19 15:50:36.487  7386  7409 V NetDiscover_wifiDirectAgent_bcast: wifiState=ENABLED
11-19 15:50:36.526  7386  7442 I OpenGLRenderer: Initialized EGL, version 1.4
11-19 15:50:36.526  7386  7442 D OpenGLRenderer: Swap behavior 1
11-19 15:50:36.527  7386  7442 W Adreno-ES20: <get_gpu_clk:229>: open failed: errno 13
11-19 15:50:36.525  7442  7442 W RenderThread: type=1400 audit(0.0:19): avc: denied { read } for uid=10151 name="gpuclk" dev="sysfs" ino=11560 scontext=u:r:untrusted_app:s0:c512,c768 tcontext=u:object_r:sysfs:s0 tclass=file permissive=0
11-19 15:50:36.537  7386  7386 D WifiDirect: broadcast: state - enabled: true
11-19 15:50:36.538  7386  7386 D WifiDirect: broadcast: connection changed: connectStatus=NOT_CONNECTED networkInfo.state=CONNECTED
11-19 15:50:36.538  7386  7386 V WifiDirect: writing pref name=pref_wifip2p_groupowner_connectedto value=
11-19 15:50:36.539  7386  7386 V NetDiscover_prefremrc: onSharedPreferenceChanged(name=pref_wifip2p_groupowner_connectedto, value=)
11-19 15:50:36.539  7386  7386 D WifiDirect: broadcast: this device changed
11-19 15:50:36.539  7386  7386 V WifiDirect: device information: 5921-A-RC cc:61:e5:17:31:21
11-19 15:50:36.540  7386  7386 V FTCService: RCActivity.controllerService=bound
11-19 15:50:36.540  7386  7386 V UpdateUI: Network: unknown, disconnected
11-19 15:50:36.541  7386  7386 V RobotCore: Robot Status: stopped
11-19 15:50:36.557  7386  7447 V RobotCore: thread: 'RobotSetupRunnable.run()' starting...
11-19 15:50:36.557  7386  7447 V FTCService: Processing robot setup
11-19 15:50:36.557  7386  7447 V RobotCore: Robot Status: stopped, scanning for USB devices
11-19 15:50:36.565  7386  7386 D WifiDirect: cannot create group, does group already exist?
11-19 15:50:36.610  7386  7386 D WifiDirect: group owners address: /192.168.49.1
11-19 15:50:36.610  7386  7386 D WifiDirect: group formed, this device is the group owner (GO)
11-19 15:50:36.610  7386  7386 I FTCService: onNetworkConnectionEvent: CONNECTED_AS_GROUP_OWNER
11-19 15:50:36.610  7386  7386 I FTCService: Wifi Direct - connected as group owner
11-19 15:50:36.617  7386  7386 V UpdateUI: Network: enabled, disconnected
11-19 15:50:36.652  7386  7386 V WifiDirect: connection information available
11-19 15:50:36.652  7386  7386 V WifiDirect: connection information - groupOwnerName = 5921-A-RC
11-19 15:50:36.652  7386  7386 V WifiDirect: connection information - groupOwnerMacAddress = cc:61:e5:17:31:21
11-19 15:50:36.652  7386  7386 V WifiDirect: connection information - groupInterface = p2p0
11-19 15:50:36.652  7386  7386 V WifiDirect: connection information - groupNetworkName = DIRECT-EF-5921-A-RC
11-19 15:50:36.652  7386  7386 I FTCService: onNetworkConnectionEvent: CONNECTION_INFO_AVAILABLE
11-19 15:50:36.652  7386  7386 I FTCService: Network Connection Passphrase: 85gLD51c
11-19 15:50:36.653  7386  7386 V WebServer: starting port=8080
11-19 15:50:36.665  7386  7386 V RobotCore: Getting network assistant of type: WIFIDIRECT
11-19 15:50:36.665  7386  7386 V WifiDirect: There are 2 Wifi Direct Assistant Clients (+)
11-19 15:50:36.667  7386  7386 V WebServer: started port=8080
11-19 15:50:36.667  7386  7386 V UpdateUI: Network: active, disconnected
11-19 15:50:36.668  7386  7409 V NetDiscover_wifiDirectAgent_bcast: wifiP2pEnabled=true
11-19 15:50:36.669  7386  7409 D NetDiscover_wifiDirectAgent_bcast: connection changed: networkInfo.state=CONNECTED
11-19 15:50:36.669  7386  7409 V NetDiscover_wifiDirectAgent_bcast: NetworkInfo: [type: WIFI_P2P[], state: CONNECTED/CONNECTED, reason: (unspecified), extra: (none), failover: false, available: true, roaming: false, metered: false]
11-19 15:50:36.669  7386  7409 V NetDiscover_wifiDirectAgent_bcast: WifiP2pInfo: groupFormed: true isGroupOwner: true groupOwnerAddress: /192.168.49.1 mccMode: false
11-19 15:50:36.670  7386  7409 V NetDiscover_wifiDirectAgent_bcast: WifiP2pGroup: network: DIRECT-EF-5921-A-RC, isGO: true, GO: Device: , deviceAddress: cc:61:e5:17:31:21, primary type: null, secondary type: null, wps: 0, grpcapab: 0, devcapab: 0, status: 4, wfdInfo: WFD enabled: falseWFD DeviceInfo: 0, WFD CtrlPort: 0, WFD MaxThroughput: 0, level: 0, interface: p2p0, networkId: 0
11-19 15:50:36.670  7386  7409 V NetDiscover_wifiDirectAgent_bcast: this device changed: Device=5921-A-RC deviceAddress=cc:61:e5:17:31:21 primary type=10-0050F204-5 secondary type=null wps=0 grpcapab=0 devcapab=0 status=0 wfdInfo=WFD enabled=falseWFD DeviceInfo=0 WFD CtrlPort=0 WFD MaxThroughput=0 level=0
11-19 15:50:36.670  7386  7409 V NetDiscover_name: remembering wifiDirectName: 5921-A-RC...
11-19 15:50:36.670  7386  7409 V NetDiscover_name: ...remembering wifiDirectName
11-19 15:50:36.671  7386  7409 V NetDiscover_wifiDirectAgent_bcast: p2p discoverPeers()=false
11-19 15:50:36.671  7386  7409 V NetDiscover_wifiDirectAgent_bcast: wifi direct remembered groups cleared
11-19 15:50:36.671  7386  7409 V NetDiscover_wifiDirectAgent_bcast: wifiState=ENABLED
11-19 15:50:36.681  7386  7451 W cr_CrashFileManager: /data/user/0/com.qualcomm.ftcrobotcontroller/cache/WebView/Crash Reports does not exist or is not a directory
11-19 15:50:38.468  7386  7448 W art     : Before Android 4.1, method double java.util.concurrent.ThreadLocalRandom.internalNextDouble(double, double) would have incorrectly overridden the package-private method in java.util.Random
11-19 15:50:38.468  7386  7448 W art     : Before Android 4.1, method int java.util.concurrent.ThreadLocalRandom.internalNextInt(int, int) would have incorrectly overridden the package-private method in java.util.Random
11-19 15:50:38.468  7386  7448 W art     : Before Android 4.1, method long java.util.concurrent.ThreadLocalRandom.internalNextLong(long, long) would have incorrectly overridden the package-private method in java.util.Random
11-19 15:50:41.558  7386  7447 V RobotCore: EventLoopManager state is NOT_STARTED
11-19 15:50:41.559  7386  7447 V RobotCore: Robot Status: stopped, waiting for Wifi to enable
11-19 15:50:41.561  7386  7447 I RobotCore: state = 3
11-19 15:50:41.562  7386  7447 V RobotCore: Robot Status: stopped, waiting for Wifi Direct to enable
11-19 15:50:41.563  7386  7447 V FTCService: Waiting for a connection to a wifi service
11-19 15:50:41.564  7386  7447 V RobotCore: Robot Status: stopped, waiting for network to become active
11-19 15:50:41.564  7386  7447 V WebServer: Asked an already running WebServer to start
11-19 15:50:41.564  7386  7447 V RobotCore: Robot Status: stopped, starting robot
11-19 15:50:41.564  7386  7447 V Robocol : EventLoopManager.start()
11-19 15:50:41.567  7386  7447 V RobotCore: Getting network assistant of type: WIFIDIRECT
11-19 15:50:41.568  7386  7447 V Robocol : Spoofing a Network Connection event...
11-19 15:50:41.568  7386  7447 I EventLoopManager: onNetworkConnectionEvent: CONNECTION_INFO_AVAILABLE
11-19 15:50:41.568  7386  7447 I Robocol : Received network connection event
11-19 15:50:41.568  7386  7447 I NetworkConnectionHandler: Handling new network connection infomation, connected: true setup needed: true
11-19 15:50:41.569  7386  7447 V RobotCore: EventLoopManager state is STOPPED
11-19 15:50:41.570  7386  7447 V Robocol : eventLoop=FtcEventLoop
11-19 15:50:41.570  7386  7447 V RobotCore: EventLoopManager state is INIT
11-19 15:50:41.570  7386  7447 V RobotCore: Robot Status: initializing, starting robot
11-19 15:50:41.570  7386  7447 I FtcEventLoop: ======= INIT START =======
11-19 15:50:41.571  7386  7386 D WifiDirect: cannot create group, does group already exist?
11-19 15:50:41.571  7386  7447 V OpmodeRegistration: registered {DefaultOpMode} as {$Stop$Robot$}
11-19 15:50:41.575  7386  7447 V FileBasedLock: locked /storage/emulated/0/FIRST/blocks/projectslock/lock.dat
11-19 15:50:41.577  7386  7517 V RobotCore: thread: 'SetupRunnable.run()' starting...
11-19 15:50:41.579  7386  7447 V FileBasedLock: unlocking /storage/emulated/0/FIRST/blocks/projectslock/lock.dat
11-19 15:50:41.583  7386  7447 V OpmodeRegistration: registered {LCHSAcceleration} as {LCHSAcceleration}
11-19 15:50:41.583  7386  7447 V OpmodeRegistration: registered {LeftCoop} as {Auto Left Coop}
11-19 15:50:41.584  7386  7447 V OpmodeRegistration: registered {ConceptVuforiaNavRoverRuckus} as {Vuforia Rover Nav}
11-19 15:50:41.584  7386  7447 V OpmodeRegistration: registered {CalibrateDevices} as {Calibrate Devices}
11-19 15:50:41.584  7386  7447 V OpmodeRegistration: registered {RightCoop} as {Auto Right Coop}
11-19 15:50:41.584  7386  7517 D Robocol : RobocolDatagramSocket listening addr=/192.168.49.1:20884 cbRec=65520 cbSend=81920 msRecTO=300
11-19 15:50:41.585  7386  7447 V OpmodeRegistration: registered {Test} as {Auto Test}
11-19 15:50:41.585  7386  7517 V Robocol : RecvLoopRunnable created
11-19 15:50:41.585  7386  7447 V OpmodeRegistration: registered {LCHSTensorFlow} as {Concept: TensorFlow Object Detection}
11-19 15:50:41.586  7386  7447 V OpmodeRegistration: registered {LCHSTeleOp} as {LCHS TeleOp}
11-19 15:50:41.587  7386  7517 V PeerDiscovery: Starting peer discovery remote: /192.168.49.1 local: /192.168.49.1
11-19 15:50:41.587  7386  7517 V PeerDiscovery: No need for peer discovery, we are the peer discovery device
11-19 15:50:41.588  7386  7517 V RobotCore: Setup complete
11-19 15:50:41.588  7386  7517 V RobotCore: thread: ...terminating 'SetupRunnable.run()'
11-19 15:50:41.591  7386  7520 V RobotCore: thread: 'RecvLoopRunnable.run()' starting...
11-19 15:50:41.703  7386  7447 V HardwareFactory: createHardwareMap()
11-19 15:50:41.703  7386  7447 V WifiDirectInviteMonitor: clearUILynxModule()
11-19 15:50:41.721  7386  7447 V RobotCore: Creating REV Robotics USB Expansion Hub Portal [DQ1NE3V4]
11-19 15:50:41.722  7386  7447 V LynxUsb : creating new [DQ1NE3V4]: 0x0c0a2c8c
11-19 15:50:41.730  7386  7447 V FtDevice: initialize(vid=0x0403 pid=0x6015 bcdDevice=0x1000)
11-19 15:50:41.730  7386  7447 V MonitoredUsbDeviceConnection: closing UsbDeviceConnection(DQ1NE3V4)
11-19 15:50:41.730  7386  7447 D UsbDeviceConnectionJNI: close
11-19 15:50:41.730  7386  7447 V MonitoredUsbDeviceConnection: closing UsbDeviceConnection(DQ1NE3V4)
11-19 15:50:41.730  7386  7447 D UsbDeviceConnectionJNI: close
11-19 15:50:41.731  7386  7447 V FtDeviceManager: createDeviceInfoList(): 1 USB devices
11-19 15:50:41.735  7386  7447 V FtDevice: vv********************DQ1NE3V4 opening********************vv 0x034876db
11-19 15:50:41.737  7386  7447 V FtDevice: ^^********************DQ1NE3V4 opened ********************^^
11-19 15:50:41.737  7386  7447 V FtDevice: resetting DQ1NE3V4
11-19 15:50:41.743  7386  7447 V LynxUsb : armDevice() serial=DQ1NE3V4...
11-19 15:50:41.744  7386  7447 V LynxModule: resetDevice() serial=DQ1NE3V4
11-19 15:50:41.893  7386  7520 E Robocol : exception SocketTimeoutException(Receive timed out): no packet received [java.net.PlainDatagramSocketImpl.receive0(Native Method)]
11-19 15:50:42.100  7386  7447 V LynxUsb : ...done armDevice()
11-19 15:50:42.100  7386  7447 V LynxUsb : 0x044da5b7 on 0x0c0a2c8c: new delegate to [DQ1NE3V4]
11-19 15:50:42.101  7386  7447 V RobotCore: Creating Lynx Module - mod=2 parent=false
11-19 15:50:42.101  7386  7524 V RobotCore: thread: 'lynx incoming datagrams' starting...
11-19 15:50:42.103  7386  7447 V RobotCore: Creating Lynx Module - mod=3 parent=false
11-19 15:50:42.104  7386  7447 V LynxUsb : addConfiguredModule() module#=2
11-19 15:50:42.105  7386  7447 V LynxModule: pingAndQueryKnownInterfaces mod=2
11-19 15:50:42.109  7386  7524 V LynxUsb : synchronization gained: serial=DQ1NE3V4
11-19 15:50:42.123  7386  7447 V LynxModule: mod#=2 queryInterface(DEKA)=54 commands starting at 4096
11-19 15:50:42.131  7386  7447 V LynxModule: sending LynxFtdiResetControlCommand(true) wasInterrupted=false
11-19 15:50:42.141  7386  7525 V LynxModule: received status: LynxGetModuleStatusResponse(status=0x02 alerts=0x00: Reset)
11-19 15:50:42.144  7386  7447 V LynxModule: sendLEDPatternSteps(): #steps=6
11-19 15:50:42.152  7386  7447 V LynxUsb : addConfiguredModule() module#=3
11-19 15:50:42.152  7386  7447 V LynxModule: pingAndQueryKnownInterfaces mod=3
11-19 15:50:42.163  7386  7447 V LynxModule: mod#=3 queryInterface(DEKA)=54 commands starting at 4096
11-19 15:50:42.171  7386  7447 V LynxModule: sending LynxFtdiResetControlCommand(true) wasInterrupted=false
11-19 15:50:42.182  7386  7447 V LynxModule: sendLEDPatternSteps(): #steps=8
11-19 15:50:42.185  7386  7526 V LynxModule: received status: LynxGetModuleStatusResponse(status=0x02 alerts=0x00: Reset)
11-19 15:50:42.202  7386  7447 V LynxMotor: initializeHardware() mod#=2
11-19 15:50:42.286  7386  7447 V RobotCore: DcMotorImpl(type=NeveRest60Gearmotor)
11-19 15:50:42.286  7386  7447 V RobotCore: DcMotorImpl(type=NeveRest20Gearmotor)
11-19 15:50:42.287  7386  7447 V RobotCore: DcMotorImpl(type=NeveRest20Gearmotor)
11-19 15:50:42.287  7386  7447 V RobotCore: DcMotorImpl(type=NeveRest40Gearmotor)
11-19 15:50:42.288  7386  7447 V LynxServoController: initializeHardware() mod#=2
11-19 15:50:42.338  7386  7447 V LynxVoltageSensor: initializeHardware() mod#=2
11-19 15:50:42.338  7386  7447 V LynxPwmOutputController: initializeHardware() mod#=2
11-19 15:50:42.343  7386  7447 W LynxPwmOutputController: LynxSetPWMEnableCommand not implemented by lynx hw; ignoring
11-19 15:50:42.348  7386  7447 W LynxPwmOutputController: LynxSetPWMConfigurationCommand not implemented by lynx hw; ignoring
11-19 15:50:42.353  7386  7447 W LynxPwmOutputController: LynxSetPWMEnableCommand not implemented by lynx hw; ignoring
11-19 15:50:42.358  7386  7447 W LynxPwmOutputController: LynxSetPWMConfigurationCommand not implemented by lynx hw; ignoring
11-19 15:50:42.364  7386  7447 W LynxPwmOutputController: LynxSetPWMEnableCommand not implemented by lynx hw; ignoring
11-19 15:50:42.369  7386  7447 W LynxPwmOutputController: LynxSetPWMConfigurationCommand not implemented by lynx hw; ignoring
11-19 15:50:42.375  7386  7447 W LynxPwmOutputController: LynxSetPWMEnableCommand not implemented by lynx hw; ignoring
11-19 15:50:42.381  7386  7447 W LynxPwmOutputController: LynxSetPWMConfigurationCommand not implemented by lynx hw; ignoring
11-19 15:50:42.382  7386  7447 V LynxAnalogInputController: initializeHardware() mod#=2
11-19 15:50:42.383  7386  7447 V LynxDigitalChannelController: initializeHardware() mod#=2
11-19 15:50:42.418  7386  7447 V RobotCore: Creating user sensor REV Expansion Hub IMU - on Lynx module=2 bus=0
11-19 15:50:42.419  7386  7447 V RobotCore: Creating I2cDeviceSynch (Lynx) - mod=2 bus=0
11-19 15:50:42.419  7386  7447 I RobotCore: LynxFirmwareVersionManager: LynxI2cDeviceSynchV2
11-19 15:50:42.420  7386  7447 V LynxI2cDeviceSynch: initializeHardware() mod#=2
11-19 15:50:42.425  7386  7447 V LynxMotor: initializeHardware() mod#=3
11-19 15:50:42.529  7386  7447 V RobotCore: DcMotorImpl(type=NeveRest40Gearmotor)
11-19 15:50:42.529  7386  7447 V RobotCore: DcMotorImpl(type=NeveRest40Gearmotor)
11-19 15:50:42.530  7386  7447 V RobotCore: DcMotorImpl(type=NeveRest40Gearmotor)
11-19 15:50:42.530  7386  7447 V RobotCore: DcMotorImpl(type=NeveRest40Gearmotor)
11-19 15:50:42.530  7386  7447 V LynxServoController: initializeHardware() mod#=3
11-19 15:50:42.594  7386  7447 V LynxVoltageSensor: initializeHardware() mod#=3
11-19 15:50:42.595  7386  7447 V LynxPwmOutputController: initializeHardware() mod#=3
11-19 15:50:42.601  7386  7447 W LynxPwmOutputController: LynxSetPWMEnableCommand not implemented by lynx hw; ignoring
11-19 15:50:42.607  7386  7447 W LynxPwmOutputController: LynxSetPWMConfigurationCommand not implemented by lynx hw; ignoring
11-19 15:50:42.613  7386  7447 W LynxPwmOutputController: LynxSetPWMEnableCommand not implemented by lynx hw; ignoring
11-19 15:50:42.619  7386  7447 W LynxPwmOutputController: LynxSetPWMConfigurationCommand not implemented by lynx hw; ignoring
11-19 15:50:42.625  7386  7447 W LynxPwmOutputController: LynxSetPWMEnableCommand not implemented by lynx hw; ignoring
11-19 15:50:42.631  7386  7447 W LynxPwmOutputController: LynxSetPWMConfigurationCommand not implemented by lynx hw; ignoring
11-19 15:50:42.637  7386  7447 W LynxPwmOutputController: LynxSetPWMEnableCommand not implemented by lynx hw; ignoring
11-19 15:50:42.645  7386  7447 W LynxPwmOutputController: LynxSetPWMConfigurationCommand not implemented by lynx hw; ignoring
11-19 15:50:42.645  7386  7447 V LynxAnalogInputController: initializeHardware() mod#=3
11-19 15:50:42.645  7386  7447 V RobotCore: Creating Analog Sensor - Type: Analog Input - Port: 1
11-19 15:50:42.646  7386  7447 V LynxDigitalChannelController: initializeHardware() mod#=3
11-19 15:50:42.687  7386  7447 V RobotCore: Creating user sensor REV Expansion Hub IMU - on Lynx module=3 bus=0
11-19 15:50:42.688  7386  7447 V RobotCore: Creating I2cDeviceSynch (Lynx) - mod=3 bus=0
11-19 15:50:42.688  7386  7447 I RobotCore: LynxFirmwareVersionManager: LynxI2cDeviceSynchV2
11-19 15:50:42.688  7386  7447 V LynxI2cDeviceSynch: initializeHardware() mod#=3
11-19 15:50:42.689  7386  7447 I RobotCore: ========= Device Information ===================================================
11-19 15:50:42.689  7386  7447 I RobotCore: Type                                               Name                           Connection
11-19 15:50:42.689  7386  7447 I RobotCore: Analog Input                                       tilt_switch                    USB DQ1NE3V4; module 3; analog port 1
11-19 15:50:42.690  7386  7447 I RobotCore: Motor                                              left_back                      USB DQ1NE3V4; module 3; port 3
11-19 15:50:42.690  7386  7447 I RobotCore: Motor                                              intake_right                   USB DQ1NE3V4; module 2; port 3
11-19 15:50:42.691  7386  7447 I RobotCore: Motor                                              right_back                     USB DQ1NE3V4; module 3; port 2
11-19 15:50:42.691  7386  7447 I RobotCore: Servo                                              gate_right                     USB DQ1NE3V4; module 3; port 2
11-19 15:50:42.692  7386  7447 I RobotCore: Motor                                              tilt                           USB DQ1NE3V4; module 2; port 0
11-19 15:50:42.692  7386  7447 I RobotCore: Servo                                              hook                           USB DQ1NE3V4; module 3; port 0
11-19 15:50:42.692  7386  7447 I RobotCore: Motor                                              left_front                     USB DQ1NE3V4; module 3; port 0
11-19 15:50:42.693  7386  7447 I RobotCore: Servo                                              gate_left                      USB DQ1NE3V4; module 3; port 1
11-19 15:50:42.693  7386  7447 I RobotCore: Expansion Hub DC Motor Controller                  Expansion Hub 2                USB DQ1NE3V4; module 2
11-19 15:50:42.694  7386  7447 I RobotCore: Expansion Hub Servo Controller                     Expansion Hub 2                USB DQ1NE3V4; module 2
11-19 15:50:42.694  7386  7447 I RobotCore: Expansion Hub Voltage Sensor                       Expansion Hub 2                USB DQ1NE3V4; module 2
11-19 15:50:42.694  7386  7447 I RobotCore: Expansion Hub Pwm Controller                       Expansion Hub 2                USB DQ1NE3V4; module 2
11-19 15:50:42.695  7386  7447 I RobotCore: Expansion Hub Analog Input Controller              Expansion Hub 2                USB DQ1NE3V4; module 2
11-19 15:50:42.695  7386  7447 I RobotCore: Expansion Hub Digital Channel Controller           Expansion Hub 2                USB DQ1NE3V4; module 2
11-19 15:50:42.700  7386  7447 I RobotCore: Expansion Hub (HW: 20, Maj: 1, Min: 8, Eng: 2)     Expansion Hub 2                USB DQ1NE3V4; module 2
11-19 15:50:42.701  7386  7447 I RobotCore: Expansion Hub DC Motor Controller                  Expansion Hub 3                USB DQ1NE3V4; module 3
11-19 15:50:42.701  7386  7447 I RobotCore: Expansion Hub Servo Controller                     Expansion Hub 3                USB DQ1NE3V4; module 3
11-19 15:50:42.701  7386  7447 I RobotCore: Expansion Hub Voltage Sensor                       Expansion Hub 3                USB DQ1NE3V4; module 3
11-19 15:50:42.702  7386  7447 I RobotCore: Expansion Hub Pwm Controller                       Expansion Hub 3                USB DQ1NE3V4; module 3
11-19 15:50:42.702  7386  7447 I RobotCore: Expansion Hub Analog Input Controller              Expansion Hub 3                USB DQ1NE3V4; module 3
11-19 15:50:42.702  7386  7447 I RobotCore: Expansion Hub Digital Channel Controller           Expansion Hub 3                USB DQ1NE3V4; module 3
11-19 15:50:42.709  7386  7447 I RobotCore: Expansion Hub (HW: 20, Maj: 1, Min: 8, Eng: 2)     Expansion Hub 3                USB DQ1NE3V4; module 3
11-19 15:50:42.710  7386  7447 I RobotCore: REV Expansion Hub IMU                              imu                            USB DQ1NE3V4; module 2; bus 0; addr7=0x00
11-19 15:50:42.710  7386  7447 I RobotCore: Motor                                              intake_left                    USB DQ1NE3V4; module 2; port 2
11-19 15:50:42.710  7386  7447 I RobotCore: Motor                                              right_front                    USB DQ1NE3V4; module 3; port 1
11-19 15:50:42.711  7386  7447 I RobotCore: REV Robotics USB Expansion Hub Portal              Expansion Hub Portal 1         USB DQ1NE3V4
11-19 15:50:42.711  7386  7447 I RobotCore: Motor                                              boom                           USB DQ1NE3V4; module 2; port 1
11-19 15:50:42.712  7386  7447 I RobotCore: REV Expansion Hub IMU                              imu 1                          USB DQ1NE3V4; module 3; bus 0; addr7=0x00
11-19 15:50:42.712  7386  7447 I FtcEventLoop: ======= INIT FINISH =======
11-19 15:50:42.712  7386  7447 V RobotCore: EventLoopManager state is RUNNING
11-19 15:50:42.734  7386  7447 V RobotCore: Robot Status: running, starting robot
11-19 15:50:42.734  7386  7447 V RobotCore: Robot Status: running
11-19 15:50:42.738  7386  7447 V RobotCore: thread: ...terminating 'RobotSetupRunnable.run()'
11-19 15:50:42.739  7386  7531 V RobotCore: thread: 'opmode loop()' starting...
11-19 15:50:42.745  7386  7531 D RobotCore: system telemetry: key=$System$None$ msg=""
11-19 15:50:42.769  7386  7530 V SoundInfo: construct(0x05bf2628)
11-19 15:50:42.775  7386  7529 E WVMExtractor: Failed to open libwvm.so: dlopen failed: library "libwvm.so" not found
11-19 15:50:42.793  7386  7529 I MediaCodec: (0x8ac4f000) init name(audio/raw) isType(1) encoder(0)
11-19 15:50:42.800  7386  7535 I MediaCodec: (0x8ac4f000) Component Allocated (OMX.google.raw.decoder)
11-19 15:50:42.800  7386  7529 I MediaCodec: (0x8ac4f000) configure surface(0x0) crypto(0x0) flags(0)
11-19 15:50:42.800  7386  7529 D MediaCodec: (0x8ac4f000) configure format: AMessage(what = 0x00000000) = {
11-19 15:50:42.800  7386  7529 D MediaCodec:       string mime = "audio/raw"
11-19 15:50:42.800  7386  7529 D MediaCodec:       int64_t durationUs = 1019125
11-19 15:50:42.800  7386  7529 D MediaCodec:       int32_t track-id = 1
11-19 15:50:42.800  7386  7529 D MediaCodec:       int32_t channel-count = 1
11-19 15:50:42.800  7386  7529 D MediaCodec:       int32_t sample-rate = 8000
11-19 15:50:42.800  7386  7529 D MediaCodec:       int32_t channel-mask = 0
11-19 15:50:42.800  7386  7529 D MediaCodec:       int32_t pcm-encoding = 2
11-19 15:50:42.800  7386  7529 D MediaCodec:     }
11-19 15:50:42.803  7386  7529 I MediaCodec: (0x8ac4f000) start
11-19 15:50:42.807  7386  7535 I MediaCodec: (0x8ac4f000) input buffers allocated
11-19 15:50:42.807  7386  7535 I MediaCodec: (0x8ac4f000) numBuffers (4)
11-19 15:50:42.807  7386  7535 I MediaCodec: (0x8ac4f000) output buffers allocated
11-19 15:50:42.807  7386  7535 I MediaCodec: (0x8ac4f000) numBuffers (4)
11-19 15:50:42.813  7386  7535 D MediaCodec: (0x8ac4f000) [OMX.google.raw.decoder] output format changed to: AMessage(what = 0x00000000) = {
11-19 15:50:42.813  7386  7535 D MediaCodec:       string mime = "audio/raw"
11-19 15:50:42.813  7386  7535 D MediaCodec:       int32_t channel-count = 1
11-19 15:50:42.813  7386  7535 D MediaCodec:       int32_t sample-rate = 8000
11-19 15:50:42.813  7386  7535 D MediaCodec:       int32_t pcm-encoding = 2
11-19 15:50:42.813  7386  7535 D MediaCodec:       int32_t bit-width = 16
11-19 15:50:42.813  7386  7535 D MediaCodec:       int32_t channel-mask = 0
11-19 15:50:42.813  7386  7535 D MediaCodec:     }
11-19 15:50:42.815  7386  7529 I MediaCodec: (0x8ac4f000) stop
11-19 15:50:42.820  7386  7529 I MediaCodec: (0x8ac4f000) release
11-19 15:50:42.824  7386  7409 D SoundPlayer: onLoadComplete(samp=1|ms=1019, samp=1)=0
11-19 15:50:42.827  7386  7530 W AudioTrack: AUDIO_OUTPUT_FLAG_FAST denied by client; transfer 4, track 8000 Hz, output 48000 Hz
11-19 15:50:42.830  7386  7530 D SoundPlayer: playing volume=1.000000 samp=1|ms=1019
11-19 15:50:43.248  7386  7531 I RobotCore: Attempting to switch to op mode $Stop$Robot$
11-19 15:50:48.777  7386  7386 D WifiDirect: broadcast: peers changed
11-19 15:50:48.778  7386  7409 V NetDiscover_wifiDirectAgent_bcast: peers found: count=1
11-19 15:50:48.778  7386  7409 V NetDiscover_wifiDirectAgent_bcast:     peer: 68:c4:4d:43:43:6f 5921-A-DS
11-19 15:50:48.781  7386  7386 V WifiDirect: peers found: 1
11-19 15:50:48.781  7386  7386 V WifiDirect:     peer: 68:c4:4d:43:43:6f 5921-A-DS
11-19 15:50:48.781  7386  7386 I EventLoopManager: onNetworkConnectionEvent: PEERS_AVAILABLE
11-19 15:50:49.275  7386  7409 V NetDiscover_wifiDirectAgent_bcast: peers found: count=1
11-19 15:50:49.276  7386  7409 V NetDiscover_wifiDirectAgent_bcast:     peer: 68:c4:4d:43:43:6f 5921-A-DS
11-19 15:50:49.276  7386  7386 D WifiDirect: broadcast: peers changed
11-19 15:50:49.279  7386  7386 V WifiDirect: peers found: 1
11-19 15:50:49.279  7386  7386 V WifiDirect:     peer: 68:c4:4d:43:43:6f 5921-A-DS
11-19 15:50:49.279  7386  7386 I EventLoopManager: onNetworkConnectionEvent: PEERS_AVAILABLE
11-19 15:50:49.279  7386  7409 D NetDiscover_wifiDirectAgent_bcast: connection changed: networkInfo.state=CONNECTED
11-19 15:50:49.279  7386  7409 V NetDiscover_wifiDirectAgent_bcast: NetworkInfo: [type: WIFI_P2P[], state: CONNECTED/CONNECTED, reason: (unspecified), extra: (none), failover: false, available: true, roaming: false, metered: false]
11-19 15:50:49.280  7386  7409 V NetDiscover_wifiDirectAgent_bcast: WifiP2pInfo: groupFormed: true isGroupOwner: true groupOwnerAddress: /192.168.49.1 mccMode: false
11-19 15:50:49.280  7386  7409 V NetDiscover_wifiDirectAgent_bcast: WifiP2pGroup: network: DIRECT-EF-5921-A-RC, isGO: true, GO: Device: , deviceAddress: cc:61:e5:17:31:21, primary type: null, secondary type: null, wps: 0, grpcapab: 0, devcapab: 0, status: 4, wfdInfo: WFD enabled: falseWFD DeviceInfo: 0, WFD CtrlPort: 0, WFD MaxThroughput: 0, level: 0, Client: Device: 5921-A-DS, deviceAddress: 68:c4:4d:43:43:6f, primary type: 10-0050F204-5, secondary type: null, wps: 392, grpcapab: 0, devcapab: 33, status: 0, wfdInfo: null, level: 60, interface: p2p0, networkId: 0
11-19 15:50:49.280  7386  7386 D WifiDirect: broadcast: connection changed: connectStatus=GROUP_OWNER networkInfo.state=CONNECTED
11-19 15:50:53.310  7386  7520 V PeerDiscovery: new remote peer discovered: 192.168.49.245
11-19 15:50:53.311  7386  7520 D Robocol : RobocolDatagramSocket connected to /192.168.49.245:20884
11-19 15:50:53.312  7386  7520 V NetworkConnectionHandler: starting sending loop
11-19 15:50:53.313  7386  7520 V Robocol : SendOnceRunnable created
11-19 15:50:53.339  7386  7520 V NetDiscover_prefremrc: sendAllPreferences()
11-19 15:50:53.339  7386  7520 V NetDiscover_prefremrc: sending RC pref name=pref_wifip2p_remote_channel_change_works value=true
11-19 15:50:53.344  7386  7520 V NetDiscover_prefremrc: sending RC pref name=pref_device_name value=5921-A-RC
11-19 15:50:53.344  7386  7520 V NetDiscover_prefremrc: sending RC pref name=pref_has_independent_phone_battery value=true
11-19 15:50:53.345  7386  7520 V NetDiscover_prefremrc: sending RC pref name=pref_has_speaker value=true
11-19 15:50:53.345  7386  7520 V NetDiscover_prefremrc: sending RC pref name=pref_app_theme value=red
11-19 15:50:53.346  7386  7520 V NetDiscover_prefremrc: sending RC pref name=pref_sound_on_off value=true
11-19 15:50:53.347  7386  7520 V UpdateUI: Network: active, connected
11-19 15:50:53.354  7386  7548 V Robocol : sending CMD_NOTIFY_USER_DEVICE_LIST(43), attempt: 0
11-19 15:50:53.356  7386  7548 V Robocol : sending CMD_ROBOT_CONTROLLER_PREFERENCE(44), attempt: 0
11-19 15:50:53.357  7386  7548 V Robocol : sending CMD_ROBOT_CONTROLLER_PREFERENCE(45), attempt: 0
11-19 15:50:53.359  7386  7548 V Robocol : sending CMD_ROBOT_CONTROLLER_PREFERENCE(46), attempt: 0
11-19 15:50:53.361  7386  7548 V Robocol : sending CMD_ROBOT_CONTROLLER_PREFERENCE(47), attempt: 0
11-19 15:50:53.361  7386  7520 V Robocol : received command: CMD_REQUEST_UI_STATE(10007) 
11-19 15:50:53.361  7386  7548 V Robocol : sending CMD_ROBOT_CONTROLLER_PREFERENCE(48), attempt: 0
11-19 15:50:53.362  7386  7548 V Robocol : sending CMD_ROBOT_CONTROLLER_PREFERENCE(49), attempt: 0
11-19 15:50:53.394  7386  7548 V Robocol : sending CMD_NOTIFY_ACTIVE_CONFIGURATION(57), attempt: 0
11-19 15:50:53.394  7386  7530 V SoundInfo: construct(0x0bd08f1f)
11-19 15:50:53.432  7386  7529 I MediaCodec: (0x8ac20000) init name(audio/raw) isType(1) encoder(0)
11-19 15:50:53.433  7386  7548 V Robocol : sending CMD_NOTIFY_USER_DEVICE_LIST(63), attempt: 0
11-19 15:50:53.438  7386  7548 V Robocol : sending CMD_NOTIFY_OP_MODE_LIST(64), attempt: 0
11-19 15:50:53.438  7386  7551 I MediaCodec: (0x8ac20000) Component Allocated (OMX.google.raw.decoder)
11-19 15:50:53.439  7386  7529 I MediaCodec: (0x8ac20000) configure surface(0x0) crypto(0x0) flags(0)
11-19 15:50:53.439  7386  7529 D MediaCodec: (0x8ac20000) configure format: AMessage(what = 0x00000000) = {
11-19 15:50:53.439  7386  7529 D MediaCodec:       string mime = "audio/raw"
11-19 15:50:53.439  7386  7529 D MediaCodec:       int64_t durationUs = 485011
11-19 15:50:53.439  7386  7529 D MediaCodec:       int32_t track-id = 1
11-19 15:50:53.439  7386  7529 D MediaCodec:       int32_t channel-count = 2
11-19 15:50:53.439  7386  7529 D MediaCodec:       int32_t sample-rate = 44100
11-19 15:50:53.439  7386  7529 D MediaCodec:       int32_t channel-mask = 0
11-19 15:50:53.439  7386  7529 D MediaCodec:       int32_t pcm-encoding = 2
11-19 15:50:53.439  7386  7529 D MediaCodec:     }
11-19 15:50:53.441  7386  7529 I MediaCodec: (0x8ac20000) start
11-19 15:50:53.446  7386  7551 I MediaCodec: (0x8ac20000) input buffers allocated
11-19 15:50:53.446  7386  7551 I MediaCodec: (0x8ac20000) numBuffers (4)
11-19 15:50:53.446  7386  7551 I MediaCodec: (0x8ac20000) output buffers allocated
11-19 15:50:53.446  7386  7551 I MediaCodec: (0x8ac20000) numBuffers (4)
11-19 15:50:53.452  7386  7551 D MediaCodec: (0x8ac20000) [OMX.google.raw.decoder] output format changed to: AMessage(what = 0x00000000) = {
11-19 15:50:53.452  7386  7551 D MediaCodec:       string mime = "audio/raw"
11-19 15:50:53.452  7386  7551 D MediaCodec:       int32_t channel-count = 2
11-19 15:50:53.452  7386  7551 D MediaCodec:       int32_t sample-rate = 44100
11-19 15:50:53.452  7386  7551 D MediaCodec:       int32_t pcm-encoding = 2
11-19 15:50:53.452  7386  7551 D MediaCodec:       int32_t bit-width = 16
11-19 15:50:53.452  7386  7551 D MediaCodec:       int32_t channel-mask = 0
11-19 15:50:53.452  7386  7551 D MediaCodec:     }
11-19 15:50:53.463  7386  7529 I MediaCodec: (0x8ac20000) stop
11-19 15:50:53.466  7386  7529 I MediaCodec: (0x8ac20000) release
11-19 15:50:53.470  7386  7409 D SoundPlayer: onLoadComplete(samp=2|ms=485, samp=2)=0
11-19 15:50:53.472  7386  7530 W AudioTrack: AUDIO_OUTPUT_FLAG_FAST denied by client; transfer 4, track 44100 Hz, output 48000 Hz
11-19 15:50:53.477  7386  7530 D SoundPlayer: playing volume=1.000000 samp=2|ms=485
11-19 15:50:53.513  7386  7548 V Robocol : sending CMD_PLAY_SOUND(71), attempt: 0
11-19 15:50:55.356  7386  7520 V Robocol : received command: CMD_INIT_OP_MODE(10056) $Stop$Robot$
11-19 15:50:55.378  7386  7531 I RobotCore: Attempting to switch to op mode $Stop$Robot$
11-19 15:50:55.473  7386  7548 V Robocol : sending CMD_NOTIFY_INIT_OP_MODE(111), attempt: 0
11-19 15:50:57.037  7386  7520 V Robocol : received command: CMD_INIT_OP_MODE(10081) $Stop$Robot$
11-19 15:50:57.056  7386  7531 I RobotCore: Attempting to switch to op mode $Stop$Robot$
11-19 15:50:57.154  7386  7548 V Robocol : sending CMD_NOTIFY_INIT_OP_MODE(139), attempt: 0
11-19 15:50:59.797  7386  7520 V Robocol : received command: CMD_SET_MATCH_NUMBER(10120) 0
11-19 15:50:59.799  7386  7520 V Robocol : received command: CMD_INIT_OP_MODE(10121) LCHSAcceleration
11-19 15:50:59.836  7386  7519 I RobotCore: ******************** START - OPMODE LCHSAcceleration ********************
11-19 15:50:59.839  7386  7531 I RobotCore: Attempting to switch to op mode LCHSAcceleration
11-19 15:50:59.911  7386  7531 W LynxPwmOutputController: LynxSetPWMEnableCommand not implemented by lynx hw; ignoring
11-19 15:50:59.919  7386  7531 W LynxPwmOutputController: LynxSetPWMConfigurationCommand not implemented by lynx hw; ignoring
11-19 15:50:59.927  7386  7531 W LynxPwmOutputController: LynxSetPWMEnableCommand not implemented by lynx hw; ignoring
11-19 15:50:59.935  7386  7531 W LynxPwmOutputController: LynxSetPWMConfigurationCommand not implemented by lynx hw; ignoring
11-19 15:50:59.943  7386  7531 W LynxPwmOutputController: LynxSetPWMEnableCommand not implemented by lynx hw; ignoring
11-19 15:50:59.951  7386  7531 W LynxPwmOutputController: LynxSetPWMConfigurationCommand not implemented by lynx hw; ignoring
11-19 15:50:59.958  7386  7531 W LynxPwmOutputController: LynxSetPWMEnableCommand not implemented by lynx hw; ignoring
11-19 15:50:59.965  7386  7531 W LynxPwmOutputController: LynxSetPWMConfigurationCommand not implemented by lynx hw; ignoring
11-19 15:51:00.291  7386  7531 W LynxPwmOutputController: LynxSetPWMEnableCommand not implemented by lynx hw; ignoring
11-19 15:51:00.298  7386  7531 W LynxPwmOutputController: LynxSetPWMConfigurationCommand not implemented by lynx hw; ignoring
11-19 15:51:00.304  7386  7531 W LynxPwmOutputController: LynxSetPWMEnableCommand not implemented by lynx hw; ignoring
11-19 15:51:00.309  7386  7531 W LynxPwmOutputController: LynxSetPWMConfigurationCommand not implemented by lynx hw; ignoring
11-19 15:51:00.313  7386  7531 W LynxPwmOutputController: LynxSetPWMEnableCommand not implemented by lynx hw; ignoring
11-19 15:51:00.321  7386  7531 W LynxPwmOutputController: LynxSetPWMConfigurationCommand not implemented by lynx hw; ignoring
11-19 15:51:00.325  7386  7531 W LynxPwmOutputController: LynxSetPWMEnableCommand not implemented by lynx hw; ignoring
11-19 15:51:00.330  7386  7531 W LynxPwmOutputController: LynxSetPWMConfigurationCommand not implemented by lynx hw; ignoring
11-19 15:51:00.335  7386  7557 V RobotCore: thread: 'LinearOpMode main' starting...
11-19 15:51:00.354  7386  7548 V Robocol : sending CMD_NOTIFY_INIT_OP_MODE(192), attempt: 0
11-19 15:51:00.444  7386  7557 V RobotCore: addr=false data=true arb=false clock=false
11-19 15:51:00.444  7386  7557 E LynxI2cDeviceSynch: readStatusQuery: cbExpected=1 cbRead=0
11-19 15:51:00.444  7386  7557 E LynxI2cDeviceSynch: placeholder: readStatusQuery
11-19 15:51:00.511  7386  7557 V RobotCore: addr=false data=true arb=false clock=false
11-19 15:51:00.511  7386  7557 E LynxI2cDeviceSynch: readStatusQuery: cbExpected=1 cbRead=0
11-19 15:51:00.580  7386  7557 V RobotCore: addr=false data=true arb=false clock=false
11-19 15:51:00.580  7386  7557 E LynxI2cDeviceSynch: readStatusQuery: cbExpected=1 cbRead=0
11-19 15:51:00.651  7386  7557 V RobotCore: addr=false data=true arb=false clock=false
11-19 15:51:00.651  7386  7557 E LynxI2cDeviceSynch: readStatusQuery: cbExpected=1 cbRead=0
11-19 15:51:00.719  7386  7557 V RobotCore: addr=false data=true arb=false clock=false
11-19 15:51:00.720  7386  7557 E LynxI2cDeviceSynch: readStatusQuery: cbExpected=1 cbRead=0
11-19 15:51:00.788  7386  7557 V RobotCore: addr=false data=true arb=false clock=false
11-19 15:51:00.789  7386  7557 E LynxI2cDeviceSynch: readStatusQuery: cbExpected=1 cbRead=0
11-19 15:51:00.862  7386  7557 V RobotCore: addr=false data=true arb=false clock=false
11-19 15:51:00.863  7386  7557 E LynxI2cDeviceSynch: readStatusQuery: cbExpected=1 cbRead=0
11-19 15:51:00.930  7386  7557 V RobotCore: addr=false data=true arb=false clock=false
11-19 15:51:00.930  7386  7557 E LynxI2cDeviceSynch: readStatusQuery: cbExpected=1 cbRead=0
11-19 15:51:01.398  7386  7557 W IMU     : re-issuing IMU mode: system status=IDLE expected=RUNNING_FUSION
11-19 15:51:12.642  7386  7520 V Robocol : received command: CMD_REQUEST_UI_STATE(10001) 
11-19 15:51:12.675  7386  7548 V Robocol : sending CMD_NOTIFY_ACTIVE_CONFIGURATION(327), attempt: 0
11-19 15:51:12.714  7386  7548 V Robocol : sending CMD_NOTIFY_USER_DEVICE_LIST(329), attempt: 0
11-19 15:51:12.716  7386  7548 V Robocol : sending CMD_NOTIFY_OP_MODE_LIST(330), attempt: 0
11-19 15:51:13.756  7386  7520 V Robocol : received command: CMD_INIT_OP_MODE(10039) $Stop$Robot$
11-19 15:51:13.768  7386  7519 I RobotCore: ******************** STOP - OPMODE /storage/emulated/0/FIRST/matchlogs/Match-0-LCHSAcceleration.txt ********************
11-19 15:51:13.771  7386  7519 I RobotCore: Pruning old logs deleting Match-0-LCHSAcceleration.txt
11-19 15:51:13.780  7386  7560 I RobotCore: saving match logcat to /storage/emulated/0/FIRST/matchlogs/Match-0-LCHSAcceleration.txt
11-19 15:51:13.780  7386  7560 I RobotCore: logging command line: exec logcat -d -T '11-19 15:50:59.000' -f /storage/emulated/0/FIRST/matchlogs/Match-0-LCHSAcceleration.txt -n4 -v threadtime UsbRequestJNI:S UsbRequest:S art:W ThreadPool:W System:W ExtendedExtractor:W OMXClient:W MediaPlayer:W dalvikvm:W  *:V
11-19 15:51:13.791  7386  7557 D LCHSHardwareMap: Call IMU initialization
11-19 15:51:13.791  7386  7557 E LCHS IMU init: IMU initialization failed
11-19 15:51:13.791  7386  7557 D LCHSHardwareMap: Return from IMU initialization
11-19 15:51:13.801  7561  7561 W sh      : type=1400 audit(0.0:20): avc: denied { read } for uid=10151 name="/" dev="rootfs" ino=1 scontext=u:r:untrusted_app:s0:c512,c768 tcontext=u:object_r:rootfs:s0 tclass=dir permissive=0
11-19 15:51:13.809  7386  7557 E LynxI2cDeviceSynch: placeholder: readTimestamped
11-19 15:51:13.809  7386  7557 D LCHSHardwareMap: imu status after init IDLE
11-19 15:51:13.810  7386  7557 V RobotCore: thread: ...terminating 'LinearOpMode main'
11-19 15:51:13.811  7386  7531 I RobotCore: Attempting to switch to op mode $Stop$Robot$
11-19 15:51:13.841  7386  7560 I RobotCore: Done running exec logcat -d -T '11-19 15:50:59.000' -f /storage/emulated/0/FIRST/matchlogs/Match-0-LCHSAcceleration.txt -n4 -v threadtime UsbRequestJNI:S UsbRequest:S art:W ThreadPool:W System:W ExtendedExtractor:W OMXClient:W MediaPlayer:W dalvikvm:W  *:V
11-19 15:51:13.841  7386  7560 I RobotCore: exiting match logcat for /storage/emulated/0/FIRST/matchlogs/Match-0-LCHSAcceleration.txt
11-19 15:51:13.873  7386  7548 V Robocol : sending CMD_NOTIFY_INIT_OP_MODE(371), attempt: 0
11-19 15:51:15.399  7386  7520 V Robocol : received command: CMD_INIT_OP_MODE(10088) $Stop$Robot$
11-19 15:51:15.415  7386  7531 I RobotCore: Attempting to switch to op mode $Stop$Robot$
11-19 15:51:15.514  7386  7548 V Robocol : sending CMD_NOTIFY_INIT_OP_MODE(422), attempt: 0
11-19 15:51:18.077  7386  7520 V Robocol : received command: CMD_SET_MATCH_NUMBER(10126) 0
11-19 15:51:18.078  7386  7520 V Robocol : received command: CMD_INIT_OP_MODE(10127) LCHSAcceleration
11-19 15:51:18.104  7386  7519 I RobotCore: ******************** START - OPMODE LCHSAcceleration ********************
11-19 15:51:18.107  7386  7531 I RobotCore: Attempting to switch to op mode LCHSAcceleration
11-19 15:51:18.177  7386  7531 W LynxPwmOutputController: LynxSetPWMEnableCommand not implemented by lynx hw; ignoring
11-19 15:51:18.183  7386  7531 W LynxPwmOutputController: LynxSetPWMConfigurationCommand not implemented by lynx hw; ignoring
11-19 15:51:18.189  7386  7531 W LynxPwmOutputController: LynxSetPWMEnableCommand not implemented by lynx hw; ignoring
11-19 15:51:18.196  7386  7531 W LynxPwmOutputController: LynxSetPWMConfigurationCommand not implemented by lynx hw; ignoring
11-19 15:51:18.202  7386  7531 W LynxPwmOutputController: LynxSetPWMEnableCommand not implemented by lynx hw; ignoring
11-19 15:51:18.208  7386  7531 W LynxPwmOutputController: LynxSetPWMConfigurationCommand not implemented by lynx hw; ignoring
11-19 15:51:18.214  7386  7531 W LynxPwmOutputController: LynxSetPWMEnableCommand not implemented by lynx hw; ignoring
11-19 15:51:18.220  7386  7531 W LynxPwmOutputController: LynxSetPWMConfigurationCommand not implemented by lynx hw; ignoring
11-19 15:51:18.530  7386  7531 W LynxPwmOutputController: LynxSetPWMEnableCommand not implemented by lynx hw; ignoring
11-19 15:51:18.536  7386  7531 W LynxPwmOutputController: LynxSetPWMConfigurationCommand not implemented by lynx hw; ignoring
11-19 15:51:18.541  7386  7531 W LynxPwmOutputController: LynxSetPWMEnableCommand not implemented by lynx hw; ignoring
11-19 15:51:18.547  7386  7531 W LynxPwmOutputController: LynxSetPWMConfigurationCommand not implemented by lynx hw; ignoring
11-19 15:51:18.553  7386  7531 W LynxPwmOutputController: LynxSetPWMEnableCommand not implemented by lynx hw; ignoring
11-19 15:51:18.559  7386  7531 W LynxPwmOutputController: LynxSetPWMConfigurationCommand not implemented by lynx hw; ignoring
11-19 15:51:18.565  7386  7531 W LynxPwmOutputController: LynxSetPWMEnableCommand not implemented by lynx hw; ignoring
11-19 15:51:18.570  7386  7531 W LynxPwmOutputController: LynxSetPWMConfigurationCommand not implemented by lynx hw; ignoring
11-19 15:51:18.577  7386  7566 V RobotCore: thread: 'LinearOpMode main' starting...
11-19 15:51:18.594  7386  7548 V Robocol : sending CMD_NOTIFY_INIT_OP_MODE(473), attempt: 0
11-19 15:51:18.679  7386  7566 V RobotCore: addr=false data=true arb=false clock=false
11-19 15:51:18.680  7386  7566 E LynxI2cDeviceSynch: readStatusQuery: cbExpected=1 cbRead=0
11-19 15:51:18.680  7386  7566 E LynxI2cDeviceSynch: placeholder: readStatusQuery
11-19 15:51:18.751  7386  7566 V RobotCore: addr=false data=true arb=false clock=false
11-19 15:51:18.751  7386  7566 E LynxI2cDeviceSynch: readStatusQuery: cbExpected=1 cbRead=0
11-19 15:51:18.821  7386  7566 V RobotCore: addr=false data=true arb=false clock=false
11-19 15:51:18.821  7386  7566 E LynxI2cDeviceSynch: readStatusQuery: cbExpected=1 cbRead=0
11-19 15:51:18.890  7386  7566 V RobotCore: addr=false data=true arb=false clock=false
11-19 15:51:18.890  7386  7566 E LynxI2cDeviceSynch: readStatusQuery: cbExpected=1 cbRead=0
11-19 15:51:18.961  7386  7566 V RobotCore: addr=false data=true arb=false clock=false
11-19 15:51:18.961  7386  7566 E LynxI2cDeviceSynch: readStatusQuery: cbExpected=1 cbRead=0
11-19 15:51:19.038  7386  7520 V Robocol : received command: CMD_RUN_OP_MODE(10145) LCHSAcceleration
11-19 15:51:19.075  7386  7548 V Robocol : sending CMD_NOTIFY_RUN_OP_MODE(482), attempt: 0
11-19 15:51:19.423  7386  7566 W IMU     : re-issuing IMU mode: system status=IDLE expected=RUNNING_FUSION
11-19 15:51:19.760  7386  7566 D LCHSHardwareMap: Call IMU initialization
11-19 15:51:19.868  7386  7566 V RobotCore: addr=false data=true arb=false clock=false
11-19 15:51:19.868  7386  7566 E LynxI2cDeviceSynch: readStatusQuery: cbExpected=1 cbRead=0
11-19 15:51:19.868  7386  7566 E LynxI2cDeviceSynch: placeholder: readStatusQuery
11-19 15:51:19.935  7386  7566 V RobotCore: addr=false data=true arb=false clock=false
11-19 15:51:19.935  7386  7566 E LynxI2cDeviceSynch: readStatusQuery: cbExpected=1 cbRead=0
11-19 15:51:20.004  7386  7566 V RobotCore: addr=false data=true arb=false clock=false
11-19 15:51:20.005  7386  7566 E LynxI2cDeviceSynch: readStatusQuery: cbExpected=1 cbRead=0
11-19 15:51:20.074  7386  7566 V RobotCore: addr=false data=true arb=false clock=false
11-19 15:51:20.074  7386  7566 E LynxI2cDeviceSynch: readStatusQuery: cbExpected=1 cbRead=0
11-19 15:51:20.143  7386  7566 V RobotCore: addr=false data=true arb=false clock=false
11-19 15:51:20.143  7386  7566 E LynxI2cDeviceSynch: readStatusQuery: cbExpected=1 cbRead=0
11-19 15:51:20.616  7386  7566 W LCHS IMU init: re-issuing IMU mode: system status=IDLE expected=RUNNING_FUSION
11-19 15:51:20.638  7386  7567 V IMU     : dt=1.006s accel=(0.000 0.000 0.000)m/s^2
11-19 15:51:20.787  7386  7566 D LCHSHardwareMap: Return from IMU initialization
11-19 15:51:20.795  7386  7566 D LCHSHardwareMap: imu status after init RUNNING_FUSION
11-19 15:51:20.888  7386  7566 D LCHSAcceleration: Linear Acceleration  | X: -0.009999999776482582 Y: 0.0
11-19 15:51:20.911  7386  7566 D LCHSAcceleration: Overall Acceleration | X: -0.6700000166893005 Y: -0.03999999910593033
11-19 15:51:20.958  7386  7566 D LCHSAcceleration: Linear Acceleration  | X: -0.019999999552965164 Y: -0.009999999776482582
11-19 15:51:20.990  7386  7566 D LCHSAcceleration: Overall Acceleration | X: -0.699999988079071 Y: -0.009999999776482582
11-19 15:51:21.039  7386  7566 D LCHSAcceleration: Linear Acceleration  | X: 0.05000000074505806 Y: -0.17000000178813934
11-19 15:51:21.069  7386  7566 D LCHSAcceleration: Overall Acceleration | X: 0.18000000715255737 Y: -0.1599999964237213
11-19 15:51:21.119  7386  7566 D LCHSAcceleration: Linear Acceleration  | X: -0.20999999344348907 Y: -0.5400000214576721
11-19 15:51:21.148  7386  7566 D LCHSAcceleration: Overall Acceleration | X: -0.38999998569488525 Y: 0.019999999552965164
11-19 15:51:21.197  7386  7566 D LCHSAcceleration: Linear Acceleration  | X: 0.20000000298023224 Y: -0.8500000238418579
11-19 15:51:21.231  7386  7566 D LCHSAcceleration: Overall Acceleration | X: 1.3799999952316284 Y: -0.3100000023841858
11-19 15:51:21.288  7386  7566 D LCHSAcceleration: Linear Acceleration  | X: 2.0399999618530273 Y: -1.309999942779541
11-19 15:51:21.306  7386  7566 D LCHSAcceleration: Overall Acceleration | X: 1.149999976158142 Y: -1.1799999475479126
11-19 15:51:21.407  7386  7566 D LCHSAcceleration: Linear Acceleration  | X: 1.1399999856948853 Y: -0.8199999928474426
11-19 15:51:21.440  7386  7566 D LCHSAcceleration: Overall Acceleration | X: 0.75 Y: 0.11999999731779099
11-19 15:51:21.471  7386  7566 D LCHSAcceleration: Linear Acceleration  | X: 1.2200000286102295 Y: 0.25
11-19 15:51:21.499  7386  7566 D LCHSAcceleration: Overall Acceleration | X: 0.03999999910593033 Y: -0.9599999785423279
11-19 15:51:21.552  7386  7566 D LCHSAcceleration: Linear Acceleration  | X: 0.4099999964237213 Y: 0.3100000023841858
11-19 15:51:21.588  7386  7566 D LCHSAcceleration: Overall Acceleration | X: -0.25 Y: 0.47999998927116394
11-19 15:51:21.638  7386  7566 D LCHSAcceleration: Linear Acceleration  | X: 0.6200000047683716 Y: 0.15000000596046448
11-19 15:51:21.655  7386  7567 V IMU     : dt=1.015s accel=(0.630 1.160 0.370)m/s^2
11-19 15:51:21.685  7386  7566 D LCHSAcceleration: Overall Acceleration | X: -0.30000001192092896 Y: 0.12999999523162842
11-19 15:51:21.739  7386  7566 D LCHSAcceleration: Linear Acceleration  | X: 0.15000000596046448 Y: -0.14000000059604645
11-19 15:51:21.765  7386  7566 D LCHSAcceleration: Overall Acceleration | X: -0.7099999785423279 Y: 0.5099999904632568
11-19 15:51:21.822  7386  7566 D LCHSAcceleration: Linear Acceleration  | X: -0.33000001311302185 Y: -0.33000001311302185
11-19 15:51:21.856  7386  7566 D LCHSAcceleration: Overall Acceleration | X: -1.2999999523162842 Y: 0.15000000596046448
11-19 15:51:21.950  7386  7566 D LCHSAcceleration: Linear Acceleration  | X: -0.8999999761581421 Y: -0.5400000214576721
11-19 15:51:21.985  7386  7566 D LCHSAcceleration: Overall Acceleration | X: -2.1600000858306885 Y: 0.33000001311302185
11-19 15:51:22.043  7386  7566 D LCHSAcceleration: Linear Acceleration  | X: -1.7799999713897705 Y: -0.5899999737739563
11-19 15:51:22.077  7386  7566 D LCHSAcceleration: Overall Acceleration | X: -2.0299999713897705 Y: -0.05999999865889549
11-19 15:51:22.111  7386  7566 D LCHSAcceleration: Linear Acceleration  | X: -0.9900000095367432 Y: 0.07000000029802322
11-19 15:51:22.142  7386  7566 D LCHSAcceleration: Overall Acceleration | X: -1.4700000286102295 Y: 0.2199999988079071
