--------- beginning of main
11-19 15:50:06.073  7101  7101 I chatty  : uid=10151(com.qualcomm.ftcrobotcontroller) expire 44 lines
11-19 15:50:06.098  7101  7108 I chatty  : uid=10151(com.qualcomm.ftcrobotcontroller) expire 2 lines
11-19 15:50:06.169  7101  7116 I chatty  : uid=10151(com.qualcomm.ftcrobotcontroller) expire 3 lines
11-19 15:50:06.219  7101  7112 I chatty  : uid=10151(com.qualcomm.ftcrobotcontroller) expire 1 line
11-19 15:50:06.247  7101  7120 I chatty  : uid=10151(com.qualcomm.ftcrobotcontroller) expire 14 lines
11-19 15:50:06.298  7121  7121 I chatty  : uid=10151(com.qualcomm.ftcrobotcontroller) logcat expire 1 line
11-19 15:50:06.887  7101  7153 I chatty  : uid=10151(com.qualcomm.ftcrobotcontroller) expire 2 lines
11-19 15:50:06.967  7101  7101 I chatty  : uid=10151(com.qualcomm.ftcrobotcontroller) expire 72 lines
11-19 15:50:07.051  7101  7101 V OnBotJava: OnBotJavaManager::static
11-19 15:50:07.313  7101  7101 W art     : Found duplicate classes, falling back to interpreter mode for /data/app/com.qualcomm.ftcrobotcontroller-2/base.apk
11-19 15:50:07.313  7101  7101 W art     : Found duplicated class when checking oat files: 'Landroid/support/annotation/Keep;' in /data/app/com.qualcomm.ftcrobotcontroller-2/base.apk and /data/app/com.google.android.webview-2/base.apk
11-19 15:50:07.912  7101  7101 V OnBotJava: getCurrentOutputJarDir() unavailable
11-19 15:50:07.912  7101  7101 V OnBotJava: getCurrentOutputJarDir() unavailable
11-19 15:50:09.134  7101  7101 V UpdateUI: Network: inactive, disconnected
11-19 15:50:09.135  7101  7101 V ServiceStarter: attempting to start service FtcRobotControllerWatchdogService
11-19 15:50:09.138  7101  7101 V ServiceStarter: started service FtcRobotControllerWatchdogService
11-19 15:50:09.142  7101  7101 V RobotCore: BuildConfig: versionCode=31 versionName=4.3 module=com.qualcomm.ftcrobotcontroller
11-19 15:50:09.143  7101  7101 V RobotCore: BuildConfig: versionCode=55 versionName=8.9 module=com.qualcomm.robotcore
11-19 15:50:09.143  7101  7101 V RobotCore: BuildConfig: versionCode=55 versionName=8.9 module=com.qualcomm.hardware
11-19 15:50:09.143  7101  7101 V RobotCore: BuildConfig: versionCode=55 versionName=8.9 module=com.qualcomm.ftccommon
11-19 15:50:09.143  7101  7101 V RobotCore: BuildConfig: versionCode=55 versionName=8.9 module=com.google.blocks
11-19 15:50:09.144  7101  7101 V RobotCore: BuildConfig: versionCode=55 versionName=8.9 module=org.firstinspires.inspection
11-19 15:50:09.144  7101  7101 I RCActivity: 410c serial number: ZY223QSZCJ
11-19 15:50:09.144  7101  7101 I RobotCore: Android Device: maker=motorola model=XT1609 sdk=25
11-19 15:50:09.146  7101  7101 V RCActivity: onStart()
11-19 15:50:09.150  7101  7101 V RCActivity: onResume()
11-19 15:50:09.181  7101  7101 V MTPMonitorService: onCreate()
11-19 15:50:09.181  7101  7101 V MTPMonitorService: onStartCommand() intent=Intent { cmp=com.qualcomm.ftcrobotcontroller/org.firstinspires.ftc.robotcore.internal.files.MediaTransferProtocolMonitorService } flags=0x0 startId=1
11-19 15:50:09.183  7101  7101 V MTPMonitor: observing: /storage/emulated/0
11-19 15:50:09.236  7101  7101 W FileObserverManager: upgrading mask: path=/storage/emulated/0/FIRST/blocks old=0x00000ffc new=0x00004ffc: might possibly miss event
11-19 15:50:09.244  7101  7101 W FileObserverManager: upgrading mask: path=/storage/emulated/0/FIRST/java/status old=0x00000ffc new=0x00004ffc: might possibly miss event
11-19 15:50:09.308  7101  7101 V OnBotJavaService: onCreate()
11-19 15:50:09.309  7101  7101 V OnBotJavaService: onStartCommand() intent=Intent { cmp=com.qualcomm.ftcrobotcontroller/org.firstinspires.ftc.robotcore.internal.opmode.OnBotJavaService } flags=0x0 startId=1
11-19 15:50:09.309  7101  7101 V OnBotJava: ctor()...
11-19 15:50:09.310  7101  7101 V OnBotJava: ...ctor()
11-19 15:50:09.341  7101  7101 V FtcRobotControllerWatchdogService: onCreate()
11-19 15:50:09.341  7101  7101 V FtcRobotControllerWatchdogService: onStartCommand() intent=Intent { cmp=com.qualcomm.ftcrobotcontroller/org.firstinspires.ftc.ftccommon.internal.FtcRobotControllerWatchdogService } flags=0x0 startId=1
11-19 15:50:09.342  7101  7101 V FtcRobotControllerWatchdogService: shouldAutoLauchRobotController() result=false
11-19 15:50:09.342  7101  7101 V FTCService: onCreate()
11-19 15:50:09.343  7101  7101 V FTCService: onBind()
11-19 15:50:09.356  7101  7101 V WebServer: creating NanoHTTPD(8080)
11-19 15:50:09.364  7101  7101 V RobotCore: Getting network assistant of type: WIFIDIRECT
11-19 15:50:09.367  7101  7101 V NetDiscover_prefremrc: onSharedPreferenceChanged(name=pref_wifip2p_groupowner_connectedto, value=null)
11-19 15:50:09.368  7101  7101 V WifiDirect: There are 1 Wifi Direct Assistant Clients (+)
11-19 15:50:09.368  7101  7101 V WifiDirect: Enabling Wifi Direct Assistant
11-19 15:50:09.372  7101  7101 V WifiDirectInviteMonitor: startMonitoring()
11-19 15:50:09.376  7101  7120 V NetDiscover_wifiDirectAgent_bcast: wifiP2pEnabled=true
11-19 15:50:09.376  7101  7120 D NetDiscover_wifiDirectAgent_bcast: connection changed: networkInfo.state=UNKNOWN
11-19 15:50:09.377  7101  7120 V NetDiscover_wifiDirectAgent_bcast: NetworkInfo: [type: WIFI_P2P[], state: UNKNOWN/IDLE, reason: (unspecified), extra: (none), failover: false, available: true, roaming: false, metered: false]
11-19 15:50:09.377  7101  7120 V NetDiscover_wifiDirectAgent_bcast: WifiP2pInfo: groupFormed: false isGroupOwner: false groupOwnerAddress: null mccMode: false
11-19 15:50:09.377  7101  7120 V NetDiscover_wifiDirectAgent_bcast: WifiP2pGroup: network: null, isGO: false, GO: null, interface: null, networkId: 0
11-19 15:50:09.377  7101  7120 V NetDiscover_wifiDirectAgent_bcast: this device changed: Device=5921-A-RC deviceAddress=cc:61:e5:17:31:21 primary type=10-0050F204-5 secondary type=null wps=0 grpcapab=0 devcapab=0 status=3 wfdInfo=WFD enabled=falseWFD DeviceInfo=0 WFD CtrlPort=0 WFD MaxThroughput=0 level=0
11-19 15:50:09.378  7101  7120 V NetDiscover_name: remembering wifiDirectName: 5921-A-RC...
11-19 15:50:09.378  7101  7120 V NetDiscover_name: ...remembering wifiDirectName
11-19 15:50:09.378  7101  7120 V NetDiscover_wifiDirectAgent_bcast: wifi direct remembered groups cleared
11-19 15:50:09.378  7101  7120 V NetDiscover_wifiDirectAgent_bcast: wifiState=ENABLED
11-19 15:50:09.420  7101  7199 I OpenGLRenderer: Initialized EGL, version 1.4
11-19 15:50:09.420  7101  7199 D OpenGLRenderer: Swap behavior 1
11-19 15:50:09.421  7101  7199 W Adreno-ES20: <get_gpu_clk:229>: open failed: errno 13
11-19 15:50:09.418  7199  7199 W RenderThread: type=1400 audit(0.0:16): avc: denied { read } for uid=10151 name="gpuclk" dev="sysfs" ino=11560 scontext=u:r:untrusted_app:s0:c512,c768 tcontext=u:object_r:sysfs:s0 tclass=file permissive=0
11-19 15:50:09.436  7101  7101 D WifiDirect: broadcast: state - enabled: true
11-19 15:50:09.436  7101  7101 D WifiDirect: broadcast: connection changed: connectStatus=NOT_CONNECTED networkInfo.state=UNKNOWN
11-19 15:50:09.437  7101  7101 D WifiDirect: broadcast: this device changed
11-19 15:50:09.437  7101  7101 V WifiDirect: device information: 5921-A-RC cc:61:e5:17:31:21
11-19 15:50:09.437  7101  7101 V FTCService: RCActivity.controllerService=bound
11-19 15:50:09.438  7101  7101 V UpdateUI: Network: unknown, disconnected
11-19 15:50:09.439  7101  7101 V RobotCore: Robot Status: stopped
11-19 15:50:09.441  7101  7120 V NetDiscover_wifiDirectAgent_bcast: p2p discoverPeers()=true
11-19 15:50:09.451  7101  7206 V RobotCore: thread: 'RobotSetupRunnable.run()' starting...
11-19 15:50:09.451  7101  7206 V FTCService: Processing robot setup
11-19 15:50:09.451  7101  7206 V RobotCore: Robot Status: stopped, scanning for USB devices
11-19 15:50:09.577  7101  7101 I FTCService: onNetworkConnectionEvent: DISCOVERING_PEERS
11-19 15:50:09.578  7101  7101 D WifiDirect: discovering peers
11-19 15:50:09.638  7101  7210 W cr_CrashFileManager: /data/user/0/com.qualcomm.ftcrobotcontroller/cache/WebView/Crash Reports does not exist or is not a directory
11-19 15:50:09.881  7101  7101 I FTCService: onNetworkConnectionEvent: GROUP_CREATED
11-19 15:50:09.881  7101  7101 D WifiDirect: created group
11-19 15:50:09.883  7101  7120 V NetDiscover_wifiDirectAgent_bcast: p2p discoverPeers()=false
11-19 15:50:10.033  7101  7120 V NetDiscover_wifiDirectAgent_bcast: this device changed: Device=5921-A-RC deviceAddress=cc:61:e5:17:31:21 primary type=10-0050F204-5 secondary type=null wps=0 grpcapab=0 devcapab=0 status=0 wfdInfo=WFD enabled=falseWFD DeviceInfo=0 WFD CtrlPort=0 WFD MaxThroughput=0 level=0
11-19 15:50:10.033  7101  7120 V NetDiscover_name: remembering wifiDirectName: 5921-A-RC...
11-19 15:50:10.033  7101  7120 V NetDiscover_name: ...remembering wifiDirectName
11-19 15:50:10.033  7101  7101 D WifiDirect: broadcast: this device changed
11-19 15:50:10.033  7101  7101 V WifiDirect: device information: 5921-A-RC cc:61:e5:17:31:21
11-19 15:50:10.035  7101  7120 D NetDiscover_wifiDirectAgent_bcast: connection changed: networkInfo.state=CONNECTED
11-19 15:50:10.035  7101  7101 D WifiDirect: broadcast: connection changed: connectStatus=NOT_CONNECTED networkInfo.state=CONNECTED
11-19 15:50:10.035  7101  7120 V NetDiscover_wifiDirectAgent_bcast: NetworkInfo: [type: WIFI_P2P[], state: CONNECTED/CONNECTED, reason: (unspecified), extra: (none), failover: false, available: true, roaming: false, metered: false]
11-19 15:50:10.035  7101  7120 V NetDiscover_wifiDirectAgent_bcast: WifiP2pInfo: groupFormed: true isGroupOwner: true groupOwnerAddress: /192.168.49.1 mccMode: false
11-19 15:50:10.035  7101  7101 V WifiDirect: writing pref name=pref_wifip2p_groupowner_connectedto value=
11-19 15:50:10.035  7101  7120 V NetDiscover_wifiDirectAgent_bcast: WifiP2pGroup: network: DIRECT-EF-5921-A-RC, isGO: true, GO: Device: , deviceAddress: cc:61:e5:17:31:21, primary type: null, secondary type: null, wps: 0, grpcapab: 0, devcapab: 0, status: 4, wfdInfo: WFD enabled: falseWFD DeviceInfo: 0, WFD CtrlPort: 0, WFD MaxThroughput: 0, level: 0, interface: p2p0, networkId: 0
11-19 15:50:10.035  7101  7101 V NetDiscover_prefremrc: onSharedPreferenceChanged(name=pref_wifip2p_groupowner_connectedto, value=)
11-19 15:50:10.038  7101  7101 D WifiDirect: group owners address: /192.168.49.1
11-19 15:50:10.038  7101  7101 D WifiDirect: group formed, this device is the group owner (GO)
11-19 15:50:10.038  7101  7101 I FTCService: onNetworkConnectionEvent: CONNECTED_AS_GROUP_OWNER
11-19 15:50:10.038  7101  7101 I FTCService: Wifi Direct - connected as group owner
11-19 15:50:10.044  7101  7101 V UpdateUI: Network: enabled, disconnected
11-19 15:50:10.045  7101  7101 V WifiDirect: connection information available
11-19 15:50:10.045  7101  7101 V WifiDirect: connection information - groupOwnerName = 5921-A-RC
11-19 15:50:10.045  7101  7101 V WifiDirect: connection information - groupOwnerMacAddress = cc:61:e5:17:31:21
11-19 15:50:10.045  7101  7101 V WifiDirect: connection information - groupInterface = p2p0
11-19 15:50:10.045  7101  7101 V WifiDirect: connection information - groupNetworkName = DIRECT-EF-5921-A-RC
11-19 15:50:10.045  7101  7101 I FTCService: onNetworkConnectionEvent: CONNECTION_INFO_AVAILABLE
11-19 15:50:10.045  7101  7101 I FTCService: Network Connection Passphrase: 85gLD51c
11-19 15:50:10.046  7101  7101 V WebServer: starting port=8080
11-19 15:50:10.057  7101  7101 V RobotCore: Getting network assistant of type: WIFIDIRECT
11-19 15:50:10.057  7101  7101 V WifiDirect: There are 2 Wifi Direct Assistant Clients (+)
11-19 15:50:10.060  7101  7120 V NetDiscover_wifiDirectAgent_bcast: wifiP2pEnabled=true
11-19 15:50:10.061  7101  7120 D NetDiscover_wifiDirectAgent_bcast: connection changed: networkInfo.state=CONNECTED
11-19 15:50:10.061  7101  7120 V NetDiscover_wifiDirectAgent_bcast: NetworkInfo: [type: WIFI_P2P[], state: CONNECTED/CONNECTED, reason: (unspecified), extra: (none), failover: false, available: true, roaming: false, metered: false]
11-19 15:50:10.061  7101  7120 V NetDiscover_wifiDirectAgent_bcast: WifiP2pInfo: groupFormed: true isGroupOwner: true groupOwnerAddress: /192.168.49.1 mccMode: false
11-19 15:50:10.061  7101  7120 V NetDiscover_wifiDirectAgent_bcast: WifiP2pGroup: network: DIRECT-EF-5921-A-RC, isGO: true, GO: Device: , deviceAddress: cc:61:e5:17:31:21, primary type: null, secondary type: null, wps: 0, grpcapab: 0, devcapab: 0, status: 4, wfdInfo: WFD enabled: falseWFD DeviceInfo: 0, WFD CtrlPort: 0, WFD MaxThroughput: 0, level: 0, interface: p2p0, networkId: 0
11-19 15:50:10.062  7101  7120 V NetDiscover_wifiDirectAgent_bcast: this device changed: Device=5921-A-RC deviceAddress=cc:61:e5:17:31:21 primary type=10-0050F204-5 secondary type=null wps=0 grpcapab=0 devcapab=0 status=0 wfdInfo=WFD enabled=falseWFD DeviceInfo=0 WFD CtrlPort=0 WFD MaxThroughput=0 level=0
11-19 15:50:10.062  7101  7101 V WebServer: started port=8080
11-19 15:50:10.062  7101  7120 V NetDiscover_name: remembering wifiDirectName: 5921-A-RC...
11-19 15:50:10.062  7101  7120 V NetDiscover_name: ...remembering wifiDirectName
11-19 15:50:10.062  7101  7120 V NetDiscover_wifiDirectAgent_bcast: p2p discoverPeers()=false
11-19 15:50:10.062  7101  7101 V UpdateUI: Network: active, disconnected
11-19 15:50:10.062  7101  7120 V NetDiscover_wifiDirectAgent_bcast: wifi direct remembered groups cleared
11-19 15:50:10.063  7101  7120 V NetDiscover_wifiDirectAgent_bcast: wifiState=ENABLED
11-19 15:50:11.249  7101  7207 W art     : Before Android 4.1, method double java.util.concurrent.ThreadLocalRandom.internalNextDouble(double, double) would have incorrectly overridden the package-private method in java.util.Random
11-19 15:50:11.249  7101  7207 W art     : Before Android 4.1, method int java.util.concurrent.ThreadLocalRandom.internalNextInt(int, int) would have incorrectly overridden the package-private method in java.util.Random
11-19 15:50:11.249  7101  7207 W art     : Before Android 4.1, method long java.util.concurrent.ThreadLocalRandom.internalNextLong(long, long) would have incorrectly overridden the package-private method in java.util.Random
11-19 15:50:14.452  7101  7206 V RobotCore: EventLoopManager state is NOT_STARTED
11-19 15:50:14.453  7101  7206 V RobotCore: Robot Status: stopped, waiting for Wifi to enable
11-19 15:50:14.454  7101  7206 I RobotCore: state = 3
11-19 15:50:14.454  7101  7206 V RobotCore: Robot Status: stopped, waiting for Wifi Direct to enable
11-19 15:50:14.455  7101  7206 V FTCService: Waiting for a connection to a wifi service
11-19 15:50:14.456  7101  7206 V RobotCore: Robot Status: stopped, waiting for network to become active
11-19 15:50:14.456  7101  7206 V WebServer: Asked an already running WebServer to start
11-19 15:50:14.456  7101  7206 V RobotCore: Robot Status: stopped, starting robot
11-19 15:50:14.456  7101  7206 V Robocol : EventLoopManager.start()
11-19 15:50:14.457  7101  7206 V RobotCore: Getting network assistant of type: WIFIDIRECT
11-19 15:50:14.457  7101  7206 V Robocol : Spoofing a Network Connection event...
11-19 15:50:14.457  7101  7206 I EventLoopManager: onNetworkConnectionEvent: CONNECTION_INFO_AVAILABLE
11-19 15:50:14.457  7101  7206 I Robocol : Received network connection event
11-19 15:50:14.457  7101  7206 I NetworkConnectionHandler: Handling new network connection infomation, connected: true setup needed: true
11-19 15:50:14.458  7101  7206 V RobotCore: EventLoopManager state is STOPPED
11-19 15:50:14.459  7101  7206 V Robocol : eventLoop=FtcEventLoop
11-19 15:50:14.459  7101  7206 V RobotCore: EventLoopManager state is INIT
11-19 15:50:14.459  7101  7206 V RobotCore: Robot Status: initializing, starting robot
11-19 15:50:14.459  7101  7206 I FtcEventLoop: ======= INIT START =======
11-19 15:50:14.460  7101  7206 V OpmodeRegistration: registered {DefaultOpMode} as {$Stop$Robot$}
11-19 15:50:14.470  7101  7101 D WifiDirect: cannot create group, does group already exist?
11-19 15:50:14.472  7101  7230 V RobotCore: thread: 'SetupRunnable.run()' starting...
11-19 15:50:14.475  7101  7206 V FileBasedLock: locked /storage/emulated/0/FIRST/blocks/projectslock/lock.dat
11-19 15:50:14.477  7101  7206 V FileBasedLock: unlocking /storage/emulated/0/FIRST/blocks/projectslock/lock.dat
11-19 15:50:14.481  7101  7206 V OpmodeRegistration: registered {LeftCoop} as {Auto Left Coop}
11-19 15:50:14.481  7101  7206 V OpmodeRegistration: registered {ConceptVuforiaNavRoverRuckus} as {Vuforia Rover Nav}
11-19 15:50:14.481  7101  7206 V OpmodeRegistration: registered {RightCoop} as {Auto Right Coop}
11-19 15:50:14.482  7101  7206 V OpmodeRegistration: registered {Test} as {Auto Test}
11-19 15:50:14.482  7101  7206 V OpmodeRegistration: registered {LCHSTensorFlow} as {Concept: TensorFlow Object Detection}
11-19 15:50:14.483  7101  7206 V OpmodeRegistration: registered {LCHSTeleOp} as {LCHS TeleOp}
11-19 15:50:14.483  7101  7206 V OpmodeRegistration: registered {CalibrateDevices} as {Calibrate Devices}
11-19 15:50:14.484  7101  7206 V OpmodeRegistration: registered {LCHSAcceleration} as {LCHSAcceleration}
11-19 15:50:14.490  7101  7230 D Robocol : RobocolDatagramSocket listening addr=/192.168.49.1:20884 cbRec=65520 cbSend=81920 msRecTO=300
11-19 15:50:14.491  7101  7230 V Robocol : RecvLoopRunnable created
11-19 15:50:14.497  7101  7230 V PeerDiscovery: Starting peer discovery remote: /192.168.49.1 local: /192.168.49.1
11-19 15:50:14.497  7101  7230 V PeerDiscovery: No need for peer discovery, we are the peer discovery device
11-19 15:50:14.497  7101  7230 V RobotCore: Setup complete
11-19 15:50:14.497  7101  7230 V RobotCore: thread: ...terminating 'SetupRunnable.run()'
11-19 15:50:14.500  7101  7233 V RobotCore: thread: 'RecvLoopRunnable.run()' starting...
11-19 15:50:14.618  7101  7206 V HardwareFactory: createHardwareMap()
11-19 15:50:14.618  7101  7206 V WifiDirectInviteMonitor: clearUILynxModule()
11-19 15:50:14.636  7101  7206 V RobotCore: Creating REV Robotics USB Expansion Hub Portal [DQ1NE3V4]
11-19 15:50:14.637  7101  7206 V LynxUsb : creating new [DQ1NE3V4]: 0x0b6c93ea
11-19 15:50:14.638  7101  7206 V FtDeviceManager: createDeviceInfoList(): 0 USB devices
11-19 15:50:14.638  7101  7206 W System.err: unable to open lynx USB device DQ1NE3V4: FTDI driver failed to open USB device with serial number DQ1NE3V4 (returned null device)
11-19 15:50:14.639  7101  7206 E LynxUsb : exception RobotCoreException(unable to open lynx USB device DQ1NE3V4: FTDI driver failed to open USB device with serial number DQ1NE3V4 (returned null device)): exception arming DQ1NE3V4 [com.qualcomm.hardware.lynx.LynxUsbUtil.logMessageAndThrow(LynxUsbUtil.java:92)]
11-19 15:50:14.639  7101  7206 V LynxUsb : doPretend() serial=DQ1NE3V4
11-19 15:50:14.640  7101  7206 V LynxUsb : 0x034876db on 0x0b6c93ea: new delegate to [DQ1NE3V4]
11-19 15:50:14.640  7101  7206 V RobotCore: Creating Lynx Module - mod=2 parent=false
11-19 15:50:14.646  7101  7206 V RobotCore: Creating Lynx Module - mod=3 parent=false
11-19 15:50:14.648  7101  7206 V LynxUsb : addConfiguredModule() module#=2
11-19 15:50:14.648  7101  7206 V LynxModule: pingAndQueryKnownInterfaces mod=2
11-19 15:50:14.659  7101  7206 V LynxModule: mod#=2 queryInterface(DEKA)=0 commands starting at 0
11-19 15:50:14.659  7101  7206 V LynxModule: mod#=2 intf=DEKA: expected 54 commands; found 0
11-19 15:50:14.660  7101  7206 V LynxModule: sendLEDPatternSteps(): #steps=6
11-19 15:50:14.661  7101  7206 V LynxUsb : addConfiguredModule() module#=3
11-19 15:50:14.661  7101  7206 V LynxModule: pingAndQueryKnownInterfaces mod=3
11-19 15:50:14.662  7101  7206 V LynxModule: mod#=3 queryInterface(DEKA)=0 commands starting at 0
11-19 15:50:14.663  7101  7206 V LynxModule: mod#=3 intf=DEKA: expected 54 commands; found 0
11-19 15:50:14.663  7101  7206 V LynxModule: sendLEDPatternSteps(): #steps=8
11-19 15:50:14.665  7101  7206 V LynxMotor: initializeHardware() mod#=2
11-19 15:50:14.672  7101  7206 V RobotCore: DcMotorImpl(type=NeveRest60Gearmotor)
11-19 15:50:14.673  7101  7206 V RobotCore: DcMotorImpl(type=NeveRest20Gearmotor)
11-19 15:50:14.673  7101  7206 V RobotCore: DcMotorImpl(type=NeveRest20Gearmotor)
11-19 15:50:14.673  7101  7206 V RobotCore: DcMotorImpl(type=NeveRest40Gearmotor)
11-19 15:50:14.674  7101  7206 V LynxServoController: initializeHardware() mod#=2
11-19 15:50:14.678  7101  7206 V LynxVoltageSensor: initializeHardware() mod#=2
11-19 15:50:14.678  7101  7206 V LynxPwmOutputController: initializeHardware() mod#=2
11-19 15:50:14.681  7101  7206 V LynxAnalogInputController: initializeHardware() mod#=2
11-19 15:50:14.681  7101  7206 V LynxDigitalChannelController: initializeHardware() mod#=2
11-19 15:50:14.684  7101  7206 V RobotCore: Creating user sensor REV Expansion Hub IMU - on Lynx module=2 bus=0
11-19 15:50:14.685  7101  7206 V RobotCore: Creating I2cDeviceSynch (Lynx) - mod=2 bus=0
11-19 15:50:14.685  7101  7206 I RobotCore: LynxFirmwareVersionManager: LynxI2cDeviceSynchV1
11-19 15:50:14.685  7101  7206 V LynxI2cDeviceSynch: initializeHardware() mod#=2
11-19 15:50:14.688  7101  7206 V LynxMotor: initializeHardware() mod#=3
11-19 15:50:14.695  7101  7206 V RobotCore: DcMotorImpl(type=NeveRest40Gearmotor)
11-19 15:50:14.695  7101  7206 V RobotCore: DcMotorImpl(type=NeveRest40Gearmotor)
11-19 15:50:14.696  7101  7206 V RobotCore: DcMotorImpl(type=NeveRest40Gearmotor)
11-19 15:50:14.696  7101  7206 V RobotCore: DcMotorImpl(type=NeveRest40Gearmotor)
11-19 15:50:14.696  7101  7206 V LynxServoController: initializeHardware() mod#=3
11-19 15:50:14.701  7101  7206 V LynxVoltageSensor: initializeHardware() mod#=3
11-19 15:50:14.702  7101  7206 V LynxPwmOutputController: initializeHardware() mod#=3
11-19 15:50:14.704  7101  7206 V LynxAnalogInputController: initializeHardware() mod#=3
11-19 15:50:14.705  7101  7206 V RobotCore: Creating Analog Sensor - Type: Analog Input - Port: 1
11-19 15:50:14.705  7101  7206 V LynxDigitalChannelController: initializeHardware() mod#=3
11-19 15:50:14.708  7101  7206 V RobotCore: Creating user sensor REV Expansion Hub IMU - on Lynx module=3 bus=0
11-19 15:50:14.708  7101  7206 V RobotCore: Creating I2cDeviceSynch (Lynx) - mod=3 bus=0
11-19 15:50:14.708  7101  7206 I RobotCore: LynxFirmwareVersionManager: LynxI2cDeviceSynchV1
11-19 15:50:14.709  7101  7206 V LynxI2cDeviceSynch: initializeHardware() mod#=3
11-19 15:50:14.710  7101  7206 I RobotCore: ========= Device Information ===================================================
11-19 15:50:14.710  7101  7206 I RobotCore: Type                                               Name                           Connection
11-19 15:50:14.710  7101  7206 I RobotCore: Analog Input                                       tilt_switch                    USB DQ1NE3V4; module 3; analog port 1
11-19 15:50:14.711  7101  7206 I RobotCore: Motor                                              left_back                      USB DQ1NE3V4; module 3; port 3
11-19 15:50:14.711  7101  7206 I RobotCore: Motor                                              intake_right                   USB DQ1NE3V4; module 2; port 3
11-19 15:50:14.712  7101  7206 I RobotCore: Motor                                              right_back                     USB DQ1NE3V4; module 3; port 2
11-19 15:50:14.712  7101  7206 I RobotCore: Servo                                              gate_right                     USB DQ1NE3V4; module 3; port 2
11-19 15:50:14.712  7101  7206 I RobotCore: Motor                                              tilt                           USB DQ1NE3V4; module 2; port 0
11-19 15:50:14.713  7101  7206 I RobotCore: Servo                                              hook                           USB DQ1NE3V4; module 3; port 0
11-19 15:50:14.713  7101  7206 I RobotCore: Motor                                              left_front                     USB DQ1NE3V4; module 3; port 0
11-19 15:50:14.714  7101  7206 I RobotCore: Servo                                              gate_left                      USB DQ1NE3V4; module 3; port 1
11-19 15:50:14.714  7101  7206 I RobotCore: Expansion Hub DC Motor Controller                  Expansion Hub 2                USB DQ1NE3V4; module 2
11-19 15:50:14.715  7101  7206 I RobotCore: Expansion Hub Servo Controller                     Expansion Hub 2                USB DQ1NE3V4; module 2
11-19 15:50:14.716  7101  7206 I RobotCore: Expansion Hub Voltage Sensor                       Expansion Hub 2                USB DQ1NE3V4; module 2
11-19 15:50:14.716  7101  7206 I RobotCore: Expansion Hub Pwm Controller                       Expansion Hub 2                USB DQ1NE3V4; module 2
11-19 15:50:14.717  7101  7206 I RobotCore: Expansion Hub Analog Input Controller              Expansion Hub 2                USB DQ1NE3V4; module 2
11-19 15:50:14.717  7101  7206 I RobotCore: Expansion Hub Digital Channel Controller           Expansion Hub 2                USB DQ1NE3V4; module 2
11-19 15:50:14.718  7101  7206 I RobotCore: Expansion Hub (firmware version unavailable)       Expansion Hub 2                USB DQ1NE3V4; module 2
11-19 15:50:14.718  7101  7206 I RobotCore: Expansion Hub DC Motor Controller                  Expansion Hub 3                USB DQ1NE3V4; module 3
11-19 15:50:14.719  7101  7206 I RobotCore: Expansion Hub Servo Controller                     Expansion Hub 3                USB DQ1NE3V4; module 3
11-19 15:50:14.719  7101  7206 I RobotCore: Expansion Hub Voltage Sensor                       Expansion Hub 3                USB DQ1NE3V4; module 3
11-19 15:50:14.719  7101  7206 I RobotCore: Expansion Hub Pwm Controller                       Expansion Hub 3                USB DQ1NE3V4; module 3
11-19 15:50:14.720  7101  7206 I RobotCore: Expansion Hub Analog Input Controller              Expansion Hub 3                USB DQ1NE3V4; module 3
11-19 15:50:14.720  7101  7206 I RobotCore: Expansion Hub Digital Channel Controller           Expansion Hub 3                USB DQ1NE3V4; module 3
11-19 15:50:14.721  7101  7206 I RobotCore: Expansion Hub (firmware version unavailable)       Expansion Hub 3                USB DQ1NE3V4; module 3
11-19 15:50:14.722  7101  7206 I RobotCore: REV Expansion Hub IMU                              imu                            USB DQ1NE3V4; module 2; bus 0; addr7=0x00
11-19 15:50:14.722  7101  7206 I RobotCore: Motor                                              intake_left                    USB DQ1NE3V4; module 2; port 2
11-19 15:50:14.722  7101  7206 I RobotCore: Motor                                              right_front                    USB DQ1NE3V4; module 3; port 1
11-19 15:50:14.723  7101  7206 I RobotCore: REV Robotics USB Expansion Hub Portal              Expansion Hub Portal 1         USB DQ1NE3V4
11-19 15:50:14.723  7101  7206 I RobotCore: Motor                                              boom                           USB DQ1NE3V4; module 2; port 1
11-19 15:50:14.724  7101  7206 I RobotCore: REV Expansion Hub IMU                              imu 1                          USB DQ1NE3V4; module 3; bus 0; addr7=0x00
11-19 15:50:14.724  7101  7206 I FtcEventLoop: ======= INIT FINISH =======
11-19 15:50:14.724  7101  7206 V RobotCore: EventLoopManager state is RUNNING
11-19 15:50:14.749  7101  7206 V RobotCore: Robot Status: running, starting robot
11-19 15:50:14.750  7101  7206 V RobotCore: Robot Status: running
11-19 15:50:14.752  7101  7206 V RobotCore: thread: ...terminating 'RobotSetupRunnable.run()'
11-19 15:50:14.754  7101  7237 V RobotCore: thread: 'opmode loop()' starting...
11-19 15:50:14.759  7101  7237 D RobotCore: system telemetry: key=$System$Warning$ msg="unable to open REV Robotics USB Expansion Hub Portal [DQ1NE3V4]"
11-19 15:50:14.800  7101  7236 V SoundInfo: construct(0x0727853f)
11-19 15:50:14.802  7101  7233 E Robocol : exception SocketTimeoutException(Receive timed out): no packet received [java.net.PlainDatagramSocketImpl.receive0(Native Method)]
11-19 15:50:14.806  7101  7235 E WVMExtractor: Failed to open libwvm.so: dlopen failed: library "libwvm.so" not found
11-19 15:50:14.821  7101  7235 I MediaCodec: (0x8ae4d600) init name(audio/raw) isType(1) encoder(0)
11-19 15:50:14.840  7101  7241 I MediaCodec: (0x8ae4d600) Component Allocated (OMX.google.raw.decoder)
11-19 15:50:14.840  7101  7235 I MediaCodec: (0x8ae4d600) configure surface(0x0) crypto(0x0) flags(0)
11-19 15:50:14.840  7101  7235 D MediaCodec: (0x8ae4d600) configure format: AMessage(what = 0x00000000) = {
11-19 15:50:14.840  7101  7235 D MediaCodec:       string mime = "audio/raw"
11-19 15:50:14.840  7101  7235 D MediaCodec:       int64_t durationUs = 1019125
11-19 15:50:14.840  7101  7235 D MediaCodec:       int32_t track-id = 1
11-19 15:50:14.840  7101  7235 D MediaCodec:       int32_t channel-count = 1
11-19 15:50:14.840  7101  7235 D MediaCodec:       int32_t sample-rate = 8000
11-19 15:50:14.840  7101  7235 D MediaCodec:       int32_t channel-mask = 0
11-19 15:50:14.840  7101  7235 D MediaCodec:       int32_t pcm-encoding = 2
11-19 15:50:14.840  7101  7235 D MediaCodec:     }
11-19 15:50:14.844  7101  7235 I MediaCodec: (0x8ae4d600) start
11-19 15:50:14.848  7101  7241 I MediaCodec: (0x8ae4d600) input buffers allocated
11-19 15:50:14.848  7101  7241 I MediaCodec: (0x8ae4d600) numBuffers (4)
11-19 15:50:14.849  7101  7241 I MediaCodec: (0x8ae4d600) output buffers allocated
11-19 15:50:14.849  7101  7241 I MediaCodec: (0x8ae4d600) numBuffers (4)
11-19 15:50:14.853  7101  7241 D MediaCodec: (0x8ae4d600) [OMX.google.raw.decoder] output format changed to: AMessage(what = 0x00000000) = {
11-19 15:50:14.853  7101  7241 D MediaCodec:       string mime = "audio/raw"
11-19 15:50:14.853  7101  7241 D MediaCodec:       int32_t channel-count = 1
11-19 15:50:14.853  7101  7241 D MediaCodec:       int32_t sample-rate = 8000
11-19 15:50:14.853  7101  7241 D MediaCodec:       int32_t pcm-encoding = 2
11-19 15:50:14.853  7101  7241 D MediaCodec:       int32_t bit-width = 16
11-19 15:50:14.853  7101  7241 D MediaCodec:       int32_t channel-mask = 0
11-19 15:50:14.853  7101  7241 D MediaCodec:     }
11-19 15:50:14.856  7101  7235 I MediaCodec: (0x8ae4d600) stop
11-19 15:50:14.863  7101  7235 I MediaCodec: (0x8ae4d600) release
11-19 15:50:14.869  7101  7120 D SoundPlayer: onLoadComplete(samp=1|ms=1019, samp=1)=0
11-19 15:50:14.872  7101  7236 W AudioTrack: AUDIO_OUTPUT_FLAG_FAST denied by client; transfer 4, track 8000 Hz, output 48000 Hz
11-19 15:50:14.882  7101  7236 D SoundPlayer: playing volume=1.000000 samp=1|ms=1019
11-19 15:50:14.960  7101  7236 V SoundInfo: construct(0x012e0ef8)
11-19 15:50:15.004  7101  7235 I MediaCodec: (0x8ae4d600) init name(audio/raw) isType(1) encoder(0)
11-19 15:50:15.010  7101  7248 I MediaCodec: (0x8ae4d600) Component Allocated (OMX.google.raw.decoder)
11-19 15:50:15.010  7101  7235 I MediaCodec: (0x8ae4d600) configure surface(0x0) crypto(0x0) flags(0)
11-19 15:50:15.010  7101  7235 D MediaCodec: (0x8ae4d600) configure format: AMessage(what = 0x00000000) = {
11-19 15:50:15.010  7101  7235 D MediaCodec:       string mime = "audio/raw"
11-19 15:50:15.010  7101  7235 D MediaCodec:       int64_t durationUs = 1043650
11-19 15:50:15.010  7101  7235 D MediaCodec:       int32_t track-id = 1
11-19 15:50:15.010  7101  7235 D MediaCodec:       int32_t channel-count = 2
11-19 15:50:15.010  7101  7235 D MediaCodec:       int32_t sample-rate = 44100
11-19 15:50:15.010  7101  7235 D MediaCodec:       int32_t channel-mask = 0
11-19 15:50:15.010  7101  7235 D MediaCodec:       int32_t pcm-encoding = 2
11-19 15:50:15.010  7101  7235 D MediaCodec:     }
11-19 15:50:15.013  7101  7235 I MediaCodec: (0x8ae4d600) start
11-19 15:50:15.016  7101  7248 I MediaCodec: (0x8ae4d600) input buffers allocated
11-19 15:50:15.016  7101  7248 I MediaCodec: (0x8ae4d600) numBuffers (4)
11-19 15:50:15.017  7101  7248 I MediaCodec: (0x8ae4d600) output buffers allocated
11-19 15:50:15.017  7101  7248 I MediaCodec: (0x8ae4d600) numBuffers (4)
11-19 15:50:15.021  7101  7248 D MediaCodec: (0x8ae4d600) [OMX.google.raw.decoder] output format changed to: AMessage(what = 0x00000000) = {
11-19 15:50:15.021  7101  7248 D MediaCodec:       string mime = "audio/raw"
11-19 15:50:15.021  7101  7248 D MediaCodec:       int32_t channel-count = 2
11-19 15:50:15.021  7101  7248 D MediaCodec:       int32_t sample-rate = 44100
11-19 15:50:15.021  7101  7248 D MediaCodec:       int32_t pcm-encoding = 2
11-19 15:50:15.021  7101  7248 D MediaCodec:       int32_t bit-width = 16
11-19 15:50:15.021  7101  7248 D MediaCodec:       int32_t channel-mask = 0
11-19 15:50:15.021  7101  7248 D MediaCodec:     }
11-19 15:50:15.032  7101  7235 I MediaCodec: (0x8ae4d600) stop
11-19 15:50:15.035  7101  7235 I MediaCodec: (0x8ae4d600) release
11-19 15:50:15.038  7101  7120 D SoundPlayer: onLoadComplete(samp=2|ms=1044, samp=2)=0
11-19 15:50:15.262  7101  7237 I RobotCore: Attempting to switch to op mode $Stop$Robot$
11-19 15:50:15.890  7101  7251 W AudioTrack: AUDIO_OUTPUT_FLAG_FAST denied by client; transfer 4, track 44100 Hz, output 48000 Hz
11-19 15:50:15.893  7101  7251 D SoundPlayer: playing volume=1.000000 samp=2|ms=1044
11-19 15:50:15.982  7101  7101 V MTPMonitorService: onConfigurationChanged()
11-19 15:50:15.982  7101  7101 V OnBotJavaService: onConfigurationChanged()
11-19 15:50:16.237  7101  7112 W art     : Suspending all threads took: 6.676ms
11-19 15:50:29.859  7101  7101 V MTPMonitorService: onConfigurationChanged()
11-19 15:50:29.859  7101  7101 V OnBotJavaService: onConfigurationChanged()
11-19 15:50:30.846  7101  7101 V RCActivity: onPause()
11-19 15:50:30.900  7101  7101 V RCActivity: onStop()
11-19 15:50:30.901  7101  7101 V MTPMonitorService: onTrimMemory()
11-19 15:50:30.901  7101  7101 V OnBotJavaService: onTrimMemory()
11-19 15:50:31.089  7101  7101 W IInputConnectionWrapper: reportFullscreenMode on inexistent InputConnection
11-19 15:50:32.125  7101  7101 V AppUtil : rootActivity=FtcRobotControllerActivity destroyed
11-19 15:50:32.125  7101  7101 V RCActivity: onDestroy()
11-19 15:50:32.125  7101  7101 V Robocol : EventLoopManager.shutdown()
11-19 15:50:32.126  7101  7237 V RobotCore: EventLoopRunnable interrupted
11-19 15:50:32.126  7101  7237 V RobotCore: EventLoopManager state is STOPPED
11-19 15:50:32.126  7101  7237 V RobotCore: Robot Status: stopped
11-19 15:50:32.126  7101  7237 I FtcEventLoop: ======= TEARDOWN =======
11-19 15:50:32.135  7101  7237 V LynxUsb : 0x034876db on 0x0b6c93ea: releasing delegate to [DQ1NE3V4]
11-19 15:50:32.135  7101  7237 V LynxModule: close(#2)
11-19 15:50:32.136  7101  7237 V LynxModule: close(#3)
11-19 15:50:32.137  7101  7237 V LynxUsb : disarmDevice() serial=DQ1NE3V4...
11-19 15:50:32.155  7101  7237 I FtcEventLoop: ======= TEARDOWN COMPLETE =======
11-19 15:50:32.155  7101  7237 V RobotCore: thread: ...terminating 'opmode loop()'
11-19 15:50:32.155  7101  7101 V RobotCore: EventLoopManager state is STOPPED
11-19 15:50:32.160  7101  7101 V NetDiscover_prefremrc: doStop()...
11-19 15:50:32.161  7101  7101 V NetDiscover_prefremrc: ...doStop()
11-19 15:50:32.161  7101  7101 V NetDiscover_name: doStop()...
11-19 15:50:32.161  7101  7101 V NetDiscover_name: ...doStop()
11-19 15:50:32.163  7101  7101 V ServiceStarter: attempting to stop service FtcRobotControllerWatchdogService
11-19 15:50:32.684  7101  7116 I RobotCore: Done running exec logcat -f /storage/emulated/0/robotControllerLog.txt -r4096 -n4 -v threadtime UsbRequestJNI:S UsbRequest:S art:W ThreadPool:W System:W ExtendedExtractor:W OMXClient:W MediaPlayer:W dalvikvm:W  *:V
11-19 15:50:32.684  7101  7101 V RobotCore: Waiting for the logcat process to die.
11-19 15:50:32.687  7101  7116 E RobotCore: java.io.IOException: Stream closed
11-19 15:50:32.691  7101  7116 E RobotCore: 	at java.io.BufferedInputStream.getBufIfOpen(BufferedInputStream.java:162)
11-19 15:50:32.694  7101  7116 E RobotCore: 	at java.io.BufferedInputStream.read(BufferedInputStream.java:325)
11-19 15:50:32.696  7101  7116 E RobotCore: 	at java.io.FilterInputStream.read(FilterInputStream.java:107)
11-19 15:50:32.698  7101  7116 E RobotCore: 	at com.qualcomm.robotcore.util.RunShellCommand.runCommand(RunShellCommand.java:103)
11-19 15:50:32.701  7101  7116 E RobotCore: 	at com.qualcomm.robotcore.util.RunShellCommand.run(RunShellCommand.java:71)
11-19 15:50:32.704  7101  7116 E RobotCore: 	at com.qualcomm.robotcore.util.RobotLog$LoggingThread.run(RobotLog.java:72)
11-19 15:50:32.707  7101  7116 E RobotCore: 	at com.qualcomm.robotcore.util.RobotLog$1.run(RobotLog.java:576)
11-19 15:50:32.717  7101  7101 V OnBotJavaService: onTaskRemoved()
11-19 15:50:32.717  7101  7101 V MTPMonitorService: onTaskRemoved()
11-19 15:50:32.718  7101  7101 V FTCService: onUnbind()
11-19 15:50:32.718  7101  7101 V WifiDirect: There are 1 Wifi Direct Assistant Clients (-)
11-19 15:50:32.719  7101  7101 V Robocol : EventLoopManager.close()
11-19 15:50:32.719  7101  7101 I SetupRunnable: Shutting down setup and receive loop
11-19 15:50:32.937  7101  7233 V RobotCore: thread: ...terminating 'RecvLoopRunnable.run()'
11-19 15:50:32.938  7101  7101 V PeerDiscovery: Stopping peer discovery
11-19 15:50:32.938  7101  7101 D Robocol : RobocolDatagramSocket is closed
11-19 15:50:32.938  7101  7101 V FTCService: onDestroy()
11-19 15:50:32.939  7101  7101 V WebServer: stopping port=8080
11-19 15:50:32.940  7101  7101 V WifiDirect: There are 0 Wifi Direct Assistant Clients (-)
11-19 15:50:32.940  7101  7101 V WifiDirect: Disabling Wifi Direct Assistant
11-19 15:50:32.942  7101  7101 V WifiDirectInviteMonitor: stopMonitoring()
11-19 15:50:32.943  7101  7101 V WebServer: stopped port=8080
11-19 15:50:32.944  7101  7101 V FtcRobotControllerWatchdogService: onDestroy()
11-19 15:50:32.945  7101  7101 I Choreographer: Skipped 46 frames!  The application may be doing too much work on its main thread.
11-19 15:50:33.807  7386  7386 V AppUtil : initializing: getExternalStorageDirectory()=/storage/emulated/0
11-19 15:50:33.812  7386  7386 I AppUtil : found usbFileSystemRoot: /dev/bus/usb
11-19 15:50:33.818  7386  7386 V ServiceStarter: attempting to start service MediaTransferProtocolMonitorService
11-19 15:50:33.822  7386  7386 V ServiceStarter: started service MediaTransferProtocolMonitorService
11-19 15:50:33.823  7386  7405 V RobotCore: saving logcat to /storage/emulated/0/robotControllerLog.txt
11-19 15:50:33.823  7386  7405 V RobotCore: logging command line: exec logcat -f /storage/emulated/0/robotControllerLog.txt -r4096 -n4 -v threadtime UsbRequestJNI:S UsbRequest:S art:W ThreadPool:W System:W ExtendedExtractor:W OMXClient:W MediaPlayer:W dalvikvm:W  *:V
11-19 15:50:33.823  7386  7386 V ServiceStarter: attempting to start service OnBotJavaService
11-19 15:50:33.826  7386  7386 V ServiceStarter: started service OnBotJavaService
11-19 15:50:33.839  7386  7386 V AppUtil : rootActivity=FtcRobotControllerActivity
11-19 15:50:33.839  7386  7386 V RCActivity: onCreate()
11-19 15:50:33.847  7386  7386 V RCActivity: rootActivity is of class FtcRobotControllerActivity
11-19 15:50:33.870  7386  7409 V CallbackLooper: thread=609
11-19 15:50:33.874  7386  7386 V NetDiscover_wifiDirectAgent: doStart()...
11-19 15:50:33.880  7386  7386 V NetDiscover_wifiDirectAgent: ...doStart()
11-19 15:50:33.880  7386  7409 V NetDiscover_wifiDirectAgent_bcast: wifiP2pEnabled=true
11-19 15:50:33.881  7386  7386 V NetDiscover_name: doStart()...
11-19 15:50:33.881  7386  7386 V NetDiscover_name: ...doStart()
11-19 15:50:33.882  7386  7386 V NetDiscover_prefremrc: ----- all preferences -----
11-19 15:50:33.882  7386  7386 V NetDiscover_prefremrc: name='pref_app_version' value=unavailable
11-19 15:50:33.883  7386  7386 V NetDiscover_prefremrc: name='pref_wifip2p_groupowner_connectedto' value=
11-19 15:50:33.883  7386  7386 V NetDiscover_prefremrc: name='pref_network_protocol_version' value=unavailable
11-19 15:50:33.883  7386  7386 V NetDiscover_prefremrc: name='pref_has_speaker' value=true
11-19 15:50:33.883  7386  7386 V NetDiscover_prefremrc: name='pref_pairing_kind' value=WIFIDIRECT
11-19 15:50:33.883  7386  7386 V NetDiscover_prefremrc: name='pref_has_independent_phone_battery' value=true
11-19 15:50:33.883  7386  7386 V NetDiscover_prefremrc: name='pref_app_theme' value=red
11-19 15:50:33.883  7386  7386 V NetDiscover_prefremrc: name='pref_wifip2p_remote_channel_change_works' value=true
11-19 15:50:33.883  7386  7386 V NetDiscover_prefremrc: name='pref_device_name' value=5921-A-RC
11-19 15:50:33.884  7386  7386 V NetDiscover_prefremrc: name='pref_hardware_config_filename' value={"isDirty":false,"location":"LOCAL_STORAGE","name":"two hubs","resourceId":0}
11-19 15:50:33.884  7386  7386 V NetDiscover_prefremrc: name='pref_network_connection_info' value=unavailable
11-19 15:50:33.884  7386  7386 V NetDiscover_prefremrc: name='pref_device_name_old' value=5921-A-RC
11-19 15:50:33.884  7386  7386 V NetDiscover_prefremrc: name='pref_build_time' value=unavailable
11-19 15:50:33.884  7386  7386 V NetDiscover_prefremrc: name='pref_device_name_tracking' value=WIFIDIRECT
11-19 15:50:33.884  7386  7386 V NetDiscover_prefremrc: name='pref_sound_on_off' value=true
11-19 15:50:33.884  7386  7409 D NetDiscover_wifiDirectAgent_bcast: connection changed: networkInfo.state=CONNECTED
11-19 15:50:33.884  7386  7386 V NetDiscover_prefremrc: name='pref_lib_version' value=unavailable
11-19 15:50:33.884  7386  7386 V NetDiscover_prefremrc: name='pref_rc_connected' value=true
11-19 15:50:33.884  7386  7409 V NetDiscover_wifiDirectAgent_bcast: NetworkInfo: [type: WIFI_P2P[], state: CONNECTED/CONNECTED, reason: (unspecified), extra: (none), failover: false, available: true, roaming: false, metered: false]
11-19 15:50:33.884  7386  7409 V NetDiscover_wifiDirectAgent_bcast: WifiP2pInfo: groupFormed: true isGroupOwner: true groupOwnerAddress: /192.168.49.1 mccMode: false
11-19 15:50:33.885  7386  7409 V NetDiscover_wifiDirectAgent_bcast: WifiP2pGroup: network: DIRECT-EF-5921-A-RC, isGO: true, GO: Device: , deviceAddress: cc:61:e5:17:31:21, primary type: null, secondary type: null, wps: 0, grpcapab: 0, devcapab: 0, status: 4, wfdInfo: WFD enabled: falseWFD DeviceInfo: 0, WFD CtrlPort: 0, WFD MaxThroughput: 0, level: 0, interface: p2p0, networkId: 0
11-19 15:50:33.885  7386  7386 V NetDiscover_prefremrc: doStart()...
11-19 15:50:33.885  7386  7386 V NetDiscover_prefremrc: ...doStart()
11-19 15:50:33.885  7386  7409 V NetDiscover_wifiDirectAgent_bcast: this device changed: Device=5921-A-RC deviceAddress=cc:61:e5:17:31:21 primary type=10-0050F204-5 secondary type=null wps=0 grpcapab=0 devcapab=0 status=0 wfdInfo=WFD enabled=falseWFD DeviceInfo=0 WFD CtrlPort=0 WFD MaxThroughput=0 level=0
11-19 15:50:33.885  7386  7409 V NetDiscover_name: remembering wifiDirectName: 5921-A-RC...
11-19 15:50:33.885  7386  7409 V NetDiscover_name: wifiDirectName=5921-A-RC
11-19 15:50:33.886  7386  7409 V NetDiscover_name: ...remembering wifiDirectName
11-19 15:50:33.886  7386  7409 V NetDiscover_wifiDirectAgent_bcast: p2p discoverPeers()=false
11-19 15:50:33.886  7386  7409 V NetDiscover_wifiDirectAgent_bcast: wifi direct remembered groups cleared
11-19 15:50:33.888  7386  7409 V NetDiscover_wifiDirectAgent_bcast: wifiState=ENABLED
11-19 15:50:33.890  7386  7409 V NetDiscover_wifiDirectAgent: found persistent group: DIRECT-0a-5921-A-RC
11-19 15:50:33.891  7386  7409 V NetDiscover_wifiDirectAgent: found persistent group: DIRECT-EF-5921-A-RC
11-19 15:50:33.897  7386  7405 I RobotCore: Done running ps
11-19 15:50:33.918  7410  7410 W sh      : type=1400 audit(0.0:17): avc: denied { read } for uid=10151 name="/" dev="rootfs" ino=1 scontext=u:r:untrusted_app:s0:c512,c768 tcontext=u:object_r:rootfs:s0 tclass=dir permissive=0
11-19 15:50:33.933  7386  7386 D ApplicationLoaders: ignored Vulkan layer search path /data/app/com.google.android.webview-2/lib/arm:/data/app/com.google.android.webview-2/base.apk!/lib/armeabi-v7a for namespace 0xa8384090
11-19 15:50:33.936  7386  7386 I WebViewFactory: Loading com.google.android.webview version 64.0.3282.137 (code 328213700)
11-19 15:50:33.974  7386  7386 I cr_LibraryLoader: Time to load native libraries: 2 ms (timestamps 2012-2014)
11-19 15:50:33.991  7386  7386 I chromium: [INFO:library_loader_hooks.cc(36)] Chromium logging enabled: level = 0, default verbosity = 0
11-19 15:50:33.991  7386  7386 I cr_LibraryLoader: Expected native library version number "64.0.3282.137", actual native library version number "64.0.3282.137"
11-19 15:50:34.027  7386  7386 I cr_BrowserStartup: Initializing chromium process, singleProcess=true
11-19 15:50:34.028  7386  7386 I cr_base : Android Locale: en_US requires .pak files: []
11-19 15:50:34.056  7386  7386 I Adreno-EGL: <qeglDrvAPI_eglInitialize:379>: EGL 1.4 QUALCOMM build: Nondeterministic_AU_msm8916_32_LA.BR.1.2.9_RB1__release_AU (I750f7f2fa6)
11-19 15:50:34.056  7386  7386 I Adreno-EGL: OpenGL ES Shader Compiler Version: XE031.09.00.03
11-19 15:50:34.056  7386  7386 I Adreno-EGL: Build Date: 02/18/17 Sat
11-19 15:50:34.056  7386  7386 I Adreno-EGL: Local Branch: 
11-19 15:50:34.056  7386  7386 I Adreno-EGL: Remote Branch: quic/LA.BR.1.2.9_rb1.12
11-19 15:50:34.056  7386  7386 I Adreno-EGL: Local Patches: NONE
11-19 15:50:34.056  7386  7386 I Adreno-EGL: Reconstruct Branch: NOTHING
11-19 15:50:34.058  7386  7386 W robotcontroller: type=1400 audit(0.0:18): avc: denied { read } for uid=10151 name="gpuclk" dev="sysfs" ino=11560 scontext=u:r:untrusted_app:s0:c512,c768 tcontext=u:object_r:sysfs:s0 tclass=file permissive=0
11-19 15:50:34.060  7386  7386 W Adreno-ES20: <get_gpu_clk:229>: open failed: errno 13
11-19 15:50:34.096  7386  7426 E chromium: [ERROR:instance.cc(49)] Unable to locate service manifest for metrics
11-19 15:50:34.096  7386  7426 E chromium: [ERROR:service_manager.cc(890)] Failed to resolve service name: metrics
11-19 15:50:34.204  7386  7386 V OnBotJava: OnBotJavaManager::static
11-19 15:50:34.433  7386  7386 W art     : Found duplicate classes, falling back to interpreter mode for /data/app/com.qualcomm.ftcrobotcontroller-2/base.apk
11-19 15:50:34.433  7386  7386 W art     : Found duplicated class when checking oat files: 'Landroid/support/annotation/Keep;' in /data/app/com.qualcomm.ftcrobotcontroller-2/base.apk and /data/app/com.google.android.webview-2/base.apk
11-19 15:50:35.014  7386  7386 V OnBotJava: getCurrentOutputJarDir() unavailable
11-19 15:50:35.014  7386  7386 V OnBotJava: getCurrentOutputJarDir() unavailable
11-19 15:50:36.290  7386  7386 V UpdateUI: Network: inactive, disconnected
11-19 15:50:36.291  7386  7386 V ServiceStarter: attempting to start service FtcRobotControllerWatchdogService
11-19 15:50:36.294  7386  7386 V ServiceStarter: started service FtcRobotControllerWatchdogService
11-19 15:50:36.299  7386  7386 V RobotCore: BuildConfig: versionCode=31 versionName=4.3 module=com.qualcomm.ftcrobotcontroller
11-19 15:50:36.299  7386  7386 V RobotCore: BuildConfig: versionCode=55 versionName=8.9 module=com.qualcomm.robotcore
11-19 15:50:36.299  7386  7386 V RobotCore: BuildConfig: versionCode=55 versionName=8.9 module=com.qualcomm.hardware
11-19 15:50:36.299  7386  7386 V RobotCore: BuildConfig: versionCode=55 versionName=8.9 module=com.qualcomm.ftccommon
11-19 15:50:36.300  7386  7386 V RobotCore: BuildConfig: versionCode=55 versionName=8.9 module=com.google.blocks
11-19 15:50:36.300  7386  7386 V RobotCore: BuildConfig: versionCode=55 versionName=8.9 module=org.firstinspires.inspection
11-19 15:50:36.300  7386  7386 I RCActivity: 410c serial number: ZY223QSZCJ
11-19 15:50:36.300  7386  7386 I RobotCore: Android Device: maker=motorola model=XT1609 sdk=25
11-19 15:50:36.302  7386  7386 V RCActivity: onStart()
11-19 15:50:36.306  7386  7386 V RCActivity: onResume()
11-19 15:50:36.338  7386  7386 V MTPMonitorService: onCreate()
11-19 15:50:36.338  7386  7386 V MTPMonitorService: onStartCommand() intent=Intent { cmp=com.qualcomm.ftcrobotcontroller/org.firstinspires.ftc.robotcore.internal.files.MediaTransferProtocolMonitorService } flags=0x0 startId=1
11-19 15:50:36.340  7386  7386 V MTPMonitor: observing: /storage/emulated/0
11-19 15:50:36.376  7386  7386 W FileObserverManager: upgrading mask: path=/storage/emulated/0/FIRST/blocks old=0x00000ffc new=0x00004ffc: might possibly miss event
11-19 15:50:36.381  7386  7386 W FileObserverManager: upgrading mask: path=/storage/emulated/0/FIRST/java/status old=0x00000ffc new=0x00004ffc: might possibly miss event
11-19 15:50:36.437  7386  7386 V OnBotJavaService: onCreate()
11-19 15:50:36.437  7386  7386 V OnBotJavaService: onStartCommand() intent=Intent { cmp=com.qualcomm.ftcrobotcontroller/org.firstinspires.ftc.robotcore.internal.opmode.OnBotJavaService } flags=0x0 startId=1
11-19 15:50:36.437  7386  7386 V OnBotJava: ctor()...
11-19 15:50:36.439  7386  7386 V OnBotJava: ...ctor()
11-19 15:50:36.461  7386  7386 V FtcRobotControllerWatchdogService: onCreate()
11-19 15:50:36.461  7386  7386 V FtcRobotControllerWatchdogService: onStartCommand() intent=Intent { cmp=com.qualcomm.ftcrobotcontroller/org.firstinspires.ftc.ftccommon.internal.FtcRobotControllerWatchdogService } flags=0x0 startId=1
11-19 15:50:36.462  7386  7386 V FtcRobotControllerWatchdogService: shouldAutoLauchRobotController() result=false
11-19 15:50:36.462  7386  7386 V FTCService: onCreate()
11-19 15:50:36.463  7386  7386 V FTCService: onBind()
11-19 15:50:36.468  7386  7386 V WebServer: creating NanoHTTPD(8080)
11-19 15:50:36.476  7386  7386 V RobotCore: Getting network assistant of type: WIFIDIRECT
11-19 15:50:36.479  7386  7386 V NetDiscover_prefremrc: onSharedPreferenceChanged(name=pref_wifip2p_groupowner_connectedto, value=null)
11-19 15:50:36.480  7386  7386 V WifiDirect: There are 1 Wifi Direct Assistant Clients (+)
11-19 15:50:36.480  7386  7386 V WifiDirect: Enabling Wifi Direct Assistant
11-19 15:50:36.481  7386  7386 V WifiDirectInviteMonitor: startMonitoring()
11-19 15:50:36.485  7386  7409 V NetDiscover_wifiDirectAgent_bcast: wifiP2pEnabled=true
