11-19 15:51:37.099  7386  7566 D LCHSAcceleration: Linear Acceleration  | X: -0.05000000074505806 Y: 0.6399999856948853
11-19 15:51:37.127  7386  7566 D LCHSAcceleration: Overall Acceleration | X: -0.5099999904632568 Y: -0.27000001072883606
11-19 15:51:37.162  7386  7566 D LCHSAcceleration: Linear Acceleration  | X: -0.17000000178813934 Y: -0.23000000417232513
11-19 15:51:37.192  7386  7566 D LCHSAcceleration: Overall Acceleration | X: -0.7300000190734863 Y: 0.12999999523162842
11-19 15:51:37.224  7386  7566 D LCHSAcceleration: Linear Acceleration  | X: -0.12999999523162842 Y: -0.009999999776482582
11-19 15:51:37.258  7386  7566 D LCHSAcceleration: Overall Acceleration | X: -0.5400000214576721 Y: 0.11999999731779099
11-19 15:51:37.285  7386  7566 D LCHSAcceleration: Linear Acceleration  | X: -0.07000000029802322 Y: -0.07999999821186066
11-19 15:51:37.321  7386  7566 D LCHSAcceleration: Overall Acceleration | X: -0.75 Y: 0.019999999552965164
11-19 15:51:37.348  7386  7566 D LCHSAcceleration: Linear Acceleration  | X: 0.05000000074505806 Y: 0.05999999865889549
11-19 15:51:37.378  7386  7566 D LCHSAcceleration: Overall Acceleration | X: -0.6600000262260437 Y: 0.0
11-19 15:51:37.406  7386  7566 D LCHSAcceleration: Linear Acceleration  | X: -0.12999999523162842 Y: 0.05999999865889549
11-19 15:51:37.433  7386  7566 D LCHSAcceleration: Overall Acceleration | X: -0.6800000071525574 Y: -0.05999999865889549
11-19 15:51:37.469  7386  7566 D LCHSAcceleration: Linear Acceleration  | X: -0.05000000074505806 Y: 0.07999999821186066
11-19 15:51:37.501  7386  7566 D LCHSAcceleration: Overall Acceleration | X: -0.699999988079071 Y: -0.03999999910593033
11-19 15:51:37.533  7386  7566 D LCHSAcceleration: Linear Acceleration  | X: -0.03999999910593033 Y: 0.03999999910593033
11-19 15:51:37.560  7386  7566 D LCHSAcceleration: Overall Acceleration | X: -0.6299999952316284 Y: 0.009999999776482582
11-19 15:51:37.638  7386  7566 D LCHSAcceleration: Linear Acceleration  | X: -0.03999999910593033 Y: 0.009999999776482582
11-19 15:51:37.671  7386  7566 D LCHSAcceleration: Overall Acceleration | X: -0.6499999761581421 Y: 0.05000000074505806
11-19 15:51:37.726  7386  7566 D LCHSAcceleration: Linear Acceleration  | X: -0.05000000074505806 Y: 0.0
11-19 15:51:37.763  7386  7566 D LCHSAcceleration: Overall Acceleration | X: -0.6000000238418579 Y: 0.3100000023841858
11-19 15:51:37.819  7386  7566 D LCHSAcceleration: Linear Acceleration  | X: 0.05000000074505806 Y: -0.44999998807907104
11-19 15:51:37.841  7386  7566 D LCHSAcceleration: Overall Acceleration | X: -0.029999999329447746 Y: 0.029999999329447746
11-19 15:51:37.884  7386  7566 D LCHSAcceleration: Linear Acceleration  | X: -0.25 Y: -0.25
11-19 15:51:37.911  7386  7566 D LCHSAcceleration: Overall Acceleration | X: -0.5099999904632568 Y: 0.11999999731779099
11-19 15:51:37.963  7386  7567 V IMU     : dt=1.025s accel=(0.080 -0.110 0.500)m/s^2
11-19 15:51:37.977  7386  7566 D LCHSAcceleration: Linear Acceleration  | X: -0.019999999552965164 Y: -0.029999999329447746
11-19 15:51:38.009  7386  7566 D LCHSAcceleration: Overall Acceleration | X: -0.6399999856948853 Y: 0.10000000149011612
11-19 15:51:38.079  7386  7566 D LCHSAcceleration: Linear Acceleration  | X: 0.1899999976158142 Y: -0.05000000074505806
11-19 15:51:38.104  7386  7566 D LCHSAcceleration: Overall Acceleration | X: 0.0 Y: 0.07000000029802322
11-19 15:51:38.134  7386  7566 D LCHSAcceleration: Linear Acceleration  | X: 0.33000001311302185 Y: 0.15000000596046448
11-19 15:51:38.161  7386  7566 D LCHSAcceleration: Overall Acceleration | X: -0.4399999976158142 Y: 0.18000000715255737
11-19 15:51:38.191  7386  7566 D LCHSAcceleration: Linear Acceleration  | X: 0.1599999964237213 Y: 0.1599999964237213
11-19 15:51:38.217  7386  7566 D LCHSAcceleration: Overall Acceleration | X: -0.49000000953674316 Y: 0.25999999046325684
11-19 15:51:38.247  7386  7566 D LCHSAcceleration: Linear Acceleration  | X: 0.0 Y: 0.05999999865889549
11-19 15:51:38.280  7386  7566 D LCHSAcceleration: Overall Acceleration | X: -0.7400000095367432 Y: 0.17000000178813934
11-19 15:51:38.306  7386  7566 D LCHSAcceleration: Linear Acceleration  | X: -0.09000000357627869 Y: 0.07000000029802322
11-19 15:51:38.341  7386  7566 D LCHSAcceleration: Overall Acceleration | X: -0.5600000023841858 Y: 0.10999999940395355
11-19 15:51:38.359  7386  7566 D LCHSAcceleration: Linear Acceleration  | X: 0.12999999523162842 Y: 0.10999999940395355
11-19 15:51:38.389  7386  7566 D LCHSAcceleration: Overall Acceleration | X: -0.5099999904632568 Y: 0.0
11-19 15:51:38.420  7386  7566 D LCHSAcceleration: Linear Acceleration  | X: 0.009999999776482582 Y: 0.10000000149011612
11-19 15:51:38.453  7386  7566 D LCHSAcceleration: Overall Acceleration | X: -0.5299999713897705 Y: 0.33000001311302185
11-19 15:51:38.483  7386  7566 D LCHSAcceleration: Linear Acceleration  | X: -0.12999999523162842 Y: -0.17000000178813934
11-19 15:51:38.514  7386  7566 D LCHSAcceleration: Overall Acceleration | X: -0.49000000953674316 Y: 0.11999999731779099
11-19 15:51:38.606  7386  7566 D LCHSAcceleration: Linear Acceleration  | X: 0.10000000149011612 Y: -0.2199999988079071
11-19 15:51:38.633  7386  7566 D LCHSAcceleration: Overall Acceleration | X: -0.7699999809265137 Y: -0.019999999552965164
11-19 15:51:38.666  7386  7566 D LCHSAcceleration: Linear Acceleration  | X: 0.009999999776482582 Y: -0.05999999865889549
11-19 15:51:38.690  7386  7566 D LCHSAcceleration: Overall Acceleration | X: -0.8100000023841858 Y: -0.2199999988079071
11-19 15:51:38.714  7386  7566 D LCHSAcceleration: Linear Acceleration  | X: -0.15000000596046448 Y: 0.03999999910593033
11-19 15:51:38.740  7386  7566 D LCHSAcceleration: Overall Acceleration | X: -0.7200000286102295 Y: -0.07000000029802322
11-19 15:51:38.771  7386  7566 D LCHSAcceleration: Linear Acceleration  | X: -0.05000000074505806 Y: -0.3199999928474426
11-19 15:51:38.795  7386  7566 D LCHSAcceleration: Overall Acceleration | X: -0.7400000095367432 Y: -0.009999999776482582
11-19 15:51:38.831  7386  7566 D LCHSAcceleration: Linear Acceleration  | X: -0.14000000059604645 Y: -0.12999999523162842
11-19 15:51:38.856  7386  7566 D LCHSAcceleration: Overall Acceleration | X: -0.75 Y: -0.10000000149011612
11-19 15:51:38.889  7386  7566 D LCHSAcceleration: Linear Acceleration  | X: -0.03999999910593033 Y: 0.0
11-19 15:51:38.916  7386  7566 D LCHSAcceleration: Overall Acceleration | X: -0.5699999928474426 Y: -0.009999999776482582
11-19 15:51:38.945  7386  7566 D LCHSAcceleration: Linear Acceleration  | X: 0.009999999776482582 Y: -0.15000000596046448
11-19 15:51:38.971  7386  7567 V IMU     : dt=1.009s accel=(0.090 0.150 0.300)m/s^2
11-19 15:51:38.986  7386  7566 D LCHSAcceleration: Overall Acceleration | X: -0.6399999856948853 Y: 0.029999999329447746
11-19 15:51:39.017  7386  7566 D LCHSAcceleration: Linear Acceleration  | X: 0.019999999552965164 Y: -0.1599999964237213
11-19 15:51:39.041  7386  7566 D LCHSAcceleration: Overall Acceleration | X: -0.5899999737739563 Y: -0.05999999865889549
11-19 15:51:39.126  7386  7566 D LCHSAcceleration: Linear Acceleration  | X: 0.029999999329447746 Y: -0.05999999865889549
11-19 15:51:39.155  7386  7566 D LCHSAcceleration: Overall Acceleration | X: -0.47999998927116394 Y: 0.18000000715255737
11-19 15:51:39.185  7386  7566 D LCHSAcceleration: Linear Acceleration  | X: 0.0 Y: -0.15000000596046448
11-19 15:51:39.216  7386  7566 D LCHSAcceleration: Overall Acceleration | X: -0.6100000143051147 Y: 0.25
11-19 15:51:39.246  7386  7566 D LCHSAcceleration: Linear Acceleration  | X: -0.07000000029802322 Y: -0.07000000029802322
11-19 15:51:39.277  7386  7566 D LCHSAcceleration: Overall Acceleration | X: -0.7400000095367432 Y: 0.05000000074505806
11-19 15:51:39.305  7386  7566 D LCHSAcceleration: Linear Acceleration  | X: -0.20999999344348907 Y: 0.36000001430511475
11-19 15:51:39.337  7386  7566 D LCHSAcceleration: Overall Acceleration | X: -0.800000011920929 Y: -0.07000000029802322
11-19 15:51:39.365  7386  7566 D LCHSAcceleration: Linear Acceleration  | X: -0.3100000023841858 Y: 0.10999999940395355
11-19 15:51:39.392  7386  7566 D LCHSAcceleration: Overall Acceleration | X: -0.6399999856948853 Y: -0.10999999940395355
11-19 15:51:39.420  7386  7566 D LCHSAcceleration: Linear Acceleration  | X: -0.07000000029802322 Y: -0.20999999344348907
11-19 15:51:39.448  7386  7566 D LCHSAcceleration: Overall Acceleration | X: -0.6000000238418579 Y: 0.14000000059604645
11-19 15:51:39.479  7386  7566 D LCHSAcceleration: Linear Acceleration  | X: -0.12999999523162842 Y: -0.3700000047683716
11-19 15:51:39.508  7386  7566 D LCHSAcceleration: Overall Acceleration | X: -0.7699999809265137 Y: -0.10000000149011612
11-19 15:51:39.540  7386  7566 D LCHSAcceleration: Linear Acceleration  | X: -0.009999999776482582 Y: -0.18000000715255737
11-19 15:51:39.573  7386  7566 D LCHSAcceleration: Overall Acceleration | X: -0.6000000238418579 Y: -0.3499999940395355
11-19 15:51:39.654  7386  7566 D LCHSAcceleration: Linear Acceleration  | X: -0.05000000074505806 Y: -0.18000000715255737
11-19 15:51:39.676  7386  7566 D LCHSAcceleration: Overall Acceleration | X: -0.7099999785423279 Y: 0.05999999865889549
11-19 15:51:39.708  7386  7566 D LCHSAcceleration: Linear Acceleration  | X: -0.1599999964237213 Y: 0.18000000715255737
11-19 15:51:39.737  7386  7566 D LCHSAcceleration: Overall Acceleration | X: -0.6700000166893005 Y: -0.03999999910593033
11-19 15:51:39.768  7386  7566 D LCHSAcceleration: Linear Acceleration  | X: -0.009999999776482582 Y: 0.0
11-19 15:51:39.798  7386  7566 D LCHSAcceleration: Overall Acceleration | X: -0.8999999761581421 Y: 0.1599999964237213
11-19 15:51:39.828  7386  7566 D LCHSAcceleration: Linear Acceleration  | X: -0.07000000029802322 Y: 0.11999999731779099
11-19 15:51:39.862  7386  7566 D LCHSAcceleration: Overall Acceleration | X: -0.7699999809265137 Y: -0.11999999731779099
11-19 15:51:39.893  7386  7566 D LCHSAcceleration: Linear Acceleration  | X: -0.23000000417232513 Y: 0.03999999910593033
11-19 15:51:39.921  7386  7566 D LCHSAcceleration: Overall Acceleration | X: -0.6700000166893005 Y: -0.029999999329447746
11-19 15:51:39.952  7386  7566 D LCHSAcceleration: Linear Acceleration  | X: -0.019999999552965164 Y: -0.05000000074505806
11-19 15:51:39.984  7386  7567 V IMU     : dt=1.012s accel=(-0.020 -0.090 0.230)m/s^2
11-19 15:51:39.998  7386  7566 D LCHSAcceleration: Overall Acceleration | X: -0.6399999856948853 Y: 0.07999999821186066
11-19 15:51:40.025  7386  7566 D LCHSAcceleration: Linear Acceleration  | X: -0.009999999776482582 Y: 0.03999999910593033
11-19 15:51:40.054  7386  7566 D LCHSAcceleration: Overall Acceleration | X: -0.5600000023841858 Y: 0.03999999910593033
11-19 15:51:40.091  7386  7566 D LCHSAcceleration: Linear Acceleration  | X: 0.0 Y: -0.09000000357627869
11-19 15:51:40.124  7386  7566 D LCHSAcceleration: Overall Acceleration | X: -0.5400000214576721 Y: 0.17000000178813934
11-19 15:51:40.207  7386  7566 D LCHSAcceleration: Linear Acceleration  | X: 0.019999999552965164 Y: 0.10999999940395355
11-19 15:51:40.233  7386  7566 D LCHSAcceleration: Overall Acceleration | X: -0.5299999713897705 Y: 0.0
11-19 15:51:40.269  7386  7566 D LCHSAcceleration: Linear Acceleration  | X: 0.07000000029802322 Y: -0.09000000357627869
11-19 15:51:40.299  7386  7566 D LCHSAcceleration: Overall Acceleration | X: -0.550000011920929 Y: 0.0
11-19 15:51:40.330  7386  7566 D LCHSAcceleration: Linear Acceleration  | X: -0.10000000149011612 Y: -0.3700000047683716
11-19 15:51:40.364  7386  7566 D LCHSAcceleration: Overall Acceleration | X: -0.6800000071525574 Y: -0.4399999976158142
11-19 15:51:40.394  7386  7566 D LCHSAcceleration: Linear Acceleration  | X: 0.0 Y: 0.07999999821186066
11-19 15:51:40.425  7386  7566 D LCHSAcceleration: Overall Acceleration | X: -0.8399999737739563 Y: -0.03999999910593033
11-19 15:51:40.471  7386  7566 D LCHSAcceleration: Linear Acceleration  | X: -0.009999999776482582 Y: -0.18000000715255737
11-19 15:51:40.500  7386  7566 D LCHSAcceleration: Overall Acceleration | X: -0.41999998688697815 Y: -0.05000000074505806
11-19 15:51:40.555  7386  7566 D LCHSAcceleration: Linear Acceleration  | X: 0.10999999940395355 Y: 0.10000000149011612
11-19 15:51:40.581  7386  7566 D LCHSAcceleration: Overall Acceleration | X: -0.47999998927116394 Y: 0.0
11-19 15:51:40.616  7386  7566 D LCHSAcceleration: Linear Acceleration  | X: 0.18000000715255737 Y: 0.2800000011920929
11-19 15:51:40.646  7386  7566 D LCHSAcceleration: Overall Acceleration | X: -0.25999999046325684 Y: 0.019999999552965164
11-19 15:51:40.730  7386  7566 D LCHSAcceleration: Linear Acceleration  | X: -0.029999999329447746 Y: -0.15000000596046448
11-19 15:51:40.753  7386  7566 D LCHSAcceleration: Overall Acceleration | X: -0.4699999988079071 Y: 0.3100000023841858
11-19 15:51:40.808  7386  7566 D LCHSAcceleration: Linear Acceleration  | X: -0.07000000029802322 Y: 0.3799999952316284
11-19 15:51:40.838  7386  7566 D LCHSAcceleration: Overall Acceleration | X: -0.28999999165534973 Y: -0.07000000029802322
11-19 15:51:40.864  7386  7566 D LCHSAcceleration: Linear Acceleration  | X: -0.009999999776482582 Y: 0.5299999713897705
11-19 15:51:40.897  7386  7566 D LCHSAcceleration: Overall Acceleration | X: -0.49000000953674316 Y: -0.3100000023841858
11-19 15:51:40.923  7386  7566 D LCHSAcceleration: Linear Acceleration  | X: -0.05000000074505806 Y: 0.18000000715255737
11-19 15:51:40.951  7386  7566 D LCHSAcceleration: Overall Acceleration | X: -0.550000011920929 Y: -0.5799999833106995
11-19 15:51:40.983  7386  7566 D LCHSAcceleration: Linear Acceleration  | X: -0.019999999552965164 Y: 0.1899999976158142
11-19 15:51:41.001  7386  7567 V IMU     : dt=1.017s accel=(-0.070 -0.480 0.220)m/s^2
11-19 15:51:41.034  7386  7566 D LCHSAcceleration: Overall Acceleration | X: -0.7300000190734863 Y: 0.05000000074505806
11-19 15:51:41.060  7386  7566 D LCHSAcceleration: Linear Acceleration  | X: -0.15000000596046448 Y: -0.1899999976158142
11-19 15:51:41.088  7386  7566 D LCHSAcceleration: Overall Acceleration | X: -0.6499999761581421 Y: 0.11999999731779099
11-19 15:51:41.121  7386  7566 D LCHSAcceleration: Linear Acceleration  | X: 0.09000000357627869 Y: -0.30000001192092896
11-19 15:51:41.150  7386  7566 D LCHSAcceleration: Overall Acceleration | X: -0.5400000214576721 Y: 0.49000000953674316
11-19 15:51:41.181  7386  7566 D LCHSAcceleration: Linear Acceleration  | X: 0.05000000074505806 Y: -0.11999999731779099
11-19 15:51:41.204  7386  7566 D LCHSAcceleration: Overall Acceleration | X: -0.5199999809265137 Y: 0.5099999904632568
11-19 15:51:41.245  7386  7566 D LCHSAcceleration: Linear Acceleration  | X: -0.09000000357627869 Y: -0.3100000023841858
11-19 15:51:41.269  7386  7566 D LCHSAcceleration: Overall Acceleration | X: -0.550000011920929 Y: 0.2199999988079071
11-19 15:51:41.345  7386  7566 D LCHSAcceleration: Linear Acceleration  | X: 0.029999999329447746 Y: -0.4000000059604645
11-19 15:51:41.371  7386  7566 D LCHSAcceleration: Overall Acceleration | X: -0.550000011920929 Y: -0.2199999988079071
11-19 15:51:41.399  7386  7566 D LCHSAcceleration: Linear Acceleration  | X: 0.03999999910593033 Y: -0.20000000298023224
11-19 15:51:41.426  7386  7566 D LCHSAcceleration: Overall Acceleration | X: -0.6399999856948853 Y: -0.09000000357627869
11-19 15:51:41.451  7386  7566 D LCHSAcceleration: Linear Acceleration  | X: -0.009999999776482582 Y: 0.18000000715255737
11-19 15:51:41.482  7386  7566 D LCHSAcceleration: Overall Acceleration | X: -0.5899999737739563 Y: -0.14000000059604645
11-19 15:51:41.515  7386  7566 D LCHSAcceleration: Linear Acceleration  | X: -0.05000000074505806 Y: 0.0
11-19 15:51:41.541  7386  7566 D LCHSAcceleration: Overall Acceleration | X: -0.7300000190734863 Y: -0.1599999964237213
11-19 15:51:41.566  7386  7566 D LCHSAcceleration: Linear Acceleration  | X: -0.019999999552965164 Y: 0.23999999463558197
11-19 15:51:41.601  7386  7566 D LCHSAcceleration: Overall Acceleration | X: -0.7300000190734863 Y: -0.3199999928474426
11-19 15:51:41.633  7386  7566 D LCHSAcceleration: Linear Acceleration  | X: 0.05000000074505806 Y: 0.25
11-19 15:51:41.662  7386  7566 D LCHSAcceleration: Overall Acceleration | X: -0.6800000071525574 Y: -0.3100000023841858
11-19 15:51:41.697  7386  7566 D LCHSAcceleration: Linear Acceleration  | X: 0.18000000715255737 Y: 0.0
11-19 15:51:41.730  7386  7566 D LCHSAcceleration: Overall Acceleration | X: -0.8299999833106995 Y: 0.1899999976158142
11-19 15:51:41.770  7386  7566 D LCHSAcceleration: Linear Acceleration  | X: -0.009999999776482582 Y: -0.009999999776482582
11-19 15:51:41.802  7386  7566 D LCHSAcceleration: Overall Acceleration | X: -0.5699999928474426 Y: -0.14000000059604645
11-19 15:51:41.868  7386  7566 D LCHSAcceleration: Linear Acceleration  | X: -0.20000000298023224 Y: -0.1899999976158142
11-19 15:51:41.884  7386  7566 D LCHSAcceleration: Overall Acceleration | X: -0.5400000214576721 Y: -0.009999999776482582
11-19 15:51:41.912  7386  7566 D LCHSAcceleration: Linear Acceleration  | X: -0.1599999964237213 Y: -0.25999999046325684
11-19 15:51:41.940  7386  7566 D LCHSAcceleration: Overall Acceleration | X: -0.6200000047683716 Y: -0.009999999776482582
11-19 15:51:41.968  7386  7566 D LCHSAcceleration: Linear Acceleration  | X: -0.20000000298023224 Y: -0.3700000047683716
11-19 15:51:41.998  7386  7566 D LCHSAcceleration: Overall Acceleration | X: -0.8700000047683716 Y: 0.05999999865889549
11-19 15:51:42.006  7386  7567 V IMU     : dt=1.005s accel=(-0.230 -0.250 0.150)m/s^2
11-19 15:51:42.037  7386  7566 D LCHSAcceleration: Linear Acceleration  | X: -0.17000000178813934 Y: 0.14000000059604645
11-19 15:51:42.060  7386  7566 D LCHSAcceleration: Overall Acceleration | X: -0.5 Y: -0.05999999865889549
11-19 15:51:42.092  7386  7566 D LCHSAcceleration: Linear Acceleration  | X: -0.17000000178813934 Y: 0.09000000357627869
11-19 15:51:42.123  7386  7566 D LCHSAcceleration: Overall Acceleration | X: -0.2800000011920929 Y: -0.019999999552965164
11-19 15:51:42.152  7386  7566 D LCHSAcceleration: Linear Acceleration  | X: -0.029999999329447746 Y: -0.4000000059604645
11-19 15:51:42.181  7386  7566 D LCHSAcceleration: Overall Acceleration | X: -0.25999999046325684 Y: 0.07999999821186066
11-19 15:51:42.216  7386  7566 D LCHSAcceleration: Linear Acceleration  | X: 0.14000000059604645 Y: -0.12999999523162842
11-19 15:51:42.245  7386  7566 D LCHSAcceleration: Overall Acceleration | X: -0.28999999165534973 Y: -0.10999999940395355
11-19 15:51:42.285  7386  7566 D LCHSAcceleration: Linear Acceleration  | X: 0.019999999552965164 Y: -0.009999999776482582
11-19 15:51:42.317  7386  7566 D LCHSAcceleration: Overall Acceleration | X: -0.5699999928474426 Y: -0.009999999776482582
11-19 15:51:42.387  7386  7566 D LCHSAcceleration: Linear Acceleration  | X: -0.3700000047683716 Y: -0.019999999552965164
11-19 15:51:42.416  7386  7566 D LCHSAcceleration: Overall Acceleration | X: -0.7400000095367432 Y: -0.07999999821186066
11-19 15:51:42.444  7386  7566 D LCHSAcceleration: Linear Acceleration  | X: -0.11999999731779099 Y: -0.09000000357627869
11-19 15:51:42.475  7386  7566 D LCHSAcceleration: Overall Acceleration | X: -1.0099999904632568 Y: -0.3400000035762787
11-19 15:51:42.506  7386  7566 D LCHSAcceleration: Linear Acceleration  | X: -0.4300000071525574 Y: 0.07000000029802322
11-19 15:51:42.537  7386  7566 D LCHSAcceleration: Overall Acceleration | X: -0.4699999988079071 Y: 0.07999999821186066
11-19 15:51:42.568  7386  7566 D LCHSAcceleration: Linear Acceleration  | X: 0.1899999976158142 Y: 0.18000000715255737
11-19 15:51:42.595  7386  7566 D LCHSAcceleration: Overall Acceleration | X: -0.5299999713897705 Y: 0.27000001072883606
11-19 15:51:42.622  7386  7566 D LCHSAcceleration: Linear Acceleration  | X: 0.4300000071525574 Y: -0.09000000357627869
11-19 15:51:42.652  7386  7566 D LCHSAcceleration: Overall Acceleration | X: -0.1899999976158142 Y: -0.1899999976158142
11-19 15:51:42.680  7386  7566 D LCHSAcceleration: Linear Acceleration  | X: 0.12999999523162842 Y: 0.17000000178813934
11-19 15:51:42.713  7386  7566 D LCHSAcceleration: Overall Acceleration | X: -0.5600000023841858 Y: 0.10999999940395355
11-19 15:51:42.749  7386  7566 D LCHSAcceleration: Linear Acceleration  | X: -0.1599999964237213 Y: 0.23999999463558197
11-19 15:51:42.780  7386  7566 D LCHSAcceleration: Overall Acceleration | X: -0.38999998569488525 Y: -0.05999999865889549
11-19 15:51:42.821  7386  7566 D LCHSAcceleration: Linear Acceleration  | X: -0.009999999776482582 Y: 0.20999999344348907
11-19 15:51:42.850  7386  7566 D LCHSAcceleration: Overall Acceleration | X: -0.27000001072883606 Y: 0.0
11-19 15:51:42.925  7386  7566 D LCHSAcceleration: Linear Acceleration  | X: 0.15000000596046448 Y: -0.17000000178813934
11-19 15:51:42.957  7386  7566 D LCHSAcceleration: Overall Acceleration | X: -0.44999998807907104 Y: 0.15000000596046448
11-19 15:51:42.990  7386  7566 D LCHSAcceleration: Linear Acceleration  | X: -0.18000000715255737 Y: 0.28999999165534973
11-19 15:51:43.021  7386  7567 V IMU     : dt=1.015s accel=(-0.190 0.090 0.070)m/s^2
11-19 15:51:43.035  7386  7566 D LCHSAcceleration: Overall Acceleration | X: -0.5899999737739563 Y: 0.10000000149011612
11-19 15:51:43.069  7386  7566 D LCHSAcceleration: Linear Acceleration  | X: 0.1899999976158142 Y: 0.05999999865889549
11-19 15:51:43.104  7386  7566 D LCHSAcceleration: Overall Acceleration | X: -0.6299999952316284 Y: -0.03999999910593033
11-19 15:51:43.154  7386  7566 D LCHSAcceleration: Linear Acceleration  | X: 0.09000000357627869 Y: 0.28999999165534973
11-19 15:51:43.180  7386  7566 D LCHSAcceleration: Overall Acceleration | X: -1.840000033378601 Y: -0.1899999976158142
11-19 15:51:43.207  7386  7566 D LCHSAcceleration: Linear Acceleration  | X: -1.340000033378601 Y: 0.07999999821186066
11-19 15:51:43.235  7386  7566 D LCHSAcceleration: Overall Acceleration | X: -2.630000114440918 Y: 0.05999999865889549
11-19 15:51:43.271  7386  7566 D LCHSAcceleration: Linear Acceleration  | X: -1.649999976158142 Y: 1.1100000143051147
11-19 15:51:43.301  7386  7566 D LCHSAcceleration: Overall Acceleration | X: -1.1200000047683716 Y: 0.3199999928474426
11-19 15:51:43.334  7386  7566 D LCHSAcceleration: Linear Acceleration  | X: 0.3700000047683716 Y: 0.05999999865889549
11-19 15:51:43.358  7386  7566 D LCHSAcceleration: Overall Acceleration | X: -0.3199999928474426 Y: -0.27000001072883606
11-19 15:51:43.388  7386  7566 D LCHSAcceleration: Linear Acceleration  | X: 0.03999999910593033 Y: 0.029999999329447746
11-19 15:51:43.418  7386  7566 D LCHSAcceleration: Overall Acceleration | X: -0.550000011920929 Y: -0.10999999940395355
11-19 15:51:43.457  7386  7566 D LCHSAcceleration: Linear Acceleration  | X: -0.10000000149011612 Y: 0.019999999552965164
11-19 15:51:43.485  7386  7566 D LCHSAcceleration: Overall Acceleration | X: -0.6700000166893005 Y: -0.15000000596046448
11-19 15:51:43.513  7386  7566 D LCHSAcceleration: Linear Acceleration  | X: 0.07999999821186066 Y: 0.0
11-19 15:51:43.538  7386  7566 D LCHSAcceleration: Overall Acceleration | X: -0.6399999856948853 Y: 0.05000000074505806
11-19 15:51:43.572  7386  7566 D LCHSAcceleration: Linear Acceleration  | X: -0.09000000357627869 Y: 0.019999999552965164
11-19 15:51:43.607  7386  7566 D LCHSAcceleration: Overall Acceleration | X: -0.6200000047683716 Y: -0.10000000149011612
11-19 15:51:43.678  7386  7566 D LCHSAcceleration: Linear Acceleration  | X: 0.0 Y: -0.05000000074505806
11-19 15:51:43.709  7386  7566 D LCHSAcceleration: Overall Acceleration | X: -0.6000000238418579 Y: -0.03999999910593033
11-19 15:51:43.742  7386  7566 D LCHSAcceleration: Linear Acceleration  | X: -0.019999999552965164 Y: 0.0
11-19 15:51:43.775  7386  7566 D LCHSAcceleration: Overall Acceleration | X: -0.6800000071525574 Y: -0.05000000074505806
11-19 15:51:43.814  7386  7566 D LCHSAcceleration: Linear Acceleration  | X: 0.019999999552965164 Y: 0.0
11-19 15:51:43.840  7386  7566 D LCHSAcceleration: Overall Acceleration | X: -0.6899999976158142 Y: -0.019999999552965164
11-19 15:51:43.885  7386  7566 D LCHSAcceleration: Linear Acceleration  | X: 0.0 Y: 0.0
11-19 15:51:43.913  7386  7566 D LCHSAcceleration: Overall Acceleration | X: -0.6299999952316284 Y: -0.03999999910593033
11-19 15:51:43.943  7386  7566 D LCHSAcceleration: Linear Acceleration  | X: -0.009999999776482582 Y: 0.0
11-19 15:51:43.976  7386  7566 D LCHSAcceleration: Overall Acceleration | X: -0.6499999761581421 Y: -0.019999999552965164
11-19 15:51:44.011  7386  7566 D LCHSAcceleration: Linear Acceleration  | X: 0.0 Y: -0.029999999329447746
11-19 15:51:44.042  7386  7567 V IMU     : dt=1.021s accel=(-0.020 0.000 0.260)m/s^2
11-19 15:51:44.059  7386  7566 D LCHSAcceleration: Overall Acceleration | X: -0.6499999761581421 Y: -0.029999999329447746
11-19 15:51:44.096  7386  7566 D LCHSAcceleration: Linear Acceleration  | X: -0.009999999776482582 Y: -0.019999999552965164
11-19 15:51:44.128  7386  7566 D LCHSAcceleration: Overall Acceleration | X: -0.6600000262260437 Y: -0.009999999776482582
11-19 15:51:44.201  7386  7566 D LCHSAcceleration: Linear Acceleration  | X: 0.0 Y: -0.009999999776482582
11-19 15:51:44.229  7386  7566 D LCHSAcceleration: Overall Acceleration | X: -0.6399999856948853 Y: -0.009999999776482582
11-19 15:51:44.254  7386  7566 D LCHSAcceleration: Linear Acceleration  | X: 0.0 Y: -0.009999999776482582
11-19 15:51:44.282  7386  7566 D LCHSAcceleration: Overall Acceleration | X: -0.6499999761581421 Y: -0.019999999552965164
11-19 15:51:44.310  7386  7566 D LCHSAcceleration: Linear Acceleration  | X: -0.009999999776482582 Y: 0.009999999776482582
11-19 15:51:44.340  7386  7566 D LCHSAcceleration: Overall Acceleration | X: -0.6499999761581421 Y: -0.019999999552965164
11-19 15:51:44.370  7386  7566 D LCHSAcceleration: Linear Acceleration  | X: 0.0 Y: 0.0
11-19 15:51:44.402  7386  7566 D LCHSAcceleration: Overall Acceleration | X: -0.6700000166893005 Y: -0.029999999329447746
11-19 15:51:44.440  7386  7566 D LCHSAcceleration: Linear Acceleration  | X: -0.019999999552965164 Y: -0.019999999552965164
11-19 15:51:44.469  7386  7566 D LCHSAcceleration: Overall Acceleration | X: -0.6399999856948853 Y: -0.029999999329447746
11-19 15:51:44.498  7386  7566 D LCHSAcceleration: Linear Acceleration  | X: -0.029999999329447746 Y: -0.009999999776482582
11-19 15:51:44.525  7386  7566 D LCHSAcceleration: Overall Acceleration | X: -0.6700000166893005 Y: -0.03999999910593033
11-19 15:51:44.555  7386  7566 D LCHSAcceleration: Linear Acceleration  | X: -0.009999999776482582 Y: 0.0
11-19 15:51:44.583  7386  7566 D LCHSAcceleration: Overall Acceleration | X: -0.6399999856948853 Y: -0.009999999776482582
11-19 15:51:44.613  7386  7566 D LCHSAcceleration: Linear Acceleration  | X: -0.019999999552965164 Y: 0.0
11-19 15:51:44.647  7386  7566 D LCHSAcceleration: Overall Acceleration | X: -0.6600000262260437 Y: -0.05000000074505806
11-19 15:51:44.704  7386  7566 D LCHSAcceleration: Linear Acceleration  | X: -0.029999999329447746 Y: -0.009999999776482582
11-19 15:51:44.735  7386  7566 D LCHSAcceleration: Overall Acceleration | X: -0.6600000262260437 Y: -0.03999999910593033
11-19 15:51:44.760  7386  7566 D LCHSAcceleration: Linear Acceleration  | X: -0.009999999776482582 Y: -0.009999999776482582
11-19 15:51:44.794  7386  7566 D LCHSAcceleration: Overall Acceleration | X: -0.6399999856948853 Y: -0.03999999910593033
11-19 15:51:44.832  7386  7566 D LCHSAcceleration: Linear Acceleration  | X: -0.009999999776482582 Y: -0.029999999329447746
11-19 15:51:44.861  7386  7566 D LCHSAcceleration: Overall Acceleration | X: -0.6600000262260437 Y: -0.019999999552965164
11-19 15:51:44.897  7386  7566 D LCHSAcceleration: Linear Acceleration  | X: 0.0 Y: -0.029999999329447746
11-19 15:51:44.929  7386  7566 D LCHSAcceleration: Overall Acceleration | X: -0.6399999856948853 Y: -0.03999999910593033
11-19 15:51:44.967  7386  7566 D LCHSAcceleration: Linear Acceleration  | X: 0.0 Y: -0.009999999776482582
11-19 15:51:45.000  7386  7566 D LCHSAcceleration: Overall Acceleration | X: -0.6399999856948853 Y: -0.019999999552965164
11-19 15:51:45.029  7386  7566 D LCHSAcceleration: Linear Acceleration  | X: -0.009999999776482582 Y: -0.009999999776482582
11-19 15:51:45.061  7386  7567 V IMU     : dt=1.019s accel=(-0.010 -0.020 0.260)m/s^2
11-19 15:51:45.075  7386  7566 D LCHSAcceleration: Overall Acceleration | X: -0.6499999761581421 Y: -0.029999999329447746
11-19 15:51:45.110  7386  7566 D LCHSAcceleration: Linear Acceleration  | X: -0.009999999776482582 Y: 0.0
11-19 15:51:45.142  7386  7566 D LCHSAcceleration: Overall Acceleration | X: -0.6499999761581421 Y: -0.03999999910593033
11-19 15:51:45.167  7386  7566 D LCHSAcceleration: Linear Acceleration  | X: 0.0 Y: 0.0
11-19 15:51:45.197  7386  7566 D LCHSAcceleration: Overall Acceleration | X: -0.6399999856948853 Y: -0.029999999329447746
11-19 15:51:45.263  7386  7566 D LCHSAcceleration: Linear Acceleration  | X: -0.009999999776482582 Y: 0.0
11-19 15:51:45.295  7386  7566 D LCHSAcceleration: Overall Acceleration | X: -0.6600000262260437 Y: -0.019999999552965164
11-19 15:51:45.327  7386  7566 D LCHSAcceleration: Linear Acceleration  | X: -0.009999999776482582 Y: 0.0
11-19 15:51:45.356  7386  7566 D LCHSAcceleration: Overall Acceleration | X: -0.6600000262260437 Y: -0.05000000074505806
11-19 15:51:45.392  7386  7566 D LCHSAcceleration: Linear Acceleration  | X: 0.0 Y: -0.009999999776482582
11-19 15:51:45.415  7386  7566 D LCHSAcceleration: Overall Acceleration | X: -0.6499999761581421 Y: -0.029999999329447746
11-19 15:51:45.445  7386  7566 D LCHSAcceleration: Linear Acceleration  | X: 0.0 Y: 0.0
11-19 15:51:45.473  7386  7566 D LCHSAcceleration: Overall Acceleration | X: -0.6399999856948853 Y: -0.009999999776482582
11-19 15:51:45.505  7386  7566 D LCHSAcceleration: Linear Acceleration  | X: 0.0 Y: -0.009999999776482582
11-19 15:51:45.539  7386  7566 D LCHSAcceleration: Overall Acceleration | X: -0.6399999856948853 Y: 0.0
11-19 15:51:45.563  7386  7566 D LCHSAcceleration: Linear Acceleration  | X: -0.019999999552965164 Y: 0.0
11-19 15:51:45.596  7386  7566 D LCHSAcceleration: Overall Acceleration | X: -0.6399999856948853 Y: -0.03999999910593033
11-19 15:51:45.626  7386  7566 D LCHSAcceleration: Linear Acceleration  | X: -0.009999999776482582 Y: 0.0
11-19 15:51:45.658  7386  7566 D LCHSAcceleration: Overall Acceleration | X: -0.6499999761581421 Y: -0.019999999552965164
11-19 15:51:45.691  7386  7566 D LCHSAcceleration: Linear Acceleration  | X: 0.0 Y: 0.0
11-19 15:51:45.723  7386  7566 D LCHSAcceleration: Overall Acceleration | X: -0.6499999761581421 Y: -0.029999999329447746
11-19 15:51:45.793  7386  7566 D LCHSAcceleration: Linear Acceleration  | X: -0.009999999776482582 Y: 0.0
11-19 15:51:45.819  7386  7566 D LCHSAcceleration: Overall Acceleration | X: -0.6200000047683716 Y: -0.019999999552965164
11-19 15:51:45.855  7386  7566 D LCHSAcceleration: Linear Acceleration  | X: 0.0 Y: 0.0
11-19 15:51:45.878  7386  7566 D LCHSAcceleration: Overall Acceleration | X: -0.6299999952316284 Y: -0.029999999329447746
11-19 15:51:45.910  7386  7566 D LCHSAcceleration: Linear Acceleration  | X: 0.0 Y: -0.009999999776482582
11-19 15:51:45.937  7386  7566 D LCHSAcceleration: Overall Acceleration | X: -0.6499999761581421 Y: -0.029999999329447746
11-19 15:51:45.961  7386  7566 D LCHSAcceleration: Linear Acceleration  | X: 0.0 Y: -0.009999999776482582
11-19 15:51:45.986  7386  7566 D LCHSAcceleration: Overall Acceleration | X: -0.6499999761581421 Y: -0.019999999552965164
11-19 15:51:45.997  7386  7520 V Robocol : received command: CMD_INIT_OP_MODE(10940) $Stop$Robot$
11-19 15:51:46.018  7386  7519 I RobotCore: ******************** STOP - OPMODE /storage/emulated/0/FIRST/matchlogs/Match-0-LCHSAcceleration.txt ********************
11-19 15:51:46.026  7386  7519 I RobotCore: Pruning old logs deleting Match-0-LCHSAcceleration.txt
11-19 15:51:46.036  7386  7572 I RobotCore: saving match logcat to /storage/emulated/0/FIRST/matchlogs/Match-0-LCHSAcceleration.txt
11-19 15:51:46.037  7386  7572 I RobotCore: logging command line: exec logcat -d -T '11-19 15:51:18.000' -f /storage/emulated/0/FIRST/matchlogs/Match-0-LCHSAcceleration.txt -n4 -v threadtime UsbRequestJNI:S UsbRequest:S art:W ThreadPool:W System:W ExtendedExtractor:W OMXClient:W MediaPlayer:W dalvikvm:W  *:V
11-19 15:51:46.037  7386  7566 E LynxI2cDeviceSynch: placeholder: readStatusQuery
11-19 15:51:46.038  7386  7566 D LCHSAcceleration: Linear Acceleration  | X: 0.0 Y: 0.0
11-19 15:51:46.038  7386  7566 E LynxI2cDeviceSynch: placeholder: readTimestamped
11-19 15:51:46.039  7386  7566 D LCHSAcceleration: Overall Acceleration | X: 0.0 Y: 0.0
11-19 15:51:46.039  7386  7566 V RobotCore: thread: ...terminating 'LinearOpMode main'
11-19 15:51:46.045  7386  7531 I RobotCore: Attempting to switch to op mode $Stop$Robot$
11-19 15:51:46.061  7573  7573 W sh      : type=1400 audit(0.0:21): avc: denied { read } for uid=10151 name="/" dev="rootfs" ino=1 scontext=u:r:untrusted_app:s0:c512,c768 tcontext=u:object_r:rootfs:s0 tclass=dir permissive=0
11-19 15:51:46.074  7386  7548 V Robocol : sending CMD_NOTIFY_INIT_OP_MODE(1307), attempt: 0
11-19 15:51:46.120  7386  7520 V Robocol : received command: CMD_RUN_OP_MODE(10946) $Stop$Robot$
11-19 15:51:46.135  7386  7572 I RobotCore: Done running exec logcat -d -T '11-19 15:51:18.000' -f /storage/emulated/0/FIRST/matchlogs/Match-0-LCHSAcceleration.txt -n4 -v threadtime UsbRequestJNI:S UsbRequest:S art:W ThreadPool:W System:W ExtendedExtractor:W OMXClient:W MediaPlayer:W dalvikvm:W  *:V
11-19 15:51:46.135  7386  7572 I RobotCore: exiting match logcat for /storage/emulated/0/FIRST/matchlogs/Match-0-LCHSAcceleration.txt
11-19 15:51:46.154  7386  7548 V Robocol : sending CMD_NOTIFY_RUN_OP_MODE(1313), attempt: 0
11-19 15:51:51.237  7386  7520 V Robocol : received command: CMD_INIT_OP_MODE(11042) $Stop$Robot$
11-19 15:51:51.251  7386  7531 I RobotCore: Attempting to switch to op mode $Stop$Robot$
11-19 15:51:51.354  7386  7548 V Robocol : sending CMD_NOTIFY_INIT_OP_MODE(1419), attempt: 0
11-19 15:51:51.400  7386  7520 V Robocol : received command: CMD_RUN_OP_MODE(11051) $Stop$Robot$
11-19 15:51:51.435  7386  7548 V Robocol : sending CMD_NOTIFY_RUN_OP_MODE(1427), attempt: 0
11-19 15:51:57.678  7386  7520 V Robocol : received command: CMD_SET_MATCH_NUMBER(11157) 0
11-19 15:51:57.686  7386  7520 V Robocol : received command: CMD_INIT_OP_MODE(11158) Auto Test
11-19 15:51:57.711  7386  7519 I RobotCore: ******************** START - OPMODE Auto Test ********************
11-19 15:51:57.714  7386  7531 I RobotCore: Attempting to switch to op mode Auto Test
11-19 15:51:57.772  7386  7531 W LynxPwmOutputController: LynxSetPWMEnableCommand not implemented by lynx hw; ignoring
11-19 15:51:57.778  7386  7531 W LynxPwmOutputController: LynxSetPWMConfigurationCommand not implemented by lynx hw; ignoring
11-19 15:51:57.782  7386  7531 W LynxPwmOutputController: LynxSetPWMEnableCommand not implemented by lynx hw; ignoring
11-19 15:51:57.787  7386  7531 W LynxPwmOutputController: LynxSetPWMConfigurationCommand not implemented by lynx hw; ignoring
11-19 15:51:57.791  7386  7531 W LynxPwmOutputController: LynxSetPWMEnableCommand not implemented by lynx hw; ignoring
11-19 15:51:57.796  7386  7531 W LynxPwmOutputController: LynxSetPWMConfigurationCommand not implemented by lynx hw; ignoring
11-19 15:51:57.802  7386  7531 W LynxPwmOutputController: LynxSetPWMEnableCommand not implemented by lynx hw; ignoring
11-19 15:51:57.806  7386  7531 W LynxPwmOutputController: LynxSetPWMConfigurationCommand not implemented by lynx hw; ignoring
11-19 15:51:58.059  7386  7531 W LynxPwmOutputController: LynxSetPWMEnableCommand not implemented by lynx hw; ignoring
11-19 15:51:58.064  7386  7531 W LynxPwmOutputController: LynxSetPWMConfigurationCommand not implemented by lynx hw; ignoring
11-19 15:51:58.068  7386  7531 W LynxPwmOutputController: LynxSetPWMEnableCommand not implemented by lynx hw; ignoring
11-19 15:51:58.072  7386  7531 W LynxPwmOutputController: LynxSetPWMConfigurationCommand not implemented by lynx hw; ignoring
11-19 15:51:58.077  7386  7531 W LynxPwmOutputController: LynxSetPWMEnableCommand not implemented by lynx hw; ignoring
11-19 15:51:58.082  7386  7531 W LynxPwmOutputController: LynxSetPWMConfigurationCommand not implemented by lynx hw; ignoring
11-19 15:51:58.086  7386  7531 W LynxPwmOutputController: LynxSetPWMEnableCommand not implemented by lynx hw; ignoring
11-19 15:51:58.092  7386  7531 W LynxPwmOutputController: LynxSetPWMConfigurationCommand not implemented by lynx hw; ignoring
11-19 15:51:58.100  7386  7577 V RobotCore: thread: 'LinearOpMode main' starting...
11-19 15:51:58.103  7386  7577 D OpenCV/StaticHelper: Trying to get library list
11-19 15:51:58.107  7386  7577 E OpenCV/StaticHelper: OpenCV error: Cannot load info library for OpenCV
11-19 15:51:58.107  7386  7577 D OpenCV/StaticHelper: Library list: ""
11-19 15:51:58.107  7386  7577 D OpenCV/StaticHelper: First attempt to load libs
11-19 15:51:58.107  7386  7577 D OpenCV/StaticHelper: Trying to init OpenCV libs
11-19 15:51:58.108  7386  7577 D OpenCV/StaticHelper: Trying to load library opencv_java3
11-19 15:51:58.114  7386  7548 V Robocol : sending CMD_NOTIFY_INIT_OP_MODE(1547), attempt: 0
11-19 15:51:58.154  7386  7577 D OpenCV/StaticHelper: Library opencv_java3 loaded
11-19 15:51:58.155  7386  7577 D OpenCV/StaticHelper: First attempt to load libs is OK
11-19 15:51:58.156  7386  7577 I OpenCV/StaticHelper: 
11-19 15:51:58.157  7386  7577 I OpenCV/StaticHelper: General configuration for OpenCV 3.4.3 =====================================
11-19 15:51:58.157  7386  7577 I OpenCV/StaticHelper:   Version control:               3.4.3
11-19 15:51:58.157  7386  7577 I OpenCV/StaticHelper: 
11-19 15:51:58.157  7386  7577 I OpenCV/StaticHelper:   Platform:
11-19 15:51:58.157  7386  7577 I OpenCV/StaticHelper:     Timestamp:                   2018-08-29T10:25:40Z
11-19 15:51:58.157  7386  7577 I OpenCV/StaticHelper:     Host:                        Linux 4.15.0-33-generic x86_64
11-19 15:51:58.157  7386  7577 I OpenCV/StaticHelper:     Target:                      Linux 1 armv7-a
11-19 15:51:58.157  7386  7577 I OpenCV/StaticHelper:     CMake:                       2.8.12.2
11-19 15:51:58.157  7386  7577 I OpenCV/StaticHelper:     CMake generator:             Ninja
11-19 15:51:58.157  7386  7577 I OpenCV/StaticHelper:     CMake build tool:            /usr/bin/ninja
11-19 15:51:58.157  7386  7577 I OpenCV/StaticHelper:     Configuration:               Release
11-19 15:51:58.157  7386  7577 I OpenCV/StaticHelper: 
11-19 15:51:58.157  7386  7577 I OpenCV/StaticHelper:   CPU/HW features:
11-19 15:51:58.157  7386  7577 I OpenCV/StaticHelper:     Baseline:                    NEON
11-19 15:51:58.157  7386  7577 I OpenCV/StaticHelper:       requested:                 DETECT
11-19 15:51:58.157  7386  7577 I OpenCV/StaticHelper:       required:                  NEON
11-19 15:51:58.157  7386  7577 I OpenCV/StaticHelper:       disabled:                  VFPV3
11-19 15:51:58.157  7386  7577 I OpenCV/StaticHelper: 
11-19 15:51:58.157  7386  7577 I OpenCV/StaticHelper:   C/C++:
11-19 15:51:58.157  7386  7577 I OpenCV/StaticHelper:     Built as dynamic libs?:      NO
11-19 15:51:58.157  7386  7577 I OpenCV/StaticHelper:     C++ Compiler:                /usr/bin/ccache /opt/android/android-ndk-r10e/toolchains/arm-linux-androideabi-4.8/prebuilt/linux-x86_64/bin/arm-linux-androideabi-g++ (ver 4.8)
11-19 15:51:58.157  7386  7577 I OpenCV/StaticHelper:     C++ flags (Release):         -fexceptions -frtti -fpic -Wno-psabi --sysroot=/opt/android/android-ndk-r10e/platforms/android-9/arch-arm -funwind-tables -finline-limit=64 -fsigned-char -no-canonical-prefixes -march=armv7-a -mfloat-abi=softfp -mfpu=neon -fdata-sections -ffunction-sections -Wa,--noexecstack  -DANDROID -D__ANDROID_API__=9   -fsigned-char -W -Wall -Werror=return-type -Werror=non-virtual-dtor -Werror=address -Werror=sequence-point -Wformat -Werror=format-security -Wmissing-declarations -Wundef -Winit-self -Wpointer-arith -Wshadow -Wsign-promo -Wuninitialized -Winit-self -Wno-narrowing -Wno-delete-non-virtual-dtor -Wno-comment -fdiagnostics-show-option -fomit-frame-pointer  -mfpu=neon -mfp16-format=ieee -fvisibility=hidden -fvisibility-inlines-hidden -mthumb -fomit-frame-pointer -fno-strict-aliasing -O3 -DNDEBUG  -DNDEBUG
11-19 15:51:58.157  7386  7577 I OpenCV/StaticHelper:     C++ flags (Debug):           -fexceptions -frtti -fpic -Wno-psabi --sysroot=/opt/android/android-ndk-r10e/platforms/android-9/arch-arm -funwind-tables -finline-limit=64 -fsigned-char -no-canonical-prefixes -march=armv7-a -mfloat-abi=softfp -mfpu=neon -fdata-sections -ffunction-sections -Wa,--noexecstack  -DANDROID -D__ANDROID_API__=9   -fsigned-char -W -Wall -Werror=return-type -Werror=non-virtual-dtor -Werror=address -Werror=sequence-point -Wformat -Werror=format-security -Wmissing-declarations -Wundef -Winit-self -Wpointer-arith -Wshadow -Wsign-promo -Wuninitialized -Winit-self -Wno-narrowing -Wno-delete-non-virtual-dtor -Wno-comment -fdiagnostics-show-option -fomit-frame-pointer  -mfpu=neon -mfp16-format=ieee -fvisibility=hidden -fvisibility-inlines-hidden -marm -fno-omit-frame-pointer -fno-strict-aliasing -O0 -g -DDEBUG -D_DEBUG  -DDEBUG -D_DEBUG
11-19 15:51:58.157  7386  7577 I OpenCV/StaticHelper:     C Compiler:                  /usr/bin/ccache /opt/android/android-ndk-r10e/toolchains/arm-linux-androideabi-4.8/prebuilt/linux-x86_64/bin/arm-linux-androideabi-gcc
11-19 15:51:58.157  7386  7577 I OpenCV/StaticHelper:     C flags (Release):           -fexceptions -fpic -Wno-psabi --sysroot=/opt/android/android-ndk-r10e/platforms/android-9/arch-arm -funwind-tables -finline-limit=64 -fsigned-char -no-canonical-prefixes -march=armv7-a -mfloat-abi=softfp -mfpu=neon -fdata-sections -ffunction-sections -Wa,--noexecstack  -DANDROID -D__ANDROID_API__=9   -fsigned-char -W -Wall -Werror=return-type -Werror=non-virtual-dtor -Werror=address -Werror=sequence-point -Wformat -Werror=format-security -Wmissing-declarations -Wmissing-prototypes -Wstrict-prototypes -Wundef -Winit-self -Wpointer-arith -Wshadow -Wuninitialized -Winit-self -Wno-narrowing -Wno-comment -fdiagnostics-show-option -fomit-frame-pointer  -mfpu=neon -mfp16-format=ieee -fvisibility=hidden -mthumb -fomit-frame-pointer -fno-strict-aliasing -O3 -DNDEBUG  -DNDEBUG
11-19 15:51:58.157  7386  7577 I OpenCV/StaticHelper:     C flags (Debug):             -fexceptions -fpic -Wno-psabi --sysroot=/opt/android/android-ndk-r10e/platforms/android-9/arch-arm -funwind-tables -finline-limit=64 -fsigned-char -no-canonical-prefixes -march=armv7-a -mfloat-abi=softfp -mfpu=neon -fdata-sections -ffunction-sections -Wa,--noexecstack  -DANDROID -D__ANDROID_API__=9   -fsigned-char -W -Wall -Werror=return-type -Werror=non-virtual-dtor -Werror=address -Werror=sequence-point -Wformat -Werror=format-security -Wmissing-declarations -Wmissing-prototypes -Wstrict-prototypes -Wundef -Winit-self -Wpointer-arith -Wshadow -Wuninitialized -Winit-self -Wno-narrowing -Wno-comment -fdiagnostics-show-option -fomit-frame-pointer  -mfpu=neon -mfp16-format=ieee -fvisibility=hidden -marm -fno-omit-frame-pointer -fno-strict-aliasing -O0 -g -DDEBUG -D_DEBUG  -DDEBUG -D_DEBUG
11-19 15:51:58.157  7386  7577 I OpenCV/StaticHelper:     Linker flags (Release):      -Wl,--fix-cortex-a8 -Wl,--no-undefined -Wl,--gc-sections -Wl,-z,noexecstack -Wl,-z,relro -Wl,-z,now    
11-19 15:51:58.157  7386  7577 I OpenCV/StaticHelper:     Linker flags (Debug):        -Wl,--fix-cortex-a8 -Wl,--no-undefined -Wl,--gc-sections -Wl,-z,noexecstack -Wl,-z,relro -Wl,-z,now    
11-19 15:51:58.157  7386  7577 I OpenCV/StaticHelper:     ccache:                      YES
11-19 15:51:58.157  7386  7577 I OpenCV/StaticHelper:     Precompiled headers:         NO
11-19 15:51:58.157  7386  7577 I OpenCV/StaticHelper:     Extra dependencies:          z dl m log
11-19 15:51:58.157  7386  7577 I OpenCV/StaticHelper:     3rdparty dependencies:       libjpeg-turbo libwebp libpng libtiff libjasper IlmImf libprotobuf tbb libcpufeatures tegra_hal
11-19 15:51:58.157  7386  7577 I OpenCV/StaticHelper: 
11-19 15:51:58.157  7386  7577 I OpenCV/StaticHelper:   OpenCV modules:
11-19 15:51:58.157  7386  7577 I OpenCV/StaticHelper:     To be built:                 calib3d core dnn features2d flann highgui imgcodecs imgproc java java_bindings_generator ml objdetect photo python_bindings_generator shape stitching superres video videoio videostab
11-19 15:51:58.157  7386  7577 I OpenCV/StaticHelper:     Disabled:                    js world
11-19 15:51:58.158  7386  7577 I OpenCV/StaticHelper:     Disabled by dependency:      -
11-19 15:51:58.158  7386  7577 I OpenCV/StaticHelper:     Unavailable:                 cudaarithm cudabgsegm cudacodec cudafeatures2d cudafilters cudaimgproc cudalegacy cudaobjdetect cudaoptflow cudastereo cudawarping cudev python2 python3 ts viz
11-19 15:51:58.158  7386  7577 I OpenCV/StaticHelper:     Applications:                android_examples
11-19 15:51:58.158  7386  7577 I OpenCV/StaticHelper:     Documentation:               NO
11-19 15:51:58.158  7386  7577 I OpenCV/StaticHelper:     Non-free algorithms:         NO
11-19 15:51:58.158  7386  7577 I OpenCV/StaticHelper: 
11-19 15:51:58.158  7386  7577 I OpenCV/StaticHelper:   Android NDK:                   location: /opt/android/android-ndk-r10e
11-19 15:51:58.158  7386  7577 I OpenCV/StaticHelper:     Android ABI:                 armeabi-v7a with NEON
11-19 15:51:58.158  7386  7577 I OpenCV/StaticHelper:     NDK toolchain:               arm-linux-androideabi-4.8
11-19 15:51:58.158  7386  7577 I OpenCV/StaticHelper:     STL type:                    gnustl_static
11-19 15:51:58.158  7386  7577 I OpenCV/StaticHelper:     Native API level:            9
11-19 15:51:58.158  7386  7577 I OpenCV/StaticHelper:   Android SDK:                   /opt/android/android-sdk-java7 (tools: 25.2.2 build tools: 23.0.3)
11-19 15:51:58.158  7386  7577 I OpenCV/StaticHelper:     android tool:                /opt/android/android-sdk-java7/tools/android
11-19 15:51:58.158  7386  7577 I OpenCV/StaticHelper:     SDK target:                  android-14
11-19 15:51:58.158  7386  7577 I OpenCV/StaticHelper:     Projects build scripts:      Ant/Eclipse compatible
11-19 15:51:58.158  7386  7577 I OpenCV/StaticHelper: 
11-19 15:51:58.158  7386  7577 I OpenCV/StaticHelper:   GUI: 
11-19 15:51:58.158  7386  7577 I OpenCV/StaticHelper: 
11-19 15:51:58.158  7386  7577 I OpenCV/StaticHelper:   Media I/O: 
11-19 15:51:58.158  7386  7577 I OpenCV/StaticHelper:     ZLib:                        z (ver 1.2.3)
11-19 15:51:58.158  7386  7577 I OpenCV/StaticHelper:     JPEG:                        build-libjpeg-turbo (ver 1.5.3-62)
11-19 15:51:58.158  7386  7577 I OpenCV/StaticHelper:     WEBP:                        build (ver encoder: 0x020e)
11-19 15:51:58.158  7386  7577 I OpenCV/StaticHelper:     PNG:                         build (ver 1.6.34)
11-19 15:51:58.158  7386  7577 I OpenCV/StaticHelper:     TIFF:                        build (ver 42 - 4.0.9)
11-19 15:51:58.158  7386  7577 I OpenCV/StaticHelper:     JPEG 2000:                   build (ver 1.900.1)
11-19 15:51:58.158  7386  7577 I OpenCV/StaticHelper:     OpenEXR:                     build (ver 1.7.1)
11-19 15:51:58.158  7386  7577 I OpenCV/StaticHelper:     HDR:                         YES
11-19 15:51:58.158  7386  7577 I OpenCV/StaticHelper:     SUNRASTER:                   YES
11-19 15:51:58.158  7386  7577 I OpenCV/StaticHelper:     PXM:                         YES
11-19 15:51:58.158  7386  7577 I OpenCV/StaticHelper: 
11-19 15:51:58.158  7386  7577 I OpenCV/StaticHelper:   Video I/O:
11-19 15:51:58.158  7386  7577 I OpenCV/StaticHelper: 
11-19 15:51:58.158  7386  7577 I OpenCV/StaticHelper:   Parallel framework:            TBB (ver 2018.0 interface 10001)
11-19 15:51:58.158  7386  7577 I OpenCV/StaticHelper: 
11-19 15:51:58.158  7386  7577 I OpenCV/StaticHelper:   Trace:                         YES (built-in)
11-19 15:51:58.158  7386  7577 I OpenCV/StaticHelper: 
11-19 15:51:58.158  7386  7577 I OpenCV/StaticHelper:   Other third-party libraries:
11-19 15:51:58.158  7386  7577 I OpenCV/StaticHelper:     Custom HAL:                  YES (carotene (ver 0.0.1))
11-19 15:51:58.158  7386  7577 I OpenCV/StaticHelper:     Protobuf:                    build (3.5.1)
11-19 15:51:58.158  7386  7577 I OpenCV/StaticHelper: 
11-19 15:51:58.158  7386  7577 I OpenCV/StaticHelper:   Python (for build):            /usr/bin/python2.7
11-19 15:51:58.159  7386  7577 I OpenCV/StaticHelper: 
11-19 15:51:58.159  7386  7577 I OpenCV/StaticHelper:   Java:                          export all functions
11-19 15:51:58.159  7386  7577 I OpenCV/StaticHelper:     ant:                         /usr/bin/ant (ver 1.9.3)
11-19 15:51:58.159  7386  7577 I OpenCV/StaticHelper:     Java wrappers:               YES
11-19 15:51:58.159  7386  7577 I OpenCV/StaticHelper:     Java tests:                  NO
11-19 15:51:58.159  7386  7577 I OpenCV/StaticHelper: 
11-19 15:51:58.159  7386  7577 I OpenCV/StaticHelper:   Install to:                    /build/3_4_pack-android/build/o4a/install
11-19 15:51:58.159  7386  7577 I OpenCV/StaticHelper: -----------------------------------------------------------------
11-19 15:51:58.159  7386  7577 D LCHSAuto: Autonomous OpMode: TEST
11-19 15:51:58.274  7386  7577 D LCHSHardwareMap: Call IMU initialization
11-19 15:51:58.376  7386  7577 V RobotCore: addr=false data=true arb=false clock=false
11-19 15:51:58.376  7386  7577 E LynxI2cDeviceSynch: readStatusQuery: cbExpected=1 cbRead=0
11-19 15:51:58.376  7386  7577 E LynxI2cDeviceSynch: placeholder: readStatusQuery
11-19 15:51:58.443  7386  7577 V RobotCore: addr=false data=true arb=false clock=false
11-19 15:51:58.443  7386  7577 E LynxI2cDeviceSynch: readStatusQuery: cbExpected=1 cbRead=0
11-19 15:51:58.510  7386  7577 V RobotCore: addr=false data=true arb=false clock=false
