11-19 15:51:22.170  7386  7566 D LCHSAcceleration: Linear Acceleration  | X: -0.5 Y: 0.3199999928474426
11-19 15:51:22.199  7386  7566 D LCHSAcceleration: Overall Acceleration | X: -1.0800000429153442 Y: 0.09000000357627869
11-19 15:51:22.240  7386  7566 D LCHSAcceleration: Linear Acceleration  | X: -0.28999999165534973 Y: 0.18000000715255737
11-19 15:51:22.272  7386  7566 D LCHSAcceleration: Overall Acceleration | X: -0.3700000047683716 Y: -0.15000000596046448
11-19 15:51:22.324  7386  7566 D LCHSAcceleration: Linear Acceleration  | X: 0.36000001430511475 Y: 0.03999999910593033
11-19 15:51:22.361  7386  7566 D LCHSAcceleration: Overall Acceleration | X: 0.14000000059604645 Y: -0.27000001072883606
11-19 15:51:22.411  7386  7566 D LCHSAcceleration: Linear Acceleration  | X: 0.47999998927116394 Y: 0.2800000011920929
11-19 15:51:22.432  7386  7566 D LCHSAcceleration: Overall Acceleration | X: -0.029999999329447746 Y: 0.009999999776482582
11-19 15:51:22.509  7386  7566 D LCHSAcceleration: Linear Acceleration  | X: 0.699999988079071 Y: -0.14000000059604645
11-19 15:51:22.532  7386  7566 D LCHSAcceleration: Overall Acceleration | X: -0.30000001192092896 Y: 0.029999999329447746
11-19 15:51:22.580  7386  7566 D LCHSAcceleration: Linear Acceleration  | X: -0.019999999552965164 Y: 0.2800000011920929
11-19 15:51:22.602  7386  7566 D LCHSAcceleration: Overall Acceleration | X: -0.17000000178813934 Y: -0.23000000417232513
11-19 15:51:22.656  7386  7566 D LCHSAcceleration: Linear Acceleration  | X: -0.07000000029802322 Y: -0.029999999329447746
11-19 15:51:22.670  7386  7567 V IMU     : dt=1.017s accel=(-0.280 0.240 -0.320)m/s^2
11-19 15:51:22.698  7386  7566 D LCHSAcceleration: Overall Acceleration | X: -0.46000000834465027 Y: 0.07999999821186066
11-19 15:51:22.744  7386  7566 D LCHSAcceleration: Linear Acceleration  | X: -0.23000000417232513 Y: -0.12999999523162842
11-19 15:51:22.772  7386  7566 D LCHSAcceleration: Overall Acceleration | X: -0.8299999833106995 Y: 0.11999999731779099
11-19 15:51:22.811  7386  7566 D LCHSAcceleration: Linear Acceleration  | X: -0.28999999165534973 Y: 0.3700000047683716
11-19 15:51:22.831  7386  7566 D LCHSAcceleration: Overall Acceleration | X: -0.6499999761581421 Y: 0.4000000059604645
11-19 15:51:22.857  7386  7566 D LCHSAcceleration: Linear Acceleration  | X: -0.25999999046325684 Y: 0.05999999865889549
11-19 15:51:22.888  7386  7566 D LCHSAcceleration: Overall Acceleration | X: -0.2199999988079071 Y: 0.33000001311302185
11-19 15:51:22.927  7386  7566 D LCHSAcceleration: Linear Acceleration  | X: 0.10000000149011612 Y: 0.019999999552965164
11-19 15:51:22.958  7386  7566 D LCHSAcceleration: Overall Acceleration | X: -0.5799999833106995 Y: 0.25
11-19 15:51:23.007  7386  7566 D LCHSAcceleration: Linear Acceleration  | X: 0.2800000011920929 Y: 0.1899999976158142
11-19 15:51:23.045  7386  7566 D LCHSAcceleration: Overall Acceleration | X: -0.6700000166893005 Y: -0.550000011920929
11-19 15:51:23.085  7386  7566 D LCHSAcceleration: Linear Acceleration  | X: -0.07999999821186066 Y: 0.05999999865889549
11-19 15:51:23.121  7386  7566 D LCHSAcceleration: Overall Acceleration | X: -0.44999998807907104 Y: 0.3700000047683716
11-19 15:51:23.154  7386  7566 D LCHSAcceleration: Linear Acceleration  | X: -0.3100000023841858 Y: 0.5199999809265137
11-19 15:51:23.184  7386  7566 D LCHSAcceleration: Overall Acceleration | X: -0.8799999952316284 Y: 0.23000000417232513
11-19 15:51:23.214  7386  7566 D LCHSAcceleration: Linear Acceleration  | X: -0.6299999952316284 Y: 0.5099999904632568
11-19 15:51:23.245  7386  7566 D LCHSAcceleration: Overall Acceleration | X: -0.5 Y: 0.029999999329447746
11-19 15:51:23.281  7386  7566 D LCHSAcceleration: Linear Acceleration  | X: -0.6000000238418579 Y: 0.5
11-19 15:51:23.312  7386  7566 D LCHSAcceleration: Overall Acceleration | X: -0.9900000095367432 Y: -0.18000000715255737
11-19 15:51:23.385  7386  7566 D LCHSAcceleration: Linear Acceleration  | X: -0.1599999964237213 Y: 0.3100000023841858
11-19 15:51:23.418  7386  7566 D LCHSAcceleration: Overall Acceleration | X: -0.8999999761581421 Y: -0.10999999940395355
11-19 15:51:23.451  7386  7566 D LCHSAcceleration: Linear Acceleration  | X: -0.7300000190734863 Y: -0.14000000059604645
11-19 15:51:23.484  7386  7566 D LCHSAcceleration: Overall Acceleration | X: -0.09000000357627869 Y: -0.4000000059604645
11-19 15:51:23.533  7386  7566 D LCHSAcceleration: Linear Acceleration  | X: 0.10999999940395355 Y: -1.0800000429153442
11-19 15:51:23.553  7386  7566 D LCHSAcceleration: Overall Acceleration | X: -1.5499999523162842 Y: -0.25
11-19 15:51:23.594  7386  7566 D LCHSAcceleration: Linear Acceleration  | X: -0.41999998688697815 Y: -0.4099999964237213
11-19 15:51:23.620  7386  7566 D LCHSAcceleration: Overall Acceleration | X: -0.38999998569488525 Y: -0.3100000023841858
11-19 15:51:23.657  7386  7566 D LCHSAcceleration: Linear Acceleration  | X: 0.20999999344348907 Y: -0.6700000166893005
11-19 15:51:23.691  7386  7567 V IMU     : dt=1.021s accel=(0.650 -1.000 0.000)m/s^2
11-19 15:51:23.701  7386  7566 D LCHSAcceleration: Overall Acceleration | X: -0.07000000029802322 Y: -0.8999999761581421
11-19 15:51:23.732  7386  7566 D LCHSAcceleration: Linear Acceleration  | X: 0.10000000149011612 Y: -0.1899999976158142
11-19 15:51:23.764  7386  7566 D LCHSAcceleration: Overall Acceleration | X: -0.2199999988079071 Y: -1.1299999952316284
11-19 15:51:23.800  7386  7566 D LCHSAcceleration: Linear Acceleration  | X: -0.20999999344348907 Y: -0.009999999776482582
11-19 15:51:23.827  7386  7566 D LCHSAcceleration: Overall Acceleration | X: -0.4000000059604645 Y: -0.9300000071525574
11-19 15:51:23.907  7386  7566 D LCHSAcceleration: Linear Acceleration  | X: 0.10000000149011612 Y: -0.27000001072883606
11-19 15:51:23.943  7386  7566 D LCHSAcceleration: Overall Acceleration | X: -0.5799999833106995 Y: -0.4000000059604645
11-19 15:51:23.974  7386  7566 D LCHSAcceleration: Linear Acceleration  | X: -0.15000000596046448 Y: -0.4399999976158142
11-19 15:51:24.001  7386  7566 D LCHSAcceleration: Overall Acceleration | X: -0.6800000071525574 Y: -0.33000001311302185
11-19 15:51:24.052  7386  7566 D LCHSAcceleration: Linear Acceleration  | X: -0.47999998927116394 Y: -0.5
11-19 15:51:24.085  7386  7566 D LCHSAcceleration: Overall Acceleration | X: -0.699999988079071 Y: -0.5600000023841858
11-19 15:51:24.125  7386  7566 D LCHSAcceleration: Linear Acceleration  | X: 0.03999999910593033 Y: 0.07000000029802322
11-19 15:51:24.161  7386  7566 D LCHSAcceleration: Overall Acceleration | X: -0.6800000071525574 Y: 0.0
11-19 15:51:24.214  7386  7566 D LCHSAcceleration: Linear Acceleration  | X: -0.4000000059604645 Y: 0.05999999865889549
11-19 15:51:24.244  7386  7566 D LCHSAcceleration: Overall Acceleration | X: -1.4700000286102295 Y: 0.5299999713897705
11-19 15:51:24.295  7386  7566 D LCHSAcceleration: Linear Acceleration  | X: -1.159999966621399 Y: 0.3199999928474426
11-19 15:51:24.325  7386  7566 D LCHSAcceleration: Overall Acceleration | X: -2.069999933242798 Y: -0.25
11-19 15:51:24.356  7386  7566 D LCHSAcceleration: Linear Acceleration  | X: -1.9700000286102295 Y: 0.07999999821186066
11-19 15:51:24.386  7386  7566 D LCHSAcceleration: Overall Acceleration | X: -2.2200000286102295 Y: -0.23000000417232513
11-19 15:51:24.423  7386  7566 D LCHSAcceleration: Linear Acceleration  | X: -1.340000033378601 Y: 0.6100000143051147
11-19 15:51:24.452  7386  7566 D LCHSAcceleration: Overall Acceleration | X: -1.2699999809265137 Y: 0.8799999952316284
11-19 15:51:24.484  7386  7566 D LCHSAcceleration: Linear Acceleration  | X: -0.6700000166893005 Y: 0.949999988079071
11-19 15:51:24.517  7386  7566 D LCHSAcceleration: Overall Acceleration | X: -1.4900000095367432 Y: 0.4000000059604645
11-19 15:51:24.558  7386  7566 D LCHSAcceleration: Linear Acceleration  | X: -0.5699999928474426 Y: 0.6100000143051147
11-19 15:51:24.585  7386  7566 D LCHSAcceleration: Overall Acceleration | X: -1.3899999856948853 Y: 0.6200000047683716
11-19 15:51:24.618  7386  7566 D LCHSAcceleration: Linear Acceleration  | X: -0.550000011920929 Y: 0.4000000059604645
11-19 15:51:24.655  7386  7566 D LCHSAcceleration: Overall Acceleration | X: -0.9800000190734863 Y: 0.07000000029802322
11-19 15:51:24.700  7386  7566 D LCHSAcceleration: Linear Acceleration  | X: 0.05000000074505806 Y: -0.2800000011920929
11-19 15:51:24.715  7386  7567 V IMU     : dt=1.023s accel=(0.400 -0.340 0.370)m/s^2
11-19 15:51:24.739  7386  7566 D LCHSAcceleration: Overall Acceleration | X: -0.6000000238418579 Y: -0.2199999988079071
11-19 15:51:24.771  7386  7566 D LCHSAcceleration: Linear Acceleration  | X: 0.1899999976158142 Y: -0.07000000029802322
11-19 15:51:24.804  7386  7566 D LCHSAcceleration: Overall Acceleration | X: -0.7599999904632568 Y: 0.07999999821186066
11-19 15:51:24.872  7386  7566 D LCHSAcceleration: Linear Acceleration  | X: 0.12999999523162842 Y: -0.10999999940395355
11-19 15:51:24.906  7386  7566 D LCHSAcceleration: Overall Acceleration | X: -0.6800000071525574 Y: -0.009999999776482582
11-19 15:51:24.944  7386  7566 D LCHSAcceleration: Linear Acceleration  | X: 0.009999999776482582 Y: -0.07999999821186066
11-19 15:51:24.970  7386  7566 D LCHSAcceleration: Overall Acceleration | X: -0.6399999856948853 Y: -0.11999999731779099
11-19 15:51:24.995  7386  7566 D LCHSAcceleration: Linear Acceleration  | X: 0.07000000029802322 Y: -0.05999999865889549
11-19 15:51:25.027  7386  7566 D LCHSAcceleration: Overall Acceleration | X: -0.7300000190734863 Y: -0.05999999865889549
11-19 15:51:25.064  7386  7566 D LCHSAcceleration: Linear Acceleration  | X: 0.07999999821186066 Y: -0.09000000357627869
11-19 15:51:25.097  7386  7566 D LCHSAcceleration: Overall Acceleration | X: -0.6600000262260437 Y: -0.05000000074505806
11-19 15:51:25.131  7386  7566 D LCHSAcceleration: Linear Acceleration  | X: 0.05999999865889549 Y: -0.05999999865889549
11-19 15:51:25.160  7386  7566 D LCHSAcceleration: Overall Acceleration | X: -0.6700000166893005 Y: -0.07000000029802322
11-19 15:51:25.204  7386  7566 D LCHSAcceleration: Linear Acceleration  | X: 0.07000000029802322 Y: -0.05999999865889549
11-19 15:51:25.234  7386  7566 D LCHSAcceleration: Overall Acceleration | X: -0.6899999976158142 Y: -0.05000000074505806
11-19 15:51:25.267  7386  7566 D LCHSAcceleration: Linear Acceleration  | X: 0.05000000074505806 Y: -0.07000000029802322
11-19 15:51:25.299  7386  7566 D LCHSAcceleration: Overall Acceleration | X: -0.6499999761581421 Y: -0.07999999821186066
11-19 15:51:25.331  7386  7566 D LCHSAcceleration: Linear Acceleration  | X: 0.05000000074505806 Y: -0.07999999821186066
11-19 15:51:25.356  7386  7566 D LCHSAcceleration: Overall Acceleration | X: -0.6899999976158142 Y: -0.05000000074505806
11-19 15:51:25.428  7386  7566 D LCHSAcceleration: Linear Acceleration  | X: 0.05000000074505806 Y: -0.07000000029802322
11-19 15:51:25.452  7386  7566 D LCHSAcceleration: Overall Acceleration | X: -0.6800000071525574 Y: -0.05999999865889549
11-19 15:51:25.475  7386  7566 D LCHSAcceleration: Linear Acceleration  | X: 0.029999999329447746 Y: -0.07000000029802322
11-19 15:51:25.502  7386  7566 D LCHSAcceleration: Overall Acceleration | X: -0.699999988079071 Y: -0.05000000074505806
11-19 15:51:25.532  7386  7566 D LCHSAcceleration: Linear Acceleration  | X: 0.05000000074505806 Y: -0.05000000074505806
11-19 15:51:25.555  7386  7566 D LCHSAcceleration: Overall Acceleration | X: -0.6700000166893005 Y: -0.05000000074505806
11-19 15:51:25.603  7386  7566 D LCHSAcceleration: Linear Acceleration  | X: 0.029999999329447746 Y: -0.07000000029802322
11-19 15:51:25.640  7386  7566 D LCHSAcceleration: Overall Acceleration | X: -0.6899999976158142 Y: -0.05999999865889549
11-19 15:51:25.674  7386  7566 D LCHSAcceleration: Linear Acceleration  | X: 0.03999999910593033 Y: -0.05000000074505806
11-19 15:51:25.710  7386  7566 D LCHSAcceleration: Overall Acceleration | X: -0.6899999976158142 Y: -0.07000000029802322
11-19 15:51:25.726  7386  7567 V IMU     : dt=1.011s accel=(0.070 -0.070 0.280)m/s^2
11-19 15:51:25.755  7386  7566 D LCHSAcceleration: Linear Acceleration  | X: 0.03999999910593033 Y: -0.05999999865889549
11-19 15:51:25.785  7386  7566 D LCHSAcceleration: Overall Acceleration | X: -0.6700000166893005 Y: -0.05000000074505806
11-19 15:51:25.813  7386  7566 D LCHSAcceleration: Linear Acceleration  | X: 0.05000000074505806 Y: -0.07000000029802322
11-19 15:51:25.849  7386  7566 D LCHSAcceleration: Overall Acceleration | X: -0.6700000166893005 Y: -0.07000000029802322
11-19 15:51:25.875  7386  7566 D LCHSAcceleration: Linear Acceleration  | X: 0.03999999910593033 Y: -0.05000000074505806
11-19 15:51:25.907  7386  7566 D LCHSAcceleration: Overall Acceleration | X: -0.6700000166893005 Y: -0.07999999821186066
11-19 15:51:25.991  7386  7566 D LCHSAcceleration: Linear Acceleration  | X: -0.36000001430511475 Y: 0.20999999344348907
11-19 15:51:26.022  7386  7566 D LCHSAcceleration: Overall Acceleration | X: -1.3300000429153442 Y: -0.07000000029802322
11-19 15:51:26.069  7386  7566 D LCHSAcceleration: Linear Acceleration  | X: -1.0199999809265137 Y: 1.0800000429153442
11-19 15:51:26.103  7386  7566 D LCHSAcceleration: Overall Acceleration | X: -3.180000066757202 Y: 0.029999999329447746
11-19 15:51:26.152  7386  7566 D LCHSAcceleration: Linear Acceleration  | X: -1.9299999475479126 Y: 1.0700000524520874
11-19 15:51:26.180  7386  7566 D LCHSAcceleration: Overall Acceleration | X: -2.9100000858306885 Y: 1.1699999570846558
11-19 15:51:26.208  7386  7566 D LCHSAcceleration: Linear Acceleration  | X: -0.9700000286102295 Y: 1.5299999713897705
11-19 15:51:26.236  7386  7566 D LCHSAcceleration: Overall Acceleration | X: -1.940000057220459 Y: 1.100000023841858
11-19 15:51:26.271  7386  7566 D LCHSAcceleration: Linear Acceleration  | X: -1.2999999523162842 Y: 0.949999988079071
11-19 15:51:26.308  7386  7566 D LCHSAcceleration: Overall Acceleration | X: -1.1799999475479126 Y: 0.36000001430511475
11-19 15:51:26.328  7386  7566 D LCHSAcceleration: Linear Acceleration  | X: -0.8399999737739563 Y: 0.10000000149011612
11-19 15:51:26.362  7386  7566 D LCHSAcceleration: Overall Acceleration | X: -1.3899999856948853 Y: 0.30000001192092896
11-19 15:51:26.413  7386  7566 D LCHSAcceleration: Linear Acceleration  | X: 0.17000000178813934 Y: 0.3700000047683716
11-19 15:51:26.439  7386  7566 D LCHSAcceleration: Overall Acceleration | X: -0.9800000190734863 Y: -0.05000000074505806
11-19 15:51:26.509  7386  7566 D LCHSAcceleration: Linear Acceleration  | X: -0.3700000047683716 Y: -0.8100000023841858
11-19 15:51:26.543  7386  7566 D LCHSAcceleration: Overall Acceleration | X: -0.25999999046325684 Y: -0.7200000286102295
11-19 15:51:26.595  7386  7566 D LCHSAcceleration: Linear Acceleration  | X: 0.6399999856948853 Y: -1.350000023841858
11-19 15:51:26.619  7386  7566 D LCHSAcceleration: Overall Acceleration | X: 0.0 Y: -0.3199999928474426
11-19 15:51:26.666  7386  7566 D LCHSAcceleration: Linear Acceleration  | X: 1.6399999856948853 Y: -0.029999999329447746
11-19 15:51:26.702  7386  7566 D LCHSAcceleration: Overall Acceleration | X: 1.7300000190734863 Y: -0.3499999940395355
11-19 15:51:26.735  7386  7566 D LCHSAcceleration: Linear Acceleration  | X: 2.190000057220459 Y: -0.41999998688697815
11-19 15:51:26.748  7386  7567 V IMU     : dt=1.023s accel=(1.240 -0.690 -0.170)m/s^2
11-19 15:51:26.776  7386  7566 D LCHSAcceleration: Overall Acceleration | X: 0.25999999046325684 Y: -0.9100000262260437
11-19 15:51:26.816  7386  7566 D LCHSAcceleration: Linear Acceleration  | X: 0.6700000166893005 Y: -1.0700000524520874
11-19 15:51:26.848  7386  7566 D LCHSAcceleration: Overall Acceleration | X: 0.10000000149011612 Y: -0.9900000095367432
11-19 15:51:26.904  7386  7566 D LCHSAcceleration: Linear Acceleration  | X: 1.0099999904632568 Y: -1.649999976158142
11-19 15:51:26.928  7386  7566 D LCHSAcceleration: Overall Acceleration | X: -1.1100000143051147 Y: 0.5600000023841858
11-19 15:51:26.969  7386  7566 D LCHSAcceleration: Linear Acceleration  | X: -1.2100000381469727 Y: 0.6299999952316284
11-19 15:51:26.999  7386  7566 D LCHSAcceleration: Overall Acceleration | X: -2.25 Y: -0.17000000178813934
11-19 15:51:27.029  7386  7566 D LCHSAcceleration: Linear Acceleration  | X: -1.090000033378601 Y: -0.3700000047683716
11-19 15:51:27.062  7386  7566 D LCHSAcceleration: Overall Acceleration | X: -1.5800000429153442 Y: -0.49000000953674316
11-19 15:51:27.095  7386  7566 D LCHSAcceleration: Linear Acceleration  | X: -0.949999988079071 Y: -0.019999999552965164
11-19 15:51:27.130  7386  7566 D LCHSAcceleration: Overall Acceleration | X: -1.2699999809265137 Y: 0.18000000715255737
11-19 15:51:27.180  7386  7566 D LCHSAcceleration: Linear Acceleration  | X: -0.5699999928474426 Y: 0.3199999928474426
11-19 15:51:27.208  7386  7566 D LCHSAcceleration: Overall Acceleration | X: -1.4900000095367432 Y: -0.1599999964237213
11-19 15:51:27.243  7386  7566 D LCHSAcceleration: Linear Acceleration  | X: 0.10000000149011612 Y: 0.6800000071525574
11-19 15:51:27.274  7386  7566 D LCHSAcceleration: Overall Acceleration | X: -0.7099999785423279 Y: -0.05000000074505806
11-19 15:51:27.312  7386  7566 D LCHSAcceleration: Linear Acceleration  | X: 0.09000000357627869 Y: -0.10000000149011612
11-19 15:51:27.342  7386  7566 D LCHSAcceleration: Overall Acceleration | X: -0.46000000834465027 Y: 0.0
11-19 15:51:27.378  7386  7566 D LCHSAcceleration: Linear Acceleration  | X: 0.05999999865889549 Y: -0.009999999776482582
11-19 15:51:27.404  7386  7566 D LCHSAcceleration: Overall Acceleration | X: -0.5699999928474426 Y: 0.18000000715255737
11-19 15:51:27.434  7386  7566 D LCHSAcceleration: Linear Acceleration  | X: -0.11999999731779099 Y: -0.20999999344348907
11-19 15:51:27.465  7386  7566 D LCHSAcceleration: Overall Acceleration | X: -0.8500000238418579 Y: 0.25
11-19 15:51:27.530  7386  7566 D LCHSAcceleration: Linear Acceleration  | X: -1.0800000429153442 Y: -0.029999999329447746
11-19 15:51:27.559  7386  7566 D LCHSAcceleration: Overall Acceleration | X: 0.20000000298023224 Y: -0.27000001072883606
11-19 15:51:27.592  7386  7566 D LCHSAcceleration: Linear Acceleration  | X: -0.4699999988079071 Y: -0.3199999928474426
11-19 15:51:27.624  7386  7566 D LCHSAcceleration: Overall Acceleration | X: 0.49000000953674316 Y: -0.5799999833106995
11-19 15:51:27.650  7386  7566 D LCHSAcceleration: Linear Acceleration  | X: 0.8399999737739563 Y: -1.75
11-19 15:51:27.684  7386  7566 D LCHSAcceleration: Overall Acceleration | X: 0.75 Y: -2.299999952316284
11-19 15:51:27.731  7386  7566 D LCHSAcceleration: Linear Acceleration  | X: 2.4800000190734863 Y: -2.0399999618530273
11-19 15:51:27.758  7386  7567 V IMU     : dt=1.010s accel=(0.170 -0.100 -0.750)m/s^2
11-19 15:51:27.772  7386  7566 D LCHSAcceleration: Overall Acceleration | X: -0.3400000035762787 Y: 0.05999999865889549
11-19 15:51:27.801  7386  7566 D LCHSAcceleration: Linear Acceleration  | X: 0.28999999165534973 Y: 0.3100000023841858
11-19 15:51:27.819  7386  7566 D LCHSAcceleration: Overall Acceleration | X: -0.8299999833106995 Y: 0.23000000417232513
11-19 15:51:27.857  7386  7566 D LCHSAcceleration: Linear Acceleration  | X: -0.28999999165534973 Y: 0.4300000071525574
11-19 15:51:27.881  7386  7566 D LCHSAcceleration: Overall Acceleration | X: -1.2400000095367432 Y: 0.800000011920929
11-19 15:51:27.917  7386  7566 D LCHSAcceleration: Linear Acceleration  | X: -0.12999999523162842 Y: 0.28999999165534973
11-19 15:51:27.951  7386  7566 D LCHSAcceleration: Overall Acceleration | X: -0.38999998569488525 Y: 0.03999999910593033
11-19 15:51:27.978  7386  7566 D LCHSAcceleration: Linear Acceleration  | X: 0.20999999344348907 Y: -0.8700000047683716
11-19 15:51:28.009  7386  7566 D LCHSAcceleration: Overall Acceleration | X: -0.05999999865889549 Y: -0.03999999910593033
11-19 15:51:28.069  7386  7566 D LCHSAcceleration: Linear Acceleration  | X: 0.10000000149011612 Y: 0.5899999737739563
11-19 15:51:28.101  7386  7566 D LCHSAcceleration: Overall Acceleration | X: -0.5 Y: 0.27000001072883606
11-19 15:51:28.135  7386  7566 D LCHSAcceleration: Linear Acceleration  | X: 0.5799999833106995 Y: -1.340000033378601
11-19 15:51:28.167  7386  7566 D LCHSAcceleration: Overall Acceleration | X: -0.44999998807907104 Y: 0.15000000596046448
11-19 15:51:28.224  7386  7566 D LCHSAcceleration: Linear Acceleration  | X: -0.12999999523162842 Y: 0.8199999928474426
11-19 15:51:28.258  7386  7566 D LCHSAcceleration: Overall Acceleration | X: 0.11999999731779099 Y: 0.5099999904632568
11-19 15:51:28.317  7386  7566 D LCHSAcceleration: Linear Acceleration  | X: 0.33000001311302185 Y: 1.5299999713897705
11-19 15:51:28.348  7386  7566 D LCHSAcceleration: Overall Acceleration | X: 0.05999999865889549 Y: 0.5199999809265137
11-19 15:51:28.381  7386  7566 D LCHSAcceleration: Linear Acceleration  | X: 0.3499999940395355 Y: 0.0
11-19 15:51:28.412  7386  7566 D LCHSAcceleration: Overall Acceleration | X: -1.100000023841858 Y: 0.11999999731779099
11-19 15:51:28.447  7386  7566 D LCHSAcceleration: Linear Acceleration  | X: -0.7400000095367432 Y: -0.07000000029802322
11-19 15:51:28.474  7386  7566 D LCHSAcceleration: Overall Acceleration | X: -0.3499999940395355 Y: -0.1599999964237213
11-19 15:51:28.506  7386  7566 D LCHSAcceleration: Linear Acceleration  | X: 0.33000001311302185 Y: 0.019999999552965164
11-19 15:51:28.535  7386  7566 D LCHSAcceleration: Overall Acceleration | X: -1.0099999904632568 Y: -0.09000000357627869
11-19 15:51:28.564  7386  7566 D LCHSAcceleration: Linear Acceleration  | X: 0.10000000149011612 Y: -0.07000000029802322
11-19 15:51:28.601  7386  7566 D LCHSAcceleration: Overall Acceleration | X: -0.5199999809265137 Y: 0.009999999776482582
11-19 15:51:28.631  7386  7566 D LCHSAcceleration: Linear Acceleration  | X: -0.12999999523162842 Y: -0.009999999776482582
11-19 15:51:28.663  7386  7566 D LCHSAcceleration: Overall Acceleration | X: -0.6000000238418579 Y: -0.10000000149011612
11-19 15:51:28.694  7386  7566 D LCHSAcceleration: Linear Acceleration  | X: 0.10999999940395355 Y: 0.019999999552965164
11-19 15:51:28.731  7386  7566 D LCHSAcceleration: Overall Acceleration | X: -0.800000011920929 Y: 0.0
11-19 15:51:28.756  7386  7566 D LCHSAcceleration: Linear Acceleration  | X: 0.07999999821186066 Y: -0.11999999731779099
11-19 15:51:28.786  7386  7567 V IMU     : dt=1.027s accel=(0.000 -0.020 0.300)m/s^2
11-19 15:51:28.799  7386  7566 D LCHSAcceleration: Overall Acceleration | X: -0.6299999952316284 Y: 0.019999999552965164
11-19 15:51:28.882  7386  7566 D LCHSAcceleration: Linear Acceleration  | X: 0.05000000074505806 Y: -0.009999999776482582
11-19 15:51:28.916  7386  7566 D LCHSAcceleration: Overall Acceleration | X: -0.7300000190734863 Y: -0.029999999329447746
11-19 15:51:28.948  7386  7566 D LCHSAcceleration: Linear Acceleration  | X: 0.05000000074505806 Y: -0.05000000074505806
11-19 15:51:28.988  7386  7566 D LCHSAcceleration: Overall Acceleration | X: -0.699999988079071 Y: 0.0
11-19 15:51:29.023  7386  7566 D LCHSAcceleration: Linear Acceleration  | X: 0.029999999329447746 Y: -0.05999999865889549
11-19 15:51:29.048  7386  7566 D LCHSAcceleration: Overall Acceleration | X: -0.6800000071525574 Y: 0.0
11-19 15:51:29.082  7386  7566 D LCHSAcceleration: Linear Acceleration  | X: -0.009999999776482582 Y: -0.019999999552965164
11-19 15:51:29.112  7386  7566 D LCHSAcceleration: Overall Acceleration | X: -0.6700000166893005 Y: -0.03999999910593033
11-19 15:51:29.144  7386  7566 D LCHSAcceleration: Linear Acceleration  | X: 0.019999999552965164 Y: -0.03999999910593033
11-19 15:51:29.163  7386  7566 D LCHSAcceleration: Overall Acceleration | X: -0.7099999785423279 Y: -0.009999999776482582
11-19 15:51:29.194  7386  7566 D LCHSAcceleration: Linear Acceleration  | X: 0.029999999329447746 Y: -0.05000000074505806
11-19 15:51:29.224  7386  7566 D LCHSAcceleration: Overall Acceleration | X: -0.6700000166893005 Y: 0.0
11-19 15:51:29.257  7386  7566 D LCHSAcceleration: Linear Acceleration  | X: 0.0 Y: -0.03999999910593033
11-19 15:51:29.288  7386  7566 D LCHSAcceleration: Overall Acceleration | X: -0.6899999976158142 Y: 0.0
11-19 15:51:29.321  7386  7566 D LCHSAcceleration: Linear Acceleration  | X: 0.029999999329447746 Y: -0.03999999910593033
11-19 15:51:29.349  7386  7566 D LCHSAcceleration: Overall Acceleration | X: -0.7099999785423279 Y: -0.019999999552965164
11-19 15:51:29.413  7386  7566 D LCHSAcceleration: Linear Acceleration  | X: 0.009999999776482582 Y: -0.019999999552965164
11-19 15:51:29.441  7386  7566 D LCHSAcceleration: Overall Acceleration | X: -0.6800000071525574 Y: -0.029999999329447746
11-19 15:51:29.464  7386  7566 D LCHSAcceleration: Linear Acceleration  | X: 0.019999999552965164 Y: -0.05000000074505806
11-19 15:51:29.495  7386  7566 D LCHSAcceleration: Overall Acceleration | X: -0.6899999976158142 Y: -0.009999999776482582
11-19 15:51:29.542  7386  7566 D LCHSAcceleration: Linear Acceleration  | X: 0.029999999329447746 Y: -0.029999999329447746
11-19 15:51:29.574  7386  7566 D LCHSAcceleration: Overall Acceleration | X: -1.7599999904632568 Y: -4.400000095367432
11-19 15:51:29.621  7386  7566 D LCHSAcceleration: Linear Acceleration  | X: 0.3400000035762787 Y: -1.149999976158142
11-19 15:51:29.655  7386  7566 D LCHSAcceleration: Overall Acceleration | X: -0.6100000143051147 Y: -0.28999999165534973
11-19 15:51:29.711  7386  7566 D LCHSAcceleration: Linear Acceleration  | X: 0.25 Y: -0.3499999940395355
11-19 15:51:29.750  7386  7566 D LCHSAcceleration: Overall Acceleration | X: -0.800000011920929 Y: 0.6200000047683716
11-19 15:51:29.798  7386  7567 V IMU     : dt=1.013s accel=(-0.550 0.590 0.270)m/s^2
11-19 15:51:29.815  7386  7566 D LCHSAcceleration: Linear Acceleration  | X: -0.6000000238418579 Y: 0.8999999761581421
11-19 15:51:29.845  7386  7566 D LCHSAcceleration: Overall Acceleration | X: -1.149999976158142 Y: 0.9300000071525574
11-19 15:51:29.875  7386  7566 D LCHSAcceleration: Linear Acceleration  | X: -0.10000000149011612 Y: 0.7900000214576721
11-19 15:51:29.901  7386  7566 D LCHSAcceleration: Overall Acceleration | X: -0.6000000238418579 Y: 0.6399999856948853
11-19 15:51:29.946  7386  7566 D LCHSAcceleration: Linear Acceleration  | X: -0.05000000074505806 Y: 0.30000001192092896
11-19 15:51:29.965  7386  7566 D LCHSAcceleration: Overall Acceleration | X: -0.8399999737739563 Y: 0.6000000238418579
11-19 15:51:29.998  7386  7566 D LCHSAcceleration: Linear Acceleration  | X: 0.03999999910593033 Y: 0.3199999928474426
11-19 15:51:30.030  7386  7566 D LCHSAcceleration: Overall Acceleration | X: -0.6399999856948853 Y: 0.20000000298023224
11-19 15:51:30.107  7386  7566 D LCHSAcceleration: Linear Acceleration  | X: 0.0 Y: 0.8299999833106995
11-19 15:51:30.140  7386  7566 D LCHSAcceleration: Overall Acceleration | X: -1.1299999952316284 Y: 1.2799999713897705
11-19 15:51:30.192  7386  7566 D LCHSAcceleration: Linear Acceleration  | X: -0.009999999776482582 Y: 2.740000009536743
11-19 15:51:30.223  7386  7566 D LCHSAcceleration: Overall Acceleration | X: -0.6899999976158142 Y: 2.130000114440918
11-19 15:51:30.275  7386  7566 D LCHSAcceleration: Linear Acceleration  | X: -1.3600000143051147 Y: 0.3400000035762787
11-19 15:51:30.309  7386  7566 D LCHSAcceleration: Overall Acceleration | X: -1.8899999856948853 Y: 0.5
11-19 15:51:30.341  7386  7566 D LCHSAcceleration: Linear Acceleration  | X: -1.5800000429153442 Y: 0.41999998688697815
11-19 15:51:30.366  7386  7566 D LCHSAcceleration: Overall Acceleration | X: -1.4600000381469727 Y: 0.2199999988079071
11-19 15:51:30.402  7386  7566 D LCHSAcceleration: Linear Acceleration  | X: -1.3899999856948853 Y: 0.7099999785423279
11-19 15:51:30.438  7386  7566 D LCHSAcceleration: Overall Acceleration | X: -1.840000033378601 Y: -0.49000000953674316
11-19 15:51:30.497  7386  7566 D LCHSAcceleration: Linear Acceleration  | X: -0.4300000071525574 Y: -0.9800000190734863
11-19 15:51:30.528  7386  7566 D LCHSAcceleration: Overall Acceleration | X: -1.0800000429153442 Y: 0.019999999552965164
11-19 15:51:30.574  7386  7566 D LCHSAcceleration: Linear Acceleration  | X: -1.1399999856948853 Y: -0.6899999976158142
11-19 15:51:30.604  7386  7566 D LCHSAcceleration: Overall Acceleration | X: -1.3899999856948853 Y: -0.7599999904632568
11-19 15:51:30.641  7386  7566 D LCHSAcceleration: Linear Acceleration  | X: -1.0 Y: -0.5699999928474426
11-19 15:51:30.676  7386  7566 D LCHSAcceleration: Overall Acceleration | X: -1.3700000047683716 Y: -1.0
11-19 15:51:30.706  7386  7566 D LCHSAcceleration: Linear Acceleration  | X: -0.5799999833106995 Y: -1.059999942779541
11-19 15:51:30.739  7386  7566 D LCHSAcceleration: Overall Acceleration | X: -0.7599999904632568 Y: -0.9399999976158142
11-19 15:51:30.773  7386  7566 D LCHSAcceleration: Linear Acceleration  | X: -0.009999999776482582 Y: -0.8299999833106995
11-19 15:51:30.804  7386  7566 D LCHSAcceleration: Overall Acceleration | X: -0.800000011920929 Y: -0.4399999976158142
11-19 15:51:30.816  7386  7567 V IMU     : dt=1.018s accel=(-0.260 -0.490 0.620)m/s^2
11-19 15:51:30.849  7386  7566 D LCHSAcceleration: Linear Acceleration  | X: -0.27000001072883606 Y: -1.0299999713897705
11-19 15:51:30.881  7386  7566 D LCHSAcceleration: Overall Acceleration | X: -0.9900000095367432 Y: -0.8999999761581421
11-19 15:51:30.917  7386  7566 D LCHSAcceleration: Linear Acceleration  | X: 0.029999999329447746 Y: -0.12999999523162842
11-19 15:51:30.948  7386  7566 D LCHSAcceleration: Overall Acceleration | X: -0.7699999809265137 Y: -0.5799999833106995
11-19 15:51:31.030  7386  7566 D LCHSAcceleration: Linear Acceleration  | X: -0.03999999910593033 Y: -1.0800000429153442
11-19 15:51:31.057  7386  7566 D LCHSAcceleration: Overall Acceleration | X: -1.6799999475479126 Y: -1.399999976158142
11-19 15:51:31.103  7386  7566 D LCHSAcceleration: Linear Acceleration  | X: -0.6499999761581421 Y: 0.6700000166893005
11-19 15:51:31.136  7386  7566 D LCHSAcceleration: Overall Acceleration | X: -3.0299999713897705 Y: 0.6200000047683716
11-19 15:51:31.191  7386  7566 D LCHSAcceleration: Linear Acceleration  | X: -2.5399999618530273 Y: 0.9800000190734863
11-19 15:51:31.221  7386  7566 D LCHSAcceleration: Overall Acceleration | X: -2.8499999046325684 Y: -0.12999999523162842
11-19 15:51:31.271  7386  7566 D LCHSAcceleration: Linear Acceleration  | X: -1.5099999904632568 Y: 0.4399999976158142
11-19 15:51:31.299  7386  7566 D LCHSAcceleration: Overall Acceleration | X: -1.3200000524520874 Y: 0.7200000286102295
11-19 15:51:31.350  7386  7566 D LCHSAcceleration: Linear Acceleration  | X: -0.949999988079071 Y: 0.38999998569488525
11-19 15:51:31.385  7386  7566 D LCHSAcceleration: Overall Acceleration | X: -0.25 Y: 0.4099999964237213
11-19 15:51:31.440  7386  7566 D LCHSAcceleration: Linear Acceleration  | X: 0.8100000023841858 Y: -0.12999999523162842
11-19 15:51:31.471  7386  7566 D LCHSAcceleration: Overall Acceleration | X: 0.8199999928474426 Y: 0.18000000715255737
11-19 15:51:31.550  7386  7566 D LCHSAcceleration: Linear Acceleration  | X: 0.7099999785423279 Y: -0.4300000071525574
11-19 15:51:31.579  7386  7566 D LCHSAcceleration: Overall Acceleration | X: -0.30000001192092896 Y: -0.8299999833106995
11-19 15:51:31.629  7386  7566 D LCHSAcceleration: Linear Acceleration  | X: 0.23999999463558197 Y: -0.5099999904632568
11-19 15:51:31.658  7386  7566 D LCHSAcceleration: Overall Acceleration | X: -0.800000011920929 Y: -0.009999999776482582
11-19 15:51:31.699  7386  7566 D LCHSAcceleration: Linear Acceleration  | X: 0.7400000095367432 Y: -0.6899999976158142
11-19 15:51:31.726  7386  7566 D LCHSAcceleration: Overall Acceleration | X: -0.05999999865889549 Y: -0.18000000715255737
11-19 15:51:31.761  7386  7566 D LCHSAcceleration: Linear Acceleration  | X: -0.019999999552965164 Y: 0.07000000029802322
11-19 15:51:31.787  7386  7566 D LCHSAcceleration: Overall Acceleration | X: -0.8299999833106995 Y: -0.7900000214576721
11-19 15:51:31.822  7386  7566 D LCHSAcceleration: Linear Acceleration  | X: -0.2199999988079071 Y: -0.019999999552965164
11-19 15:51:31.837  7386  7567 V IMU     : dt=1.020s accel=(-0.430 0.010 0.200)m/s^2
11-19 15:51:31.870  7386  7566 D LCHSAcceleration: Overall Acceleration | X: -0.25 Y: -0.4399999976158142
11-19 15:51:31.901  7386  7566 D LCHSAcceleration: Linear Acceleration  | X: 0.20000000298023224 Y: 0.10000000149011612
11-19 15:51:31.937  7386  7566 D LCHSAcceleration: Overall Acceleration | X: -0.5899999737739563 Y: 0.09000000357627869
11-19 15:51:31.973  7386  7566 D LCHSAcceleration: Linear Acceleration  | X: -0.1599999964237213 Y: 0.14000000059604645
11-19 15:51:32.012  7386  7566 D LCHSAcceleration: Overall Acceleration | X: -0.47999998927116394 Y: -0.18000000715255737
11-19 15:51:32.052  7386  7566 D LCHSAcceleration: Linear Acceleration  | X: 0.36000001430511475 Y: -0.6200000047683716
11-19 15:51:32.086  7386  7566 D LCHSAcceleration: Overall Acceleration | X: -0.5699999928474426 Y: -0.9700000286102295
11-19 15:51:32.159  7386  7566 D LCHSAcceleration: Linear Acceleration  | X: -0.25999999046325684 Y: -0.27000001072883606
11-19 15:51:32.184  7386  7566 D LCHSAcceleration: Overall Acceleration | X: -0.5899999737739563 Y: 0.25
11-19 15:51:32.222  7386  7566 D LCHSAcceleration: Linear Acceleration  | X: -0.4000000059604645 Y: 0.3100000023841858
11-19 15:51:32.254  7386  7566 D LCHSAcceleration: Overall Acceleration | X: -0.9100000262260437 Y: -0.2199999988079071
11-19 15:51:32.277  7386  7566 D LCHSAcceleration: Linear Acceleration  | X: -0.30000001192092896 Y: -0.28999999165534973
11-19 15:51:32.307  7386  7566 D LCHSAcceleration: Overall Acceleration | X: -0.6000000238418579 Y: -0.009999999776482582
11-19 15:51:32.337  7386  7566 D LCHSAcceleration: Linear Acceleration  | X: 0.029999999329447746 Y: 0.25999999046325684
11-19 15:51:32.370  7386  7566 D LCHSAcceleration: Overall Acceleration | X: -0.6700000166893005 Y: -0.23000000417232513
11-19 15:51:32.402  7386  7566 D LCHSAcceleration: Linear Acceleration  | X: -0.05000000074505806 Y: -0.38999998569488525
11-19 15:51:32.435  7386  7566 D LCHSAcceleration: Overall Acceleration | X: -0.6600000262260437 Y: 0.3100000023841858
11-19 15:51:32.468  7386  7566 D LCHSAcceleration: Linear Acceleration  | X: -0.009999999776482582 Y: 0.8500000238418579
11-19 15:51:32.500  7386  7566 D LCHSAcceleration: Overall Acceleration | X: -0.5799999833106995 Y: 0.8999999761581421
11-19 15:51:32.520  7386  7566 D LCHSAcceleration: Linear Acceleration  | X: -0.05000000074505806 Y: 0.5
11-19 15:51:32.542  7386  7566 D LCHSAcceleration: Overall Acceleration | X: -0.46000000834465027 Y: 0.2800000011920929
11-19 15:51:32.609  7386  7566 D LCHSAcceleration: Linear Acceleration  | X: 0.550000011920929 Y: -0.38999998569488525
11-19 15:51:32.639  7386  7566 D LCHSAcceleration: Overall Acceleration | X: -0.5199999809265137 Y: -0.5799999833106995
11-19 15:51:32.672  7386  7566 D LCHSAcceleration: Linear Acceleration  | X: -0.25 Y: -0.4099999964237213
11-19 15:51:32.704  7386  7566 D LCHSAcceleration: Overall Acceleration | X: -0.8199999928474426 Y: -0.4300000071525574
11-19 15:51:32.742  7386  7566 D LCHSAcceleration: Linear Acceleration  | X: 0.0 Y: -0.4000000059604645
11-19 15:51:32.781  7386  7566 D LCHSAcceleration: Overall Acceleration | X: -0.4000000059604645 Y: 0.5299999713897705
11-19 15:51:32.814  7386  7566 D LCHSAcceleration: Linear Acceleration  | X: -0.18000000715255737 Y: 0.15000000596046448
11-19 15:51:32.844  7386  7566 D LCHSAcceleration: Overall Acceleration | X: -0.8899999856948853 Y: 0.019999999552965164
11-19 15:51:32.861  7386  7567 V IMU     : dt=1.023s accel=(-0.100 -0.240 0.150)m/s^2
11-19 15:51:32.890  7386  7566 D LCHSAcceleration: Linear Acceleration  | X: 0.25 Y: -0.09000000357627869
11-19 15:51:32.913  7386  7566 D LCHSAcceleration: Overall Acceleration | X: -0.3799999952316284 Y: 0.0
11-19 15:51:32.949  7386  7566 D LCHSAcceleration: Linear Acceleration  | X: -0.07000000029802322 Y: -0.550000011920929
11-19 15:51:32.981  7386  7566 D LCHSAcceleration: Overall Acceleration | X: -0.5699999928474426 Y: 0.41999998688697815
11-19 15:51:33.012  7386  7566 D LCHSAcceleration: Linear Acceleration  | X: -0.07999999821186066 Y: -0.07000000029802322
11-19 15:51:33.037  7386  7566 D LCHSAcceleration: Overall Acceleration | X: -0.800000011920929 Y: 0.5299999713897705
11-19 15:51:33.067  7386  7566 D LCHSAcceleration: Linear Acceleration  | X: 0.019999999552965164 Y: 0.30000001192092896
11-19 15:51:33.095  7386  7566 D LCHSAcceleration: Overall Acceleration | X: -0.7799999713897705 Y: 0.44999998807907104
11-19 15:51:33.176  7386  7566 D LCHSAcceleration: Linear Acceleration  | X: 0.0 Y: 0.09000000357627869
11-19 15:51:33.205  7386  7566 D LCHSAcceleration: Overall Acceleration | X: -0.28999999165534973 Y: -0.3799999952316284
11-19 15:51:33.263  7386  7566 D LCHSAcceleration: Linear Acceleration  | X: 0.07999999821186066 Y: -0.5199999809265137
11-19 15:51:33.289  7386  7566 D LCHSAcceleration: Overall Acceleration | X: 1.190000057220459 Y: -0.11999999731779099
11-19 15:51:33.335  7386  7566 D LCHSAcceleration: Linear Acceleration  | X: 1.5800000429153442 Y: -0.2800000011920929
11-19 15:51:33.360  7386  7566 D LCHSAcceleration: Overall Acceleration | X: 1.600000023841858 Y: -0.28999999165534973
11-19 15:51:33.392  7386  7566 D LCHSAcceleration: Linear Acceleration  | X: 1.9600000381469727 Y: -0.4300000071525574
11-19 15:51:33.416  7386  7566 D LCHSAcceleration: Overall Acceleration | X: 0.8399999737739563 Y: 0.949999988079071
11-19 15:51:33.448  7386  7566 D LCHSAcceleration: Linear Acceleration  | X: 0.8399999737739563 Y: 1.4800000190734863
11-19 15:51:33.482  7386  7566 D LCHSAcceleration: Overall Acceleration | X: -0.44999998807907104 Y: -0.20000000298023224
11-19 15:51:33.515  7386  7566 D LCHSAcceleration: Linear Acceleration  | X: 0.3799999952316284 Y: 0.17000000178813934
11-19 15:51:33.551  7386  7566 D LCHSAcceleration: Overall Acceleration | X: -0.6299999952316284 Y: -0.44999998807907104
11-19 15:51:33.575  7386  7566 D LCHSAcceleration: Linear Acceleration  | X: -0.10000000149011612 Y: 0.0
11-19 15:51:33.604  7386  7566 D LCHSAcceleration: Overall Acceleration | X: -0.7900000214576721 Y: 0.07000000029802322
11-19 15:51:33.643  7386  7566 D LCHSAcceleration: Linear Acceleration  | X: 0.10000000149011612 Y: -0.009999999776482582
11-19 15:51:33.677  7386  7566 D LCHSAcceleration: Overall Acceleration | X: -0.8799999952316284 Y: -0.029999999329447746
11-19 15:51:33.710  7386  7566 D LCHSAcceleration: Linear Acceleration  | X: -0.05000000074505806 Y: 0.009999999776482582
11-19 15:51:33.744  7386  7566 D LCHSAcceleration: Overall Acceleration | X: -0.5799999833106995 Y: 0.1599999964237213
11-19 15:51:33.780  7386  7566 D LCHSAcceleration: Linear Acceleration  | X: -0.05999999865889549 Y: -0.18000000715255737
11-19 15:51:33.809  7386  7566 D LCHSAcceleration: Overall Acceleration | X: -0.699999988079071 Y: 0.0
11-19 15:51:33.875  7386  7566 D LCHSAcceleration: Linear Acceleration  | X: -0.019999999552965164 Y: -0.07999999821186066
11-19 15:51:33.889  7386  7567 V IMU     : dt=1.030s accel=(-0.260 0.020 0.060)m/s^2
11-19 15:51:33.920  7386  7566 D LCHSAcceleration: Overall Acceleration | X: -1.059999942779541 Y: -0.10000000149011612
11-19 15:51:33.972  7386  7566 D LCHSAcceleration: Linear Acceleration  | X: -0.10000000149011612 Y: 1.9500000476837158
11-19 15:51:34.002  7386  7566 D LCHSAcceleration: Overall Acceleration | X: -0.800000011920929 Y: 3.7799999713897705
11-19 15:51:34.054  7386  7566 D LCHSAcceleration: Linear Acceleration  | X: -0.47999998927116394 Y: -1.0499999523162842
11-19 15:51:34.083  7386  7566 D LCHSAcceleration: Overall Acceleration | X: -0.6200000047683716 Y: 0.1899999976158142
11-19 15:51:34.111  7386  7566 D LCHSAcceleration: Linear Acceleration  | X: -0.2800000011920929 Y: -2.259999990463257
11-19 15:51:34.143  7386  7566 D LCHSAcceleration: Overall Acceleration | X: -1.1299999952316284 Y: 0.3400000035762787
11-19 15:51:34.180  7386  7566 D LCHSAcceleration: Linear Acceleration  | X: -0.3499999940395355 Y: -0.7300000190734863
11-19 15:51:34.213  7386  7566 D LCHSAcceleration: Overall Acceleration | X: -1.0800000429153442 Y: -0.3400000035762787
11-19 15:51:34.254  7386  7566 D LCHSAcceleration: Linear Acceleration  | X: -0.20999999344348907 Y: -0.5600000023841858
11-19 15:51:34.289  7386  7566 D LCHSAcceleration: Overall Acceleration | X: -0.4699999988079071 Y: -0.20999999344348907
11-19 15:51:34.331  7386  7566 D LCHSAcceleration: Linear Acceleration  | X: -0.10000000149011612 Y: -0.5299999713897705
11-19 15:51:34.360  7386  7566 D LCHSAcceleration: Overall Acceleration | X: -0.6000000238418579 Y: -0.4699999988079071
11-19 15:51:34.391  7386  7566 D LCHSAcceleration: Linear Acceleration  | X: -0.05000000074505806 Y: -0.4300000071525574
11-19 15:51:34.420  7386  7566 D LCHSAcceleration: Overall Acceleration | X: -0.5600000023841858 Y: -0.9100000262260437
11-19 15:51:34.450  7386  7566 D LCHSAcceleration: Linear Acceleration  | X: -0.05000000074505806 Y: -0.12999999523162842
11-19 15:51:34.481  7386  7566 D LCHSAcceleration: Overall Acceleration | X: -0.5799999833106995 Y: 0.5099999904632568
11-19 15:51:34.510  7386  7566 D LCHSAcceleration: Linear Acceleration  | X: -0.009999999776482582 Y: -0.019999999552965164
11-19 15:51:34.548  7386  7566 D LCHSAcceleration: Overall Acceleration | X: -0.550000011920929 Y: -0.09000000357627869
11-19 15:51:34.613  7386  7566 D LCHSAcceleration: Linear Acceleration  | X: -0.029999999329447746 Y: 0.05000000074505806
11-19 15:51:34.645  7386  7566 D LCHSAcceleration: Overall Acceleration | X: -0.5899999737739563 Y: 0.029999999329447746
11-19 15:51:34.683  7386  7566 D LCHSAcceleration: Linear Acceleration  | X: -0.009999999776482582 Y: 0.05000000074505806
11-19 15:51:34.716  7386  7566 D LCHSAcceleration: Overall Acceleration | X: -0.6000000238418579 Y: 0.07000000029802322
11-19 15:51:34.753  7386  7566 D LCHSAcceleration: Linear Acceleration  | X: 0.0 Y: 0.05000000074505806
11-19 15:51:34.778  7386  7566 D LCHSAcceleration: Overall Acceleration | X: -0.6600000262260437 Y: 0.05000000074505806
11-19 15:51:34.815  7386  7566 D LCHSAcceleration: Linear Acceleration  | X: -0.009999999776482582 Y: 0.029999999329447746
11-19 15:51:34.838  7386  7566 D LCHSAcceleration: Overall Acceleration | X: -0.6299999952316284 Y: 0.03999999910593033
11-19 15:51:34.888  7386  7566 D LCHSAcceleration: Linear Acceleration  | X: -0.009999999776482582 Y: -0.23000000417232513
11-19 15:51:34.905  7386  7567 V IMU     : dt=1.014s accel=(-0.180 -0.140 0.200)m/s^2
11-19 15:51:34.932  7386  7566 D LCHSAcceleration: Overall Acceleration | X: -0.7699999809265137 Y: 0.11999999731779099
11-19 15:51:34.983  7386  7566 D LCHSAcceleration: Linear Acceleration  | X: 0.009999999776482582 Y: 0.009999999776482582
11-19 15:51:35.012  7386  7566 D LCHSAcceleration: Overall Acceleration | X: -0.6499999761581421 Y: -0.4399999976158142
11-19 15:51:35.058  7386  7566 D LCHSAcceleration: Linear Acceleration  | X: -0.20999999344348907 Y: 0.1899999976158142
11-19 15:51:35.085  7386  7566 D LCHSAcceleration: Overall Acceleration | X: -0.4300000071525574 Y: 0.17000000178813934
11-19 15:51:35.145  7386  7566 D LCHSAcceleration: Linear Acceleration  | X: -0.11999999731779099 Y: 0.05000000074505806
11-19 15:51:35.168  7386  7566 D LCHSAcceleration: Overall Acceleration | X: -0.6299999952316284 Y: -0.3100000023841858
11-19 15:51:35.194  7386  7566 D LCHSAcceleration: Linear Acceleration  | X: 0.10999999940395355 Y: -0.019999999552965164
11-19 15:51:35.222  7386  7566 D LCHSAcceleration: Overall Acceleration | X: -0.7599999904632568 Y: 0.09000000357627869
11-19 15:51:35.259  7386  7566 D LCHSAcceleration: Linear Acceleration  | X: 0.03999999910593033 Y: 0.05000000074505806
11-19 15:51:35.292  7386  7566 D LCHSAcceleration: Overall Acceleration | X: -0.6000000238418579 Y: 0.019999999552965164
11-19 15:51:35.343  7386  7566 D LCHSAcceleration: Linear Acceleration  | X: -0.009999999776482582 Y: 0.0
11-19 15:51:35.375  7386  7566 D LCHSAcceleration: Overall Acceleration | X: -0.6700000166893005 Y: 0.05000000074505806
11-19 15:51:35.423  7386  7566 D LCHSAcceleration: Linear Acceleration  | X: 0.019999999552965164 Y: 0.029999999329447746
11-19 15:51:35.460  7386  7566 D LCHSAcceleration: Overall Acceleration | X: -0.6200000047683716 Y: -0.009999999776482582
11-19 15:51:35.505  7386  7566 D LCHSAcceleration: Linear Acceleration  | X: -0.03999999910593033 Y: 0.0
11-19 15:51:35.537  7386  7566 D LCHSAcceleration: Overall Acceleration | X: -0.6700000166893005 Y: -0.05000000074505806
11-19 15:51:35.566  7386  7566 D LCHSAcceleration: Linear Acceleration  | X: -0.03999999910593033 Y: -0.009999999776482582
11-19 15:51:35.590  7386  7566 D LCHSAcceleration: Overall Acceleration | X: -0.6399999856948853 Y: 0.23000000417232513
11-19 15:51:35.619  7386  7566 D LCHSAcceleration: Linear Acceleration  | X: -0.07000000029802322 Y: -0.05000000074505806
11-19 15:51:35.657  7386  7566 D LCHSAcceleration: Overall Acceleration | X: -0.4399999976158142 Y: -0.15000000596046448
11-19 15:51:35.689  7386  7566 D LCHSAcceleration: Linear Acceleration  | X: 0.029999999329447746 Y: -0.09000000357627869
11-19 15:51:35.718  7386  7566 D LCHSAcceleration: Overall Acceleration | X: -0.6100000143051147 Y: 0.36000001430511475
11-19 15:51:35.774  7386  7566 D LCHSAcceleration: Linear Acceleration  | X: 0.03999999910593033 Y: -0.07000000029802322
11-19 15:51:35.805  7386  7566 D LCHSAcceleration: Overall Acceleration | X: -0.49000000953674316 Y: 0.05999999865889549
11-19 15:51:35.858  7386  7566 D LCHSAcceleration: Linear Acceleration  | X: -0.1599999964237213 Y: -0.25999999046325684
11-19 15:51:35.886  7386  7566 D LCHSAcceleration: Overall Acceleration | X: -0.5299999713897705 Y: -0.30000001192092896
11-19 15:51:35.920  7386  7567 V IMU     : dt=1.016s accel=(0.230 -0.060 0.480)m/s^2
11-19 15:51:35.936  7386  7566 D LCHSAcceleration: Linear Acceleration  | X: -0.1899999976158142 Y: 0.2199999988079071
11-19 15:51:35.966  7386  7566 D LCHSAcceleration: Overall Acceleration | X: -0.6899999976158142 Y: -0.15000000596046448
11-19 15:51:36.014  7386  7566 D LCHSAcceleration: Linear Acceleration  | X: 0.05000000074505806 Y: -0.1599999964237213
11-19 15:51:36.045  7386  7566 D LCHSAcceleration: Overall Acceleration | X: -0.7099999785423279 Y: 0.03999999910593033
11-19 15:51:36.098  7386  7566 D LCHSAcceleration: Linear Acceleration  | X: -0.05999999865889549 Y: -0.09000000357627869
11-19 15:51:36.125  7386  7566 D LCHSAcceleration: Overall Acceleration | X: -0.5899999737739563 Y: -0.25999999046325684
11-19 15:51:36.153  7386  7566 D LCHSAcceleration: Linear Acceleration  | X: 0.09000000357627869 Y: -0.09000000357627869
11-19 15:51:36.183  7386  7566 D LCHSAcceleration: Overall Acceleration | X: -0.6700000166893005 Y: -0.12999999523162842
11-19 15:51:36.214  7386  7566 D LCHSAcceleration: Linear Acceleration  | X: -0.009999999776482582 Y: -0.019999999552965164
11-19 15:51:36.243  7386  7566 D LCHSAcceleration: Overall Acceleration | X: -0.7400000095367432 Y: 0.029999999329447746
11-19 15:51:36.272  7386  7566 D LCHSAcceleration: Linear Acceleration  | X: 0.05999999865889549 Y: -0.12999999523162842
11-19 15:51:36.306  7386  7566 D LCHSAcceleration: Overall Acceleration | X: -0.7099999785423279 Y: 0.28999999165534973
11-19 15:51:36.338  7386  7566 D LCHSAcceleration: Linear Acceleration  | X: -0.1899999976158142 Y: -0.11999999731779099
11-19 15:51:36.361  7386  7566 D LCHSAcceleration: Overall Acceleration | X: -0.6899999976158142 Y: -0.15000000596046448
11-19 15:51:36.410  7386  7566 D LCHSAcceleration: Linear Acceleration  | X: -0.14000000059604645 Y: -0.11999999731779099
11-19 15:51:36.441  7386  7566 D LCHSAcceleration: Overall Acceleration | X: -0.5899999737739563 Y: 0.15000000596046448
11-19 15:51:36.468  7386  7566 D LCHSAcceleration: Linear Acceleration  | X: -0.03999999910593033 Y: 0.10999999940395355
11-19 15:51:36.496  7386  7566 D LCHSAcceleration: Overall Acceleration | X: -0.6100000143051147 Y: -0.10000000149011612
11-19 15:51:36.534  7386  7566 D LCHSAcceleration: Linear Acceleration  | X: -0.05000000074505806 Y: 0.0
11-19 15:51:36.569  7386  7566 D LCHSAcceleration: Overall Acceleration | X: -0.8700000047683716 Y: 0.05999999865889549
11-19 15:51:36.640  7386  7566 D LCHSAcceleration: Linear Acceleration  | X: 0.029999999329447746 Y: 0.05999999865889549
11-19 15:51:36.667  7386  7566 D LCHSAcceleration: Overall Acceleration | X: -0.7900000214576721 Y: 0.07000000029802322
11-19 15:51:36.690  7386  7566 D LCHSAcceleration: Linear Acceleration  | X: -0.15000000596046448 Y: -0.029999999329447746
11-19 15:51:36.721  7386  7566 D LCHSAcceleration: Overall Acceleration | X: -0.5600000023841858 Y: -0.09000000357627869
11-19 15:51:36.752  7386  7566 D LCHSAcceleration: Linear Acceleration  | X: -0.2199999988079071 Y: -0.03999999910593033
11-19 15:51:36.776  7386  7566 D LCHSAcceleration: Overall Acceleration | X: -0.699999988079071 Y: 0.10999999940395355
11-19 15:51:36.811  7386  7566 D LCHSAcceleration: Linear Acceleration  | X: 0.009999999776482582 Y: 0.019999999552965164
11-19 15:51:36.836  7386  7566 D LCHSAcceleration: Overall Acceleration | X: -0.7900000214576721 Y: 0.18000000715255737
11-19 15:51:36.866  7386  7566 D LCHSAcceleration: Linear Acceleration  | X: -0.009999999776482582 Y: 0.23000000417232513
11-19 15:51:36.894  7386  7566 D LCHSAcceleration: Overall Acceleration | X: -0.8100000023841858 Y: -0.05999999865889549
11-19 15:51:36.938  7386  7567 V IMU     : dt=1.018s accel=(0.110 0.220 0.340)m/s^2
11-19 15:51:36.973  7386  7566 D LCHSAcceleration: Linear Acceleration  | X: -0.1599999964237213 Y: 0.30000001192092896
11-19 15:51:37.005  7386  7566 D LCHSAcceleration: Overall Acceleration | X: -0.8100000023841858 Y: 0.8299999833106995
11-19 15:51:37.046  7386  7566 D LCHSAcceleration: Linear Acceleration  | X: -0.1599999964237213 Y: 0.09000000357627869
11-19 15:51:37.072  7386  7566 D LCHSAcceleration: Overall Acceleration | X: -0.7200000286102295 Y: 0.7099999785423279
