01-02 16:51:32.750 11635 11875 D LCHSAutoMotion: Apply strafe factor: LF, RB 0.07696850393700788; RF, LB -0.07696850393700788
01-02 16:51:32.750 11635 11875 D LCHSAutoMotion: Power with strafe factor LF, LB, RF, RB:  -0.20619405573736704 -0.3601310636113828 -0.9938059442626328 -0.8398689363886171
01-02 16:51:32.750 11635 11875 D LCHSAutoMotion: Final Power LF: -0.20747919342579038
01-02 16:51:32.750 11635 11875 D LCHSAutoMotion: Final Power RB: -0.8451035549115867
01-02 16:51:32.751 11635 11875 D LCHSAutoMotion: Final Power LB: -0.3623756385142038
01-02 16:51:32.751 11635 11875 D LCHSAutoMotion: Final Power RF: -1.0
01-02 16:51:32.857 11635 11875 D LCHSAutoDepotTarget: Color hue 36.0
01-02 16:51:32.920 11635 11875 D LCHSAutoMotion: Distance from side wall 6.299212598425197
01-02 16:51:32.945 11635 11875 D LCHSAutoMotion: IMU -5.625, error 5.625, p+i 0.28867639029625
01-02 16:51:32.945 11635 11875 D LCHSAutoMotion: Power under P+I control LF, LB, RF, RB:  -0.88867639029625 -0.88867639029625 -0.31132360970375 -0.31132360970375
01-02 16:51:32.945 11635 11875 D LCHSAutoMotion: Error Distance from Wall: 1.7007874015748028
01-02 16:51:32.945 11635 11875 D LCHSAutoMotion: Strafe Value: 0.04251968503937007
01-02 16:51:32.946 11635 11875 D LCHSAutoMotion: Final Power LF: -0.88867639029625
01-02 16:51:32.946 11635 11875 D LCHSAutoMotion: Final Power RB: -0.31132360970375
01-02 16:51:32.946 11635 11875 D LCHSAutoMotion: Final Power LB: -0.88867639029625
01-02 16:51:32.946 11635 11875 D LCHSAutoMotion: Final Power RF: -0.31132360970375
01-02 16:51:33.022 11635 11875 D LCHSAutoDepotTarget: Color hue 29.411764
01-02 16:51:33.034 11635 11969 I native  : Registering the position of 63688126 at 216.06,73.66,234.61,84.81
01-02 16:51:33.034 11635 11969 I native  : Registering the position of 63688126 at 216.06,73.66,234.61,84.81 at time 3005651211270
01-02 16:51:33.072 11635 11875 D LCHSAutoMotion: Distance from side wall 7.913385826771654
01-02 16:51:33.082 11635 11875 D LCHSAutoMotion: IMU -14.875, error 14.875, p+i 0.7613859986431251
01-02 16:51:33.083 11635 11875 D LCHSAutoMotion: Power under P+I control LF, LB, RF, RB:  -1.361385998643125 -1.361385998643125 0.16138599864312508 0.16138599864312508
01-02 16:51:33.083 11635 11875 D LCHSAutoMotion: Error Distance from Wall: 0.0866141732283463
01-02 16:51:33.083 11635 11875 D LCHSAutoMotion: Strafe Value: 0.0021653543307086575
01-02 16:51:33.083 11635 11875 D LCHSAutoMotion: Final Power LF: -1.0
01-02 16:51:33.083 11635 11875 D LCHSAutoMotion: Final Power RB: -0.3
01-02 16:51:33.083 11635 11875 D LCHSAutoMotion: Final Power LB: -1.0
01-02 16:51:33.083 11635 11875 D LCHSAutoMotion: Final Power RF: -0.3
01-02 16:51:33.188 11635 11875 D LCHSAutoDepotTarget: Color hue 36.0
01-02 16:51:33.229 11635 11875 D LCHSAutoMotion: Distance from side wall 8.425196850393702
01-02 16:51:33.240 11635 11875 D LCHSAutoMotion: IMU -15.3125, error 15.3125, p+i 0.7953580104603125
01-02 16:51:33.241 11635 11875 D LCHSAutoMotion: Power under P+I control LF, LB, RF, RB:  -1.3953580104603125 -1.3953580104603125 0.19535801046031254 0.19535801046031254
01-02 16:51:33.241 11635 11875 D LCHSAutoMotion: Error Distance from Wall: -0.4251968503937018
01-02 16:51:33.241 11635 11875 D LCHSAutoMotion: Strafe Value: -0.010629921259842546
01-02 16:51:33.241 11635 11875 D LCHSAutoMotion: Final Power LF: -1.0
01-02 16:51:33.241 11635 11875 D LCHSAutoMotion: Final Power RB: -0.3
01-02 16:51:33.243 11635 11875 D LCHSAutoMotion: Final Power LB: -1.0
01-02 16:51:33.244 11635 11875 D LCHSAutoMotion: Final Power RF: -0.3
01-02 16:51:33.309 11635 11875 D LCHSAutoDepotTarget: Color hue 36.25
01-02 16:51:33.344 11635 11875 D LCHSAutoMotion: Distance from side wall 7.952755905511811
01-02 16:51:33.357 11635 11875 D LCHSAutoMotion: IMU -14.3125, error 14.3125, p+i 0.75368768501375
01-02 16:51:33.357 11635 11875 D LCHSAutoMotion: Power under P+I control LF, LB, RF, RB:  -1.35368768501375 -1.35368768501375 0.15368768501375007 0.15368768501375007
01-02 16:51:33.358 11635 11875 D LCHSAutoMotion: Error Distance from Wall: 0.04724409448818889
01-02 16:51:33.359 11635 11875 D LCHSAutoMotion: Strafe Value: 0.0011811023622047224
01-02 16:51:33.360 11635 11875 D LCHSAutoMotion: Final Power LF: -1.0
01-02 16:51:33.360 11635 11875 D LCHSAutoMotion: Final Power RB: -0.3
01-02 16:51:33.361 11635 11875 D LCHSAutoMotion: Final Power LB: -1.0
01-02 16:51:33.363 11635 11875 D LCHSAutoMotion: Final Power RF: -0.3
01-02 16:51:33.409 11635 11875 D LCHSAutoDepotTarget: Color hue 37.021275
01-02 16:51:33.473 11635 11875 D LCHSAutoMotion: Distance from side wall 7.086614173228347
01-02 16:51:33.487 11635 11875 D LCHSAutoMotion: IMU -12.6875, error 12.6875, p+i 0.680701883906875
01-02 16:51:33.487 11635 11875 D LCHSAutoMotion: Power under P+I control LF, LB, RF, RB:  -1.280701883906875 -1.280701883906875 0.08070188390687505 0.08070188390687505
01-02 16:51:33.487 11635 11875 D LCHSAutoMotion: Error Distance from Wall: 0.9133858267716528
01-02 16:51:33.487 11635 11875 D LCHSAutoMotion: Strafe Value: 0.02283464566929132
01-02 16:51:33.488 11635 11875 D LCHSAutoMotion: Final Power LF: -1.0
01-02 16:51:33.488 11635 11875 D LCHSAutoMotion: Final Power RB: -0.3
01-02 16:51:33.488 11635 11875 D LCHSAutoMotion: Final Power LB: -1.0
01-02 16:51:33.488 11635 11875 D LCHSAutoMotion: Final Power RF: -0.3
01-02 16:51:33.546 11635 11875 D LCHSAutoDepotTarget: Color hue 40.0
01-02 16:51:33.569 11635 11875 D LCHSAutoMotion: Distance from side wall 6.535433070866142
01-02 16:51:33.578 11635 11968 I native  : Registering the position of 90877471 at 165.31,68.40,182.66,77.23
01-02 16:51:33.579 11635 11968 I native  : Registering the position of 90877471 at 165.31,68.40,182.66,77.23 at time 3006068709853
01-02 16:51:33.589 11635 11875 D LCHSAutoMotion: IMU -10.25, error 10.25, p+i 0.564064407535625
01-02 16:51:33.589 11635 11875 D LCHSAutoMotion: Power under P+I control LF, LB, RF, RB:  -1.164064407535625 -1.164064407535625 -0.035935592464374944 -0.035935592464374944
01-02 16:51:33.590 11635 11875 D LCHSAutoMotion: Error Distance from Wall: 1.4645669291338583
01-02 16:51:33.590 11635 11875 D LCHSAutoMotion: Strafe Value: 0.03661417322834646
01-02 16:51:33.591 11635 11875 D LCHSAutoMotion: Final Power LF: -1.0
01-02 16:51:33.591 11635 11875 D LCHSAutoMotion: Final Power RB: -0.3
01-02 16:51:33.591 11635 11875 D LCHSAutoMotion: Final Power LB: -1.0
01-02 16:51:33.591 11635 11875 D LCHSAutoMotion: Final Power RF: -0.3
01-02 16:51:33.689 11635 11875 D LCHSAutoDepotTarget: Color hue 33.81818
01-02 16:51:33.716 11635 11875 D LCHSAutoMotion: Distance from side wall 5.196850393700788
01-02 16:51:33.753 11635 11875 D LCHSAutoMotion: IMU -2.8125, error 2.8125, p+i 0.1944929053215625
01-02 16:51:33.753 11635 11875 D LCHSAutoMotion: Power under P+I control LF, LB, RF, RB:  -0.7944929053215625 -0.7944929053215625 -0.4055070946784375 -0.4055070946784375
01-02 16:51:33.753 11635 11875 D LCHSAutoMotion: Error Distance from Wall: 2.803149606299212
01-02 16:51:33.753 11635 11875 D LCHSAutoMotion: Strafe Value: 0.07007874015748031
01-02 16:51:33.754 11635 11875 D LCHSAutoMotion: Apply strafe factor: LF, RB 0.07007874015748031; RF, LB -0.07007874015748031
01-02 16:51:33.754 11635 11875 D LCHSAutoMotion: Power with strafe factor LF, LB, RF, RB:  -0.7244141651640822 -0.8645716454790427 -0.47558583483591776 -0.3354283545209572
01-02 16:51:33.754 11635 11875 D LCHSAutoMotion: Final Power LF: -0.8378879517413482
01-02 16:51:33.754 11635 11875 D LCHSAutoMotion: Final Power RB: -0.3879705704841878
01-02 16:51:33.754 11635 11875 D LCHSAutoMotion: Final Power LB: -1.0
01-02 16:51:33.754 11635 11875 D LCHSAutoMotion: Final Power RF: -0.5500826187428396
01-02 16:51:33.863 11635 11875 D LCHSAutoDepotTarget: Color hue 27.0
01-02 16:51:33.898 11635 11875 D LCHSAutoMotion: Distance from side wall 3.9763779527559056
01-02 16:51:33.913 11635 11875 D LCHSAutoMotion: IMU 6.1875, error -6.1875, p+i -0.2604492045021875
01-02 16:51:33.913 11635 11875 D LCHSAutoMotion: Power under P+I control LF, LB, RF, RB:  -0.3395507954978125 -0.3395507954978125 -0.8604492045021874 -0.8604492045021874
01-02 16:51:33.913 11635 11875 D LCHSAutoMotion: Error Distance from Wall: 4.0236220472440944
01-02 16:51:33.913 11635 11875 D LCHSAutoMotion: Strafe Value: 0.10059055118110237
01-02 16:51:33.914 11635 11875 D LCHSAutoMotion: Apply strafe factor: LF, RB 0.10059055118110237; RF, LB -0.10059055118110237
01-02 16:51:33.914 11635 11875 D LCHSAutoMotion: Power with strafe factor LF, LB, RF, RB:  -0.2389602443167101 -0.44014134667891486 -0.9610397556832898 -0.759858653321085
01-02 16:51:33.914 11635 11875 D LCHSAutoMotion: Final Power LF: -0.2486476161923309
01-02 16:51:33.914 11635 11875 D LCHSAutoMotion: Final Power RB: -0.7906630800937398
01-02 16:51:33.915 11635 11875 D LCHSAutoMotion: Final Power LB: -0.45798453609859113
01-02 16:51:33.915 11635 11875 D LCHSAutoMotion: Final Power RF: -1.0
01-02 16:51:33.952 11635 11969 I native  : Registering the position of 175359340 at 117.98,65.12,130.83,74.10
01-02 16:51:33.952 11635 11969 I native  : Registering the position of 175359340 at 117.98,65.12,130.83,74.10 at time 3006476439373
01-02 16:51:33.995 11635 11875 D LCHSAutoDepotTarget: Color hue 32.727272
01-02 16:51:34.026 11635 11875 D LCHSAutoMotion: Distance from side wall 5.236220472440945
01-02 16:51:34.039 11635 11875 D LCHSAutoMotion: IMU 9.9375, error -9.9375, p+i -0.45423222057781254
01-02 16:51:34.040 11635 11875 D LCHSAutoMotion: Power under P+I control LF, LB, RF, RB:  -0.14576777942218744 -0.14576777942218744 -1.0542322205778125 -1.0542322205778125
01-02 16:51:34.040 11635 11875 D LCHSAutoMotion: Error Distance from Wall: 2.7637795275590546
01-02 16:51:34.040 11635 11875 D LCHSAutoMotion: Strafe Value: 0.06909448818897637
01-02 16:51:34.040 11635 11875 D LCHSAutoMotion: Apply strafe factor: LF, RB 0.06909448818897637; RF, LB -0.06909448818897637
01-02 16:51:34.040 11635 11875 D LCHSAutoMotion: Power with strafe factor LF, LB, RF, RB:  -0.07667329123321107 -0.2148622676111638 -1.1233267087667889 -0.9851377323888362
01-02 16:51:34.040 11635 11875 D LCHSAutoMotion: Final Power LF: -0.2
01-02 16:51:34.040 11635 11875 D LCHSAutoMotion: Final Power RB: -0.876982381617491
01-02 16:51:34.040 11635 11875 D LCHSAutoMotion: Final Power LB: -0.2
01-02 16:51:34.040 11635 11875 D LCHSAutoMotion: Final Power RF: -1.0
01-02 16:51:34.119 11635 11875 D LCHSAutoDepotTarget: Color hue 0.89108914
01-02 16:51:34.119 11635 11875 D LCHSAutoMotion: Reached wall tracker target
01-02 16:51:34.284 11635 11875 D LCHSAutoMotion: trackWall done
01-02 16:51:34.311 11635 11875 D LCHSAutoMotion: Current gyro heading -0.375
01-02 16:51:34.311 11635 11875 D LCHSAuto: Wall tracking complete
01-02 16:51:34.426 11635 11875 D LCHSAuto: Exiting LCHSAutoJson
01-02 16:51:34.428 11635 11968 W MultiBoxTracker: Degenerate rectangle! RectF(290.69714, 130.48366, 325.39923, 146.46268)
01-02 16:51:34.453 11635 11875 V RobotCore: thread: ...terminating 'LinearOpMode main'
01-02 16:51:34.453 11635 11719 I FtcEventLoop: auto-stopping OpMode 'Auto Test'
01-02 16:51:34.544 11635 11635 E AR      : VideoBackgroundConfig with screen size of zero received, skipping config step
01-02 16:51:34.545 11635 11899 E AR      : CameraDevice::getCameraCalibration(): Failed to get camera calibration because the camera is not initialized.
01-02 16:51:34.546 11635 11899 E AR      : CameraDevice::getCameraCalibration(): Failed to get camera calibration because the camera is not initialized.
01-02 16:51:34.546 11635 11899 E AR      : You must successfully set a mode with Device.setMode before retrieving RenderingPrimitives
01-02 16:51:34.571 11635 11719 D Vuforia : Vuforia.deinit()...
01-02 16:51:34.607 11635 11969 W MultiBoxTracker: Degenerate rectangle! RectF(426.84448, 130.62657, 463.9409, 145.82568)
01-02 16:51:34.681 11635 11719 D Vuforia : ...Vuforia.deinit()
01-02 16:51:34.683 11635 11719 I RobotCore: ******************** STOP - OPMODE /storage/emulated/0/FIRST/matchlogs/Match-0-Auto_Test.txt ********************
01-02 16:51:34.689 11635 11988 I RobotCore: saving match logcat to /storage/emulated/0/FIRST/matchlogs/Match-0-Auto_Test.txt
01-02 16:51:34.689 11635 11988 I RobotCore: logging command line: exec logcat -d -T '1-2 16:51:24.000' -f /storage/emulated/0/FIRST/matchlogs/Match-0-Auto_Test.txt -n4 -v threadtime UsbRequestJNI:S UsbRequest:S art:W ThreadPool:W System:W ExtendedExtractor:W OMXClient:W MediaPlayer:W dalvikvm:W  *:V
01-02 16:51:34.690 11635 11719 I RobotCore: Attempting to switch to op mode $Stop$Robot$
01-02 16:51:34.711 11989 11989 W sh      : type=1400 audit(0.0:74): avc: denied { read } for uid=10146 name="/" dev="rootfs" ino=1 scontext=u:r:untrusted_app:s0:c512,c768 tcontext=u:object_r:rootfs:s0 tclass=dir permissive=0
01-02 16:51:34.767 11635 11727 V Robocol : sending CMD_NOTIFY_INIT_OP_MODE(741), attempt: 0
01-02 16:51:34.772 11635 11988 I RobotCore: Done running exec logcat -d -T '1-2 16:51:24.000' -f /storage/emulated/0/FIRST/matchlogs/Match-0-Auto_Test.txt -n4 -v threadtime UsbRequestJNI:S UsbRequest:S art:W ThreadPool:W System:W ExtendedExtractor:W OMXClient:W MediaPlayer:W dalvikvm:W  *:V
01-02 16:51:34.772 11635 11988 I RobotCore: exiting match logcat for /storage/emulated/0/FIRST/matchlogs/Match-0-Auto_Test.txt
01-02 16:51:34.808 11635 11708 V Robocol : received command: CMD_RUN_OP_MODE(10651) $Stop$Robot$
01-02 16:51:34.849 11635 11727 V Robocol : sending CMD_NOTIFY_RUN_OP_MODE(747), attempt: 0
01-02 16:53:36.607 11635 11635 V MTPMonitorService: onConfigurationChanged()
01-02 16:53:36.608 11635 11635 V OnBotJavaService: onConfigurationChanged()
01-02 16:53:36.686 11635 11709 E BulkPacketInWorker: DQ1NE3V4: bulkTransfer() error: -1
01-02 16:53:36.698 11635 11654 D CameraManager: ---------------------------------------------- ACTION_USB_DEVICE_DETACHED
01-02 16:53:36.704 11635 11635 V FtDeviceManager: ACTION_USB_DEVICE_DETACHED: /dev/bus/usb/001/002
01-02 16:53:36.704 11635 11635 V FtDevice: vv********************DQ1NE3V4 closing********************vv 0x089f8e0f
01-02 16:53:36.705 11635 11635 V FtDevice: DQ1NE3V4 stopping thread readBufferManager
01-02 16:53:36.705 11635 11710 V FtDevice: DQ1NE3V4 thread readBufferManager is stopped
01-02 16:53:36.705 11635 11635 V FtDevice: DQ1NE3V4 stopping thread bulkPacketInWorker
01-02 16:53:36.706 11635 11709 V FtDevice: DQ1NE3V4 thread bulkPacketInWorker is stopped
01-02 16:53:36.707 11712 11712 W com.qualcomm.ftcrobotcontroller: type=1400 audit(0.0:75): avc: denied { search } for uid=10146 comm=6C796E7820696E636F6D696E672064 name="usb" dev="tmpfs" ino=10367 scontext=u:r:untrusted_app:s0:c512,c768 tcontext=u:object_r:usb_device:s0 tclass=dir permissive=0
01-02 16:53:36.709 11635 11635 V MonitoredUsbDeviceConnection: closing UsbDeviceConnection(DQ1NE3V4)
01-02 16:53:36.709 11635 11712 V LynxUsb : device closed in incoming datagram loop
01-02 16:53:36.709 11635 11635 D UsbDeviceConnectionJNI: close
01-02 16:53:36.709 11635 11635 V FtDevice: ^^********************DQ1NE3V4 closed ********************^^
01-02 16:53:36.709 11635 11712 V RobotUsbDeviceFtdi: closing DQ1NE3V4
01-02 16:53:36.710 11635 11712 V RobotCore: thread: ...terminating 'lynx incoming datagrams'
01-02 16:53:36.711 11635 11719 D RobotCore: system telemetry: key=$System$Warning$ msg="REV Robotics USB Expansion Hub Portal [DQ1NE3V4] detached"
01-02 16:53:36.711 11635 11719 V RobotCore: event loop: device has shutdown abnormally: ABNORMAL
01-02 16:53:36.712 11635 11719 V EventLoopManager: event loop: detaching device DQ1NE3V4
01-02 16:53:36.712 11635 11719 I FtcEventLoop: vv===== MODULE DETACH RECOVERY: disarm REV Robotics USB Expansion Hub Portal [DQ1NE3V4]=====vv
01-02 16:53:36.721 11635 11719 V LynxUsb : disarmDevice() serial=DQ1NE3V4...
01-02 16:53:36.722 11635 11719 V LynxUsb : shutting down incoming datagrams
01-02 16:53:36.725 11635 11719 V RobotUsbDeviceFtdi: closing DQ1NE3V4
01-02 16:53:36.725 11635 11719 V LynxUsb : ...done disarmDevice()
01-02 16:53:36.726 11635 11719 I FtcEventLoop: ======= MODULE DETACH RECOVERY: pretend REV Robotics USB Expansion Hub Portal [DQ1NE3V4]=======
01-02 16:53:36.727 11635 11719 V LynxUsb : doPretend() serial=DQ1NE3V4
01-02 16:53:36.727 11635 11719 I FtcEventLoop: ^^===== MODULE DETACH RECOVERY: complete REV Robotics USB Expansion Hub Portal [DQ1NE3V4]=====^^
01-02 16:53:36.789 11635 11718 V SoundInfo: construct(0x087307ca)
01-02 16:53:36.872 11635 11717 I MediaCodec: (0x95834f00) init name(audio/raw) isType(1) encoder(0)
01-02 16:53:36.883 11635 12015 I MediaCodec: (0x95834f00) Component Allocated (OMX.google.raw.decoder)
01-02 16:53:36.883 11635 11717 I MediaCodec: (0x95834f00) configure surface(0x0) crypto(0x0) flags(0)
01-02 16:53:36.884 11635 11717 D MediaCodec: (0x95834f00) configure format: AMessage(what = 0x00000000) = {
01-02 16:53:36.884 11635 11717 D MediaCodec:       string mime = "audio/raw"
01-02 16:53:36.884 11635 11717 D MediaCodec:       int64_t durationUs = 1043650
01-02 16:53:36.884 11635 11717 D MediaCodec:       int32_t track-id = 1
01-02 16:53:36.884 11635 11717 D MediaCodec:       int32_t channel-count = 2
01-02 16:53:36.884 11635 11717 D MediaCodec:       int32_t sample-rate = 44100
01-02 16:53:36.884 11635 11717 D MediaCodec:       int32_t channel-mask = 0
01-02 16:53:36.884 11635 11717 D MediaCodec:       int32_t pcm-encoding = 2
01-02 16:53:36.884 11635 11717 D MediaCodec:     }
01-02 16:53:36.886 11635 11717 I MediaCodec: (0x95834f00) start
01-02 16:53:36.893 11635 12015 I MediaCodec: (0x95834f00) input buffers allocated
01-02 16:53:36.893 11635 12015 I MediaCodec: (0x95834f00) numBuffers (4)
01-02 16:53:36.894 11635 12015 I MediaCodec: (0x95834f00) output buffers allocated
01-02 16:53:36.894 11635 12015 I MediaCodec: (0x95834f00) numBuffers (4)
01-02 16:53:36.906 11635 12015 D MediaCodec: (0x95834f00) [OMX.google.raw.decoder] output format changed to: AMessage(what = 0x00000000) = {
01-02 16:53:36.906 11635 12015 D MediaCodec:       string mime = "audio/raw"
01-02 16:53:36.906 11635 12015 D MediaCodec:       int32_t channel-count = 2
01-02 16:53:36.906 11635 12015 D MediaCodec:       int32_t sample-rate = 44100
01-02 16:53:36.906 11635 12015 D MediaCodec:       int32_t pcm-encoding = 2
01-02 16:53:36.906 11635 12015 D MediaCodec:       int32_t bit-width = 16
01-02 16:53:36.906 11635 12015 D MediaCodec:       int32_t channel-mask = 0
01-02 16:53:36.906 11635 12015 D MediaCodec:     }
01-02 16:53:36.945 11635 11717 I MediaCodec: (0x95834f00) stop
01-02 16:53:36.953 11635 11717 I MediaCodec: (0x95834f00) release
01-02 16:53:36.959 11635 11654 D SoundPlayer: onLoadComplete(samp=3|ms=1044, samp=3)=0
01-02 16:53:36.961 11635 11718 W AudioTrack: AUDIO_OUTPUT_FLAG_FAST denied by client; transfer 4, track 44100 Hz, output 48000 Hz
01-02 16:53:36.970 11635 11718 D SoundPlayer: playing volume=1.000000 samp=3|ms=1044
01-02 16:53:37.008 11635 11727 V Robocol : sending CMD_PLAY_SOUND(2394), attempt: 0
01-02 16:53:39.020 11635 11635 V RCActivity: onPause()
01-02 16:53:39.068 11635 11635 V RCActivity: onStop()
01-02 16:53:39.070 11635 11635 V MTPMonitorService: onTrimMemory()
01-02 16:53:39.070 11635 11635 V OnBotJavaService: onTrimMemory()
01-02 16:53:39.121 11635 11635 W IInputConnectionWrapper: reportFullscreenMode on inexistent InputConnection
01-02 16:53:39.924 11635 11635 V AppUtil : rootActivity=FtcRobotControllerActivity destroyed
01-02 16:53:39.924 11635 11635 V RCActivity: onDestroy()
01-02 16:53:39.924 11635 11635 V Robocol : EventLoopManager.shutdown()
01-02 16:53:39.925 11635 11719 I FtcEventLoop: ======= TEARDOWN =======
01-02 16:53:39.936 11635 11719 V LynxUsb : 0x06d0fc2b on 0x05c2db70: releasing delegate to [DQ1NE3V4]
01-02 16:53:39.936 11635 11719 V LynxModule: close(#2)
01-02 16:53:39.936 11635 11719 V LynxModule: sending LynxFtdiResetControlCommand(false) wasInterrupted=true
01-02 16:53:39.937 11635 11719 V LynxModule: close(#3)
01-02 16:53:39.938 11635 11719 V LynxModule: sending LynxFtdiResetControlCommand(false) wasInterrupted=true
01-02 16:53:39.939 11635 11719 V LynxUsb : disarmDevice() serial=DQ1NE3V4...
01-02 16:53:39.940 11635 11719 V AMSColorSensorImpl: internalInitialize()...
01-02 16:53:39.940 11635 11719 V AMSColorSensorImpl: ...internalInitialize()
01-02 16:53:39.953 11635 11719 I FtcEventLoop: ======= TEARDOWN COMPLETE =======
01-02 16:53:39.953 11635 11719 V RobotCore: thread: ...terminating 'opmode loop()'
01-02 16:53:39.954 11635 11635 V RobotCore: EventLoopManager state is STOPPED
01-02 16:53:39.954 11635 11635 V RobotCore: Robot Status: stopped
01-02 16:53:39.956 11635 11635 V NetDiscover_prefremrc: doStop()...
01-02 16:53:39.956 11635 11635 V NetDiscover_prefremrc: ...doStop()
01-02 16:53:39.957 11635 11635 V NetDiscover_name: doStop()...
01-02 16:53:39.957 11635 11635 V NetDiscover_name: ...doStop()
01-02 16:53:39.965 11635 11635 V ServiceStarter: attempting to stop service FtcRobotControllerWatchdogService
01-02 16:53:39.969 11635 11727 V Robocol : sending CMD_NOTIFY_ROBOT_STATE(2431), attempt: 0
01-02 16:53:40.006 11635 11708 D RobotCore: system telemetry: key=$System$None$ msg=""
--------- beginning of main
01-02 16:53:40.472 11635 11635 V RobotCore: Waiting for the logcat process to die.
01-02 16:53:40.472 11635 11650 I RobotCore: Done running exec logcat -f /storage/emulated/0/robotControllerLog.txt -r4096 -n4 -v threadtime UsbRequestJNI:S UsbRequest:S art:W ThreadPool:W System:W ExtendedExtractor:W OMXClient:W MediaPlayer:W dalvikvm:W  *:V
01-02 16:53:40.473 11635 11650 E RobotCore: java.io.IOException: Stream closed
01-02 16:53:40.475 11635 11650 E RobotCore: 	at java.io.BufferedInputStream.getBufIfOpen(BufferedInputStream.java:162)
01-02 16:53:40.476 11635 11650 E RobotCore: 	at java.io.BufferedInputStream.read(BufferedInputStream.java:325)
01-02 16:53:40.477 11635 11650 E RobotCore: 	at java.io.FilterInputStream.read(FilterInputStream.java:107)
01-02 16:53:40.478 11635 11650 E RobotCore: 	at com.qualcomm.robotcore.util.RunShellCommand.runCommand(RunShellCommand.java:103)
01-02 16:53:40.479 11635 11650 E RobotCore: 	at com.qualcomm.robotcore.util.RunShellCommand.run(RunShellCommand.java:71)
01-02 16:53:40.480 11635 11650 E RobotCore: 	at com.qualcomm.robotcore.util.RobotLog$LoggingThread.run(RobotLog.java:72)
01-02 16:53:40.481 11635 11650 E RobotCore: 	at com.qualcomm.robotcore.util.RobotLog$1.run(RobotLog.java:576)
01-02 16:53:40.495 11635 11635 V OnBotJavaService: onTaskRemoved()
01-02 16:53:40.496 11635 11635 V MTPMonitorService: onTaskRemoved()
01-02 16:53:40.496 11635 11635 V FTCService: onUnbind()
01-02 16:53:40.496 11635 11635 V WifiDirect: There are 1 Wifi Direct Assistant Clients (-)
01-02 16:53:40.497 11635 11635 V Robocol : EventLoopManager.close()
01-02 16:53:40.497 11635 11635 I SetupRunnable: Shutting down setup and receive loop
01-02 16:53:40.525 11635 11708 V RobotCore: thread: ...terminating 'RecvLoopRunnable.run()'
01-02 16:53:40.525 11635 11635 V PeerDiscovery: Stopping peer discovery
01-02 16:53:40.525 11635 11635 D Robocol : RobocolDatagramSocket is closed
01-02 16:53:40.526 11635 11635 V FTCService: onDestroy()
01-02 16:53:40.526 11635 11635 V WebServer: stopping port=8080
01-02 16:53:40.527 11635 11635 V WifiDirect: There are 0 Wifi Direct Assistant Clients (-)
01-02 16:53:40.527 11635 11635 V WifiDirect: Disabling Wifi Direct Assistant
01-02 16:53:40.528 11635 11635 V WifiDirectInviteMonitor: stopMonitoring()
01-02 16:53:40.530 11635 11635 V WebServer: stopped port=8080
01-02 16:53:40.530 11635 11635 I Choreographer: Skipped 33 frames!  The application may be doing too much work on its main thread.
01-02 16:53:40.530 11635 11635 V FtcRobotControllerWatchdogService: onDestroy()
01-02 16:54:01.453 12116 12116 V AppUtil : initializing: getExternalStorageDirectory()=/storage/emulated/0
01-02 16:54:01.458 12116 12116 I AppUtil : found usbFileSystemRoot: /dev/bus/usb
01-02 16:54:01.464 12116 12131 V RobotCore: saving logcat to /storage/emulated/0/robotControllerLog.txt
01-02 16:54:01.464 12116 12116 V ServiceStarter: attempting to start service MediaTransferProtocolMonitorService
01-02 16:54:01.464 12116 12131 V RobotCore: logging command line: exec logcat -f /storage/emulated/0/robotControllerLog.txt -r4096 -n4 -v threadtime UsbRequestJNI:S UsbRequest:S art:W ThreadPool:W System:W ExtendedExtractor:W OMXClient:W MediaPlayer:W dalvikvm:W  *:V
01-02 16:54:01.468 12116 12116 V ServiceStarter: started service MediaTransferProtocolMonitorService
01-02 16:54:01.469 12116 12116 V ServiceStarter: attempting to start service OnBotJavaService
01-02 16:54:01.471 12116 12116 V ServiceStarter: started service OnBotJavaService
01-02 16:54:01.487 12116 12116 V AppUtil : rootActivity=FtcRobotControllerActivity
01-02 16:54:01.487 12116 12116 V RCActivity: onCreate()
01-02 16:54:01.493 12116 12116 V RCActivity: rootActivity is of class FtcRobotControllerActivity
01-02 16:54:01.505 12116 12137 V CallbackLooper: thread=933
01-02 16:54:01.509 12116 12116 V NetDiscover_wifiDirectAgent: doStart()...
01-02 16:54:01.515 12116 12116 V NetDiscover_wifiDirectAgent: ...doStart()
01-02 16:54:01.515 12116 12137 V NetDiscover_wifiDirectAgent_bcast: wifiP2pEnabled=true
01-02 16:54:01.516 12116 12116 V NetDiscover_name: doStart()...
01-02 16:54:01.517 12116 12116 V NetDiscover_name: ...doStart()
01-02 16:54:01.517 12116 12116 V NetDiscover_prefremrc: ----- all preferences -----
01-02 16:54:01.517 12116 12116 V NetDiscover_prefremrc: name='pref_wifip2p_groupowner_connectedto' value=
01-02 16:54:01.518 12116 12116 V NetDiscover_prefremrc: name='pref_has_speaker' value=true
01-02 16:54:01.518 12116 12116 V NetDiscover_prefremrc: name='pref_pairing_kind' value=WIFIDIRECT
01-02 16:54:01.518 12116 12116 V NetDiscover_prefremrc: name='pref_has_independent_phone_battery' value=true
01-02 16:54:01.518 12116 12116 V NetDiscover_prefremrc: name='pref_app_theme' value=red
01-02 16:54:01.518 12116 12116 V NetDiscover_prefremrc: name='pref_wifip2p_remote_channel_change_works' value=true
01-02 16:54:01.518 12116 12116 V NetDiscover_prefremrc: name='pref_device_name' value=5921-A-RC
01-02 16:54:01.518 12116 12116 V NetDiscover_prefremrc: name='pref_hardware_config_filename' value={"isDirty":false,"location":"LOCAL_STORAGE","name":"2018-2019 Armstrong","resourceId":0}
01-02 16:54:01.518 12116 12116 V NetDiscover_prefremrc: name='pref_device_name_old' value=5921-A-RC
01-02 16:54:01.519 12116 12116 V NetDiscover_prefremrc: name='pref_device_name_tracking' value=WIFIDIRECT
01-02 16:54:01.519 12116 12116 V NetDiscover_prefremrc: name='pref_sound_on_off' value=true
01-02 16:54:01.519 12116 12116 V NetDiscover_prefremrc: name='pref_rc_connected' value=true
01-02 16:54:01.519 12116 12137 D NetDiscover_wifiDirectAgent_bcast: connection changed: networkInfo.state=CONNECTED
01-02 16:54:01.519 12116 12116 V NetDiscover_prefremrc: doStart()...
01-02 16:54:01.519 12116 12137 V NetDiscover_wifiDirectAgent_bcast: NetworkInfo: [type: WIFI_P2P[], state: CONNECTED/CONNECTED, reason: (unspecified), extra: (none), failover: false, available: true, roaming: false, metered: false]
01-02 16:54:01.520 12116 12116 V NetDiscover_prefremrc: ...doStart()
01-02 16:54:01.520 12116 12137 V NetDiscover_wifiDirectAgent_bcast: WifiP2pInfo: groupFormed: true isGroupOwner: true groupOwnerAddress: /192.168.49.1 mccMode: false
01-02 16:54:01.520 12116 12137 V NetDiscover_wifiDirectAgent_bcast: WifiP2pGroup: network: DIRECT-0V-5921-A-RC, isGO: true, GO: Device: , deviceAddress: cc:61:e5:17:31:21, primary type: null, secondary type: null, wps: 0, grpcapab: 0, devcapab: 0, status: 4, wfdInfo: WFD enabled: falseWFD DeviceInfo: 0, WFD CtrlPort: 0, WFD MaxThroughput: 0, level: 0, Client: Device: 5921-A-DS, deviceAddress: 68:c4:4d:43:43:6f, primary type: 10-0050F204-5, secondary type: null, wps: 392, grpcapab: 0, devcapab: 33, status: 0, wfdInfo: null, level: 60, interface: p2p0, networkId: 0
01-02 16:54:01.521 12116 12137 V NetDiscover_wifiDirectAgent_bcast: this device changed: Device=5921-A-RC deviceAddress=cc:61:e5:17:31:21 primary type=10-0050F204-5 secondary type=null wps=0 grpcapab=0 devcapab=0 status=0 wfdInfo=WFD enabled=falseWFD DeviceInfo=0 WFD CtrlPort=0 WFD MaxThroughput=0 level=0
01-02 16:54:01.522 12116 12137 V NetDiscover_name: remembering wifiDirectName: 5921-A-RC...
01-02 16:54:01.522 12116 12137 V NetDiscover_name: wifiDirectName=5921-A-RC
01-02 16:54:01.523 12116 12137 V NetDiscover_name: ...remembering wifiDirectName
01-02 16:54:01.523 12116 12137 V NetDiscover_wifiDirectAgent_bcast: p2p discoverPeers()=false
01-02 16:54:01.523 12116 12137 V NetDiscover_wifiDirectAgent_bcast: wifi direct remembered groups cleared
01-02 16:54:01.526 12116 12137 V NetDiscover_wifiDirectAgent_bcast: wifiState=ENABLED
01-02 16:54:01.527 12116 12131 I RobotCore: Done running ps
01-02 16:54:01.528 12116 12137 V NetDiscover_wifiDirectAgent: found persistent group: DIRECT-0V-5921-A-RC
01-02 16:54:01.554 12138 12138 W sh      : type=1400 audit(0.0:77): avc: denied { read } for uid=10146 name="/" dev="rootfs" ino=1 scontext=u:r:untrusted_app:s0:c512,c768 tcontext=u:object_r:rootfs:s0 tclass=dir permissive=0
01-02 16:54:01.568 12116 12116 D ApplicationLoaders: ignored Vulkan layer search path /data/app/com.google.android.webview-2/lib/arm:/data/app/com.google.android.webview-2/base.apk!/lib/armeabi-v7a for namespace 0xb2fd8090
01-02 16:54:01.573 12116 12116 I WebViewFactory: Loading com.google.android.webview version 64.0.3282.137 (code 328213700)
01-02 16:54:01.612 12116 12116 I cr_LibraryLoader: Time to load native libraries: 2 ms (timestamps 4671-4673)
01-02 16:54:01.638 12116 12116 I chromium: [INFO:library_loader_hooks.cc(36)] Chromium logging enabled: level = 0, default verbosity = 0
01-02 16:54:01.638 12116 12116 I cr_LibraryLoader: Expected native library version number "64.0.3282.137", actual native library version number "64.0.3282.137"
01-02 16:54:01.679 12116 12116 I cr_BrowserStartup: Initializing chromium process, singleProcess=true
01-02 16:54:01.680 12116 12116 I cr_base : Android Locale: en_US requires .pak files: []
01-02 16:54:01.710 12116 12116 I Adreno-EGL: <qeglDrvAPI_eglInitialize:379>: EGL 1.4 QUALCOMM build: Nondeterministic_AU_msm8916_32_LA.BR.1.2.9_RB1__release_AU (I750f7f2fa6)
01-02 16:54:01.710 12116 12116 I Adreno-EGL: OpenGL ES Shader Compiler Version: XE031.09.00.03
01-02 16:54:01.710 12116 12116 I Adreno-EGL: Build Date: 02/18/17 Sat
01-02 16:54:01.710 12116 12116 I Adreno-EGL: Local Branch: 
01-02 16:54:01.710 12116 12116 I Adreno-EGL: Remote Branch: quic/LA.BR.1.2.9_rb1.12
01-02 16:54:01.710 12116 12116 I Adreno-EGL: Local Patches: NONE
01-02 16:54:01.710 12116 12116 I Adreno-EGL: Reconstruct Branch: NOTHING
01-02 16:54:01.717 12116 12116 W Adreno-ES20: <get_gpu_clk:229>: open failed: errno 13
01-02 16:54:01.714 12116 12116 W robotcontroller: type=1400 audit(0.0:78): avc: denied { read } for uid=10146 name="gpuclk" dev="sysfs" ino=11560 scontext=u:r:untrusted_app:s0:c512,c768 tcontext=u:object_r:sysfs:s0 tclass=file permissive=0
01-02 16:54:01.768 12116 12154 E chromium: [ERROR:instance.cc(49)] Unable to locate service manifest for metrics
01-02 16:54:01.768 12116 12154 E chromium: [ERROR:service_manager.cc(890)] Failed to resolve service name: metrics
01-02 16:54:01.876 12116 12116 V OnBotJava: OnBotJavaManager::static
01-02 16:54:02.113 12116 12116 W art     : Found duplicate classes, falling back to interpreter mode for /data/app/com.qualcomm.ftcrobotcontroller-2/base.apk
01-02 16:54:02.113 12116 12116 W art     : Found duplicated class when checking oat files: 'Landroid/support/annotation/Keep;' in /data/app/com.qualcomm.ftcrobotcontroller-2/base.apk and /data/app/com.google.android.webview-2/base.apk
01-02 16:54:02.710 12116 12116 V OnBotJava: getCurrentOutputJarDir() unavailable
01-02 16:54:02.710 12116 12116 V OnBotJava: getCurrentOutputJarDir() unavailable
01-02 16:54:03.987 12116 12116 V UpdateUI: Network: inactive, disconnected
01-02 16:54:03.988 12116 12116 V ServiceStarter: attempting to start service FtcRobotControllerWatchdogService
01-02 16:54:03.990 12116 12116 V ServiceStarter: started service FtcRobotControllerWatchdogService
01-02 16:54:03.994 12116 12116 V RobotCore: BuildConfig: versionCode=31 versionName=4.3 module=com.qualcomm.ftcrobotcontroller
01-02 16:54:03.995 12116 12116 V RobotCore: BuildConfig: versionCode=55 versionName=8.9 module=com.qualcomm.robotcore
01-02 16:54:03.995 12116 12116 V RobotCore: BuildConfig: versionCode=55 versionName=8.9 module=com.qualcomm.hardware
01-02 16:54:03.995 12116 12116 V RobotCore: BuildConfig: versionCode=55 versionName=8.9 module=com.qualcomm.ftccommon
01-02 16:54:03.996 12116 12116 V RobotCore: BuildConfig: versionCode=55 versionName=8.9 module=com.google.blocks
01-02 16:54:03.996 12116 12116 V RobotCore: BuildConfig: versionCode=55 versionName=8.9 module=org.firstinspires.inspection
01-02 16:54:03.996 12116 12116 I RCActivity: 410c serial number: ZY223QSZCJ
01-02 16:54:03.996 12116 12116 I RobotCore: Android Device: maker=motorola model=XT1609 sdk=25
01-02 16:54:03.997 12116 12116 V RCActivity: onStart()
01-02 16:54:04.001 12116 12116 V RCActivity: onResume()
01-02 16:54:04.030 12116 12116 V MTPMonitorService: onCreate()
01-02 16:54:04.031 12116 12116 V MTPMonitorService: onStartCommand() intent=Intent { cmp=com.qualcomm.ftcrobotcontroller/org.firstinspires.ftc.robotcore.internal.files.MediaTransferProtocolMonitorService } flags=0x0 startId=1
01-02 16:54:04.032 12116 12116 V MTPMonitor: observing: /storage/emulated/0
01-02 16:54:04.122 12116 12116 W FileObserverManager: upgrading mask: path=/storage/emulated/0/FIRST/blocks old=0x00000ffc new=0x00004ffc: might possibly miss event
01-02 16:54:04.128 12116 12116 W FileObserverManager: upgrading mask: path=/storage/emulated/0/FIRST/java/status old=0x00000ffc new=0x00004ffc: might possibly miss event
01-02 16:54:04.212 12116 12116 V OnBotJavaService: onCreate()
01-02 16:54:04.213 12116 12116 V OnBotJavaService: onStartCommand() intent=Intent { cmp=com.qualcomm.ftcrobotcontroller/org.firstinspires.ftc.robotcore.internal.opmode.OnBotJavaService } flags=0x0 startId=1
01-02 16:54:04.213 12116 12116 V OnBotJava: ctor()...
01-02 16:54:04.214 12116 12116 V OnBotJava: ...ctor()
01-02 16:54:04.236 12116 12116 V FtcRobotControllerWatchdogService: onCreate()
01-02 16:54:04.237 12116 12116 V FtcRobotControllerWatchdogService: onStartCommand() intent=Intent { cmp=com.qualcomm.ftcrobotcontroller/org.firstinspires.ftc.ftccommon.internal.FtcRobotControllerWatchdogService } flags=0x0 startId=1
01-02 16:54:04.237 12116 12116 V FtcRobotControllerWatchdogService: shouldAutoLauchRobotController() result=false
01-02 16:54:04.238 12116 12116 V FTCService: onCreate()
01-02 16:54:04.239 12116 12116 V FTCService: onBind()
01-02 16:54:04.244 12116 12116 V WebServer: creating NanoHTTPD(8080)
01-02 16:54:04.252 12116 12116 V RobotCore: Getting network assistant of type: WIFIDIRECT
01-02 16:54:04.256 12116 12116 V NetDiscover_prefremrc: onSharedPreferenceChanged(name=pref_wifip2p_groupowner_connectedto, value=null)
01-02 16:54:04.256 12116 12116 V WifiDirect: There are 1 Wifi Direct Assistant Clients (+)
01-02 16:54:04.256 12116 12116 V WifiDirect: Enabling Wifi Direct Assistant
01-02 16:54:04.257 12116 12116 V WifiDirectInviteMonitor: startMonitoring()
01-02 16:54:04.261 12116 12137 V NetDiscover_wifiDirectAgent_bcast: wifiP2pEnabled=true
01-02 16:54:04.262 12116 12137 D NetDiscover_wifiDirectAgent_bcast: connection changed: networkInfo.state=CONNECTED
01-02 16:54:04.262 12116 12137 V NetDiscover_wifiDirectAgent_bcast: NetworkInfo: [type: WIFI_P2P[], state: CONNECTED/CONNECTED, reason: (unspecified), extra: (none), failover: false, available: true, roaming: false, metered: false]
01-02 16:54:04.262 12116 12137 V NetDiscover_wifiDirectAgent_bcast: WifiP2pInfo: groupFormed: true isGroupOwner: true groupOwnerAddress: /192.168.49.1 mccMode: false
01-02 16:54:04.263 12116 12137 V NetDiscover_wifiDirectAgent_bcast: WifiP2pGroup: network: DIRECT-0V-5921-A-RC, isGO: true, GO: Device: , deviceAddress: cc:61:e5:17:31:21, primary type: null, secondary type: null, wps: 0, grpcapab: 0, devcapab: 0, status: 4, wfdInfo: WFD enabled: falseWFD DeviceInfo: 0, WFD CtrlPort: 0, WFD MaxThroughput: 0, level: 0, Client: Device: 5921-A-DS, deviceAddress: 68:c4:4d:43:43:6f, primary type: 10-0050F204-5, secondary type: null, wps: 392, grpcapab: 0, devcapab: 33, status: 0, wfdInfo: null, level: 60, interface: p2p0, networkId: 0
01-02 16:54:04.263 12116 12137 V NetDiscover_wifiDirectAgent_bcast: this device changed: Device=5921-A-RC deviceAddress=cc:61:e5:17:31:21 primary type=10-0050F204-5 secondary type=null wps=0 grpcapab=0 devcapab=0 status=0 wfdInfo=WFD enabled=falseWFD DeviceInfo=0 WFD CtrlPort=0 WFD MaxThroughput=0 level=0
01-02 16:54:04.263 12116 12137 V NetDiscover_name: remembering wifiDirectName: 5921-A-RC...
01-02 16:54:04.263 12116 12137 V NetDiscover_name: ...remembering wifiDirectName
01-02 16:54:04.263 12116 12137 V NetDiscover_wifiDirectAgent_bcast: p2p discoverPeers()=false
01-02 16:54:04.263 12116 12137 V NetDiscover_wifiDirectAgent_bcast: wifi direct remembered groups cleared
01-02 16:54:04.264 12116 12137 V NetDiscover_wifiDirectAgent_bcast: wifiState=ENABLED
01-02 16:54:04.306 12116 12172 I OpenGLRenderer: Initialized EGL, version 1.4
01-02 16:54:04.306 12116 12172 D OpenGLRenderer: Swap behavior 1
01-02 16:54:04.307 12116 12172 W Adreno-ES20: <get_gpu_clk:229>: open failed: errno 13
01-02 16:54:04.304 12172 12172 W RenderThread: type=1400 audit(0.0:79): avc: denied { read } for uid=10146 name="gpuclk" dev="sysfs" ino=11560 scontext=u:r:untrusted_app:s0:c512,c768 tcontext=u:object_r:sysfs:s0 tclass=file permissive=0
01-02 16:54:04.315 12116 12116 D WifiDirect: broadcast: state - enabled: true
01-02 16:54:04.316 12116 12116 D WifiDirect: broadcast: connection changed: connectStatus=NOT_CONNECTED networkInfo.state=CONNECTED
01-02 16:54:04.316 12116 12116 V WifiDirect: writing pref name=pref_wifip2p_groupowner_connectedto value=
01-02 16:54:04.317 12116 12116 V NetDiscover_prefremrc: onSharedPreferenceChanged(name=pref_wifip2p_groupowner_connectedto, value=)
01-02 16:54:04.318 12116 12116 D WifiDirect: broadcast: this device changed
01-02 16:54:04.318 12116 12116 V WifiDirect: device information: 5921-A-RC cc:61:e5:17:31:21
01-02 16:54:04.318 12116 12116 D WifiDirect: cannot create group, does group already exist?
01-02 16:54:04.318 12116 12116 V FTCService: RCActivity.controllerService=bound
01-02 16:54:04.319 12116 12116 V UpdateUI: Network: unknown, disconnected
01-02 16:54:04.320 12116 12116 V RobotCore: Robot Status: stopped
01-02 16:54:04.329 12116 12177 V RobotCore: thread: 'RobotSetupRunnable.run()' starting...
01-02 16:54:04.329 12116 12177 V FTCService: Processing robot setup
01-02 16:54:04.330 12116 12177 V RobotCore: Robot Status: stopped, scanning for USB devices
01-02 16:54:04.388 12116 12116 D WifiDirect: group owners address: /192.168.49.1
01-02 16:54:04.388 12116 12116 D WifiDirect: group formed, this device is the group owner (GO)
01-02 16:54:04.388 12116 12116 I FTCService: onNetworkConnectionEvent: CONNECTED_AS_GROUP_OWNER
01-02 16:54:04.389 12116 12116 I FTCService: Wifi Direct - connected as group owner
01-02 16:54:04.396 12116 12116 V UpdateUI: Network: enabled, disconnected
01-02 16:54:04.439 12116 12116 V WifiDirect: connection information available
01-02 16:54:04.439 12116 12116 V WifiDirect: connection information - groupOwnerName = 5921-A-RC
01-02 16:54:04.439 12116 12116 V WifiDirect: connection information - groupOwnerMacAddress = cc:61:e5:17:31:21
01-02 16:54:04.440 12116 12116 V WifiDirect: connection information - groupInterface = p2p0
01-02 16:54:04.440 12116 12116 V WifiDirect: connection information - groupNetworkName = DIRECT-0V-5921-A-RC
01-02 16:54:04.440 12116 12116 I FTCService: onNetworkConnectionEvent: CONNECTION_INFO_AVAILABLE
01-02 16:54:04.440 12116 12116 I FTCService: Network Connection Passphrase: ZarmiaP4
01-02 16:54:04.440 12116 12116 V WebServer: starting port=8080
01-02 16:54:04.452 12116 12116 V RobotCore: Getting network assistant of type: WIFIDIRECT
01-02 16:54:04.452 12116 12116 V WifiDirect: There are 2 Wifi Direct Assistant Clients (+)
01-02 16:54:04.454 12116 12116 V WebServer: started port=8080
01-02 16:54:04.454 12116 12116 V UpdateUI: Network: active, disconnected
01-02 16:54:04.455 12116 12137 V NetDiscover_wifiDirectAgent_bcast: wifiP2pEnabled=true
01-02 16:54:04.456 12116 12137 D NetDiscover_wifiDirectAgent_bcast: connection changed: networkInfo.state=CONNECTED
01-02 16:54:04.456 12116 12137 V NetDiscover_wifiDirectAgent_bcast: NetworkInfo: [type: WIFI_P2P[], state: CONNECTED/CONNECTED, reason: (unspecified), extra: (none), failover: false, available: true, roaming: false, metered: false]
01-02 16:54:04.456 12116 12137 V NetDiscover_wifiDirectAgent_bcast: WifiP2pInfo: groupFormed: true isGroupOwner: true groupOwnerAddress: /192.168.49.1 mccMode: false
01-02 16:54:04.456 12116 12137 V NetDiscover_wifiDirectAgent_bcast: WifiP2pGroup: network: DIRECT-0V-5921-A-RC, isGO: true, GO: Device: , deviceAddress: cc:61:e5:17:31:21, primary type: null, secondary type: null, wps: 0, grpcapab: 0, devcapab: 0, status: 4, wfdInfo: WFD enabled: falseWFD DeviceInfo: 0, WFD CtrlPort: 0, WFD MaxThroughput: 0, level: 0, Client: Device: 5921-A-DS, deviceAddress: 68:c4:4d:43:43:6f, primary type: 10-0050F204-5, secondary type: null, wps: 392, grpcapab: 0, devcapab: 33, status: 0, wfdInfo: null, level: 60, interface: p2p0, networkId: 0
01-02 16:54:04.457 12116 12137 V NetDiscover_wifiDirectAgent_bcast: this device changed: Device=5921-A-RC deviceAddress=cc:61:e5:17:31:21 primary type=10-0050F204-5 secondary type=null wps=0 grpcapab=0 devcapab=0 status=0 wfdInfo=WFD enabled=falseWFD DeviceInfo=0 WFD CtrlPort=0 WFD MaxThroughput=0 level=0
01-02 16:54:04.457 12116 12137 V NetDiscover_name: remembering wifiDirectName: 5921-A-RC...
01-02 16:54:04.457 12116 12137 V NetDiscover_name: ...remembering wifiDirectName
01-02 16:54:04.457 12116 12137 V NetDiscover_wifiDirectAgent_bcast: p2p discoverPeers()=false
01-02 16:54:04.457 12116 12137 V NetDiscover_wifiDirectAgent_bcast: wifi direct remembered groups cleared
01-02 16:54:04.458 12116 12137 V NetDiscover_wifiDirectAgent_bcast: wifiState=ENABLED
01-02 16:54:04.460 12116 12181 W cr_CrashFileManager: /data/user/0/com.qualcomm.ftcrobotcontroller/cache/WebView/Crash Reports does not exist or is not a directory
01-02 16:54:06.183 12116 12178 W art     : Before Android 4.1, method double java.util.concurrent.ThreadLocalRandom.internalNextDouble(double, double) would have incorrectly overridden the package-private method in java.util.Random
01-02 16:54:06.183 12116 12178 W art     : Before Android 4.1, method int java.util.concurrent.ThreadLocalRandom.internalNextInt(int, int) would have incorrectly overridden the package-private method in java.util.Random
01-02 16:54:06.184 12116 12178 W art     : Before Android 4.1, method long java.util.concurrent.ThreadLocalRandom.internalNextLong(long, long) would have incorrectly overridden the package-private method in java.util.Random
01-02 16:54:09.331 12116 12177 V RobotCore: EventLoopManager state is NOT_STARTED
01-02 16:54:09.332 12116 12177 V RobotCore: Robot Status: stopped, waiting for Wifi to enable
01-02 16:54:09.334 12116 12177 I RobotCore: state = 3
01-02 16:54:09.335 12116 12177 V RobotCore: Robot Status: stopped, waiting for Wifi Direct to enable
01-02 16:54:09.335 12116 12177 V FTCService: Waiting for a connection to a wifi service
01-02 16:54:09.336 12116 12177 V RobotCore: Robot Status: stopped, waiting for network to become active
01-02 16:54:09.336 12116 12177 V WebServer: Asked an already running WebServer to start
01-02 16:54:09.337 12116 12177 V RobotCore: Robot Status: stopped, starting robot
01-02 16:54:09.337 12116 12177 V Robocol : EventLoopManager.start()
01-02 16:54:09.337 12116 12177 V RobotCore: Getting network assistant of type: WIFIDIRECT
01-02 16:54:09.337 12116 12177 V Robocol : Spoofing a Network Connection event...
01-02 16:54:09.337 12116 12177 I EventLoopManager: onNetworkConnectionEvent: CONNECTION_INFO_AVAILABLE
01-02 16:54:09.337 12116 12177 I Robocol : Received network connection event
01-02 16:54:09.337 12116 12177 I NetworkConnectionHandler: Handling new network connection infomation, connected: true setup needed: true
01-02 16:54:09.338 12116 12177 V RobotCore: EventLoopManager state is STOPPED
01-02 16:54:09.342 12116 12177 V Robocol : eventLoop=FtcEventLoop
01-02 16:54:09.342 12116 12177 V RobotCore: EventLoopManager state is INIT
01-02 16:54:09.343 12116 12177 V RobotCore: Robot Status: initializing, starting robot
01-02 16:54:09.343 12116 12177 I FtcEventLoop: ======= INIT START =======
01-02 16:54:09.343 12116 12177 V OpmodeRegistration: registered {DefaultOpMode} as {$Stop$Robot$}
01-02 16:54:09.345 12116 12183 V RobotCore: thread: 'SetupRunnable.run()' starting...
01-02 16:54:09.351 12116 12116 D WifiDirect: cannot create group, does group already exist?
01-02 16:54:09.353 12116 12183 D Robocol : RobocolDatagramSocket listening addr=/192.168.49.1:20884 cbRec=65520 cbSend=81920 msRecTO=300
01-02 16:54:09.353 12116 12183 V Robocol : RecvLoopRunnable created
01-02 16:54:09.358 12116 12183 V PeerDiscovery: Starting peer discovery remote: /192.168.49.1 local: /192.168.49.1
01-02 16:54:09.358 12116 12183 V PeerDiscovery: No need for peer discovery, we are the peer discovery device
01-02 16:54:09.358 12116 12183 V RobotCore: Setup complete
01-02 16:54:09.358 12116 12183 V RobotCore: thread: ...terminating 'SetupRunnable.run()'
01-02 16:54:09.358 12116 12185 V RobotCore: thread: 'RecvLoopRunnable.run()' starting...
01-02 16:54:09.368 12116 12177 V FileBasedLock: locked /storage/emulated/0/FIRST/blocks/projectslock/lock.dat
01-02 16:54:09.370 12116 12177 V FileBasedLock: unlocking /storage/emulated/0/FIRST/blocks/projectslock/lock.dat
01-02 16:54:09.373 12116 12177 V OpmodeRegistration: registered {ConceptTensorFlowObjectDetection} as {Concept: TensorFlow Object Detection}
01-02 16:54:09.374 12116 12177 V OpmodeRegistration: registered {LCHSTeleOp} as {LCHS TeleOp}
01-02 16:54:09.375 12116 12177 V OpmodeRegistration: registered {RightCoop} as {Auto Right Coop}
01-02 16:54:09.375 12116 12177 V OpmodeRegistration: registered {SensorREV2mDistance} as {Sensor: REV2mDistance}
01-02 16:54:09.376 12116 12177 V OpmodeRegistration: registered {Test} as {Auto Test}
01-02 16:54:09.376 12116 12177 V OpmodeRegistration: registered {LeftSolo} as {Auto Left Solo}
01-02 16:54:09.376 12116 12177 V OpmodeRegistration: registered {LeftCoop} as {Auto Left Coop}
01-02 16:54:09.377 12116 12177 V OpmodeRegistration: registered {LCHSCalibrate} as {LCHSCalibrate}
01-02 16:54:09.495 12116 12177 V HardwareFactory: createHardwareMap()
01-02 16:54:09.495 12116 12177 V WifiDirectInviteMonitor: clearUILynxModule()
01-02 16:54:09.515 12116 12177 V RobotCore: Creating REV Robotics USB Expansion Hub Portal [DQ1NE3V4]
01-02 16:54:09.516 12116 12177 V LynxUsb : creating new [DQ1NE3V4]: 0x05c2db70
01-02 16:54:09.524 12116 12177 V FtDevice: initialize(vid=0x0403 pid=0x6015 bcdDevice=0x1000)
01-02 16:54:09.525 12116 12177 V MonitoredUsbDeviceConnection: closing UsbDeviceConnection(DQ1NE3V4)
01-02 16:54:09.525 12116 12177 D UsbDeviceConnectionJNI: close
01-02 16:54:09.525 12116 12177 V MonitoredUsbDeviceConnection: closing UsbDeviceConnection(DQ1NE3V4)
01-02 16:54:09.525 12116 12177 D UsbDeviceConnectionJNI: close
01-02 16:54:09.526 12116 12177 V FtDeviceManager: createDeviceInfoList(): 1 USB devices
01-02 16:54:09.530 12116 12177 V FtDevice: vv********************DQ1NE3V4 opening********************vv 0x089f8e0f
01-02 16:54:09.532 12116 12177 V FtDevice: ^^********************DQ1NE3V4 opened ********************^^
01-02 16:54:09.532 12116 12177 V FtDevice: resetting DQ1NE3V4
01-02 16:54:09.538 12116 12177 V LynxUsb : armDevice() serial=DQ1NE3V4...
01-02 16:54:09.538 12116 12177 V LynxModule: resetDevice() serial=DQ1NE3V4
01-02 16:54:09.660 12116 12185 E Robocol : exception SocketTimeoutException(Receive timed out): no packet received [java.net.PlainDatagramSocketImpl.receive0(Native Method)]
01-02 16:54:09.896 12116 12177 V LynxUsb : ...done armDevice()
01-02 16:54:09.896 12116 12177 V LynxUsb : 0x06d0fc2b on 0x05c2db70: new delegate to [DQ1NE3V4]
01-02 16:54:09.897 12116 12177 V RobotCore: Creating Lynx Module - mod=2 parent=false
01-02 16:54:09.898 12116 12190 V RobotCore: thread: 'lynx incoming datagrams' starting...
01-02 16:54:09.900 12116 12177 V RobotCore: Creating Lynx Module - mod=3 parent=false
01-02 16:54:09.901 12116 12177 V LynxUsb : addConfiguredModule() module#=2
01-02 16:54:09.902 12116 12177 V LynxModule: pingAndQueryKnownInterfaces mod=2
01-02 16:54:09.906 12116 12190 V LynxUsb : synchronization gained: serial=DQ1NE3V4
01-02 16:54:09.921 12116 12177 V LynxModule: mod#=2 queryInterface(DEKA)=54 commands starting at 4096
01-02 16:54:09.928 12116 12177 V LynxModule: sending LynxFtdiResetControlCommand(true) wasInterrupted=false
01-02 16:54:09.938 12116 12191 V LynxModule: received status: LynxGetModuleStatusResponse(status=0x02 alerts=0x00: Reset)
01-02 16:54:09.942 12116 12177 V LynxModule: sendLEDPatternSteps(): #steps=6
01-02 16:54:09.951 12116 12177 V LynxUsb : addConfiguredModule() module#=3
01-02 16:54:09.951 12116 12177 V LynxModule: pingAndQueryKnownInterfaces mod=3
01-02 16:54:09.961 12116 12177 V LynxModule: mod#=3 queryInterface(DEKA)=54 commands starting at 4096
01-02 16:54:09.968 12116 12177 V LynxModule: sending LynxFtdiResetControlCommand(true) wasInterrupted=false
01-02 16:54:09.978 12116 12177 V LynxModule: sendLEDPatternSteps(): #steps=8
01-02 16:54:09.983 12116 12192 V LynxModule: received status: LynxGetModuleStatusResponse(status=0x05 alerts=0x00: KeepAliveTimeout|FailSafe)
01-02 16:54:09.983 12116 12192 V LynxModule: resendCurrentPattern()
