01-02 16:59:58.941 13037 13057 I RobotCore: Done running exec logcat -f /storage/emulated/0/robotControllerLog.txt -r4096 -n4 -v threadtime UsbRequestJNI:S UsbRequest:S art:W ThreadPool:W System:W ExtendedExtractor:W OMXClient:W MediaPlayer:W dalvikvm:W  *:V
01-02 16:59:58.944 13037 13057 E RobotCore: java.io.IOException: Stream closed
01-02 16:59:58.947 13037 13057 E RobotCore: 	at java.io.BufferedInputStream.getBufIfOpen(BufferedInputStream.java:162)
01-02 16:59:58.956 13037 13057 E RobotCore: 	at java.io.BufferedInputStream.read(BufferedInputStream.java:325)
01-02 16:59:58.960 13037 13057 E RobotCore: 	at java.io.FilterInputStream.read(FilterInputStream.java:107)
01-02 16:59:58.963 13037 13057 E RobotCore: 	at com.qualcomm.robotcore.util.RunShellCommand.runCommand(RunShellCommand.java:103)
01-02 16:59:58.965 13037 13057 E RobotCore: 	at com.qualcomm.robotcore.util.RunShellCommand.run(RunShellCommand.java:71)
01-02 16:59:58.970 13037 13057 E RobotCore: 	at com.qualcomm.robotcore.util.RobotLog$LoggingThread.run(RobotLog.java:72)
01-02 16:59:58.972 13037 13057 E RobotCore: 	at com.qualcomm.robotcore.util.RobotLog$1.run(RobotLog.java:576)
01-02 16:59:58.986 13037 13037 V OnBotJavaService: onTaskRemoved()
01-02 16:59:58.986 13037 13037 V MTPMonitorService: onTaskRemoved()
01-02 16:59:58.987 13037 13037 V FTCService: onUnbind()
01-02 16:59:58.987 13037 13037 V WifiDirect: There are 1 Wifi Direct Assistant Clients (-)
01-02 16:59:58.988 13037 13037 V Robocol : EventLoopManager.close()
01-02 16:59:58.988 13037 13037 I SetupRunnable: Shutting down setup and receive loop
01-02 16:59:59.042 13037 13152 V RobotCore: thread: ...terminating 'RecvLoopRunnable.run()'
01-02 16:59:59.042 13037 13037 V PeerDiscovery: Stopping peer discovery
01-02 16:59:59.043 13037 13037 D Robocol : RobocolDatagramSocket is closed
01-02 16:59:59.043 13037 13037 V FTCService: onDestroy()
01-02 16:59:59.043 13037 13037 V WebServer: stopping port=8080
01-02 16:59:59.044 13037 13037 V WifiDirect: There are 0 Wifi Direct Assistant Clients (-)
01-02 16:59:59.044 13037 13037 V WifiDirect: Disabling Wifi Direct Assistant
01-02 16:59:59.045 13037 13037 V WifiDirectInviteMonitor: stopMonitoring()
01-02 16:59:59.047 13037 13037 V WebServer: stopped port=8080
01-02 16:59:59.048 13037 13037 I Choreographer: Skipped 37 frames!  The application may be doing too much work on its main thread.
01-02 16:59:59.048 13037 13037 V FtcRobotControllerWatchdogService: onDestroy()
01-02 17:00:15.119 13324 13324 V AppUtil : initializing: getExternalStorageDirectory()=/storage/emulated/0
01-02 17:00:15.124 13324 13324 I AppUtil : found usbFileSystemRoot: /dev/bus/usb
01-02 17:00:15.128 13324 13324 V ServiceStarter: attempting to start service MediaTransferProtocolMonitorService
01-02 17:00:15.129 13324 13341 V RobotCore: saving logcat to /storage/emulated/0/robotControllerLog.txt
01-02 17:00:15.129 13324 13341 V RobotCore: logging command line: exec logcat -f /storage/emulated/0/robotControllerLog.txt -r4096 -n4 -v threadtime UsbRequestJNI:S UsbRequest:S art:W ThreadPool:W System:W ExtendedExtractor:W OMXClient:W MediaPlayer:W dalvikvm:W  *:V
01-02 17:00:15.136 13324 13324 V ServiceStarter: started service MediaTransferProtocolMonitorService
01-02 17:00:15.137 13324 13324 V ServiceStarter: attempting to start service OnBotJavaService
01-02 17:00:15.141 13324 13324 V ServiceStarter: started service OnBotJavaService
01-02 17:00:15.151 13324 13324 V AppUtil : rootActivity=FtcRobotControllerActivity
01-02 17:00:15.151 13324 13324 V RCActivity: onCreate()
01-02 17:00:15.159 13324 13324 V RCActivity: rootActivity is of class FtcRobotControllerActivity
01-02 17:00:15.172 13324 13346 V CallbackLooper: thread=1017
01-02 17:00:15.176 13324 13324 V NetDiscover_wifiDirectAgent: doStart()...
01-02 17:00:15.180 13324 13346 V NetDiscover_wifiDirectAgent_bcast: wifiP2pEnabled=true
01-02 17:00:15.180 13324 13341 I RobotCore: Done running ps
01-02 17:00:15.189 13324 13346 D NetDiscover_wifiDirectAgent_bcast: connection changed: networkInfo.state=CONNECTED
01-02 17:00:15.189 13324 13346 V NetDiscover_wifiDirectAgent_bcast: NetworkInfo: [type: WIFI_P2P[], state: CONNECTED/CONNECTED, reason: (unspecified), extra: (none), failover: false, available: true, roaming: false, metered: false]
01-02 17:00:15.189 13324 13346 V NetDiscover_wifiDirectAgent_bcast: WifiP2pInfo: groupFormed: true isGroupOwner: true groupOwnerAddress: /192.168.49.1 mccMode: false
01-02 17:00:15.190 13324 13346 V NetDiscover_wifiDirectAgent_bcast: WifiP2pGroup: network: DIRECT-0V-5921-A-RC, isGO: true, GO: Device: , deviceAddress: cc:61:e5:17:31:21, primary type: null, secondary type: null, wps: 0, grpcapab: 0, devcapab: 0, status: 4, wfdInfo: WFD enabled: falseWFD DeviceInfo: 0, WFD CtrlPort: 0, WFD MaxThroughput: 0, level: 0, Client: Device: 5921-A-DS, deviceAddress: 68:c4:4d:43:43:6f, primary type: 10-0050F204-5, secondary type: null, wps: 392, grpcapab: 0, devcapab: 33, status: 0, wfdInfo: null, level: 60, interface: p2p0, networkId: 0
01-02 17:00:15.191 13324 13324 V NetDiscover_wifiDirectAgent: ...doStart()
01-02 17:00:15.192 13324 13346 V NetDiscover_wifiDirectAgent_bcast: this device changed: Device=5921-A-RC deviceAddress=cc:61:e5:17:31:21 primary type=10-0050F204-5 secondary type=null wps=0 grpcapab=0 devcapab=0 status=0 wfdInfo=WFD enabled=falseWFD DeviceInfo=0 WFD CtrlPort=0 WFD MaxThroughput=0 level=0
01-02 17:00:15.192 13324 13346 V NetDiscover_wifiDirectAgent_bcast: p2p discoverPeers()=false
01-02 17:00:15.192 13324 13346 V NetDiscover_wifiDirectAgent_bcast: wifi direct remembered groups cleared
01-02 17:00:15.192 13324 13324 V NetDiscover_name: doStart()...
01-02 17:00:15.193 13324 13324 V NetDiscover_name: ...doStart()
01-02 17:00:15.193 13324 13324 V NetDiscover_prefremrc: ----- all preferences -----
01-02 17:00:15.194 13324 13324 V NetDiscover_prefremrc: name='pref_wifip2p_groupowner_connectedto' value=
01-02 17:00:15.194 13324 13324 V NetDiscover_prefremrc: name='pref_has_speaker' value=true
01-02 17:00:15.194 13324 13324 V NetDiscover_prefremrc: name='pref_pairing_kind' value=WIFIDIRECT
01-02 17:00:15.194 13324 13324 V NetDiscover_prefremrc: name='pref_has_independent_phone_battery' value=true
01-02 17:00:15.194 13324 13324 V NetDiscover_prefremrc: name='pref_app_theme' value=red
01-02 17:00:15.194 13324 13324 V NetDiscover_prefremrc: name='pref_wifip2p_remote_channel_change_works' value=true
01-02 17:00:15.194 13324 13346 V NetDiscover_wifiDirectAgent_bcast: wifiState=ENABLED
01-02 17:00:15.194 13324 13324 V NetDiscover_prefremrc: name='pref_device_name' value=5921-A-RC
01-02 17:00:15.194 13324 13324 V NetDiscover_prefremrc: name='pref_hardware_config_filename' value={"isDirty":false,"location":"LOCAL_STORAGE","name":"2018-2019 Armstrong","resourceId":0}
01-02 17:00:15.194 13324 13324 V NetDiscover_prefremrc: name='pref_device_name_old' value=5921-A-RC
01-02 17:00:15.195 13324 13346 V NetDiscover_wifiDirectAgent: found persistent group: DIRECT-0V-5921-A-RC
01-02 17:00:15.195 13324 13324 V NetDiscover_prefremrc: name='pref_device_name_tracking' value=WIFIDIRECT
01-02 17:00:15.195 13324 13324 V NetDiscover_prefremrc: name='pref_sound_on_off' value=true
01-02 17:00:15.195 13324 13324 V NetDiscover_prefremrc: name='pref_rc_connected' value=true
01-02 17:00:15.195 13324 13324 V NetDiscover_prefremrc: doStart()...
01-02 17:00:15.195 13324 13324 V NetDiscover_prefremrc: ...doStart()
01-02 17:00:15.211 13347 13347 W sh      : type=1400 audit(0.0:93): avc: denied { read } for uid=10146 name="/" dev="rootfs" ino=1 scontext=u:r:untrusted_app:s0:c512,c768 tcontext=u:object_r:rootfs:s0 tclass=dir permissive=0
01-02 17:00:15.247 13324 13324 D ApplicationLoaders: ignored Vulkan layer search path /data/app/com.google.android.webview-2/lib/arm:/data/app/com.google.android.webview-2/base.apk!/lib/armeabi-v7a for namespace 0xb2fd8090
01-02 17:00:15.251 13324 13324 I WebViewFactory: Loading com.google.android.webview version 64.0.3282.137 (code 328213700)
01-02 17:00:15.300 13324 13324 I cr_LibraryLoader: Time to load native libraries: 1 ms (timestamps 8359-8360)
01-02 17:00:15.326 13324 13324 I chromium: [INFO:library_loader_hooks.cc(36)] Chromium logging enabled: level = 0, default verbosity = 0
01-02 17:00:15.327 13324 13324 I cr_LibraryLoader: Expected native library version number "64.0.3282.137", actual native library version number "64.0.3282.137"
01-02 17:00:15.362 13324 13324 I cr_BrowserStartup: Initializing chromium process, singleProcess=true
01-02 17:00:15.363 13324 13324 I cr_base : Android Locale: en_US requires .pak files: []
01-02 17:00:15.396 13324 13324 I Adreno-EGL: <qeglDrvAPI_eglInitialize:379>: EGL 1.4 QUALCOMM build: Nondeterministic_AU_msm8916_32_LA.BR.1.2.9_RB1__release_AU (I750f7f2fa6)
01-02 17:00:15.396 13324 13324 I Adreno-EGL: OpenGL ES Shader Compiler Version: XE031.09.00.03
01-02 17:00:15.396 13324 13324 I Adreno-EGL: Build Date: 02/18/17 Sat
01-02 17:00:15.396 13324 13324 I Adreno-EGL: Local Branch: 
01-02 17:00:15.396 13324 13324 I Adreno-EGL: Remote Branch: quic/LA.BR.1.2.9_rb1.12
01-02 17:00:15.396 13324 13324 I Adreno-EGL: Local Patches: NONE
01-02 17:00:15.396 13324 13324 I Adreno-EGL: Reconstruct Branch: NOTHING
01-02 17:00:15.401 13324 13324 W robotcontroller: type=1400 audit(0.0:94): avc: denied { read } for uid=10146 name="gpuclk" dev="sysfs" ino=11560 scontext=u:r:untrusted_app:s0:c512,c768 tcontext=u:object_r:sysfs:s0 tclass=file permissive=0
01-02 17:00:15.402 13324 13324 W Adreno-ES20: <get_gpu_clk:229>: open failed: errno 13
01-02 17:00:15.442 13324 13362 E chromium: [ERROR:instance.cc(49)] Unable to locate service manifest for metrics
01-02 17:00:15.443 13324 13362 E chromium: [ERROR:service_manager.cc(890)] Failed to resolve service name: metrics
01-02 17:00:15.612 13324 13324 V OnBotJava: OnBotJavaManager::static
01-02 17:00:15.866 13324 13324 W art     : Found duplicate classes, falling back to interpreter mode for /data/app/com.qualcomm.ftcrobotcontroller-1/base.apk
01-02 17:00:15.866 13324 13324 W art     : Found duplicated class when checking oat files: 'Landroid/support/annotation/Keep;' in /data/app/com.qualcomm.ftcrobotcontroller-1/base.apk and /data/app/com.google.android.webview-2/base.apk
01-02 17:00:16.466 13324 13324 V OnBotJava: getCurrentOutputJarDir() unavailable
01-02 17:00:16.466 13324 13324 V OnBotJava: getCurrentOutputJarDir() unavailable
01-02 17:00:17.667 13324 13324 V UpdateUI: Network: inactive, disconnected
01-02 17:00:17.668 13324 13324 V ServiceStarter: attempting to start service FtcRobotControllerWatchdogService
01-02 17:00:17.670 13324 13324 V ServiceStarter: started service FtcRobotControllerWatchdogService
01-02 17:00:17.675 13324 13324 V RobotCore: BuildConfig: versionCode=31 versionName=4.3 module=com.qualcomm.ftcrobotcontroller
01-02 17:00:17.675 13324 13324 V RobotCore: BuildConfig: versionCode=55 versionName=8.9 module=com.qualcomm.robotcore
01-02 17:00:17.675 13324 13324 V RobotCore: BuildConfig: versionCode=55 versionName=8.9 module=com.qualcomm.hardware
01-02 17:00:17.675 13324 13324 V RobotCore: BuildConfig: versionCode=55 versionName=8.9 module=com.qualcomm.ftccommon
01-02 17:00:17.676 13324 13324 V RobotCore: BuildConfig: versionCode=55 versionName=8.9 module=com.google.blocks
01-02 17:00:17.676 13324 13324 V RobotCore: BuildConfig: versionCode=55 versionName=8.9 module=org.firstinspires.inspection
01-02 17:00:17.676 13324 13324 I RCActivity: 410c serial number: ZY223QSZCJ
01-02 17:00:17.676 13324 13324 I RobotCore: Android Device: maker=motorola model=XT1609 sdk=25
01-02 17:00:17.678 13324 13324 V RCActivity: onStart()
01-02 17:00:17.681 13324 13324 V RCActivity: onResume()
01-02 17:00:17.711 13324 13324 V MTPMonitorService: onCreate()
01-02 17:00:17.711 13324 13324 V MTPMonitorService: onStartCommand() intent=Intent { cmp=com.qualcomm.ftcrobotcontroller/org.firstinspires.ftc.robotcore.internal.files.MediaTransferProtocolMonitorService } flags=0x0 startId=1
01-02 17:00:17.713 13324 13324 V MTPMonitor: observing: /storage/emulated/0
01-02 17:00:17.781 13324 13324 W FileObserverManager: upgrading mask: path=/storage/emulated/0/FIRST/blocks old=0x00000ffc new=0x00004ffc: might possibly miss event
01-02 17:00:17.786 13324 13324 W FileObserverManager: upgrading mask: path=/storage/emulated/0/FIRST/java/status old=0x00000ffc new=0x00004ffc: might possibly miss event
01-02 17:00:17.843 13324 13324 V OnBotJavaService: onCreate()
01-02 17:00:17.843 13324 13324 V OnBotJavaService: onStartCommand() intent=Intent { cmp=com.qualcomm.ftcrobotcontroller/org.firstinspires.ftc.robotcore.internal.opmode.OnBotJavaService } flags=0x0 startId=1
01-02 17:00:17.843 13324 13324 V OnBotJava: ctor()...
01-02 17:00:17.844 13324 13324 V OnBotJava: ...ctor()
01-02 17:00:17.861 13324 13324 V MTPMonitorService: onConfigurationChanged()
01-02 17:00:17.862 13324 13324 V OnBotJavaService: onConfigurationChanged()
01-02 17:00:17.874 13324 13324 V FtcRobotControllerWatchdogService: onCreate()
01-02 17:00:17.874 13324 13324 V FtcRobotControllerWatchdogService: onStartCommand() intent=Intent { cmp=com.qualcomm.ftcrobotcontroller/org.firstinspires.ftc.ftccommon.internal.FtcRobotControllerWatchdogService } flags=0x0 startId=1
01-02 17:00:17.875 13324 13324 V FtcRobotControllerWatchdogService: shouldAutoLauchRobotController() result=false
01-02 17:00:17.875 13324 13324 V FTCService: onCreate()
01-02 17:00:17.876 13324 13324 V FTCService: onBind()
01-02 17:00:17.881 13324 13324 V WebServer: creating NanoHTTPD(8080)
01-02 17:00:17.888 13324 13324 V RobotCore: Getting network assistant of type: WIFIDIRECT
01-02 17:00:17.891 13324 13324 V NetDiscover_prefremrc: onSharedPreferenceChanged(name=pref_wifip2p_groupowner_connectedto, value=null)
01-02 17:00:17.891 13324 13324 V WifiDirect: There are 1 Wifi Direct Assistant Clients (+)
01-02 17:00:17.891 13324 13324 V WifiDirect: Enabling Wifi Direct Assistant
01-02 17:00:17.893 13324 13324 V WifiDirectInviteMonitor: startMonitoring()
01-02 17:00:17.896 13324 13346 V NetDiscover_wifiDirectAgent_bcast: wifiP2pEnabled=true
01-02 17:00:17.897 13324 13346 D NetDiscover_wifiDirectAgent_bcast: connection changed: networkInfo.state=CONNECTED
01-02 17:00:17.897 13324 13346 V NetDiscover_wifiDirectAgent_bcast: NetworkInfo: [type: WIFI_P2P[], state: CONNECTED/CONNECTED, reason: (unspecified), extra: (none), failover: false, available: true, roaming: false, metered: false]
01-02 17:00:17.897 13324 13346 V NetDiscover_wifiDirectAgent_bcast: WifiP2pInfo: groupFormed: true isGroupOwner: true groupOwnerAddress: /192.168.49.1 mccMode: false
01-02 17:00:17.898 13324 13346 V NetDiscover_wifiDirectAgent_bcast: WifiP2pGroup: network: DIRECT-0V-5921-A-RC, isGO: true, GO: Device: , deviceAddress: cc:61:e5:17:31:21, primary type: null, secondary type: null, wps: 0, grpcapab: 0, devcapab: 0, status: 4, wfdInfo: WFD enabled: falseWFD DeviceInfo: 0, WFD CtrlPort: 0, WFD MaxThroughput: 0, level: 0, Client: Device: 5921-A-DS, deviceAddress: 68:c4:4d:43:43:6f, primary type: 10-0050F204-5, secondary type: null, wps: 392, grpcapab: 0, devcapab: 33, status: 0, wfdInfo: null, level: 60, interface: p2p0, networkId: 0
01-02 17:00:17.898 13324 13346 V NetDiscover_wifiDirectAgent_bcast: this device changed: Device=5921-A-RC deviceAddress=cc:61:e5:17:31:21 primary type=10-0050F204-5 secondary type=null wps=0 grpcapab=0 devcapab=0 status=0 wfdInfo=WFD enabled=falseWFD DeviceInfo=0 WFD CtrlPort=0 WFD MaxThroughput=0 level=0
01-02 17:00:17.898 13324 13346 V NetDiscover_name: remembering wifiDirectName: 5921-A-RC...
01-02 17:00:17.899 13324 13346 V NetDiscover_name: wifiDirectName=5921-A-RC
01-02 17:00:17.899 13324 13346 V NetDiscover_name: ...remembering wifiDirectName
01-02 17:00:17.899 13324 13346 V NetDiscover_wifiDirectAgent_bcast: p2p discoverPeers()=false
01-02 17:00:17.899 13324 13346 V NetDiscover_wifiDirectAgent_bcast: wifi direct remembered groups cleared
01-02 17:00:17.899 13324 13346 V NetDiscover_wifiDirectAgent_bcast: wifiState=ENABLED
01-02 17:00:17.938 13324 13379 I OpenGLRenderer: Initialized EGL, version 1.4
01-02 17:00:17.938 13324 13379 D OpenGLRenderer: Swap behavior 1
01-02 17:00:17.939 13324 13379 W Adreno-ES20: <get_gpu_clk:229>: open failed: errno 13
01-02 17:00:17.951 13324 13324 D WifiDirect: broadcast: state - enabled: true
01-02 17:00:17.938 13379 13379 W RenderThread: type=1400 audit(0.0:95): avc: denied { read } for uid=10146 name="gpuclk" dev="sysfs" ino=11560 scontext=u:r:untrusted_app:s0:c512,c768 tcontext=u:object_r:sysfs:s0 tclass=file permissive=0
01-02 17:00:17.952 13324 13324 V WifiDirect: writing pref name=pref_wifip2p_groupowner_connectedto value=
01-02 17:00:17.952 13324 13324 V NetDiscover_prefremrc: onSharedPreferenceChanged(name=pref_wifip2p_groupowner_connectedto, value=)
01-02 17:00:17.953 13324 13324 D WifiDirect: broadcast: this device changed
01-02 17:00:17.953 13324 13324 V WifiDirect: device information: 5921-A-RC cc:61:e5:17:31:21
01-02 17:00:17.953 13324 13324 D WifiDirect: cannot create group, does group already exist?
01-02 17:00:17.954 13324 13324 V FTCService: RCActivity.controllerService=bound
01-02 17:00:17.954 13324 13324 V UpdateUI: Network: unknown, disconnected
01-02 17:00:17.955 13324 13324 V RobotCore: Robot Status: stopped
01-02 17:00:17.963 13324 13385 V RobotCore: thread: 'RobotSetupRunnable.run()' starting...
01-02 17:00:17.963 13324 13385 V FTCService: Processing robot setup
01-02 17:00:17.964 13324 13385 V RobotCore: Robot Status: stopped, scanning for USB devices
01-02 17:00:18.023 13324 13324 D WifiDirect: group owners address: /192.168.49.1
01-02 17:00:18.023 13324 13324 D WifiDirect: group formed, this device is the group owner (GO)
01-02 17:00:18.024 13324 13324 I FTCService: onNetworkConnectionEvent: CONNECTED_AS_GROUP_OWNER
01-02 17:00:18.024 13324 13324 I FTCService: Wifi Direct - connected as group owner
01-02 17:00:18.039 13324 13324 V UpdateUI: Network: enabled, disconnected
01-02 17:00:18.077 13324 13324 V WifiDirect: connection information available
01-02 17:00:18.077 13324 13324 V WifiDirect: connection information - groupOwnerName = 5921-A-RC
01-02 17:00:18.077 13324 13324 V WifiDirect: connection information - groupOwnerMacAddress = cc:61:e5:17:31:21
01-02 17:00:18.077 13324 13324 V WifiDirect: connection information - groupInterface = p2p0
01-02 17:00:18.077 13324 13324 V WifiDirect: connection information - groupNetworkName = DIRECT-0V-5921-A-RC
01-02 17:00:18.077 13324 13324 I FTCService: onNetworkConnectionEvent: CONNECTION_INFO_AVAILABLE
01-02 17:00:18.077 13324 13324 I FTCService: Network Connection Passphrase: ZarmiaP4
01-02 17:00:18.078 13324 13324 V WebServer: starting port=8080
01-02 17:00:18.081 13324 13388 W cr_CrashFileManager: /data/user/0/com.qualcomm.ftcrobotcontroller/cache/WebView/Crash Reports does not exist or is not a directory
01-02 17:00:18.089 13324 13324 V RobotCore: Getting network assistant of type: WIFIDIRECT
01-02 17:00:18.089 13324 13324 V WifiDirect: There are 2 Wifi Direct Assistant Clients (+)
01-02 17:00:18.092 13324 13346 V NetDiscover_wifiDirectAgent_bcast: wifiP2pEnabled=true
01-02 17:00:18.092 13324 13346 D NetDiscover_wifiDirectAgent_bcast: connection changed: networkInfo.state=CONNECTED
01-02 17:00:18.093 13324 13346 V NetDiscover_wifiDirectAgent_bcast: NetworkInfo: [type: WIFI_P2P[], state: CONNECTED/CONNECTED, reason: (unspecified), extra: (none), failover: false, available: true, roaming: false, metered: false]
01-02 17:00:18.093 13324 13346 V NetDiscover_wifiDirectAgent_bcast: WifiP2pInfo: groupFormed: true isGroupOwner: true groupOwnerAddress: /192.168.49.1 mccMode: false
01-02 17:00:18.093 13324 13324 V WebServer: started port=8080
01-02 17:00:18.093 13324 13346 V NetDiscover_wifiDirectAgent_bcast: WifiP2pGroup: network: DIRECT-0V-5921-A-RC, isGO: true, GO: Device: , deviceAddress: cc:61:e5:17:31:21, primary type: null, secondary type: null, wps: 0, grpcapab: 0, devcapab: 0, status: 4, wfdInfo: WFD enabled: falseWFD DeviceInfo: 0, WFD CtrlPort: 0, WFD MaxThroughput: 0, level: 0, Client: Device: 5921-A-DS, deviceAddress: 68:c4:4d:43:43:6f, primary type: 10-0050F204-5, secondary type: null, wps: 392, grpcapab: 0, devcapab: 33, status: 0, wfdInfo: null, level: 60, interface: p2p0, networkId: 0
01-02 17:00:18.093 13324 13324 V UpdateUI: Network: active, disconnected
01-02 17:00:18.093 13324 13346 V NetDiscover_wifiDirectAgent_bcast: this device changed: Device=5921-A-RC deviceAddress=cc:61:e5:17:31:21 primary type=10-0050F204-5 secondary type=null wps=0 grpcapab=0 devcapab=0 status=0 wfdInfo=WFD enabled=falseWFD DeviceInfo=0 WFD CtrlPort=0 WFD MaxThroughput=0 level=0
01-02 17:00:18.093 13324 13346 V NetDiscover_name: remembering wifiDirectName: 5921-A-RC...
01-02 17:00:18.094 13324 13346 V NetDiscover_name: ...remembering wifiDirectName
01-02 17:00:18.094 13324 13346 V NetDiscover_wifiDirectAgent_bcast: p2p discoverPeers()=false
01-02 17:00:18.094 13324 13346 V NetDiscover_wifiDirectAgent_bcast: wifi direct remembered groups cleared
01-02 17:00:18.094 13324 13346 V NetDiscover_wifiDirectAgent_bcast: wifiState=ENABLED
01-02 17:00:19.784 13324 13386 W art     : Before Android 4.1, method double java.util.concurrent.ThreadLocalRandom.internalNextDouble(double, double) would have incorrectly overridden the package-private method in java.util.Random
01-02 17:00:19.784 13324 13386 W art     : Before Android 4.1, method int java.util.concurrent.ThreadLocalRandom.internalNextInt(int, int) would have incorrectly overridden the package-private method in java.util.Random
01-02 17:00:19.784 13324 13386 W art     : Before Android 4.1, method long java.util.concurrent.ThreadLocalRandom.internalNextLong(long, long) would have incorrectly overridden the package-private method in java.util.Random
01-02 17:00:22.966 13324 13385 V RobotCore: EventLoopManager state is NOT_STARTED
01-02 17:00:22.967 13324 13385 V RobotCore: Robot Status: stopped, waiting for Wifi to enable
01-02 17:00:22.969 13324 13385 I RobotCore: state = 3
01-02 17:00:22.970 13324 13385 V RobotCore: Robot Status: stopped, waiting for Wifi Direct to enable
01-02 17:00:22.971 13324 13385 V FTCService: Waiting for a connection to a wifi service
01-02 17:00:22.971 13324 13385 V RobotCore: Robot Status: stopped, waiting for network to become active
01-02 17:00:22.971 13324 13385 V WebServer: Asked an already running WebServer to start
01-02 17:00:22.972 13324 13385 V RobotCore: Robot Status: stopped, starting robot
01-02 17:00:22.972 13324 13385 V Robocol : EventLoopManager.start()
01-02 17:00:22.972 13324 13385 V RobotCore: Getting network assistant of type: WIFIDIRECT
01-02 17:00:22.972 13324 13385 V Robocol : Spoofing a Network Connection event...
01-02 17:00:22.973 13324 13385 I EventLoopManager: onNetworkConnectionEvent: CONNECTION_INFO_AVAILABLE
01-02 17:00:22.973 13324 13385 I Robocol : Received network connection event
01-02 17:00:22.973 13324 13385 I NetworkConnectionHandler: Handling new network connection infomation, connected: true setup needed: true
01-02 17:00:22.974 13324 13385 V RobotCore: EventLoopManager state is STOPPED
01-02 17:00:22.974 13324 13385 V Robocol : eventLoop=FtcEventLoop
01-02 17:00:22.974 13324 13385 V RobotCore: EventLoopManager state is INIT
01-02 17:00:22.975 13324 13385 V RobotCore: Robot Status: initializing, starting robot
01-02 17:00:22.975 13324 13385 I FtcEventLoop: ======= INIT START =======
01-02 17:00:22.976 13324 13385 V OpmodeRegistration: registered {DefaultOpMode} as {$Stop$Robot$}
01-02 17:00:22.976 13324 13391 V RobotCore: thread: 'SetupRunnable.run()' starting...
01-02 17:00:22.979 13324 13385 V FileBasedLock: locked /storage/emulated/0/FIRST/blocks/projectslock/lock.dat
01-02 17:00:22.981 13324 13385 V FileBasedLock: unlocking /storage/emulated/0/FIRST/blocks/projectslock/lock.dat
01-02 17:00:22.987 13324 13324 D WifiDirect: cannot create group, does group already exist?
01-02 17:00:22.988 13324 13391 D Robocol : RobocolDatagramSocket listening addr=/192.168.49.1:20884 cbRec=65520 cbSend=81920 msRecTO=300
01-02 17:00:22.988 13324 13385 V OpmodeRegistration: registered {LCHSCalibrate} as {LCHSCalibrate}
01-02 17:00:22.989 13324 13385 V OpmodeRegistration: registered {ConceptTensorFlowObjectDetection} as {Concept: TensorFlow Object Detection}
01-02 17:00:22.989 13324 13391 V Robocol : RecvLoopRunnable created
01-02 17:00:22.990 13324 13385 V OpmodeRegistration: registered {LeftCoop} as {Auto Left Coop}
01-02 17:00:22.990 13324 13385 V OpmodeRegistration: registered {SensorREV2mDistance} as {Sensor: REV2mDistance}
01-02 17:00:22.991 13324 13385 V OpmodeRegistration: registered {Test} as {Auto Test}
01-02 17:00:22.992 13324 13385 V OpmodeRegistration: registered {RightCoop} as {Auto Right Coop}
01-02 17:00:22.992 13324 13385 V OpmodeRegistration: registered {LeftSolo} as {Auto Left Solo}
01-02 17:00:22.993 13324 13391 V PeerDiscovery: Starting peer discovery remote: /192.168.49.1 local: /192.168.49.1
01-02 17:00:22.993 13324 13391 V PeerDiscovery: No need for peer discovery, we are the peer discovery device
01-02 17:00:22.993 13324 13385 V OpmodeRegistration: registered {LCHSTeleOp} as {LCHS TeleOp}
01-02 17:00:22.993 13324 13394 V RobotCore: thread: 'RecvLoopRunnable.run()' starting...
01-02 17:00:22.993 13324 13391 V RobotCore: Setup complete
01-02 17:00:22.993 13324 13391 V RobotCore: thread: ...terminating 'SetupRunnable.run()'
01-02 17:00:23.112 13324 13385 V HardwareFactory: createHardwareMap()
01-02 17:00:23.112 13324 13385 V WifiDirectInviteMonitor: clearUILynxModule()
01-02 17:00:23.133 13324 13385 V RobotCore: Creating REV Robotics USB Expansion Hub Portal [DQ1NE3V4]
01-02 17:00:23.134 13324 13385 V LynxUsb : creating new [DQ1NE3V4]: 0x05c2db70
01-02 17:00:23.143 13324 13385 V FtDevice: initialize(vid=0x0403 pid=0x6015 bcdDevice=0x1000)
01-02 17:00:23.143 13324 13385 V MonitoredUsbDeviceConnection: closing UsbDeviceConnection(DQ1NE3V4)
01-02 17:00:23.143 13324 13385 D UsbDeviceConnectionJNI: close
01-02 17:00:23.143 13324 13385 V MonitoredUsbDeviceConnection: closing UsbDeviceConnection(DQ1NE3V4)
01-02 17:00:23.143 13324 13385 D UsbDeviceConnectionJNI: close
01-02 17:00:23.144 13324 13385 V FtDeviceManager: createDeviceInfoList(): 1 USB devices
01-02 17:00:23.147 13324 13394 D RobotCore: system telemetry: key=$System$None$ msg=""
01-02 17:00:23.148 13324 13385 V FtDevice: vv********************DQ1NE3V4 opening********************vv 0x089f8e0f
01-02 17:00:23.150 13324 13385 V FtDevice: ^^********************DQ1NE3V4 opened ********************^^
01-02 17:00:23.150 13324 13385 V FtDevice: resetting DQ1NE3V4
01-02 17:00:23.152 13324 13394 V PeerDiscovery: new remote peer discovered: 192.168.49.245
01-02 17:00:23.152 13324 13394 D Robocol : RobocolDatagramSocket connected to /192.168.49.245:20884
01-02 17:00:23.153 13324 13394 V NetworkConnectionHandler: starting sending loop
01-02 17:00:23.153 13324 13394 V Robocol : SendOnceRunnable created
01-02 17:00:23.168 13324 13385 V LynxUsb : armDevice() serial=DQ1NE3V4...
01-02 17:00:23.168 13324 13385 V LynxModule: resetDevice() serial=DQ1NE3V4
01-02 17:00:23.204 13324 13394 V NetDiscover_prefremrc: sendAllPreferences()
01-02 17:00:23.205 13324 13394 V NetDiscover_prefremrc: sending RC pref name=pref_wifip2p_remote_channel_change_works value=true
01-02 17:00:23.210 13324 13394 V NetDiscover_prefremrc: sending RC pref name=pref_device_name value=5921-A-RC
01-02 17:00:23.210 13324 13394 V NetDiscover_prefremrc: sending RC pref name=pref_has_independent_phone_battery value=true
01-02 17:00:23.211 13324 13394 V NetDiscover_prefremrc: sending RC pref name=pref_has_speaker value=true
01-02 17:00:23.212 13324 13394 V NetDiscover_prefremrc: sending RC pref name=pref_app_theme value=red
01-02 17:00:23.213 13324 13394 V NetDiscover_prefremrc: sending RC pref name=pref_sound_on_off value=true
01-02 17:00:23.233 13324 13398 V Robocol : sending CMD_NOTIFY_USER_DEVICE_LIST(17), attempt: 0
01-02 17:00:23.236 13324 13398 V Robocol : sending CMD_ROBOT_CONTROLLER_PREFERENCE(18), attempt: 0
01-02 17:00:23.237 13324 13398 V Robocol : sending CMD_ROBOT_CONTROLLER_PREFERENCE(19), attempt: 0
01-02 17:00:23.237 13324 13398 V Robocol : sending CMD_ROBOT_CONTROLLER_PREFERENCE(20), attempt: 0
01-02 17:00:23.238 13324 13398 V Robocol : sending CMD_ROBOT_CONTROLLER_PREFERENCE(21), attempt: 0
01-02 17:00:23.241 13324 13398 V Robocol : sending CMD_ROBOT_CONTROLLER_PREFERENCE(22), attempt: 0
01-02 17:00:23.242 13324 13398 V Robocol : sending CMD_ROBOT_CONTROLLER_PREFERENCE(23), attempt: 0
01-02 17:00:23.244 13324 13394 V UpdateUI: Network: active, connected
01-02 17:00:23.295 13324 13394 V Robocol : received command: CMD_REQUEST_UI_STATE(10009) 
01-02 17:00:23.303 13324 13401 V SoundInfo: construct(0x046dc534)
01-02 17:00:23.323 13324 13400 E WVMExtractor: Failed to open libwvm.so: dlopen failed: library "libwvm.so" not found
01-02 17:00:23.355 13324 13400 I MediaCodec: (0x956dc5c0) init name(audio/raw) isType(1) encoder(0)
01-02 17:00:23.363 13324 13405 I MediaCodec: (0x956dc5c0) Component Allocated (OMX.google.raw.decoder)
01-02 17:00:23.363 13324 13400 I MediaCodec: (0x956dc5c0) configure surface(0x0) crypto(0x0) flags(0)
01-02 17:00:23.364 13324 13400 D MediaCodec: (0x956dc5c0) configure format: AMessage(what = 0x00000000) = {
01-02 17:00:23.364 13324 13400 D MediaCodec:       string mime = "audio/raw"
01-02 17:00:23.364 13324 13400 D MediaCodec:       int64_t durationUs = 485011
01-02 17:00:23.364 13324 13400 D MediaCodec:       int32_t track-id = 1
01-02 17:00:23.364 13324 13400 D MediaCodec:       int32_t channel-count = 2
01-02 17:00:23.364 13324 13400 D MediaCodec:       int32_t sample-rate = 44100
01-02 17:00:23.364 13324 13400 D MediaCodec:       int32_t channel-mask = 0
01-02 17:00:23.364 13324 13400 D MediaCodec:       int32_t pcm-encoding = 2
01-02 17:00:23.364 13324 13400 D MediaCodec:     }
01-02 17:00:23.367 13324 13400 I MediaCodec: (0x956dc5c0) start
01-02 17:00:23.377 13324 13405 I MediaCodec: (0x956dc5c0) input buffers allocated
01-02 17:00:23.377 13324 13405 I MediaCodec: (0x956dc5c0) numBuffers (4)
01-02 17:00:23.377 13324 13405 I MediaCodec: (0x956dc5c0) output buffers allocated
01-02 17:00:23.377 13324 13405 I MediaCodec: (0x956dc5c0) numBuffers (4)
01-02 17:00:23.387 13324 13405 D MediaCodec: (0x956dc5c0) [OMX.google.raw.decoder] output format changed to: AMessage(what = 0x00000000) = {
01-02 17:00:23.387 13324 13405 D MediaCodec:       string mime = "audio/raw"
01-02 17:00:23.387 13324 13405 D MediaCodec:       int32_t channel-count = 2
01-02 17:00:23.387 13324 13405 D MediaCodec:       int32_t sample-rate = 44100
01-02 17:00:23.387 13324 13405 D MediaCodec:       int32_t pcm-encoding = 2
01-02 17:00:23.387 13324 13405 D MediaCodec:       int32_t bit-width = 16
01-02 17:00:23.387 13324 13405 D MediaCodec:       int32_t channel-mask = 0
01-02 17:00:23.387 13324 13405 D MediaCodec:     }
01-02 17:00:23.400 13324 13400 I MediaCodec: (0x956dc5c0) stop
01-02 17:00:23.405 13324 13400 I MediaCodec: (0x956dc5c0) release
01-02 17:00:23.410 13324 13346 D SoundPlayer: onLoadComplete(samp=1|ms=485, samp=1)=0
01-02 17:00:23.413 13324 13401 W AudioTrack: AUDIO_OUTPUT_FLAG_FAST denied by client; transfer 4, track 44100 Hz, output 48000 Hz
01-02 17:00:23.420 13324 13401 D SoundPlayer: playing volume=1.000000 samp=1|ms=485
01-02 17:00:23.435 13324 13398 V Robocol : sending CMD_PLAY_SOUND(35), attempt: 0
01-02 17:00:23.523 13324 13385 V LynxUsb : ...done armDevice()
01-02 17:00:23.524 13324 13385 V LynxUsb : 0x0b8618ff on 0x05c2db70: new delegate to [DQ1NE3V4]
01-02 17:00:23.524 13324 13385 V RobotCore: Creating Lynx Module - mod=2 parent=false
01-02 17:00:23.525 13324 13411 V RobotCore: thread: 'lynx incoming datagrams' starting...
01-02 17:00:23.527 13324 13385 V RobotCore: Creating Lynx Module - mod=3 parent=false
01-02 17:00:23.528 13324 13385 V LynxUsb : addConfiguredModule() module#=2
01-02 17:00:23.528 13324 13385 V LynxModule: pingAndQueryKnownInterfaces mod=2
01-02 17:00:23.532 13324 13411 V LynxUsb : synchronization gained: serial=DQ1NE3V4
01-02 17:00:23.546 13324 13385 V LynxModule: mod#=2 queryInterface(DEKA)=54 commands starting at 4096
01-02 17:00:23.553 13324 13385 V LynxModule: sending LynxFtdiResetControlCommand(true) wasInterrupted=false
01-02 17:00:23.562 13324 13412 V LynxModule: received status: LynxGetModuleStatusResponse(status=0x02 alerts=0x00: Reset)
01-02 17:00:23.565 13324 13385 V LynxModule: sendLEDPatternSteps(): #steps=6
01-02 17:00:23.574 13324 13385 V LynxUsb : addConfiguredModule() module#=3
01-02 17:00:23.574 13324 13385 V LynxModule: pingAndQueryKnownInterfaces mod=3
01-02 17:00:23.584 13324 13385 V LynxModule: mod#=3 queryInterface(DEKA)=54 commands starting at 4096
01-02 17:00:23.592 13324 13385 V LynxModule: sending LynxFtdiResetControlCommand(true) wasInterrupted=false
01-02 17:00:23.602 13324 13385 V LynxModule: sendLEDPatternSteps(): #steps=8
01-02 17:00:23.607 13324 13413 V LynxModule: received status: LynxGetModuleStatusResponse(status=0x05 alerts=0x00: KeepAliveTimeout|FailSafe)
01-02 17:00:23.607 13324 13413 V LynxModule: resendCurrentPattern()
01-02 17:00:23.608 13324 13413 V LynxModule: sendLEDPatternSteps(): #steps=8
01-02 17:00:23.624 13324 13385 V LynxMotor: initializeHardware() mod#=2
01-02 17:00:23.718 13324 13385 V RobotCore: DcMotorImpl(type=NeveRest60Gearmotor)
01-02 17:00:23.719 13324 13385 V RobotCore: DcMotorImpl(type=NeveRest20Gearmotor)
01-02 17:00:23.719 13324 13385 V LynxServoController: initializeHardware() mod#=2
01-02 17:00:23.770 13324 13385 V LynxVoltageSensor: initializeHardware() mod#=2
01-02 17:00:23.770 13324 13385 V LynxPwmOutputController: initializeHardware() mod#=2
01-02 17:00:23.775 13324 13385 W LynxPwmOutputController: LynxSetPWMEnableCommand not implemented by lynx hw; ignoring
01-02 17:00:23.777 13324 13394 V Robocol : received command: CMD_INIT_OP_MODE(10016) $Stop$Robot$
01-02 17:00:23.780 13324 13385 W LynxPwmOutputController: LynxSetPWMConfigurationCommand not implemented by lynx hw; ignoring
01-02 17:00:23.785 13324 13385 W LynxPwmOutputController: LynxSetPWMEnableCommand not implemented by lynx hw; ignoring
01-02 17:00:23.790 13324 13385 W LynxPwmOutputController: LynxSetPWMConfigurationCommand not implemented by lynx hw; ignoring
01-02 17:00:23.795 13324 13385 W LynxPwmOutputController: LynxSetPWMEnableCommand not implemented by lynx hw; ignoring
01-02 17:00:23.800 13324 13385 W LynxPwmOutputController: LynxSetPWMConfigurationCommand not implemented by lynx hw; ignoring
01-02 17:00:23.805 13324 13385 W LynxPwmOutputController: LynxSetPWMEnableCommand not implemented by lynx hw; ignoring
01-02 17:00:23.811 13324 13385 W LynxPwmOutputController: LynxSetPWMConfigurationCommand not implemented by lynx hw; ignoring
01-02 17:00:23.811 13324 13385 V LynxAnalogInputController: initializeHardware() mod#=2
01-02 17:00:23.812 13324 13385 V LynxDigitalChannelController: initializeHardware() mod#=2
01-02 17:00:23.844 13324 13385 V RobotCore: Creating user sensor REV Expansion Hub IMU - on Lynx module=2 bus=0
01-02 17:00:23.845 13324 13385 V RobotCore: Creating I2cDeviceSynch (Lynx) - mod=2 bus=0
01-02 17:00:23.845 13324 13385 I RobotCore: LynxFirmwareVersionManager: LynxI2cDeviceSynchV2
01-02 17:00:23.846 13324 13385 V LynxI2cDeviceSynch: initializeHardware() mod#=2
01-02 17:00:23.848 13324 13385 V RobotCore: Creating user sensor REV 2M Distance Sensor - on Lynx module=2 bus=1
01-02 17:00:23.850 13324 13385 V RobotCore: Creating I2cDeviceSynch (Lynx) - mod=2 bus=1
01-02 17:00:23.850 13324 13385 I RobotCore: LynxFirmwareVersionManager: LynxI2cDeviceSynchV2
01-02 17:00:23.850 13324 13385 V LynxI2cDeviceSynch: initializeHardware() mod#=2
01-02 17:00:23.851 13324 13385 V RobotCore: Creating user sensor REV 2M Distance Sensor - on Lynx module=2 bus=2
01-02 17:00:23.851 13324 13385 V RobotCore: Creating I2cDeviceSynch (Lynx) - mod=2 bus=2
01-02 17:00:23.851 13324 13385 I RobotCore: LynxFirmwareVersionManager: LynxI2cDeviceSynchV2
01-02 17:00:23.852 13324 13385 V LynxI2cDeviceSynch: initializeHardware() mod#=2
01-02 17:00:23.853 13324 13385 V LynxMotor: initializeHardware() mod#=3
01-02 17:00:23.956 13324 13385 V RobotCore: DcMotorImpl(type=NeveRest40Gearmotor)
01-02 17:00:23.957 13324 13385 V RobotCore: DcMotorImpl(type=NeveRest40Gearmotor)
01-02 17:00:23.957 13324 13385 V RobotCore: DcMotorImpl(type=NeveRest40Gearmotor)
01-02 17:00:23.957 13324 13385 V RobotCore: DcMotorImpl(type=NeveRest40Gearmotor)
01-02 17:00:23.959 13324 13385 V LynxServoController: initializeHardware() mod#=3
01-02 17:00:24.019 13324 13385 V LynxVoltageSensor: initializeHardware() mod#=3
01-02 17:00:24.019 13324 13385 V LynxPwmOutputController: initializeHardware() mod#=3
01-02 17:00:24.026 13324 13385 W LynxPwmOutputController: LynxSetPWMEnableCommand not implemented by lynx hw; ignoring
01-02 17:00:24.035 13324 13385 W LynxPwmOutputController: LynxSetPWMConfigurationCommand not implemented by lynx hw; ignoring
01-02 17:00:24.041 13324 13385 W LynxPwmOutputController: LynxSetPWMEnableCommand not implemented by lynx hw; ignoring
01-02 17:00:24.047 13324 13385 W LynxPwmOutputController: LynxSetPWMConfigurationCommand not implemented by lynx hw; ignoring
01-02 17:00:24.053 13324 13385 W LynxPwmOutputController: LynxSetPWMEnableCommand not implemented by lynx hw; ignoring
01-02 17:00:24.060 13324 13385 W LynxPwmOutputController: LynxSetPWMConfigurationCommand not implemented by lynx hw; ignoring
01-02 17:00:24.066 13324 13385 W LynxPwmOutputController: LynxSetPWMEnableCommand not implemented by lynx hw; ignoring
01-02 17:00:24.073 13324 13385 W LynxPwmOutputController: LynxSetPWMConfigurationCommand not implemented by lynx hw; ignoring
01-02 17:00:24.073 13324 13385 V LynxAnalogInputController: initializeHardware() mod#=3
01-02 17:00:24.073 13324 13385 V RobotCore: Creating Analog Sensor - Type: Analog Input - Port: 1
01-02 17:00:24.074 13324 13385 V LynxDigitalChannelController: initializeHardware() mod#=3
01-02 17:00:24.113 13324 13385 V RobotCore: Creating Adafruit Color Sensor (Lynx) - mod=3 bus=1
01-02 17:00:24.113 13324 13385 I RobotCore: LynxFirmwareVersionManager: LynxI2cDeviceSynchV2
01-02 17:00:24.114 13324 13385 V LynxI2cDeviceSynch: initializeHardware() mod#=3
01-02 17:00:24.114 13324 13385 V AMSColorSensorImpl: internalInitialize()...
01-02 17:00:24.147 13324 13385 V AMSColorSensorImpl: state: 03 f6 ff ff 00 00 00 00 00 00 00 00 00 00 00 41 
01-02 17:00:24.149 13324 13385 V AMSColorSensorImpl: state| 00 01 44 11 8f 02 ea 00 da 
01-02 17:00:24.163 13324 13385 V AMSColorSensorImpl: disable() enabled=0x03...
01-02 17:00:24.202 13324 13385 V AMSColorSensorImpl: ...disable() enabled=0x00
01-02 17:00:24.202 13324 13385 V AMSColorSensorImpl: setIntegrationTime(0xf6)
01-02 17:00:24.218 13324 13385 V AMSColorSensorImpl: setGain(GAIN_4)
01-02 17:00:24.250 13324 13385 V AMSColorSensorImpl: setPDrive(Percent12_5)
01-02 17:00:24.292 13324 13385 V AMSColorSensorImpl: enable() enabled=0x00...
01-02 17:00:24.348 13324 13385 V AMSColorSensorImpl: ...enable() enabled=0x03
01-02 17:00:24.361 13324 13385 V AMSColorSensorImpl: state: 03 f6 ff ff 00 00 00 00 00 00 00 00 00 00 00 41 
01-02 17:00:24.361 13324 13385 V AMSColorSensorImpl: state| 00 01 44 11 8e 02 ea 00 d9 
01-02 17:00:24.362 13324 13385 V AMSColorSensorImpl: ...internalInitialize()
01-02 17:00:24.362 13324 13385 V RobotCore: Creating user sensor REV Expansion Hub IMU - on Lynx module=3 bus=0
01-02 17:00:24.362 13324 13385 V RobotCore: Creating I2cDeviceSynch (Lynx) - mod=3 bus=0
01-02 17:00:24.362 13324 13385 I RobotCore: LynxFirmwareVersionManager: LynxI2cDeviceSynchV2
01-02 17:00:24.363 13324 13385 V LynxI2cDeviceSynch: initializeHardware() mod#=3
01-02 17:00:24.363 13324 13385 I RobotCore: ========= Device Information ===================================================
01-02 17:00:24.364 13324 13385 I RobotCore: Type                                               Name                           Connection
01-02 17:00:24.364 13324 13385 I RobotCore: Analog Input                                       tilt_switch                    USB DQ1NE3V4; module 3; analog port 1
01-02 17:00:24.364 13324 13385 I RobotCore: REV 2M ToF Distance Sensor                         sensor_range                   USB DQ1NE3V4; module 2; bus 1; addr7=0x29
01-02 17:00:24.365 13324 13385 I RobotCore: Motor                                              left_back                      USB DQ1NE3V4; module 3; port 3
01-02 17:00:24.366 13324 13385 I RobotCore: Continuous Rotation Servo                          intake_right                   USB DQ1NE3V4; module 3; port 2
01-02 17:00:24.366 13324 13385 I RobotCore: Motor                                              right_back                     USB DQ1NE3V4; module 3; port 2
01-02 17:00:24.366 13324 13385 I RobotCore: Servo                                              gate_right                     USB DQ1NE3V4; module 3; port 4
01-02 17:00:24.367 13324 13385 I RobotCore: Motor                                              tilt                           USB DQ1NE3V4; module 2; port 0
01-02 17:00:24.367 13324 13385 I RobotCore: Servo                                              hook                           USB DQ1NE3V4; module 3; port 0
01-02 17:00:24.368 13324 13385 I RobotCore: REV 2M ToF Distance Sensor                         sensor_range_crater            USB DQ1NE3V4; module 2; bus 2; addr7=0x29
01-02 17:00:24.368 13324 13385 I RobotCore: Motor                                              left_front                     USB DQ1NE3V4; module 3; port 0
01-02 17:00:24.368 13324 13385 I RobotCore: Servo                                              gate_left                      USB DQ1NE3V4; module 3; port 3
01-02 17:00:24.369 13324 13385 I RobotCore: Expansion Hub DC Motor Controller                  Expansion Hub 2                USB DQ1NE3V4; module 2
01-02 17:00:24.369 13324 13385 I RobotCore: Expansion Hub Servo Controller                     Expansion Hub 2                USB DQ1NE3V4; module 2
01-02 17:00:24.370 13324 13385 I RobotCore: Expansion Hub Voltage Sensor                       Expansion Hub 2                USB DQ1NE3V4; module 2
01-02 17:00:24.370 13324 13385 I RobotCore: Expansion Hub Pwm Controller                       Expansion Hub 2                USB DQ1NE3V4; module 2
01-02 17:00:24.371 13324 13385 I RobotCore: Expansion Hub Analog Input Controller              Expansion Hub 2                USB DQ1NE3V4; module 2
01-02 17:00:24.371 13324 13385 I RobotCore: Expansion Hub Digital Channel Controller           Expansion Hub 2                USB DQ1NE3V4; module 2
01-02 17:00:24.376 13324 13385 I RobotCore: Expansion Hub (HW: 20, Maj: 1, Min: 8, Eng: 2)     Expansion Hub 2                USB DQ1NE3V4; module 2
01-02 17:00:24.377 13324 13385 I RobotCore: Expansion Hub DC Motor Controller                  Expansion Hub 3                USB DQ1NE3V4; module 3
01-02 17:00:24.377 13324 13385 I RobotCore: Expansion Hub Servo Controller                     Expansion Hub 3                USB DQ1NE3V4; module 3
01-02 17:00:24.378 13324 13385 I RobotCore: Expansion Hub Voltage Sensor                       Expansion Hub 3                USB DQ1NE3V4; module 3
01-02 17:00:24.378 13324 13385 I RobotCore: Expansion Hub Pwm Controller                       Expansion Hub 3                USB DQ1NE3V4; module 3
01-02 17:00:24.378 13324 13385 I RobotCore: Expansion Hub Analog Input Controller              Expansion Hub 3                USB DQ1NE3V4; module 3
01-02 17:00:24.379 13324 13385 I RobotCore: Expansion Hub Digital Channel Controller           Expansion Hub 3                USB DQ1NE3V4; module 3
01-02 17:00:24.386 13324 13385 I RobotCore: Expansion Hub (HW: 20, Maj: 1, Min: 8, Eng: 2)     Expansion Hub 3                USB DQ1NE3V4; module 3
01-02 17:00:24.387 13324 13385 I RobotCore: REV Expansion Hub IMU                              imu                            USB DQ1NE3V4; module 2; bus 0; addr7=0x00
01-02 17:00:24.387 13324 13385 I RobotCore: Continuous Rotation Servo                          intake_left                    USB DQ1NE3V4; module 3; port 1
01-02 17:00:24.388 13324 13385 I RobotCore: Adafruit Color Sensor                              sensor_color                   USB DQ1NE3V4; module 3; bus 1; addr7=0x29
01-02 17:00:24.388 13324 13385 I RobotCore: Motor                                              right_front                    USB DQ1NE3V4; module 3; port 1
01-02 17:00:24.388 13324 13385 I RobotCore: REV Robotics USB Expansion Hub Portal              Expansion Hub Portal 1         USB DQ1NE3V4
01-02 17:00:24.389 13324 13385 I RobotCore: Motor                                              boom                           USB DQ1NE3V4; module 2; port 1
01-02 17:00:24.389 13324 13385 I RobotCore: REV Expansion Hub IMU                              imu 1                          USB DQ1NE3V4; module 3; bus 0; addr7=0x00
01-02 17:00:24.389 13324 13385 I FtcEventLoop: ======= INIT FINISH =======
01-02 17:00:24.390 13324 13385 V RobotCore: EventLoopManager state is RUNNING
01-02 17:00:24.390 13324 13385 V RobotCore: Robot Status: running, starting robot
01-02 17:00:24.390 13324 13385 V RobotCore: Robot Status: running
01-02 17:00:24.392 13324 13385 V RobotCore: thread: ...terminating 'RobotSetupRunnable.run()'
01-02 17:00:24.394 13324 13398 V Robocol : sending CMD_NOTIFY_ROBOT_STATE(47), attempt: 0
01-02 17:00:24.398 13324 13415 V RobotCore: thread: 'opmode loop()' starting...
01-02 17:00:24.428 13324 13401 V SoundInfo: construct(0x0bf4676f)
01-02 17:00:24.434 13324 13398 V Robocol : sending CMD_NOTIFY_ACTIVE_CONFIGURATION(50), attempt: 0
01-02 17:00:24.434 13324 13393 E Robocol : command processing took 1.139 s: command=CMD_REQUEST_UI_STATE
01-02 17:00:24.434 13324 13398 V Robocol : sending CMD_NOTIFY_USER_DEVICE_LIST(52), attempt: 0
01-02 17:00:24.437 13324 13398 V Robocol : sending CMD_NOTIFY_OP_MODE_LIST(53), attempt: 0
01-02 17:00:24.453 13324 13400 I MediaCodec: (0x95767000) init name(audio/raw) isType(1) encoder(0)
01-02 17:00:24.461 13324 13418 I MediaCodec: (0x95767000) Component Allocated (OMX.google.raw.decoder)
01-02 17:00:24.461 13324 13400 I MediaCodec: (0x95767000) configure surface(0x0) crypto(0x0) flags(0)
01-02 17:00:24.462 13324 13400 D MediaCodec: (0x95767000) configure format: AMessage(what = 0x00000000) = {
01-02 17:00:24.462 13324 13400 D MediaCodec:       string mime = "audio/raw"
01-02 17:00:24.462 13324 13400 D MediaCodec:       int64_t durationUs = 1019125
01-02 17:00:24.462 13324 13400 D MediaCodec:       int32_t track-id = 1
01-02 17:00:24.462 13324 13400 D MediaCodec:       int32_t channel-count = 1
01-02 17:00:24.462 13324 13400 D MediaCodec:       int32_t sample-rate = 8000
01-02 17:00:24.462 13324 13400 D MediaCodec:       int32_t channel-mask = 0
01-02 17:00:24.462 13324 13400 D MediaCodec:       int32_t pcm-encoding = 2
01-02 17:00:24.462 13324 13400 D MediaCodec:     }
01-02 17:00:24.464 13324 13400 I MediaCodec: (0x95767000) start
01-02 17:00:24.471 13324 13418 I MediaCodec: (0x95767000) input buffers allocated
01-02 17:00:24.471 13324 13418 I MediaCodec: (0x95767000) numBuffers (4)
01-02 17:00:24.471 13324 13418 I MediaCodec: (0x95767000) output buffers allocated
01-02 17:00:24.471 13324 13418 I MediaCodec: (0x95767000) numBuffers (4)
01-02 17:00:24.477 13324 13418 D MediaCodec: (0x95767000) [OMX.google.raw.decoder] output format changed to: AMessage(what = 0x00000000) = {
01-02 17:00:24.477 13324 13418 D MediaCodec:       string mime = "audio/raw"
01-02 17:00:24.477 13324 13418 D MediaCodec:       int32_t channel-count = 1
01-02 17:00:24.477 13324 13418 D MediaCodec:       int32_t sample-rate = 8000
01-02 17:00:24.477 13324 13418 D MediaCodec:       int32_t pcm-encoding = 2
01-02 17:00:24.477 13324 13418 D MediaCodec:       int32_t bit-width = 16
01-02 17:00:24.477 13324 13418 D MediaCodec:       int32_t channel-mask = 0
01-02 17:00:24.477 13324 13418 D MediaCodec:     }
01-02 17:00:24.480 13324 13400 I MediaCodec: (0x95767000) stop
01-02 17:00:24.484 13324 13400 I MediaCodec: (0x95767000) release
01-02 17:00:24.488 13324 13346 D SoundPlayer: onLoadComplete(samp=2|ms=1019, samp=2)=0
01-02 17:00:24.490 13324 13401 W AudioTrack: AUDIO_OUTPUT_FLAG_FAST denied by client; transfer 4, track 8000 Hz, output 48000 Hz
01-02 17:00:24.493 13324 13401 D SoundPlayer: playing volume=1.000000 samp=2|ms=1019
01-02 17:00:24.513 13324 13398 V Robocol : sending CMD_PLAY_SOUND(60), attempt: 0
01-02 17:00:24.908 13324 13415 I RobotCore: Attempting to switch to op mode $Stop$Robot$
01-02 17:00:24.993 13324 13398 V Robocol : sending CMD_NOTIFY_INIT_OP_MODE(69), attempt: 0
01-02 17:00:25.298 13324 13394 V Robocol : received command: CMD_INIT_OP_MODE(10042) $Stop$Robot$
01-02 17:00:25.312 13324 13415 I RobotCore: Attempting to switch to op mode $Stop$Robot$
01-02 17:00:25.393 13324 13398 V Robocol : sending CMD_NOTIFY_INIT_OP_MODE(81), attempt: 0
01-02 17:00:27.816 13324 13394 V Robocol : received command: CMD_SET_MATCH_NUMBER(10077) 0
01-02 17:00:27.819 13324 13394 V Robocol : received command: CMD_INIT_OP_MODE(10078) Auto Test
01-02 17:00:27.846 13324 13393 I RobotCore: ******************** START - OPMODE Auto Test ********************
01-02 17:00:27.849 13324 13415 I RobotCore: Attempting to switch to op mode Auto Test
01-02 17:00:28.029 13324 13415 W LynxPwmOutputController: LynxSetPWMEnableCommand not implemented by lynx hw; ignoring
01-02 17:00:28.038 13324 13415 W LynxPwmOutputController: LynxSetPWMConfigurationCommand not implemented by lynx hw; ignoring
01-02 17:00:28.047 13324 13415 W LynxPwmOutputController: LynxSetPWMEnableCommand not implemented by lynx hw; ignoring
01-02 17:00:28.054 13324 13415 W LynxPwmOutputController: LynxSetPWMConfigurationCommand not implemented by lynx hw; ignoring
01-02 17:00:28.061 13324 13415 W LynxPwmOutputController: LynxSetPWMEnableCommand not implemented by lynx hw; ignoring
