01-02 16:54:09.983 12116 12192 V LynxModule: sendLEDPatternSteps(): #steps=8
01-02 16:54:10.007 12116 12177 V LynxMotor: initializeHardware() mod#=2
01-02 16:54:10.091 12116 12177 V RobotCore: DcMotorImpl(type=NeveRest60Gearmotor)
01-02 16:54:10.092 12116 12177 V RobotCore: DcMotorImpl(type=NeveRest20Gearmotor)
01-02 16:54:10.093 12116 12177 V LynxServoController: initializeHardware() mod#=2
01-02 16:54:10.142 12116 12177 V LynxVoltageSensor: initializeHardware() mod#=2
01-02 16:54:10.143 12116 12177 V LynxPwmOutputController: initializeHardware() mod#=2
01-02 16:54:10.148 12116 12177 W LynxPwmOutputController: LynxSetPWMEnableCommand not implemented by lynx hw; ignoring
01-02 16:54:10.152 12116 12177 W LynxPwmOutputController: LynxSetPWMConfigurationCommand not implemented by lynx hw; ignoring
01-02 16:54:10.158 12116 12177 W LynxPwmOutputController: LynxSetPWMEnableCommand not implemented by lynx hw; ignoring
01-02 16:54:10.163 12116 12177 W LynxPwmOutputController: LynxSetPWMConfigurationCommand not implemented by lynx hw; ignoring
01-02 16:54:10.168 12116 12177 W LynxPwmOutputController: LynxSetPWMEnableCommand not implemented by lynx hw; ignoring
01-02 16:54:10.173 12116 12177 W LynxPwmOutputController: LynxSetPWMConfigurationCommand not implemented by lynx hw; ignoring
01-02 16:54:10.178 12116 12177 W LynxPwmOutputController: LynxSetPWMEnableCommand not implemented by lynx hw; ignoring
01-02 16:54:10.183 12116 12177 W LynxPwmOutputController: LynxSetPWMConfigurationCommand not implemented by lynx hw; ignoring
01-02 16:54:10.183 12116 12177 V LynxAnalogInputController: initializeHardware() mod#=2
01-02 16:54:10.184 12116 12177 V LynxDigitalChannelController: initializeHardware() mod#=2
01-02 16:54:10.217 12116 12185 D RobotCore: system telemetry: key=$System$None$ msg=""
01-02 16:54:10.217 12116 12177 V RobotCore: Creating user sensor REV Expansion Hub IMU - on Lynx module=2 bus=0
01-02 16:54:10.217 12116 12185 V PeerDiscovery: new remote peer discovered: 192.168.49.245
01-02 16:54:10.218 12116 12185 D Robocol : RobocolDatagramSocket connected to /192.168.49.245:20884
01-02 16:54:10.218 12116 12177 V RobotCore: Creating I2cDeviceSynch (Lynx) - mod=2 bus=0
01-02 16:54:10.218 12116 12177 I RobotCore: LynxFirmwareVersionManager: LynxI2cDeviceSynchV2
01-02 16:54:10.218 12116 12185 V NetworkConnectionHandler: starting sending loop
01-02 16:54:10.218 12116 12177 V LynxI2cDeviceSynch: initializeHardware() mod#=2
01-02 16:54:10.219 12116 12185 V Robocol : SendOnceRunnable created
01-02 16:54:10.221 12116 12177 V RobotCore: Creating user sensor REV 2M Distance Sensor - on Lynx module=2 bus=1
01-02 16:54:10.222 12116 12177 V RobotCore: Creating I2cDeviceSynch (Lynx) - mod=2 bus=1
01-02 16:54:10.222 12116 12177 I RobotCore: LynxFirmwareVersionManager: LynxI2cDeviceSynchV2
01-02 16:54:10.222 12116 12177 V LynxI2cDeviceSynch: initializeHardware() mod#=2
01-02 16:54:10.223 12116 12177 V RobotCore: Creating user sensor REV 2M Distance Sensor - on Lynx module=2 bus=2
01-02 16:54:10.223 12116 12177 V RobotCore: Creating I2cDeviceSynch (Lynx) - mod=2 bus=2
01-02 16:54:10.223 12116 12177 I RobotCore: LynxFirmwareVersionManager: LynxI2cDeviceSynchV2
01-02 16:54:10.223 12116 12177 V LynxI2cDeviceSynch: initializeHardware() mod#=2
01-02 16:54:10.224 12116 12177 V LynxMotor: initializeHardware() mod#=3
01-02 16:54:10.266 12116 12185 V NetDiscover_prefremrc: sendAllPreferences()
01-02 16:54:10.266 12116 12185 V NetDiscover_prefremrc: sending RC pref name=pref_wifip2p_remote_channel_change_works value=true
01-02 16:54:10.271 12116 12185 V NetDiscover_prefremrc: sending RC pref name=pref_device_name value=5921-A-RC
01-02 16:54:10.271 12116 12185 V NetDiscover_prefremrc: sending RC pref name=pref_has_independent_phone_battery value=true
01-02 16:54:10.272 12116 12185 V NetDiscover_prefremrc: sending RC pref name=pref_has_speaker value=true
01-02 16:54:10.273 12116 12185 V NetDiscover_prefremrc: sending RC pref name=pref_app_theme value=red
01-02 16:54:10.273 12116 12185 V NetDiscover_prefremrc: sending RC pref name=pref_sound_on_off value=true
01-02 16:54:10.299 12116 12193 V Robocol : sending CMD_NOTIFY_USER_DEVICE_LIST(17), attempt: 0
01-02 16:54:10.302 12116 12193 V Robocol : sending CMD_ROBOT_CONTROLLER_PREFERENCE(18), attempt: 0
01-02 16:54:10.303 12116 12193 V Robocol : sending CMD_ROBOT_CONTROLLER_PREFERENCE(19), attempt: 0
01-02 16:54:10.304 12116 12193 V Robocol : sending CMD_ROBOT_CONTROLLER_PREFERENCE(20), attempt: 0
01-02 16:54:10.304 12116 12193 V Robocol : sending CMD_ROBOT_CONTROLLER_PREFERENCE(21), attempt: 0
01-02 16:54:10.305 12116 12193 V Robocol : sending CMD_ROBOT_CONTROLLER_PREFERENCE(22), attempt: 0
01-02 16:54:10.307 12116 12193 V Robocol : sending CMD_ROBOT_CONTROLLER_PREFERENCE(23), attempt: 0
01-02 16:54:10.339 12116 12185 V UpdateUI: Network: active, connected
01-02 16:54:10.369 12116 12185 V Robocol : received command: CMD_REQUEST_UI_STATE(10009) 
01-02 16:54:10.394 12116 12197 V SoundInfo: construct(0x05a05208)
01-02 16:54:10.405 12116 12177 V RobotCore: DcMotorImpl(type=NeveRest40Gearmotor)
01-02 16:54:10.406 12116 12177 V RobotCore: DcMotorImpl(type=NeveRest40Gearmotor)
01-02 16:54:10.406 12116 12177 V RobotCore: DcMotorImpl(type=NeveRest40Gearmotor)
01-02 16:54:10.406 12116 12177 V RobotCore: DcMotorImpl(type=NeveRest40Gearmotor)
01-02 16:54:10.407 12116 12177 V LynxServoController: initializeHardware() mod#=3
01-02 16:54:10.408 12116 12195 E WVMExtractor: Failed to open libwvm.so: dlopen failed: library "libwvm.so" not found
01-02 16:54:10.444 12116 12195 I MediaCodec: (0x956ba480) init name(audio/raw) isType(1) encoder(0)
01-02 16:54:10.455 12116 12201 I MediaCodec: (0x956ba480) Component Allocated (OMX.google.raw.decoder)
01-02 16:54:10.456 12116 12195 I MediaCodec: (0x956ba480) configure surface(0x0) crypto(0x0) flags(0)
01-02 16:54:10.456 12116 12195 D MediaCodec: (0x956ba480) configure format: AMessage(what = 0x00000000) = {
01-02 16:54:10.456 12116 12195 D MediaCodec:       string mime = "audio/raw"
01-02 16:54:10.456 12116 12195 D MediaCodec:       int64_t durationUs = 485011
01-02 16:54:10.456 12116 12195 D MediaCodec:       int32_t track-id = 1
01-02 16:54:10.456 12116 12195 D MediaCodec:       int32_t channel-count = 2
01-02 16:54:10.456 12116 12195 D MediaCodec:       int32_t sample-rate = 44100
01-02 16:54:10.456 12116 12195 D MediaCodec:       int32_t channel-mask = 0
01-02 16:54:10.456 12116 12195 D MediaCodec:       int32_t pcm-encoding = 2
01-02 16:54:10.456 12116 12195 D MediaCodec:     }
01-02 16:54:10.459 12116 12195 I MediaCodec: (0x956ba480) start
01-02 16:54:10.464 12116 12201 I MediaCodec: (0x956ba480) input buffers allocated
01-02 16:54:10.464 12116 12201 I MediaCodec: (0x956ba480) numBuffers (4)
01-02 16:54:10.465 12116 12201 I MediaCodec: (0x956ba480) output buffers allocated
01-02 16:54:10.465 12116 12201 I MediaCodec: (0x956ba480) numBuffers (4)
01-02 16:54:10.470 12116 12201 D MediaCodec: (0x956ba480) [OMX.google.raw.decoder] output format changed to: AMessage(what = 0x00000000) = {
01-02 16:54:10.470 12116 12201 D MediaCodec:       string mime = "audio/raw"
01-02 16:54:10.470 12116 12201 D MediaCodec:       int32_t channel-count = 2
01-02 16:54:10.470 12116 12201 D MediaCodec:       int32_t sample-rate = 44100
01-02 16:54:10.470 12116 12201 D MediaCodec:       int32_t pcm-encoding = 2
01-02 16:54:10.470 12116 12201 D MediaCodec:       int32_t bit-width = 16
01-02 16:54:10.470 12116 12201 D MediaCodec:       int32_t channel-mask = 0
01-02 16:54:10.470 12116 12201 D MediaCodec:     }
01-02 16:54:10.474 12116 12177 V LynxVoltageSensor: initializeHardware() mod#=3
01-02 16:54:10.474 12116 12177 V LynxPwmOutputController: initializeHardware() mod#=3
01-02 16:54:10.481 12116 12177 W LynxPwmOutputController: LynxSetPWMEnableCommand not implemented by lynx hw; ignoring
01-02 16:54:10.483 12116 12195 I MediaCodec: (0x956ba480) stop
01-02 16:54:10.487 12116 12195 I MediaCodec: (0x956ba480) release
01-02 16:54:10.488 12116 12177 W LynxPwmOutputController: LynxSetPWMConfigurationCommand not implemented by lynx hw; ignoring
01-02 16:54:10.491 12116 12137 D SoundPlayer: onLoadComplete(samp=1|ms=485, samp=1)=0
01-02 16:54:10.494 12116 12197 W AudioTrack: AUDIO_OUTPUT_FLAG_FAST denied by client; transfer 4, track 44100 Hz, output 48000 Hz
01-02 16:54:10.494 12116 12177 W LynxPwmOutputController: LynxSetPWMEnableCommand not implemented by lynx hw; ignoring
01-02 16:54:10.497 12116 12197 D SoundPlayer: playing volume=1.000000 samp=1|ms=485
01-02 16:54:10.500 12116 12177 W LynxPwmOutputController: LynxSetPWMConfigurationCommand not implemented by lynx hw; ignoring
01-02 16:54:10.506 12116 12177 W LynxPwmOutputController: LynxSetPWMEnableCommand not implemented by lynx hw; ignoring
01-02 16:54:10.514 12116 12177 W LynxPwmOutputController: LynxSetPWMConfigurationCommand not implemented by lynx hw; ignoring
01-02 16:54:10.521 12116 12177 W LynxPwmOutputController: LynxSetPWMEnableCommand not implemented by lynx hw; ignoring
01-02 16:54:10.528 12116 12177 W LynxPwmOutputController: LynxSetPWMConfigurationCommand not implemented by lynx hw; ignoring
01-02 16:54:10.528 12116 12177 V LynxAnalogInputController: initializeHardware() mod#=3
01-02 16:54:10.529 12116 12177 V RobotCore: Creating Analog Sensor - Type: Analog Input - Port: 1
01-02 16:54:10.530 12116 12177 V LynxDigitalChannelController: initializeHardware() mod#=3
01-02 16:54:10.539 12116 12193 V Robocol : sending CMD_PLAY_SOUND(35), attempt: 0
01-02 16:54:10.571 12116 12177 V RobotCore: Creating Adafruit Color Sensor (Lynx) - mod=3 bus=1
01-02 16:54:10.571 12116 12177 I RobotCore: LynxFirmwareVersionManager: LynxI2cDeviceSynchV2
01-02 16:54:10.572 12116 12177 V LynxI2cDeviceSynch: initializeHardware() mod#=3
01-02 16:54:10.573 12116 12177 V AMSColorSensorImpl: internalInitialize()...
01-02 16:54:10.600 12116 12177 V AMSColorSensorImpl: state: 03 f6 ff ff 00 00 00 00 00 00 00 00 00 00 00 41 
01-02 16:54:10.600 12116 12177 V AMSColorSensorImpl: state| 00 01 44 11 61 02 dc 00 ca 
01-02 16:54:10.614 12116 12177 V AMSColorSensorImpl: disable() enabled=0x03...
01-02 16:54:10.651 12116 12177 V AMSColorSensorImpl: ...disable() enabled=0x00
01-02 16:54:10.651 12116 12177 V AMSColorSensorImpl: setIntegrationTime(0xf6)
01-02 16:54:10.667 12116 12177 V AMSColorSensorImpl: setGain(GAIN_4)
01-02 16:54:10.698 12116 12177 V AMSColorSensorImpl: setPDrive(Percent12_5)
01-02 16:54:10.745 12116 12177 V AMSColorSensorImpl: enable() enabled=0x00...
01-02 16:54:10.802 12116 12177 V AMSColorSensorImpl: ...enable() enabled=0x03
01-02 16:54:10.814 12116 12177 V AMSColorSensorImpl: state: 03 f6 ff ff 00 00 00 00 00 00 00 00 00 00 00 41 
01-02 16:54:10.815 12116 12177 V AMSColorSensorImpl: state| 00 01 44 11 62 02 dc 00 ca 
01-02 16:54:10.815 12116 12177 V AMSColorSensorImpl: ...internalInitialize()
01-02 16:54:10.815 12116 12177 V RobotCore: Creating user sensor REV Expansion Hub IMU - on Lynx module=3 bus=0
01-02 16:54:10.815 12116 12177 V RobotCore: Creating I2cDeviceSynch (Lynx) - mod=3 bus=0
01-02 16:54:10.815 12116 12177 I RobotCore: LynxFirmwareVersionManager: LynxI2cDeviceSynchV2
01-02 16:54:10.816 12116 12177 V LynxI2cDeviceSynch: initializeHardware() mod#=3
01-02 16:54:10.820 12116 12177 I RobotCore: ========= Device Information ===================================================
01-02 16:54:10.821 12116 12177 I RobotCore: Type                                               Name                           Connection
01-02 16:54:10.821 12116 12177 I RobotCore: Analog Input                                       tilt_switch                    USB DQ1NE3V4; module 3; analog port 1
01-02 16:54:10.822 12116 12177 I RobotCore: REV 2M ToF Distance Sensor                         sensor_range                   USB DQ1NE3V4; module 2; bus 1; addr7=0x29
01-02 16:54:10.822 12116 12177 I RobotCore: Motor                                              left_back                      USB DQ1NE3V4; module 3; port 3
01-02 16:54:10.823 12116 12177 I RobotCore: Continuous Rotation Servo                          intake_right                   USB DQ1NE3V4; module 3; port 2
01-02 16:54:10.823 12116 12177 I RobotCore: Motor                                              right_back                     USB DQ1NE3V4; module 3; port 2
01-02 16:54:10.824 12116 12177 I RobotCore: Servo                                              gate_right                     USB DQ1NE3V4; module 3; port 4
01-02 16:54:10.824 12116 12177 I RobotCore: Motor                                              tilt                           USB DQ1NE3V4; module 2; port 0
01-02 16:54:10.824 12116 12177 I RobotCore: Servo                                              hook                           USB DQ1NE3V4; module 3; port 0
01-02 16:54:10.826 12116 12177 I RobotCore: REV 2M ToF Distance Sensor                         sensor_range_crater            USB DQ1NE3V4; module 2; bus 2; addr7=0x29
01-02 16:54:10.827 12116 12177 I RobotCore: Motor                                              left_front                     USB DQ1NE3V4; module 3; port 0
01-02 16:54:10.828 12116 12177 I RobotCore: Servo                                              gate_left                      USB DQ1NE3V4; module 3; port 3
01-02 16:54:10.828 12116 12177 I RobotCore: Expansion Hub DC Motor Controller                  Expansion Hub 2                USB DQ1NE3V4; module 2
01-02 16:54:10.829 12116 12177 I RobotCore: Expansion Hub Servo Controller                     Expansion Hub 2                USB DQ1NE3V4; module 2
01-02 16:54:10.829 12116 12177 I RobotCore: Expansion Hub Voltage Sensor                       Expansion Hub 2                USB DQ1NE3V4; module 2
01-02 16:54:10.829 12116 12177 I RobotCore: Expansion Hub Pwm Controller                       Expansion Hub 2                USB DQ1NE3V4; module 2
01-02 16:54:10.830 12116 12177 I RobotCore: Expansion Hub Analog Input Controller              Expansion Hub 2                USB DQ1NE3V4; module 2
01-02 16:54:10.830 12116 12177 I RobotCore: Expansion Hub Digital Channel Controller           Expansion Hub 2                USB DQ1NE3V4; module 2
01-02 16:54:10.838 12116 12177 I RobotCore: Expansion Hub (HW: 20, Maj: 1, Min: 8, Eng: 2)     Expansion Hub 2                USB DQ1NE3V4; module 2
01-02 16:54:10.838 12116 12177 I RobotCore: Expansion Hub DC Motor Controller                  Expansion Hub 3                USB DQ1NE3V4; module 3
01-02 16:54:10.839 12116 12177 I RobotCore: Expansion Hub Servo Controller                     Expansion Hub 3                USB DQ1NE3V4; module 3
01-02 16:54:10.839 12116 12177 I RobotCore: Expansion Hub Voltage Sensor                       Expansion Hub 3                USB DQ1NE3V4; module 3
01-02 16:54:10.839 12116 12177 I RobotCore: Expansion Hub Pwm Controller                       Expansion Hub 3                USB DQ1NE3V4; module 3
01-02 16:54:10.840 12116 12177 I RobotCore: Expansion Hub Analog Input Controller              Expansion Hub 3                USB DQ1NE3V4; module 3
01-02 16:54:10.840 12116 12177 I RobotCore: Expansion Hub Digital Channel Controller           Expansion Hub 3                USB DQ1NE3V4; module 3
01-02 16:54:10.847 12116 12177 I RobotCore: Expansion Hub (HW: 20, Maj: 1, Min: 8, Eng: 2)     Expansion Hub 3                USB DQ1NE3V4; module 3
01-02 16:54:10.847 12116 12177 I RobotCore: REV Expansion Hub IMU                              imu                            USB DQ1NE3V4; module 2; bus 0; addr7=0x00
01-02 16:54:10.848 12116 12177 I RobotCore: Continuous Rotation Servo                          intake_left                    USB DQ1NE3V4; module 3; port 1
01-02 16:54:10.849 12116 12177 I RobotCore: Adafruit Color Sensor                              sensor_color                   USB DQ1NE3V4; module 3; bus 1; addr7=0x29
01-02 16:54:10.849 12116 12177 I RobotCore: Motor                                              right_front                    USB DQ1NE3V4; module 3; port 1
01-02 16:54:10.849 12116 12177 I RobotCore: REV Robotics USB Expansion Hub Portal              Expansion Hub Portal 1         USB DQ1NE3V4
01-02 16:54:10.850 12116 12177 I RobotCore: Motor                                              boom                           USB DQ1NE3V4; module 2; port 1
01-02 16:54:10.850 12116 12177 I RobotCore: REV Expansion Hub IMU                              imu 1                          USB DQ1NE3V4; module 3; bus 0; addr7=0x00
01-02 16:54:10.850 12116 12177 I FtcEventLoop: ======= INIT FINISH =======
01-02 16:54:10.851 12116 12177 V RobotCore: EventLoopManager state is RUNNING
01-02 16:54:10.851 12116 12177 V RobotCore: Robot Status: running, starting robot
01-02 16:54:10.851 12116 12177 V RobotCore: Robot Status: running
01-02 16:54:10.855 12116 12177 V RobotCore: thread: ...terminating 'RobotSetupRunnable.run()'
01-02 16:54:10.859 12116 12193 V Robocol : sending CMD_NOTIFY_ROBOT_STATE(40), attempt: 0
01-02 16:54:10.862 12116 12206 V RobotCore: thread: 'opmode loop()' starting...
01-02 16:54:10.891 12116 12184 E Robocol : command processing took 0.521 s: command=CMD_REQUEST_UI_STATE
01-02 16:54:10.892 12116 12197 V SoundInfo: construct(0x0bf4676f)
01-02 16:54:10.899 12116 12193 V Robocol : sending CMD_NOTIFY_ACTIVE_CONFIGURATION(43), attempt: 0
01-02 16:54:10.900 12116 12193 V Robocol : sending CMD_NOTIFY_USER_DEVICE_LIST(45), attempt: 0
01-02 16:54:10.904 12116 12193 V Robocol : sending CMD_NOTIFY_OP_MODE_LIST(46), attempt: 0
01-02 16:54:10.914 12116 12195 I MediaCodec: (0x955e9140) init name(audio/raw) isType(1) encoder(0)
01-02 16:54:10.922 12116 12209 I MediaCodec: (0x955e9140) Component Allocated (OMX.google.raw.decoder)
01-02 16:54:10.923 12116 12195 I MediaCodec: (0x955e9140) configure surface(0x0) crypto(0x0) flags(0)
01-02 16:54:10.923 12116 12195 D MediaCodec: (0x955e9140) configure format: AMessage(what = 0x00000000) = {
01-02 16:54:10.923 12116 12195 D MediaCodec:       string mime = "audio/raw"
01-02 16:54:10.923 12116 12195 D MediaCodec:       int64_t durationUs = 1019125
01-02 16:54:10.923 12116 12195 D MediaCodec:       int32_t track-id = 1
01-02 16:54:10.923 12116 12195 D MediaCodec:       int32_t channel-count = 1
01-02 16:54:10.923 12116 12195 D MediaCodec:       int32_t sample-rate = 8000
01-02 16:54:10.923 12116 12195 D MediaCodec:       int32_t channel-mask = 0
01-02 16:54:10.923 12116 12195 D MediaCodec:       int32_t pcm-encoding = 2
01-02 16:54:10.923 12116 12195 D MediaCodec:     }
01-02 16:54:10.925 12116 12195 I MediaCodec: (0x955e9140) start
01-02 16:54:10.930 12116 12209 I MediaCodec: (0x955e9140) input buffers allocated
01-02 16:54:10.930 12116 12209 I MediaCodec: (0x955e9140) numBuffers (4)
01-02 16:54:10.931 12116 12209 I MediaCodec: (0x955e9140) output buffers allocated
01-02 16:54:10.931 12116 12209 I MediaCodec: (0x955e9140) numBuffers (4)
01-02 16:54:10.937 12116 12209 D MediaCodec: (0x955e9140) [OMX.google.raw.decoder] output format changed to: AMessage(what = 0x00000000) = {
01-02 16:54:10.937 12116 12209 D MediaCodec:       string mime = "audio/raw"
01-02 16:54:10.937 12116 12209 D MediaCodec:       int32_t channel-count = 1
01-02 16:54:10.937 12116 12209 D MediaCodec:       int32_t sample-rate = 8000
01-02 16:54:10.937 12116 12209 D MediaCodec:       int32_t pcm-encoding = 2
01-02 16:54:10.937 12116 12209 D MediaCodec:       int32_t bit-width = 16
01-02 16:54:10.937 12116 12209 D MediaCodec:       int32_t channel-mask = 0
01-02 16:54:10.937 12116 12209 D MediaCodec:     }
01-02 16:54:10.941 12116 12195 I MediaCodec: (0x955e9140) stop
01-02 16:54:10.945 12116 12195 I MediaCodec: (0x955e9140) release
01-02 16:54:10.948 12116 12137 D SoundPlayer: onLoadComplete(samp=2|ms=1019, samp=2)=0
01-02 16:54:10.978 12116 12212 W AudioTrack: AUDIO_OUTPUT_FLAG_FAST denied by client; transfer 4, track 8000 Hz, output 48000 Hz
01-02 16:54:10.980 12116 12212 D SoundPlayer: playing volume=1.000000 samp=2|ms=1019
01-02 16:54:11.019 12116 12193 V Robocol : sending CMD_PLAY_SOUND(52), attempt: 0
01-02 16:54:11.376 12116 12206 I RobotCore: Attempting to switch to op mode $Stop$Robot$
01-02 16:54:11.459 12116 12193 V Robocol : sending CMD_NOTIFY_INIT_OP_MODE(61), attempt: 0
01-02 16:54:14.366 12116 12185 V Robocol : received command: CMD_INIT_OP_MODE(10065) $Stop$Robot$
01-02 16:54:14.380 12116 12206 I RobotCore: Attempting to switch to op mode $Stop$Robot$
01-02 16:54:14.460 12116 12193 V Robocol : sending CMD_NOTIFY_INIT_OP_MODE(107), attempt: 0
01-02 16:54:15.487 12116 12185 V Robocol : received command: CMD_SET_MATCH_NUMBER(10084) 0
01-02 16:54:15.489 12116 12185 V Robocol : received command: CMD_INIT_OP_MODE(10085) Auto Test
01-02 16:54:15.519 12116 12184 I RobotCore: ******************** START - OPMODE Auto Test ********************
01-02 16:54:15.520 12116 12206 I RobotCore: Attempting to switch to op mode Auto Test
01-02 16:54:15.747 12116 12206 W LynxPwmOutputController: LynxSetPWMEnableCommand not implemented by lynx hw; ignoring
01-02 16:54:15.754 12116 12206 W LynxPwmOutputController: LynxSetPWMConfigurationCommand not implemented by lynx hw; ignoring
01-02 16:54:15.761 12116 12206 W LynxPwmOutputController: LynxSetPWMEnableCommand not implemented by lynx hw; ignoring
01-02 16:54:15.769 12116 12206 W LynxPwmOutputController: LynxSetPWMConfigurationCommand not implemented by lynx hw; ignoring
01-02 16:54:15.778 12116 12206 W LynxPwmOutputController: LynxSetPWMEnableCommand not implemented by lynx hw; ignoring
01-02 16:54:15.785 12116 12206 W LynxPwmOutputController: LynxSetPWMConfigurationCommand not implemented by lynx hw; ignoring
01-02 16:54:15.792 12116 12206 W LynxPwmOutputController: LynxSetPWMEnableCommand not implemented by lynx hw; ignoring
01-02 16:54:15.798 12116 12206 W LynxPwmOutputController: LynxSetPWMConfigurationCommand not implemented by lynx hw; ignoring
01-02 16:54:15.930 12116 12206 D STMicroVL53L0X: : Checking to see if it's really a VL53L0X sensor...
01-02 16:54:15.940 12116 12206 D STMicroVL53L0X: : Reg 0xC0 = ee (should be 0xEE)
01-02 16:54:15.950 12116 12206 D STMicroVL53L0X: : Reg 0xC1 = aa (should be 0xAA)
01-02 16:54:15.963 12116 12206 D STMicroVL53L0X: : Reg 0xC2 = 10 (should be 0x10)
01-02 16:54:15.975 12116 12206 D STMicroVL53L0X: : Reg 0x51 = 0 (should be 0x0099)
01-02 16:54:15.983 12116 12206 D STMicroVL53L0X: : Reg 0x61 = 0 (should be 0x0000)
01-02 16:54:16.038 12116 12206 D STMicroVL53L0X: : initial sig rate lim (MCPS) 0.250000
01-02 16:54:16.051 12116 12206 D STMicroVL53L0X: : adjusted sig rate lim (MCPS) 0.250000
01-02 16:54:16.689 12116 12206 W LynxPwmOutputController: LynxSetPWMEnableCommand not implemented by lynx hw; ignoring
01-02 16:54:16.694 12116 12206 W LynxPwmOutputController: LynxSetPWMConfigurationCommand not implemented by lynx hw; ignoring
01-02 16:54:16.699 12116 12206 W LynxPwmOutputController: LynxSetPWMEnableCommand not implemented by lynx hw; ignoring
01-02 16:54:16.704 12116 12206 W LynxPwmOutputController: LynxSetPWMConfigurationCommand not implemented by lynx hw; ignoring
01-02 16:54:16.710 12116 12206 W LynxPwmOutputController: LynxSetPWMEnableCommand not implemented by lynx hw; ignoring
01-02 16:54:16.716 12116 12206 W LynxPwmOutputController: LynxSetPWMConfigurationCommand not implemented by lynx hw; ignoring
01-02 16:54:16.721 12116 12206 W LynxPwmOutputController: LynxSetPWMEnableCommand not implemented by lynx hw; ignoring
01-02 16:54:16.727 12116 12206 W LynxPwmOutputController: LynxSetPWMConfigurationCommand not implemented by lynx hw; ignoring
01-02 16:54:16.762 12116 12206 D STMicroVL53L0X: : Checking to see if it's really a VL53L0X sensor...
01-02 16:54:16.774 12116 12206 D STMicroVL53L0X: : Reg 0xC0 = ee (should be 0xEE)
01-02 16:54:16.784 12116 12206 D STMicroVL53L0X: : Reg 0xC1 = aa (should be 0xAA)
01-02 16:54:16.796 12116 12206 D STMicroVL53L0X: : Reg 0xC2 = 10 (should be 0x10)
01-02 16:54:16.805 12116 12206 D STMicroVL53L0X: : Reg 0x51 = 0 (should be 0x0099)
01-02 16:54:16.815 12116 12206 D STMicroVL53L0X: : Reg 0x61 = 0 (should be 0x0000)
01-02 16:54:16.878 12116 12206 D STMicroVL53L0X: : initial sig rate lim (MCPS) 0.250000
01-02 16:54:16.895 12116 12206 D STMicroVL53L0X: : adjusted sig rate lim (MCPS) 0.250000
01-02 16:54:17.580 12116 12206 V AMSColorSensorImpl: internalInitialize()...
01-02 16:54:17.610 12116 12206 V AMSColorSensorImpl: state: 03 f6 ff ff 00 00 00 00 00 00 00 00 00 00 00 41 
01-02 16:54:17.611 12116 12206 V AMSColorSensorImpl: state| 00 01 44 11 6a 02 df 00 cd 
01-02 16:54:17.626 12116 12206 V AMSColorSensorImpl: disable() enabled=0x03...
01-02 16:54:17.663 12116 12206 V AMSColorSensorImpl: ...disable() enabled=0x00
01-02 16:54:17.663 12116 12206 V AMSColorSensorImpl: setIntegrationTime(0xf6)
01-02 16:54:17.679 12116 12206 V AMSColorSensorImpl: setGain(GAIN_4)
01-02 16:54:17.714 12116 12206 V AMSColorSensorImpl: setPDrive(Percent12_5)
01-02 16:54:17.755 12116 12206 V AMSColorSensorImpl: enable() enabled=0x00...
01-02 16:54:17.809 12116 12206 V AMSColorSensorImpl: ...enable() enabled=0x03
01-02 16:54:17.822 12116 12206 V AMSColorSensorImpl: state: 03 f6 ff ff 00 00 00 00 00 00 00 00 00 00 00 41 
01-02 16:54:17.823 12116 12206 V AMSColorSensorImpl: state| 00 01 44 11 6a 02 de 00 cd 
01-02 16:54:17.824 12116 12206 V AMSColorSensorImpl: ...internalInitialize()
01-02 16:54:17.832 12116 12216 V RobotCore: thread: 'LinearOpMode main' starting...
01-02 16:54:17.834 12116 12216 D LCHSAuto: Autonomous OpMode: TEST
01-02 16:54:17.859 12116 12193 V Robocol : sending CMD_NOTIFY_INIT_OP_MODE(155), attempt: 0
01-02 16:54:17.935 12116 12216 D LCHSHardwareMap: Call IMU initialization
01-02 16:54:18.029 12116 12216 V RobotCore: addr=false data=true arb=false clock=false
01-02 16:54:18.029 12116 12216 E LynxI2cDeviceSynch: readStatusQuery: cbExpected=1 cbRead=0
01-02 16:54:18.029 12116 12216 E LynxI2cDeviceSynch: placeholder: readStatusQuery
01-02 16:54:18.104 12116 12216 V RobotCore: addr=false data=true arb=false clock=false
01-02 16:54:18.105 12116 12216 E LynxI2cDeviceSynch: readStatusQuery: cbExpected=1 cbRead=0
01-02 16:54:18.171 12116 12216 V RobotCore: addr=false data=true arb=false clock=false
01-02 16:54:18.172 12116 12216 E LynxI2cDeviceSynch: readStatusQuery: cbExpected=1 cbRead=0
01-02 16:54:18.240 12116 12216 V RobotCore: addr=false data=true arb=false clock=false
01-02 16:54:18.240 12116 12216 E LynxI2cDeviceSynch: readStatusQuery: cbExpected=1 cbRead=0
01-02 16:54:18.307 12116 12216 V RobotCore: addr=false data=true arb=false clock=false
01-02 16:54:18.307 12116 12216 E LynxI2cDeviceSynch: readStatusQuery: cbExpected=1 cbRead=0
01-02 16:54:18.810 12116 12216 W LCHS IMU init: re-issuing IMU mode: system status=IDLE expected=RUNNING_FUSION
01-02 16:54:18.978 12116 12216 D LCHSHardwareMap: Return from IMU initialization
01-02 16:54:18.987 12116 12216 D LCHSHardwareMap: imu status after init RUNNING_FUSION
01-02 16:54:19.032 12116 12216 V CameraManager: construct(hash=0x0a2baeb9|inst#=0)
01-02 16:54:19.070 12116 12216 D Uvc     : [jni.cpp:72] JNI_OnLoad()...
01-02 16:54:19.070 12116 12216 D Uvc     : [JniEnv.h:32] ScopedJniEnv::onJniLoad()...
01-02 16:54:19.071 12116 12216 D Uvc     : [JniEnv.h:32] ...ScopedJniEnv::onJniLoad()
01-02 16:54:19.071 12116 12216 D Uvc     : [jni.cpp:72] ...JNI_OnLoad()
01-02 16:54:19.067 12216 12216 W com.qualcomm.ftcrobotcontroller: type=1400 audit(0.0:80): avc: denied { read } for uid=10146 comm=4C696E6561724F704D6F6465206D61 name="devices" dev="sysfs" ino=5517 scontext=u:r:untrusted_app:s0:c512,c768 tcontext=u:object_r:sysfs:s0 tclass=dir permissive=0
01-02 16:54:19.072 12116 12216 W libusb  : [ 0.000697] [00002fb8] libusb: warning [op_init] sysfs(/sys/bus/usb/devices) unavailable
01-02 16:54:19.073 12116 12216 V UvcContext: construct(pointer=0x981399b0|inst#=0)
01-02 16:54:19.077 12116 12216 D Vuforia : using camera by direction (classic): BACK
01-02 16:54:19.259 12116 12216 I System.out: Native library libVuforia.so loaded
01-02 16:54:19.260 12116 12216 D Vuforia : Vuforia.init()...
01-02 16:54:19.281 12116 12216 I AR      : Vuforia selected rendering API OpenGL ES 2.x
01-02 16:54:19.281 12116 12216 I AR      : Vuforia SDK version 7.4.3
01-02 16:54:19.321 12116 12216 I CameraManagerGlobal: Connecting to camera service
01-02 16:54:19.784 12116 12216 D Vuforia : ...Vuforia.init()
01-02 16:54:19.795 12116 12225 D NetworkSecurityConfig: No Network Security Config specified, using platform default
01-02 16:54:19.901 12241 12241 W Thread-30: type=1400 audit(0.0:81): avc: denied { read } for uid=10146 name="gpuclk" dev="sysfs" ino=11560 scontext=u:r:untrusted_app:s0:c512,c768 tcontext=u:object_r:sysfs:s0 tclass=file permissive=0
01-02 16:54:19.902 12116 12241 W Adreno-ES20: <get_gpu_clk:229>: open failed: errno 13
01-02 16:54:20.153 12116 12216 I AR      : ObjectTracker: This device doesn't support model targets extended tracking, extended tracking will be turned off
01-02 16:54:20.619 12116 12242 W Adreno-ES20: <get_gpu_clk:229>: open failed: errno 13
01-02 16:54:20.617 12242 12242 W com.qualcomm.ftcrobotcontroller: type=1400 audit(0.0:82): avc: denied { read } for uid=10146 comm=474C5468726561642031303032 name="gpuclk" dev="sysfs" ino=11560 scontext=u:r:untrusted_app:s0:c512,c768 tcontext=u:object_r:sysfs:s0 tclass=file permissive=0
01-02 16:54:20.641 12116 12216 I AR      : ObjectTracker: Successfully created dataset
01-02 16:54:20.641 12116 12216 D Vuforia : loading data set 'RoverRuckus'...
01-02 16:54:20.963 12116 12216 D Vuforia : ... done loading data set 'RoverRuckus'
01-02 16:54:21.186 12116 12216 W linker  : /data/app/com.qualcomm.ftcrobotcontroller-2/lib/arm/libtensorflowlite_jni.so: is missing DT_SONAME will use basename as a replacement: "libtensorflowlite_jni.so"
01-02 16:54:21.358 12116 12216 D LCHSAutoVisionTF: Tensorflow initialized
01-02 16:54:35.365 12116 12185 V Robocol : received command: CMD_RUN_OP_MODE(10265) Auto Test
01-02 16:54:35.385 12116 12216 D LCHSAuto: At start
01-02 16:54:35.385 12116 12216 D LCHSAuto: Using TENSORFLOW system for mineral detection
01-02 16:54:35.409 12116 12216 D LCHSAuto: Desired heading: 0.0, Current heading: -0.0
01-02 16:54:35.410 12116 12216 D LCHSAuto: Desired gyro heading 0.0
01-02 16:54:35.410 12116 12216 D LCHSAuto: Distance from side wall 8.0
01-02 16:54:35.410 12116 12216 D LCHSAuto: Power -0.6
01-02 16:54:35.410 12116 12216 D LCHSAuto: Strafe proportional coefficient 0.0
01-02 16:54:35.410 12116 12216 D LCHSAuto: Failsafe timeout 7000
01-02 16:54:35.410 12116 12216 D LCHSAutoMotion: Starting trackWall
01-02 16:54:35.410 12116 12216 D LCHSAutoMotion: Early exit from trackWall: invalid parameter(s
01-02 16:54:35.410 12116 12216 D LCHSAuto: Wall tracking complete
01-02 16:54:35.420 12116 12193 V Robocol : sending CMD_NOTIFY_RUN_OP_MODE(327), attempt: 0
01-02 16:54:35.431 12116 12216 D LCHSAuto: Exiting LCHSAutoJson
01-02 16:54:35.454 12116 12216 V RobotCore: thread: ...terminating 'LinearOpMode main'
01-02 16:54:35.454 12116 12206 I FtcEventLoop: auto-stopping OpMode 'Auto Test'
01-02 16:54:35.520 12116 12116 E AR      : VideoBackgroundConfig with screen size of zero received, skipping config step
01-02 16:54:35.521 12116 12242 E AR      : CameraDevice::getCameraCalibration(): Failed to get camera calibration because the camera is not initialized.
01-02 16:54:35.522 12116 12242 E AR      : CameraDevice::getCameraCalibration(): Failed to get camera calibration because the camera is not initialized.
01-02 16:54:35.522 12116 12242 E AR      : You must successfully set a mode with Device.setMode before retrieving RenderingPrimitives
01-02 16:54:35.546 12116 12206 D Vuforia : Vuforia.deinit()...
01-02 16:54:36.011 12116 12206 D Vuforia : ...Vuforia.deinit()
01-02 16:54:36.013 12116 12206 I RobotCore: ******************** STOP - OPMODE /storage/emulated/0/FIRST/matchlogs/Match-0-Auto_Test.txt ********************
01-02 16:54:36.029 12116 12206 I RobotCore: Attempting to switch to op mode $Stop$Robot$
01-02 16:54:36.030 12116 12338 I RobotCore: saving match logcat to /storage/emulated/0/FIRST/matchlogs/Match-0-Auto_Test.txt
01-02 16:54:36.030 12116 12338 I RobotCore: logging command line: exec logcat -d -T '1-2 16:54:15.000' -f /storage/emulated/0/FIRST/matchlogs/Match-0-Auto_Test.txt -n4 -v threadtime UsbRequestJNI:S UsbRequest:S art:W ThreadPool:W System:W ExtendedExtractor:W OMXClient:W MediaPlayer:W dalvikvm:W  *:V
01-02 16:54:36.054 12339 12339 W sh      : type=1400 audit(0.0:83): avc: denied { read } for uid=10146 name="/" dev="rootfs" ino=1 scontext=u:r:untrusted_app:s0:c512,c768 tcontext=u:object_r:rootfs:s0 tclass=dir permissive=0
01-02 16:54:36.096 12116 12338 I RobotCore: Done running exec logcat -d -T '1-2 16:54:15.000' -f /storage/emulated/0/FIRST/matchlogs/Match-0-Auto_Test.txt -n4 -v threadtime UsbRequestJNI:S UsbRequest:S art:W ThreadPool:W System:W ExtendedExtractor:W OMXClient:W MediaPlayer:W dalvikvm:W  *:V
01-02 16:54:36.096 12116 12338 I RobotCore: exiting match logcat for /storage/emulated/0/FIRST/matchlogs/Match-0-Auto_Test.txt
01-02 16:54:36.099 12116 12193 V Robocol : sending CMD_NOTIFY_INIT_OP_MODE(339), attempt: 0
01-02 16:54:36.128 12116 12185 V Robocol : received command: CMD_RUN_OP_MODE(10279) $Stop$Robot$
01-02 16:54:36.140 12116 12193 V Robocol : sending CMD_NOTIFY_RUN_OP_MODE(345), attempt: 0
01-02 16:54:42.807 12116 12185 V Robocol : received command: CMD_SET_MATCH_NUMBER(10367) 0
01-02 16:54:42.811 12116 12185 V Robocol : received command: CMD_INIT_OP_MODE(10368) Auto Test
01-02 16:54:42.841 12116 12184 I RobotCore: ******************** START - OPMODE Auto Test ********************
01-02 16:54:42.844 12116 12206 I RobotCore: Attempting to switch to op mode Auto Test
01-02 16:54:43.049 12116 12206 W LynxPwmOutputController: LynxSetPWMEnableCommand not implemented by lynx hw; ignoring
01-02 16:54:43.054 12116 12206 W LynxPwmOutputController: LynxSetPWMConfigurationCommand not implemented by lynx hw; ignoring
01-02 16:54:43.059 12116 12206 W LynxPwmOutputController: LynxSetPWMEnableCommand not implemented by lynx hw; ignoring
01-02 16:54:43.066 12116 12206 W LynxPwmOutputController: LynxSetPWMConfigurationCommand not implemented by lynx hw; ignoring
01-02 16:54:43.071 12116 12206 W LynxPwmOutputController: LynxSetPWMEnableCommand not implemented by lynx hw; ignoring
01-02 16:54:43.076 12116 12206 W LynxPwmOutputController: LynxSetPWMConfigurationCommand not implemented by lynx hw; ignoring
01-02 16:54:43.082 12116 12206 W LynxPwmOutputController: LynxSetPWMEnableCommand not implemented by lynx hw; ignoring
01-02 16:54:43.086 12116 12206 W LynxPwmOutputController: LynxSetPWMConfigurationCommand not implemented by lynx hw; ignoring
01-02 16:54:43.189 12116 12206 D STMicroVL53L0X: : Checking to see if it's really a VL53L0X sensor...
01-02 16:54:43.197 12116 12206 D STMicroVL53L0X: : Reg 0xC0 = ee (should be 0xEE)
01-02 16:54:43.204 12116 12206 D STMicroVL53L0X: : Reg 0xC1 = aa (should be 0xAA)
01-02 16:54:43.212 12116 12206 D STMicroVL53L0X: : Reg 0xC2 = 10 (should be 0x10)
01-02 16:54:43.218 12116 12206 D STMicroVL53L0X: : Reg 0x51 = 0 (should be 0x0099)
01-02 16:54:43.224 12116 12206 D STMicroVL53L0X: : Reg 0x61 = 0 (should be 0x0000)
01-02 16:54:43.268 12116 12206 D STMicroVL53L0X: : initial sig rate lim (MCPS) 0.250000
01-02 16:54:43.278 12116 12206 D STMicroVL53L0X: : adjusted sig rate lim (MCPS) 0.250000
01-02 16:54:43.851 12116 12206 W LynxPwmOutputController: LynxSetPWMEnableCommand not implemented by lynx hw; ignoring
01-02 16:54:43.855 12116 12206 W LynxPwmOutputController: LynxSetPWMConfigurationCommand not implemented by lynx hw; ignoring
01-02 16:54:43.860 12116 12206 W LynxPwmOutputController: LynxSetPWMEnableCommand not implemented by lynx hw; ignoring
01-02 16:54:43.865 12116 12206 W LynxPwmOutputController: LynxSetPWMConfigurationCommand not implemented by lynx hw; ignoring
01-02 16:54:43.869 12116 12206 W LynxPwmOutputController: LynxSetPWMEnableCommand not implemented by lynx hw; ignoring
01-02 16:54:43.873 12116 12206 W LynxPwmOutputController: LynxSetPWMConfigurationCommand not implemented by lynx hw; ignoring
01-02 16:54:43.878 12116 12206 W LynxPwmOutputController: LynxSetPWMEnableCommand not implemented by lynx hw; ignoring
01-02 16:54:43.883 12116 12206 W LynxPwmOutputController: LynxSetPWMConfigurationCommand not implemented by lynx hw; ignoring
01-02 16:54:43.909 12116 12206 D STMicroVL53L0X: : Checking to see if it's really a VL53L0X sensor...
01-02 16:54:43.917 12116 12206 D STMicroVL53L0X: : Reg 0xC0 = ee (should be 0xEE)
01-02 16:54:43.924 12116 12206 D STMicroVL53L0X: : Reg 0xC1 = aa (should be 0xAA)
01-02 16:54:43.932 12116 12206 D STMicroVL53L0X: : Reg 0xC2 = 10 (should be 0x10)
01-02 16:54:43.939 12116 12206 D STMicroVL53L0X: : Reg 0x51 = 0 (should be 0x0099)
01-02 16:54:43.946 12116 12206 D STMicroVL53L0X: : Reg 0x61 = 0 (should be 0x0000)
01-02 16:54:43.996 12116 12206 D STMicroVL53L0X: : initial sig rate lim (MCPS) 0.250000
01-02 16:54:44.010 12116 12206 D STMicroVL53L0X: : adjusted sig rate lim (MCPS) 0.250000
01-02 16:54:44.599 12116 12206 V AMSColorSensorImpl: internalInitialize()...
01-02 16:54:44.620 12116 12206 V AMSColorSensorImpl: state: 03 f6 ff ff 00 00 00 00 00 00 00 00 00 00 00 41 
01-02 16:54:44.621 12116 12206 V AMSColorSensorImpl: state| 00 01 44 11 74 02 e2 00 d0 
01-02 16:54:44.636 12116 12206 V AMSColorSensorImpl: disable() enabled=0x03...
01-02 16:54:44.670 12116 12206 V AMSColorSensorImpl: ...disable() enabled=0x00
01-02 16:54:44.671 12116 12206 V AMSColorSensorImpl: setIntegrationTime(0xf6)
01-02 16:54:44.687 12116 12206 V AMSColorSensorImpl: setGain(GAIN_4)
01-02 16:54:44.715 12116 12206 V AMSColorSensorImpl: setPDrive(Percent12_5)
01-02 16:54:44.757 12116 12206 V AMSColorSensorImpl: enable() enabled=0x00...
01-02 16:54:44.808 12116 12206 V AMSColorSensorImpl: ...enable() enabled=0x03
01-02 16:54:44.822 12116 12206 V AMSColorSensorImpl: state: 03 f6 ff ff 00 00 00 00 00 00 00 00 00 00 00 41 
01-02 16:54:44.823 12116 12206 V AMSColorSensorImpl: state| 00 01 44 11 74 02 e2 00 d0 
01-02 16:54:44.823 12116 12206 V AMSColorSensorImpl: ...internalInitialize()
01-02 16:54:44.833 12116 12343 V RobotCore: thread: 'LinearOpMode main' starting...
01-02 16:54:44.833 12116 12343 D LCHSAuto: Autonomous OpMode: TEST
01-02 16:54:44.860 12116 12193 V Robocol : sending CMD_NOTIFY_INIT_OP_MODE(464), attempt: 0
01-02 16:54:44.959 12116 12343 D LCHSHardwareMap: Call IMU initialization
01-02 16:54:45.060 12116 12343 V RobotCore: addr=false data=true arb=false clock=false
01-02 16:54:45.061 12116 12343 E LynxI2cDeviceSynch: readStatusQuery: cbExpected=1 cbRead=0
01-02 16:54:45.061 12116 12343 E LynxI2cDeviceSynch: placeholder: readStatusQuery
01-02 16:54:45.131 12116 12343 V RobotCore: addr=false data=true arb=false clock=false
01-02 16:54:45.131 12116 12343 E LynxI2cDeviceSynch: readStatusQuery: cbExpected=1 cbRead=0
01-02 16:54:45.200 12116 12343 V RobotCore: addr=false data=true arb=false clock=false
01-02 16:54:45.200 12116 12343 E LynxI2cDeviceSynch: readStatusQuery: cbExpected=1 cbRead=0
01-02 16:54:45.270 12116 12343 V RobotCore: addr=false data=true arb=false clock=false
01-02 16:54:45.271 12116 12343 E LynxI2cDeviceSynch: readStatusQuery: cbExpected=1 cbRead=0
01-02 16:54:45.339 12116 12343 V RobotCore: addr=false data=true arb=false clock=false
01-02 16:54:45.340 12116 12343 E LynxI2cDeviceSynch: readStatusQuery: cbExpected=1 cbRead=0
01-02 16:54:45.843 12116 12343 W LCHS IMU init: re-issuing IMU mode: system status=IDLE expected=RUNNING_FUSION
01-02 16:54:46.015 12116 12343 D LCHSHardwareMap: Return from IMU initialization
01-02 16:54:46.024 12116 12343 D LCHSHardwareMap: imu status after init RUNNING_FUSION
01-02 16:54:46.067 12116 12343 D Vuforia : using camera by direction (classic): BACK
01-02 16:54:46.228 12116 12343 D Vuforia : Vuforia.init()...
01-02 16:54:46.239 12116 12343 I AR      : Vuforia selected rendering API OpenGL ES 2.x
01-02 16:54:46.239 12116 12343 I AR      : Vuforia SDK version 7.4.3
01-02 16:54:46.526 12116 12343 D Vuforia : ...Vuforia.init()
01-02 16:54:46.597 12366 12366 W Thread-55: type=1400 audit(0.0:84): avc: denied { read } for uid=10146 name="gpuclk" dev="sysfs" ino=11560 scontext=u:r:untrusted_app:s0:c512,c768 tcontext=u:object_r:sysfs:s0 tclass=file permissive=0
01-02 16:54:46.602 12116 12366 W Adreno-ES20: <get_gpu_clk:229>: open failed: errno 13
01-02 16:54:46.855 12116 12343 I AR      : ObjectTracker: This device doesn't support model targets extended tracking, extended tracking will be turned off
01-02 16:54:47.294 12367 12367 W com.qualcomm.ftcrobotcontroller: type=1400 audit(0.0:85): avc: denied { read } for uid=10146 comm=474C5468726561642031303335 name="gpuclk" dev="sysfs" ino=11560 scontext=u:r:untrusted_app:s0:c512,c768 tcontext=u:object_r:sysfs:s0 tclass=file permissive=0
01-02 16:54:47.299 12116 12367 W Adreno-ES20: <get_gpu_clk:229>: open failed: errno 13
01-02 16:54:47.324 12116 12343 I AR      : ObjectTracker: Successfully created dataset
01-02 16:54:47.325 12116 12343 D Vuforia : loading data set 'RoverRuckus'...
01-02 16:54:47.602 12116 12343 D Vuforia : ... done loading data set 'RoverRuckus'
01-02 16:54:47.878 12116 12343 D LCHSAutoVisionTF: Tensorflow initialized
01-02 16:55:10.646 12116 12185 V Robocol : received command: CMD_RUN_OP_MODE(10616) Auto Test
01-02 16:55:10.676 12116 12343 D LCHSAuto: At start
01-02 16:55:10.676 12116 12343 D LCHSAuto: Using TENSORFLOW system for mineral detection
01-02 16:55:10.690 12116 12343 D LCHSAuto: Desired heading: 0.0, Current heading: -0.1875
01-02 16:55:10.691 12116 12343 D LCHSAuto: Desired gyro heading 0.0
01-02 16:55:10.691 12116 12343 D LCHSAuto: Distance from side wall 8.0
01-02 16:55:10.691 12116 12343 D LCHSAuto: Power -0.6
01-02 16:55:10.691 12116 12343 D LCHSAuto: Strafe proportional coefficient 0.0
01-02 16:55:10.691 12116 12343 D LCHSAuto: Failsafe timeout 7000
01-02 16:55:10.691 12116 12343 D LCHSAutoMotion: Starting trackWall
01-02 16:55:10.691 12116 12343 D LCHSAutoMotion: Early exit from trackWall: invalid parameter(s
01-02 16:55:10.691 12116 12343 D LCHSAuto: Wall tracking complete
01-02 16:55:10.705 12116 12193 V Robocol : sending CMD_NOTIFY_RUN_OP_MODE(716), attempt: 0
01-02 16:55:10.742 12116 12343 D LCHSAuto: Exiting LCHSAutoJson
01-02 16:55:10.753 12116 12343 V RobotCore: thread: ...terminating 'LinearOpMode main'
01-02 16:55:10.754 12116 12206 I FtcEventLoop: auto-stopping OpMode 'Auto Test'
01-02 16:55:10.832 12116 12116 E AR      : VideoBackgroundConfig with screen size of zero received, skipping config step
01-02 16:55:10.857 12116 12206 D Vuforia : Vuforia.deinit()...
01-02 16:55:10.920 12116 12206 D Vuforia : ...Vuforia.deinit()
01-02 16:55:10.921 12116 12206 I RobotCore: ******************** STOP - OPMODE /storage/emulated/0/FIRST/matchlogs/Match-0-Auto_Test.txt ********************
01-02 16:55:10.925 12116 12464 I RobotCore: saving match logcat to /storage/emulated/0/FIRST/matchlogs/Match-0-Auto_Test.txt
01-02 16:55:10.925 12116 12464 I RobotCore: logging command line: exec logcat -d -T '1-2 16:54:42.000' -f /storage/emulated/0/FIRST/matchlogs/Match-0-Auto_Test.txt -n4 -v threadtime UsbRequestJNI:S UsbRequest:S art:W ThreadPool:W System:W ExtendedExtractor:W OMXClient:W MediaPlayer:W dalvikvm:W  *:V
01-02 16:55:10.926 12116 12206 I RobotCore: Attempting to switch to op mode $Stop$Robot$
01-02 16:55:10.954 12465 12465 W sh      : type=1400 audit(0.0:86): avc: denied { read } for uid=10146 name="/" dev="rootfs" ino=1 scontext=u:r:untrusted_app:s0:c512,c768 tcontext=u:object_r:rootfs:s0 tclass=dir permissive=0
01-02 16:55:10.994 12116 12464 I RobotCore: Done running exec logcat -d -T '1-2 16:54:42.000' -f /storage/emulated/0/FIRST/matchlogs/Match-0-Auto_Test.txt -n4 -v threadtime UsbRequestJNI:S UsbRequest:S art:W ThreadPool:W System:W ExtendedExtractor:W OMXClient:W MediaPlayer:W dalvikvm:W  *:V
01-02 16:55:10.995 12116 12464 I RobotCore: exiting match logcat for /storage/emulated/0/FIRST/matchlogs/Match-0-Auto_Test.txt
01-02 16:55:11.019 12116 12193 V Robocol : sending CMD_NOTIFY_INIT_OP_MODE(724), attempt: 0
01-02 16:55:11.048 12116 12185 V Robocol : received command: CMD_RUN_OP_MODE(10627) $Stop$Robot$
01-02 16:55:11.060 12116 12193 V Robocol : sending CMD_NOTIFY_RUN_OP_MODE(731), attempt: 0
01-02 16:55:14.167 12116 12185 V Robocol : received command: CMD_INIT_OP_MODE(10670) $Stop$Robot$
01-02 16:55:14.183 12116 12206 I RobotCore: Attempting to switch to op mode $Stop$Robot$
01-02 16:55:14.259 12116 12193 V Robocol : sending CMD_NOTIFY_INIT_OP_MODE(780), attempt: 0
01-02 16:55:14.287 12116 12185 V Robocol : received command: CMD_RUN_OP_MODE(10676) $Stop$Robot$
01-02 16:55:14.339 12116 12193 V Robocol : sending CMD_NOTIFY_RUN_OP_MODE(786), attempt: 0
01-02 16:58:32.100 12116 12193 V Robocol : issuing peerDisconnected(): lastRecvPacket=2.026 s
01-02 16:58:32.102 12116 12193 V UpdateUI: Network: active, disconnected
01-02 16:58:32.106 12116 12193 I RobotCore: Lost connection while running op mode: $Stop$Robot$
01-02 16:58:32.139 12116 12197 V SoundInfo: construct(0x07cebec2)
01-02 16:58:32.175 12116 12195 I MediaCodec: (0x955e9000) init name(audio/raw) isType(1) encoder(0)
01-02 16:58:32.181 12116 12587 I MediaCodec: (0x955e9000) Component Allocated (OMX.google.raw.decoder)
01-02 16:58:32.181 12116 12195 I MediaCodec: (0x955e9000) configure surface(0x0) crypto(0x0) flags(0)
01-02 16:58:32.181 12116 12195 D MediaCodec: (0x955e9000) configure format: AMessage(what = 0x00000000) = {
01-02 16:58:32.181 12116 12195 D MediaCodec:       string mime = "audio/raw"
01-02 16:58:32.181 12116 12195 D MediaCodec:       int64_t durationUs = 516598
01-02 16:58:32.181 12116 12195 D MediaCodec:       int32_t track-id = 1
01-02 16:58:32.181 12116 12195 D MediaCodec:       int32_t channel-count = 2
01-02 16:58:32.181 12116 12195 D MediaCodec:       int32_t sample-rate = 44100
01-02 16:58:32.181 12116 12195 D MediaCodec:       int32_t channel-mask = 0
01-02 16:58:32.181 12116 12195 D MediaCodec:       int32_t pcm-encoding = 2
01-02 16:58:32.181 12116 12195 D MediaCodec:     }
01-02 16:58:32.183 12116 12195 I MediaCodec: (0x955e9000) start
01-02 16:58:32.188 12116 12587 I MediaCodec: (0x955e9000) input buffers allocated
01-02 16:58:32.188 12116 12587 I MediaCodec: (0x955e9000) numBuffers (4)
01-02 16:58:32.188 12116 12587 I MediaCodec: (0x955e9000) output buffers allocated
01-02 16:58:32.188 12116 12587 I MediaCodec: (0x955e9000) numBuffers (4)
01-02 16:58:32.193 12116 12587 D MediaCodec: (0x955e9000) [OMX.google.raw.decoder] output format changed to: AMessage(what = 0x00000000) = {
01-02 16:58:32.193 12116 12587 D MediaCodec:       string mime = "audio/raw"
01-02 16:58:32.193 12116 12587 D MediaCodec:       int32_t channel-count = 2
01-02 16:58:32.193 12116 12587 D MediaCodec:       int32_t sample-rate = 44100
01-02 16:58:32.193 12116 12587 D MediaCodec:       int32_t pcm-encoding = 2
01-02 16:58:32.193 12116 12587 D MediaCodec:       int32_t bit-width = 16
01-02 16:58:32.193 12116 12587 D MediaCodec:       int32_t channel-mask = 0
01-02 16:58:32.193 12116 12587 D MediaCodec:     }
01-02 16:58:32.202 12116 12195 I MediaCodec: (0x955e9000) stop
01-02 16:58:32.207 12116 12195 I MediaCodec: (0x955e9000) release
01-02 16:58:32.211 12116 12137 D SoundPlayer: onLoadComplete(samp=3|ms=517, samp=3)=0
01-02 16:58:32.213 12116 12197 W AudioTrack: AUDIO_OUTPUT_FLAG_FAST denied by client; transfer 4, track 44100 Hz, output 48000 Hz
01-02 16:58:32.219 12116 12197 D SoundPlayer: playing volume=1.000000 samp=3|ms=517
01-02 16:58:32.609 12116 12206 I RobotCore: Attempting to switch to op mode $Stop$Robot$
01-02 16:58:59.661 12116 12187 E BulkPacketInWorker: DQ1NE3V4: bulkTransfer() error: -1
01-02 16:58:59.672 12116 12137 D CameraManager: ---------------------------------------------- ACTION_USB_DEVICE_DETACHED
01-02 16:58:59.672 12116 12116 V FtDeviceManager: ACTION_USB_DEVICE_DETACHED: /dev/bus/usb/001/002
01-02 16:58:59.672 12116 12116 V FtDevice: vv********************DQ1NE3V4 closing********************vv 0x089f8e0f
01-02 16:58:59.673 12116 12116 V FtDevice: DQ1NE3V4 stopping thread readBufferManager
01-02 16:58:59.673 12116 12188 V FtDevice: DQ1NE3V4 thread readBufferManager is stopped
01-02 16:58:59.674 12116 12116 V FtDevice: DQ1NE3V4 stopping thread bulkPacketInWorker
01-02 16:58:59.675 12116 12187 V FtDevice: DQ1NE3V4 thread bulkPacketInWorker is stopped
01-02 16:58:59.677 12116 12190 V LynxUsb : device closed in incoming datagram loop
01-02 16:58:59.674 12190 12190 W com.qualcomm.ftcrobotcontroller: type=1400 audit(0.0:87): avc: denied { search } for uid=10146 comm=6C796E7820696E636F6D696E672064 name="usb" dev="tmpfs" ino=10367 scontext=u:r:untrusted_app:s0:c512,c768 tcontext=u:object_r:usb_device:s0 tclass=dir permissive=0
01-02 16:58:59.679 12116 12116 V MonitoredUsbDeviceConnection: closing UsbDeviceConnection(DQ1NE3V4)
01-02 16:58:59.679 12116 12190 V RobotUsbDeviceFtdi: closing DQ1NE3V4
01-02 16:58:59.679 12116 12116 D UsbDeviceConnectionJNI: close
01-02 16:58:59.680 12116 12116 V FtDevice: ^^********************DQ1NE3V4 closed ********************^^
01-02 16:58:59.681 12116 12190 V RobotCore: thread: ...terminating 'lynx incoming datagrams'
01-02 16:58:59.685 12116 12206 D RobotCore: system telemetry: key=$System$Warning$ msg="REV Robotics USB Expansion Hub Portal [DQ1NE3V4] detached"
01-02 16:58:59.732 12116 12197 V SoundInfo: construct(0x004e050e)
01-02 16:58:59.776 12116 12195 I MediaCodec: (0x955e9140) init name(audio/raw) isType(1) encoder(0)
01-02 16:58:59.782 12116 12593 I MediaCodec: (0x955e9140) Component Allocated (OMX.google.raw.decoder)
01-02 16:58:59.782 12116 12195 I MediaCodec: (0x955e9140) configure surface(0x0) crypto(0x0) flags(0)
01-02 16:58:59.782 12116 12195 D MediaCodec: (0x955e9140) configure format: AMessage(what = 0x00000000) = {
01-02 16:58:59.782 12116 12195 D MediaCodec:       string mime = "audio/raw"
01-02 16:58:59.782 12116 12195 D MediaCodec:       int64_t durationUs = 1043650
