01-02 17:02:01.069 13324 13591 D LCHSAutoMotion: Final Power LB: -0.572280612116875
01-02 17:02:01.069 13324 13591 D LCHSAutoMotion: Final Power RF: -0.627719387883125
01-02 17:02:01.154 13324 13591 D LCHSAutoDepotTarget: Color hue 32.857143
01-02 17:02:01.190 13324 13591 D LCHSAutoMotion: Distance from side wall 7.952755905511811
01-02 17:02:01.210 13324 13591 D LCHSAutoMotion: IMU -3.125, error 3.125, p+i 0.155804651241875
01-02 17:02:01.210 13324 13591 D LCHSAutoMotion: Power under P+I control LF, LB, RF, RB:  -0.755804651241875 -0.755804651241875 -0.44419534875812494 -0.44419534875812494
01-02 17:02:01.210 13324 13591 D LCHSAutoMotion: Error Distance from Wall: 0.04724409448818889
01-02 17:02:01.210 13324 13591 D LCHSAutoMotion: Strafe Value: 0.0
01-02 17:02:01.210 13324 13591 D LCHSAutoMotion: Final Power LF: -0.755804651241875
01-02 17:02:01.210 13324 13591 D LCHSAutoMotion: Final Power RB: -0.44419534875812494
01-02 17:02:01.210 13324 13591 D LCHSAutoMotion: Final Power LB: -0.755804651241875
01-02 17:02:01.210 13324 13591 D LCHSAutoMotion: Final Power RF: -0.44419534875812494
01-02 17:02:01.292 13324 13591 D LCHSAutoDepotTarget: Color hue 39.642857
01-02 17:02:01.319 13324 13591 D LCHSAutoMotion: Distance from side wall 8.543307086614174
01-02 17:02:01.327 13324 13684 I native  : Registering the position of 114988352 at 147.82,68.73,233.18,97.10
01-02 17:02:01.327 13324 13684 I native  : Registering the position of 114988352 at 147.82,68.73,233.18,97.10 at time 3633639236173
01-02 17:02:01.329 13324 13684 I native  : Registering the position of 67845241 at 32.57,71.80,94.74,104.76
01-02 17:02:01.329 13324 13684 I native  : Registering the position of 67845241 at 32.57,71.80,94.74,104.76 at time 3633639236173
01-02 17:02:01.331 13324 13684 I native  : Registering the position of 63688126 at 253.58,68.72,271.23,82.34
01-02 17:02:01.331 13324 13684 I native  : Registering the position of 63688126 at 253.58,68.72,271.23,82.34 at time 3633639236173
01-02 17:02:01.335 13324 13591 D LCHSAutoMotion: IMU -3.875, error 3.875, p+i 0.195732227975
01-02 17:02:01.335 13324 13591 D LCHSAutoMotion: Power under P+I control LF, LB, RF, RB:  -0.795732227975 -0.795732227975 -0.40426777202499997 -0.40426777202499997
01-02 17:02:01.335 13324 13591 D LCHSAutoMotion: Error Distance from Wall: -0.543307086614174
01-02 17:02:01.335 13324 13591 D LCHSAutoMotion: Strafe Value: -0.0
01-02 17:02:01.335 13324 13591 D LCHSAutoMotion: Final Power LF: -0.795732227975
01-02 17:02:01.335 13324 13591 D LCHSAutoMotion: Final Power RB: -0.40426777202499997
01-02 17:02:01.336 13324 13591 D LCHSAutoMotion: Final Power LB: -0.795732227975
01-02 17:02:01.336 13324 13591 D LCHSAutoMotion: Final Power RF: -0.40426777202499997
01-02 17:02:01.352 13324 13685 I native  : Registering the position of 90877471 at 149.17,68.73,233.12,97.10
01-02 17:02:01.353 13324 13685 I native  : Registering the position of 90877471 at 149.17,68.73,233.12,97.10 at time 3633778054364
01-02 17:02:01.355 13324 13685 I native  : Registering the position of 175359340 at 32.05,71.98,95.27,104.94
01-02 17:02:01.355 13324 13685 I native  : Registering the position of 175359340 at 32.05,71.98,95.27,104.94 at time 3633778054364
01-02 17:02:01.356 13324 13685 I native  : Registering the position of 117057333 at 253.44,68.60,271.37,82.46
01-02 17:02:01.357 13324 13685 I native  : Registering the position of 117057333 at 253.44,68.60,271.37,82.46 at time 3633778054364
01-02 17:02:01.402 13324 13591 D LCHSAutoDepotTarget: Color hue 35.74468
01-02 17:02:01.430 13324 13591 D LCHSAutoMotion: Distance from side wall 7.598425196850394
01-02 17:02:01.455 13324 13591 D LCHSAutoMotion: IMU -1.375, error 1.375, p+i 0.07155808169875001
01-02 17:02:01.455 13324 13591 D LCHSAutoMotion: Power under P+I control LF, LB, RF, RB:  -0.67155808169875 -0.67155808169875 -0.52844191830125 -0.52844191830125
01-02 17:02:01.455 13324 13591 D LCHSAutoMotion: Error Distance from Wall: 0.4015748031496056
01-02 17:02:01.455 13324 13591 D LCHSAutoMotion: Strafe Value: 0.0
01-02 17:02:01.456 13324 13591 D LCHSAutoMotion: Final Power LF: -0.67155808169875
01-02 17:02:01.456 13324 13591 D LCHSAutoMotion: Final Power RB: -0.52844191830125
01-02 17:02:01.456 13324 13591 D LCHSAutoMotion: Final Power LB: -0.67155808169875
01-02 17:02:01.456 13324 13591 D LCHSAutoMotion: Final Power RF: -0.52844191830125
01-02 17:02:01.532 13324 13591 D LCHSAutoDepotTarget: Color hue 34.285717
01-02 17:02:01.565 13324 13591 D LCHSAutoMotion: Distance from side wall 7.755905511811024
01-02 17:02:01.595 13324 13591 D LCHSAutoMotion: IMU 3.0625, error -3.0625, p+i -0.15245241013218752
01-02 17:02:01.596 13324 13591 D LCHSAutoMotion: Power under P+I control LF, LB, RF, RB:  -0.44754758986781246 -0.44754758986781246 -0.7524524101321874 -0.7524524101321874
01-02 17:02:01.596 13324 13591 D LCHSAutoMotion: Error Distance from Wall: 0.24409448818897594
01-02 17:02:01.596 13324 13591 D LCHSAutoMotion: Strafe Value: 0.0
01-02 17:02:01.596 13324 13591 D LCHSAutoMotion: Final Power LF: -0.44754758986781246
01-02 17:02:01.596 13324 13591 D LCHSAutoMotion: Final Power RB: -0.7524524101321874
01-02 17:02:01.596 13324 13591 D LCHSAutoMotion: Final Power LB: -0.44754758986781246
01-02 17:02:01.597 13324 13591 D LCHSAutoMotion: Final Power RF: -0.7524524101321874
01-02 17:02:01.705 13324 13591 D LCHSAutoDepotTarget: Color hue 35.510204
01-02 17:02:01.745 13324 13591 D LCHSAutoMotion: Distance from side wall 6.889763779527559
01-02 17:02:01.782 13324 13591 D LCHSAutoMotion: IMU 3.9375, error -3.9375, p+i -0.19989631972656252
01-02 17:02:01.782 13324 13591 D LCHSAutoMotion: Power under P+I control LF, LB, RF, RB:  -0.40010368027343746 -0.40010368027343746 -0.7998963197265625 -0.7998963197265625
01-02 17:02:01.783 13324 13591 D LCHSAutoMotion: Error Distance from Wall: 1.1102362204724407
01-02 17:02:01.783 13324 13591 D LCHSAutoMotion: Strafe Value: 0.0
01-02 17:02:01.783 13324 13591 D LCHSAutoMotion: Final Power LF: -0.40010368027343746
01-02 17:02:01.783 13324 13591 D LCHSAutoMotion: Final Power RB: -0.7998963197265625
01-02 17:02:01.783 13324 13591 D LCHSAutoMotion: Final Power LB: -0.40010368027343746
01-02 17:02:01.783 13324 13591 D LCHSAutoMotion: Final Power RF: -0.7998963197265625
01-02 17:02:01.887 13324 13591 D LCHSAutoDepotTarget: Color hue 34.468086
01-02 17:02:01.917 13324 13591 D LCHSAutoMotion: Distance from side wall 6.968503937007874
01-02 17:02:01.928 13324 13591 D LCHSAutoMotion: IMU -1.875, error 1.875, p+i 0.0920924811921875
01-02 17:02:01.928 13324 13591 D LCHSAutoMotion: Power under P+I control LF, LB, RF, RB:  -0.6920924811921875 -0.6920924811921875 -0.5079075188078125 -0.5079075188078125
01-02 17:02:01.928 13324 13591 D LCHSAutoMotion: Error Distance from Wall: 1.031496062992126
01-02 17:02:01.928 13324 13591 D LCHSAutoMotion: Strafe Value: 0.0
01-02 17:02:01.928 13324 13591 D LCHSAutoMotion: Final Power LF: -0.6920924811921875
01-02 17:02:01.928 13324 13591 D LCHSAutoMotion: Final Power RB: -0.5079075188078125
01-02 17:02:01.928 13324 13591 D LCHSAutoMotion: Final Power LB: -0.6920924811921875
01-02 17:02:01.928 13324 13591 D LCHSAutoMotion: Final Power RF: -0.5079075188078125
01-02 17:02:01.929 13324 13684 I native  : Registering the position of 141756362 at 214.66,64.07,231.17,73.67
01-02 17:02:01.929 13324 13684 I native  : Registering the position of 141756362 at 214.66,64.07,231.17,73.67 at time 3634430192189
01-02 17:02:02.016 13324 13591 D LCHSAutoDepotTarget: Color hue 32.45902
01-02 17:02:02.052 13324 13591 D LCHSAutoMotion: Distance from side wall 7.283464566929134
01-02 17:02:02.080 13324 13591 D LCHSAutoMotion: IMU -6.375, error 6.375, p+i 0.32194156731218754
01-02 17:02:02.080 13324 13591 D LCHSAutoMotion: Power under P+I control LF, LB, RF, RB:  -0.9219415673121876 -0.9219415673121876 -0.27805843268781244 -0.27805843268781244
01-02 17:02:02.080 13324 13591 D LCHSAutoMotion: Error Distance from Wall: 0.7165354330708658
01-02 17:02:02.080 13324 13591 D LCHSAutoMotion: Strafe Value: 0.0
01-02 17:02:02.080 13324 13591 D LCHSAutoMotion: Final Power LF: -0.9219415673121876
01-02 17:02:02.081 13324 13591 D LCHSAutoMotion: Final Power RB: -0.3
01-02 17:02:02.081 13324 13591 D LCHSAutoMotion: Final Power LB: -0.9219415673121876
01-02 17:02:02.081 13324 13591 D LCHSAutoMotion: Final Power RF: -0.3
01-02 17:02:02.156 13324 13591 D LCHSAutoDepotTarget: Color hue 33.461536
01-02 17:02:02.188 13324 13591 D LCHSAutoMotion: Distance from side wall 6.653543307086615
01-02 17:02:02.209 13324 13591 D LCHSAutoMotion: IMU -4.4375, error 4.4375, p+i 0.2279309877178125
01-02 17:02:02.209 13324 13591 D LCHSAutoMotion: Power under P+I control LF, LB, RF, RB:  -0.8279309877178125 -0.8279309877178125 -0.3720690122821875 -0.3720690122821875
01-02 17:02:02.209 13324 13591 D LCHSAutoMotion: Error Distance from Wall: 1.3464566929133852
01-02 17:02:02.209 13324 13591 D LCHSAutoMotion: Strafe Value: 0.0
01-02 17:02:02.210 13324 13591 D LCHSAutoMotion: Final Power LF: -0.8279309877178125
01-02 17:02:02.210 13324 13591 D LCHSAutoMotion: Final Power RB: -0.3720690122821875
01-02 17:02:02.210 13324 13591 D LCHSAutoMotion: Final Power LB: -0.8279309877178125
01-02 17:02:02.210 13324 13591 D LCHSAutoMotion: Final Power RF: -0.3720690122821875
01-02 17:02:02.312 13324 13591 D LCHSAutoDepotTarget: Color hue 38.666668
01-02 17:02:02.338 13324 13591 D LCHSAutoMotion: Distance from side wall 4.212598425196851
01-02 17:02:02.356 13324 13591 D LCHSAutoMotion: IMU 3.6875, error -3.6875, p+i -0.18102538210718752
01-02 17:02:02.356 13324 13591 D LCHSAutoMotion: Power under P+I control LF, LB, RF, RB:  -0.41897461789281243 -0.41897461789281243 -0.7810253821071875 -0.7810253821071875
01-02 17:02:02.356 13324 13591 D LCHSAutoMotion: Error Distance from Wall: 3.787401574803149
01-02 17:02:02.356 13324 13591 D LCHSAutoMotion: Strafe Value: 0.0
01-02 17:02:02.356 13324 13591 D LCHSAutoMotion: Apply strafe factor: LF, RB 0.0; RF, LB -0.0
01-02 17:02:02.356 13324 13591 D LCHSAutoMotion: Power with strafe factor LF, LB, RF, RB:  -0.41897461789281243 -0.41897461789281243 -0.7810253821071875 -0.7810253821071875
01-02 17:02:02.356 13324 13591 D LCHSAutoMotion: Final Power LF: -0.5364417437528459
01-02 17:02:02.357 13324 13591 D LCHSAutoMotion: Final Power RB: -1.0
01-02 17:02:02.357 13324 13591 D LCHSAutoMotion: Final Power LB: -0.5364417437528459
01-02 17:02:02.357 13324 13591 D LCHSAutoMotion: Final Power RF: -1.0
01-02 17:02:02.483 13324 13685 I native  : Registering the position of 93719867 at 244.15,62.42,261.80,71.11
01-02 17:02:02.483 13324 13685 I native  : Registering the position of 93719867 at 244.15,62.42,261.80,71.11 at time 3634827273270
01-02 17:02:02.485 13324 13685 I native  : Registering the position of 260951128 at 109.67,59.14,192.23,77.83
01-02 17:02:02.485 13324 13685 I native  : Registering the position of 260951128 at 109.67,59.14,192.23,77.83 at time 3634827273270
01-02 17:02:02.487 13324 13685 I native  : Registering the position of 129171889 at 138.46,61.11,218.31,79.49
01-02 17:02:02.488 13324 13685 I native  : Registering the position of 129171889 at 138.46,61.11,218.31,79.49 at time 3634827273270
01-02 17:02:02.491 13324 13591 D LCHSAutoDepotTarget: Color hue 36.206898
01-02 17:02:02.525 13324 13591 D LCHSAutoMotion: Distance from side wall 4.448818897637795
01-02 17:02:02.536 13324 13591 D LCHSAutoMotion: IMU 8.625, error -8.625, p+i -0.43567884141906255
01-02 17:02:02.536 13324 13591 D LCHSAutoMotion: Power under P+I control LF, LB, RF, RB:  -0.16432115858093743 -0.16432115858093743 -1.0356788414190625 -1.0356788414190625
01-02 17:02:02.537 13324 13591 D LCHSAutoMotion: Error Distance from Wall: 3.5511811023622046
01-02 17:02:02.537 13324 13591 D LCHSAutoMotion: Strafe Value: 0.0
01-02 17:02:02.537 13324 13591 D LCHSAutoMotion: Apply strafe factor: LF, RB 0.0; RF, LB -0.0
01-02 17:02:02.537 13324 13591 D LCHSAutoMotion: Power with strafe factor LF, LB, RF, RB:  -0.16432115858093743 -0.16432115858093743 -1.0356788414190625 -1.0356788414190625
01-02 17:02:02.537 13324 13591 D LCHSAutoMotion: Final Power LF: -0.2
01-02 17:02:02.537 13324 13591 D LCHSAutoMotion: Final Power RB: -1.0
01-02 17:02:02.537 13324 13591 D LCHSAutoMotion: Final Power LB: -0.2
01-02 17:02:02.537 13324 13591 D LCHSAutoMotion: Final Power RF: -1.0
01-02 17:02:02.615 13324 13591 D LCHSAutoDepotTarget: Color hue 33.333336
01-02 17:02:02.653 13324 13591 D LCHSAutoMotion: Distance from side wall 4.488188976377953
01-02 17:02:02.679 13324 13591 D LCHSAutoMotion: IMU 2.875, error -2.875, p+i -0.15023146583906252
01-02 17:02:02.679 13324 13591 D LCHSAutoMotion: Power under P+I control LF, LB, RF, RB:  -0.4497685341609374 -0.4497685341609374 -0.7502314658390625 -0.7502314658390625
01-02 17:02:02.679 13324 13591 D LCHSAutoMotion: Error Distance from Wall: 3.5118110236220472
01-02 17:02:02.679 13324 13591 D LCHSAutoMotion: Strafe Value: 0.0
01-02 17:02:02.679 13324 13591 D LCHSAutoMotion: Apply strafe factor: LF, RB 0.0; RF, LB -0.0
01-02 17:02:02.679 13324 13591 D LCHSAutoMotion: Power with strafe factor LF, LB, RF, RB:  -0.4497685341609374 -0.4497685341609374 -0.7502314658390625 -0.7502314658390625
01-02 17:02:02.680 13324 13591 D LCHSAutoMotion: Final Power LF: -0.5995063585581739
01-02 17:02:02.680 13324 13591 D LCHSAutoMotion: Final Power RB: -1.0
01-02 17:02:02.680 13324 13591 D LCHSAutoMotion: Final Power LB: -0.5995063585581739
01-02 17:02:02.680 13324 13591 D LCHSAutoMotion: Final Power RF: -1.0
01-02 17:02:02.743 13324 13591 D LCHSAutoDepotTarget: Color hue 30.0
01-02 17:02:02.767 13324 13591 D LCHSAutoMotion: Distance from side wall 5.78740157480315
01-02 17:02:02.794 13324 13591 D LCHSAutoMotion: IMU -5.875, error 5.875, p+i 0.2906621731853125
01-02 17:02:02.795 13324 13591 D LCHSAutoMotion: Power under P+I control LF, LB, RF, RB:  -0.8906621731853125 -0.8906621731853125 -0.30933782681468747 -0.30933782681468747
01-02 17:02:02.795 13324 13591 D LCHSAutoMotion: Error Distance from Wall: 2.21259842519685
01-02 17:02:02.795 13324 13591 D LCHSAutoMotion: Strafe Value: 0.0
01-02 17:02:02.795 13324 13591 D LCHSAutoMotion: Apply strafe factor: LF, RB 0.0; RF, LB -0.0
01-02 17:02:02.795 13324 13591 D LCHSAutoMotion: Power with strafe factor LF, LB, RF, RB:  -0.8906621731853125 -0.8906621731853125 -0.30933782681468747 -0.30933782681468747
01-02 17:02:02.796 13324 13591 D LCHSAutoMotion: Final Power LF: -1.0
01-02 17:02:02.796 13324 13591 D LCHSAutoMotion: Final Power RB: -0.34731218651443296
01-02 17:02:02.797 13324 13591 D LCHSAutoMotion: Final Power LB: -1.0
01-02 17:02:02.799 13324 13591 D LCHSAutoMotion: Final Power RF: -0.34731218651443296
01-02 17:02:02.881 13324 13684 I native  : Registering the position of 27383446 at 204.61,80.34,234.20,102.81
01-02 17:02:02.884 13324 13684 I native  : Registering the position of 27383446 at 204.61,80.34,234.20,102.81 at time 3635294936650
01-02 17:02:02.895 13324 13591 D LCHSAutoDepotTarget: Color hue 31.499998
01-02 17:02:02.939 13324 13591 D LCHSAutoMotion: Distance from side wall 6.377952755905512
01-02 17:02:02.951 13324 13591 D LCHSAutoMotion: IMU -10.5, error 10.5, p+i 0.5301431349453125
01-02 17:02:02.952 13324 13591 D LCHSAutoMotion: Power under P+I control LF, LB, RF, RB:  -1.1301431349453126 -1.1301431349453126 -0.06985686505468747 -0.06985686505468747
01-02 17:02:02.952 13324 13591 D LCHSAutoMotion: Error Distance from Wall: 1.622047244094488
01-02 17:02:02.952 13324 13591 D LCHSAutoMotion: Strafe Value: 0.0
01-02 17:02:02.952 13324 13591 D LCHSAutoMotion: Final Power LF: -1.0
01-02 17:02:02.952 13324 13591 D LCHSAutoMotion: Final Power RB: -0.3
01-02 17:02:02.952 13324 13591 D LCHSAutoMotion: Final Power LB: -1.0
01-02 17:02:02.952 13324 13591 D LCHSAutoMotion: Final Power RF: -0.3
01-02 17:02:03.028 13324 13591 D LCHSAutoDepotTarget: Color hue 30.0
01-02 17:02:03.069 13324 13591 D LCHSAutoMotion: Distance from side wall 6.614173228346457
01-02 17:02:03.094 13324 13591 D LCHSAutoMotion: IMU -5.1875, error 5.1875, p+i 0.26822711270750005
01-02 17:02:03.095 13324 13591 D LCHSAutoMotion: Power under P+I control LF, LB, RF, RB:  -0.8682271127075001 -0.8682271127075001 -0.33177288729249993 -0.33177288729249993
01-02 17:02:03.095 13324 13591 D LCHSAutoMotion: Error Distance from Wall: 1.3858267716535426
01-02 17:02:03.095 13324 13591 D LCHSAutoMotion: Strafe Value: 0.0
01-02 17:02:03.095 13324 13591 D LCHSAutoMotion: Final Power LF: -0.8682271127075001
01-02 17:02:03.095 13324 13591 D LCHSAutoMotion: Final Power RB: -0.33177288729249993
01-02 17:02:03.095 13324 13591 D LCHSAutoMotion: Final Power LB: -0.8682271127075001
01-02 17:02:03.095 13324 13591 D LCHSAutoMotion: Final Power RF: -0.33177288729249993
01-02 17:02:03.183 13324 13591 D LCHSAutoDepotTarget: Color hue 36.279068
01-02 17:02:03.211 13324 13591 D LCHSAutoMotion: Distance from side wall 5.433070866141732
01-02 17:02:03.232 13324 13591 D LCHSAutoMotion: IMU 3.6875, error -3.6875, p+i -0.1780710931440625
01-02 17:02:03.239 13324 13591 D LCHSAutoMotion: Power under P+I control LF, LB, RF, RB:  -0.4219289068559375 -0.4219289068559375 -0.7780710931440624 -0.7780710931440624

//** Here the strafe factor is applied even though the values do not exceed the normal limits,
// resulting in a distortion.
01-02 17:02:03.239 13324 13591 D LCHSAutoMotion: Error Distance from Wall: 2.5669291338582676
01-02 17:02:03.239 13324 13591 D LCHSAutoMotion: Strafe Value: 0.0
01-02 17:02:03.239 13324 13591 D LCHSAutoMotion: Apply strafe factor: LF, RB 0.0; RF, LB -0.0
01-02 17:02:03.239 13324 13591 D LCHSAutoMotion: Power with strafe factor LF, LB, RF, RB:  -0.4219289068559375 -0.4219289068559375 -0.7780710931440624 -0.7780710931440624
01-02 17:02:03.240 13324 13591 D LCHSAutoMotion: Final Power LF: -0.5422755202882418
01-02 17:02:03.240 13324 13591 D LCHSAutoMotion: Final Power RB: -1.0
01-02 17:02:03.240 13324 13591 D LCHSAutoMotion: Final Power LB: -0.5422755202882418
01-02 17:02:03.240 13324 13591 D LCHSAutoMotion: Final Power RF: -1.0
01-02 17:02:03.307 13324 13591 D LCHSAutoDepotTarget: Color hue 31.428574
01-02 17:02:03.333 13324 13591 D LCHSAutoMotion: Distance from side wall 4.606299212598426
01-02 17:02:03.363 13324 13591 D LCHSAutoMotion: IMU 9.8125, error -9.8125, p+i -0.4907365190871875
01-02 17:02:03.364 13324 13591 D LCHSAutoMotion: Power under P+I control LF, LB, RF, RB:  -0.10926348091281246 -0.10926348091281246 -1.0907365190871876 -1.0907365190871876
01-02 17:02:03.369 13324 13591 D LCHSAutoMotion: Error Distance from Wall: 3.393700787401574
01-02 17:02:03.369 13324 13591 D LCHSAutoMotion: Strafe Value: 0.0
01-02 17:02:03.369 13324 13591 D LCHSAutoMotion: Apply strafe factor: LF, RB 0.0; RF, LB -0.0
01-02 17:02:03.370 13324 13591 D LCHSAutoMotion: Power with strafe factor LF, LB, RF, RB:  -0.10926348091281246 -0.10926348091281246 -1.0907365190871876 -1.0907365190871876
01-02 17:02:03.370 13324 13591 D LCHSAutoMotion: Final Power LF: -0.2
01-02 17:02:03.371 13324 13591 D LCHSAutoMotion: Final Power RB: -1.0
01-02 17:02:03.371 13324 13591 D LCHSAutoMotion: Final Power LB: -0.2
01-02 17:02:03.371 13324 13591 D LCHSAutoMotion: Final Power RF: -1.0
01-02 17:02:03.436 13324 13591 D LCHSAutoDepotTarget: Color hue 35.0
01-02 17:02:03.485 13324 13591 D LCHSAutoMotion: Distance from side wall 4.1732283464566935
01-02 17:02:03.507 13324 13591 D LCHSAutoMotion: IMU 5.0, error -5.0, p+i -0.2537046795871875
01-02 17:02:03.511 13324 13591 D LCHSAutoMotion: Power under P+I control LF, LB, RF, RB:  -0.34629532041281247 -0.34629532041281247 -0.8537046795871874 -0.8537046795871874
01-02 17:02:03.511 13324 13591 D LCHSAutoMotion: Error Distance from Wall: 3.8267716535433065
01-02 17:02:03.512 13324 13591 D LCHSAutoMotion: Strafe Value: 0.0
01-02 17:02:03.512 13324 13591 D LCHSAutoMotion: Apply strafe factor: LF, RB 0.0; RF, LB -0.0
01-02 17:02:03.516 13324 13591 D LCHSAutoMotion: Power with strafe factor LF, LB, RF, RB:  -0.34629532041281247 -0.34629532041281247 -0.8537046795871874 -0.8537046795871874
01-02 17:02:03.516 13324 13591 D LCHSAutoMotion: Final Power LF: -0.4056383064226204
01-02 17:02:03.516 13324 13591 D LCHSAutoMotion: Final Power RB: -1.0
01-02 17:02:03.516 13324 13591 D LCHSAutoMotion: Final Power LB: -0.4056383064226204
01-02 17:02:03.517 13324 13591 D LCHSAutoMotion: Final Power RF: -1.0
01-02 17:02:03.607 13324 13591 D LCHSAutoDepotTarget: Color hue 34.468086
01-02 17:02:03.642 13324 13591 D LCHSAutoMotion: Distance from side wall 4.921259842519685
01-02 17:02:03.673 13324 13591 D LCHSAutoMotion: IMU -6.125, error 6.125, p+i 0.3076153375196875
01-02 17:02:03.673 13324 13591 D LCHSAutoMotion: Power under P+I control LF, LB, RF, RB:  -0.9076153375196875 -0.9076153375196875 -0.2923846624803125 -0.2923846624803125
01-02 17:02:03.673 13324 13591 D LCHSAutoMotion: Error Distance from Wall: 3.078740157480315
01-02 17:02:03.673 13324 13591 D LCHSAutoMotion: Strafe Value: 0.0
01-02 17:02:03.673 13324 13591 D LCHSAutoMotion: Apply strafe factor: LF, RB 0.0; RF, LB -0.0
01-02 17:02:03.673 13324 13591 D LCHSAutoMotion: Power with strafe factor LF, LB, RF, RB:  -0.9076153375196875 -0.9076153375196875 -0.2923846624803125 -0.2923846624803125
01-02 17:02:03.674 13324 13591 D LCHSAutoMotion: Final Power LF: -1.0
01-02 17:02:03.674 13324 13591 D LCHSAutoMotion: Final Power RB: -0.3221460131770528
01-02 17:02:03.674 13324 13591 D LCHSAutoMotion: Final Power LB: -1.0
01-02 17:02:03.674 13324 13591 D LCHSAutoMotion: Final Power RF: -0.3221460131770528
01-02 17:02:03.686 13324 13684 I native  : Registering the position of 256786967 at 164.82,71.79,180.52,83.71
01-02 17:02:03.686 13324 13684 I native  : Registering the position of 256786967 at 164.82,71.79,180.52,83.71 at time 3636069537717
01-02 17:02:03.751 13324 13591 D LCHSAutoDepotTarget: Color hue 31.428574
01-02 17:02:03.809 13324 13591 D LCHSAutoMotion: Distance from side wall 6.929133858267717
01-02 17:02:03.839 13324 13591 D LCHSAutoMotion: IMU -12.25, error 12.25, p+i 0.6240573704721876
01-02 17:02:03.840 13324 13591 D LCHSAutoMotion: Power under P+I control LF, LB, RF, RB:  -1.2240573704721875 -1.2240573704721875 0.02405737047218759 0.02405737047218759
01-02 17:02:03.840 13324 13591 D LCHSAutoMotion: Error Distance from Wall: 1.0708661417322833
01-02 17:02:03.840 13324 13591 D LCHSAutoMotion: Strafe Value: 0.0
01-02 17:02:03.840 13324 13591 D LCHSAutoMotion: Final Power LF: -1.0
01-02 17:02:03.841 13324 13591 D LCHSAutoMotion: Final Power RB: -0.3
01-02 17:02:03.841 13324 13591 D LCHSAutoMotion: Final Power LB: -1.0
01-02 17:02:03.841 13324 13591 D LCHSAutoMotion: Final Power RF: -0.3
01-02 17:02:03.908 13324 13591 D LCHSAutoDepotTarget: Color hue 30.0
01-02 17:02:03.928 13324 13591 D LCHSAutoMotion: Distance from side wall 6.299212598425197
01-02 17:02:03.938 13324 13591 D LCHSAutoMotion: IMU -9.9375, error 9.9375, p+i 0.5133436051040625
01-02 17:02:03.938 13324 13591 D LCHSAutoMotion: Power under P+I control LF, LB, RF, RB:  -1.1133436051040624 -1.1133436051040624 -0.08665639489593746 -0.08665639489593746
01-02 17:02:03.938 13324 13591 D LCHSAutoMotion: Error Distance from Wall: 1.7007874015748028
01-02 17:02:03.938 13324 13591 D LCHSAutoMotion: Strafe Value: 0.0
01-02 17:02:03.938 13324 13591 D LCHSAutoMotion: Final Power LF: -1.0
01-02 17:02:03.938 13324 13591 D LCHSAutoMotion: Final Power RB: -0.3
01-02 17:02:03.938 13324 13591 D LCHSAutoMotion: Final Power LB: -1.0
01-02 17:02:03.939 13324 13591 D LCHSAutoMotion: Final Power RF: -0.3
01-02 17:02:03.991 13324 13591 D LCHSAutoDepotTarget: Color hue 40.0
01-02 17:02:04.031 13324 13591 D LCHSAutoMotion: Distance from side wall 5.275590551181103
01-02 17:02:04.068 13324 13591 D LCHSAutoMotion: IMU -4.0, error 4.0, p+i 0.2190790314040625
01-02 17:02:04.069 13324 13591 D LCHSAutoMotion: Power under P+I control LF, LB, RF, RB:  -0.8190790314040625 -0.8190790314040625 -0.3809209685959375 -0.3809209685959375
01-02 17:02:04.069 13324 13591 D LCHSAutoMotion: Error Distance from Wall: 2.7244094488188972
01-02 17:02:04.069 13324 13591 D LCHSAutoMotion: Strafe Value: 0.0
01-02 17:02:04.069 13324 13591 D LCHSAutoMotion: Apply strafe factor: LF, RB 0.0; RF, LB -0.0
01-02 17:02:04.069 13324 13591 D LCHSAutoMotion: Power with strafe factor LF, LB, RF, RB:  -0.8190790314040625 -0.8190790314040625 -0.3809209685959375 -0.3809209685959375
01-02 17:02:04.069 13324 13591 D LCHSAutoMotion: Final Power LF: -1.0
01-02 17:02:04.069 13324 13591 D LCHSAutoMotion: Final Power RB: -0.4650600906520145
01-02 17:02:04.069 13324 13591 D LCHSAutoMotion: Final Power LB: -1.0
01-02 17:02:04.069 13324 13591 D LCHSAutoMotion: Final Power RF: -0.4650600906520145
01-02 17:02:04.108 13324 13685 I native  : Registering the position of 20928004 at 245.75,73.69,265.91,85.03
01-02 17:02:04.108 13324 13685 I native  : Registering the position of 20928004 at 245.75,73.69,265.91,85.03 at time 3636501610468
01-02 17:02:04.131 13324 13591 D LCHSAutoDepotTarget: Color hue 31.034481
01-02 17:02:04.166 13324 13591 D LCHSAutoMotion: Distance from side wall 4.133858267716536
01-02 17:02:04.188 13324 13591 D LCHSAutoMotion: IMU 4.375, error -4.375, p+i -0.2022860236959375
01-02 17:02:04.188 13324 13591 D LCHSAutoMotion: Power under P+I control LF, LB, RF, RB:  -0.39771397630406247 -0.39771397630406247 -0.8022860236959375 -0.8022860236959375
01-02 17:02:04.188 13324 13591 D LCHSAutoMotion: Error Distance from Wall: 3.866141732283464
01-02 17:02:04.189 13324 13591 D LCHSAutoMotion: Strafe Value: 0.0
01-02 17:02:04.189 13324 13591 D LCHSAutoMotion: Apply strafe factor: LF, RB 0.0; RF, LB -0.0
01-02 17:02:04.189 13324 13591 D LCHSAutoMotion: Power with strafe factor LF, LB, RF, RB:  -0.39771397630406247 -0.39771397630406247 -0.8022860236959375 -0.8022860236959375
01-02 17:02:04.189 13324 13591 D LCHSAutoMotion: Final Power LF: -0.4957259188835055
01-02 17:02:04.189 13324 13591 D LCHSAutoMotion: Final Power RB: -1.0
01-02 17:02:04.189 13324 13591 D LCHSAutoMotion: Final Power LB: -0.4957259188835055
01-02 17:02:04.189 13324 13591 D LCHSAutoMotion: Final Power RF: -1.0
01-02 17:02:04.303 13324 13591 D LCHSAutoDepotTarget: Color hue 12.0
01-02 17:02:04.330 13324 13591 D LCHSAutoMotion: Distance from side wall 5.905511811023622
01-02 17:02:04.339 13324 13591 D LCHSAutoMotion: IMU 9.3125, error -9.3125, p+i -0.45621227720625
01-02 17:02:04.341 13324 13591 D LCHSAutoMotion: Power under P+I control LF, LB, RF, RB:  -0.14378772279374996 -0.14378772279374996 -1.0562122772062499 -1.0562122772062499

//** Here the maximum strafe power (in the negative direction) of -1.0 and the minimum power of -.2 are applied
01-02 17:02:04.341 13324 13591 D LCHSAutoMotion: Error Distance from Wall: 2.094488188976378
01-02 17:02:04.341 13324 13591 D LCHSAutoMotion: Strafe Value: 0.0
01-02 17:02:04.341 13324 13591 D LCHSAutoMotion: Apply strafe factor: LF, RB 0.0; RF, LB -0.0
01-02 17:02:04.341 13324 13591 D LCHSAutoMotion: Power with strafe factor LF, LB, RF, RB:  -0.14378772279374996 -0.14378772279374996 -1.0562122772062499 -1.0562122772062499
01-02 17:02:04.341 13324 13591 D LCHSAutoMotion: Final Power LF: -0.2
01-02 17:02:04.341 13324 13591 D LCHSAutoMotion: Final Power RB: -1.0
01-02 17:02:04.342 13324 13591 D LCHSAutoMotion: Final Power LB: -0.2
01-02 17:02:04.342 13324 13591 D LCHSAutoMotion: Final Power RF: -1.0
01-02 17:02:04.359 13324 13684 W MultiBoxTracker: Degenerate rectangle! RectF(334.85522, 136.18503, 368.98328, 150.6423)
01-02 17:02:04.411 13324 13591 D LCHSAutoDepotTarget: Color hue 1.5228426
01-02 17:02:04.412 13324 13591 D LCHSAutoMotion: Reached wall tracker target
01-02 17:02:04.552 13324 13591 D LCHSAutoMotion: trackWall done
01-02 17:02:04.568 13324 13591 D LCHSAutoMotion: Current gyro heading 2.875
01-02 17:02:04.568 13324 13591 D LCHSAuto: Wall tracking complete
01-02 17:02:04.620 13324 13591 D LCHSAuto: Exiting LCHSAutoJson
01-02 17:02:04.636 13324 13591 V RobotCore: thread: ...terminating 'LinearOpMode main'
01-02 17:02:04.638 13324 13415 I FtcEventLoop: auto-stopping OpMode 'Auto Test'
01-02 17:02:04.710 13324 13685 W MultiBoxTracker: Degenerate rectangle! RectF(313.05978, 131.36765, 349.54257, 146.56677)
01-02 17:02:04.747 13324 13324 E AR      : VideoBackgroundConfig with screen size of zero received, skipping config step
01-02 17:02:04.780 13324 13415 D Vuforia : Vuforia.deinit()...
01-02 17:02:04.813 13324 13415 D Vuforia : ...Vuforia.deinit()
01-02 17:02:04.817 13324 13415 I RobotCore: ******************** STOP - OPMODE /storage/emulated/0/FIRST/matchlogs/Match-0-Auto_Test.txt ********************
01-02 17:02:04.823 13324 13704 I RobotCore: saving match logcat to /storage/emulated/0/FIRST/matchlogs/Match-0-Auto_Test.txt
01-02 17:02:04.823 13324 13704 I RobotCore: logging command line: exec logcat -d -T '1-2 17:1:53.000' -f /storage/emulated/0/FIRST/matchlogs/Match-0-Auto_Test.txt -n4 -v threadtime UsbRequestJNI:S UsbRequest:S art:W ThreadPool:W System:W ExtendedExtractor:W OMXClient:W MediaPlayer:W dalvikvm:W  *:V
01-02 17:02:04.824 13324 13415 I RobotCore: Attempting to switch to op mode $Stop$Robot$
01-02 17:02:04.851 13705 13705 W sh      : type=1400 audit(0.0:102): avc: denied { read } for uid=10146 name="/" dev="rootfs" ino=1 scontext=u:r:untrusted_app:s0:c512,c768 tcontext=u:object_r:rootfs:s0 tclass=dir permissive=0
01-02 17:02:04.873 13324 13398 V Robocol : sending CMD_NOTIFY_INIT_OP_MODE(1211), attempt: 0
01-02 17:02:04.875 13324 13684 I native  : Registering the position of 256182253 at 222.85,64.01,241.40,72.99
01-02 17:02:04.876 13324 13684 I native  : Registering the position of 256182253 at 222.85,64.01,241.40,72.99 at time 3637525657237
01-02 17:02:04.898 13324 13394 V Robocol : received command: CMD_RUN_OP_MODE(11071) $Stop$Robot$
01-02 17:02:04.912 13324 13704 I RobotCore: Done running exec logcat -d -T '1-2 17:1:53.000' -f /storage/emulated/0/FIRST/matchlogs/Match-0-Auto_Test.txt -n4 -v threadtime UsbRequestJNI:S UsbRequest:S art:W ThreadPool:W System:W ExtendedExtractor:W OMXClient:W MediaPlayer:W dalvikvm:W  *:V
01-02 17:02:04.913 13324 13704 I RobotCore: exiting match logcat for /storage/emulated/0/FIRST/matchlogs/Match-0-Auto_Test.txt
01-02 17:02:04.914 13324 13398 V Robocol : sending CMD_NOTIFY_RUN_OP_MODE(1217), attempt: 0
01-02 17:03:33.467 13324 13395 E BulkPacketInWorker: DQ1NE3V4: bulkTransfer() error: -1
01-02 17:03:33.477 13324 13324 V FtDeviceManager: ACTION_USB_DEVICE_DETACHED: /dev/bus/usb/001/002
01-02 17:03:33.478 13324 13324 V FtDevice: vv********************DQ1NE3V4 closing********************vv 0x089f8e0f
01-02 17:03:33.478 13324 13324 V FtDevice: DQ1NE3V4 stopping thread readBufferManager
01-02 17:03:33.479 13324 13346 D CameraManager: ---------------------------------------------- ACTION_USB_DEVICE_DETACHED
01-02 17:03:33.488 13411 13411 W com.qualcomm.ftcrobotcontroller: type=1400 audit(0.0:103): avc: denied { search } for uid=10146 comm=6C796E7820696E636F6D696E672064 name="usb" dev="tmpfs" ino=10367 scontext=u:r:untrusted_app:s0:c512,c768 tcontext=u:object_r:usb_device:s0 tclass=dir permissive=0
01-02 17:03:33.481 13324 13415 V RobotCore: event loop: device has shutdown abnormally: ABNORMAL
01-02 17:03:33.482 13324 13396 V FtDevice: DQ1NE3V4 thread readBufferManager is stopped
01-02 17:03:33.481 13324 13415 V EventLoopManager: event loop: detaching device DQ1NE3V4
01-02 17:03:33.483 13324 13324 V FtDevice: DQ1NE3V4 stopping thread bulkPacketInWorker
01-02 17:03:33.484 13324 13395 V FtDevice: DQ1NE3V4 thread bulkPacketInWorker is stopped
01-02 17:03:33.488 13324 13411 V LynxUsb : device closed in incoming datagram loop
01-02 17:03:33.488 13324 13415 I FtcEventLoop: vv===== MODULE DETACH RECOVERY: disarm REV Robotics USB Expansion Hub Portal [DQ1NE3V4]=====vv
01-02 17:03:33.488 13324 13324 V MonitoredUsbDeviceConnection: closing UsbDeviceConnection(DQ1NE3V4)
01-02 17:03:33.488 13324 13324 D UsbDeviceConnectionJNI: close
01-02 17:03:33.488 13324 13411 V RobotUsbDeviceFtdi: closing DQ1NE3V4
01-02 17:03:33.489 13324 13324 V FtDevice: ^^********************DQ1NE3V4 closed ********************^^
01-02 17:03:33.490 13324 13415 V LynxUsb : disarmDevice() serial=DQ1NE3V4...
01-02 17:03:33.490 13324 13411 V RobotCore: thread: ...terminating 'lynx incoming datagrams'
01-02 17:03:33.490 13324 13415 V LynxUsb : shutting down incoming datagrams
01-02 17:03:33.491 13324 13415 V RobotUsbDeviceFtdi: closing DQ1NE3V4
01-02 17:03:33.492 13324 13415 V LynxUsb : ...done disarmDevice()
01-02 17:03:33.494 13324 13415 I FtcEventLoop: ======= MODULE DETACH RECOVERY: pretend REV Robotics USB Expansion Hub Portal [DQ1NE3V4]=======
01-02 17:03:33.494 13324 13415 V LynxUsb : doPretend() serial=DQ1NE3V4
01-02 17:03:33.495 13324 13415 I FtcEventLoop: ^^===== MODULE DETACH RECOVERY: complete REV Robotics USB Expansion Hub Portal [DQ1NE3V4]=====^^
01-02 17:03:33.496 13324 13415 D RobotCore: system telemetry: key=$System$Warning$ msg="REV Robotics USB Expansion Hub Portal [DQ1NE3V4] detached"
01-02 17:03:33.549 13324 13401 V SoundInfo: construct(0x0beae8b3)
01-02 17:03:33.629 13324 13400 I MediaCodec: (0x95767140) init name(audio/raw) isType(1) encoder(0)
01-02 17:03:33.637 13324 13765 I MediaCodec: (0x95767140) Component Allocated (OMX.google.raw.decoder)
01-02 17:03:33.637 13324 13400 I MediaCodec: (0x95767140) configure surface(0x0) crypto(0x0) flags(0)
01-02 17:03:33.637 13324 13400 D MediaCodec: (0x95767140) configure format: AMessage(what = 0x00000000) = {
01-02 17:03:33.637 13324 13400 D MediaCodec:       string mime = "audio/raw"
01-02 17:03:33.637 13324 13400 D MediaCodec:       int64_t durationUs = 1043650
01-02 17:03:33.637 13324 13400 D MediaCodec:       int32_t track-id = 1
01-02 17:03:33.637 13324 13400 D MediaCodec:       int32_t channel-count = 2
01-02 17:03:33.637 13324 13400 D MediaCodec:       int32_t sample-rate = 44100
01-02 17:03:33.637 13324 13400 D MediaCodec:       int32_t channel-mask = 0
01-02 17:03:33.637 13324 13400 D MediaCodec:       int32_t pcm-encoding = 2
01-02 17:03:33.637 13324 13400 D MediaCodec:     }
01-02 17:03:33.641 13324 13400 I MediaCodec: (0x95767140) start
01-02 17:03:33.647 13324 13765 I MediaCodec: (0x95767140) input buffers allocated
01-02 17:03:33.647 13324 13765 I MediaCodec: (0x95767140) numBuffers (4)
01-02 17:03:33.647 13324 13765 I MediaCodec: (0x95767140) output buffers allocated
01-02 17:03:33.647 13324 13765 I MediaCodec: (0x95767140) numBuffers (4)
01-02 17:03:33.656 13324 13765 D MediaCodec: (0x95767140) [OMX.google.raw.decoder] output format changed to: AMessage(what = 0x00000000) = {
01-02 17:03:33.656 13324 13765 D MediaCodec:       string mime = "audio/raw"
01-02 17:03:33.656 13324 13765 D MediaCodec:       int32_t channel-count = 2
01-02 17:03:33.656 13324 13765 D MediaCodec:       int32_t sample-rate = 44100
01-02 17:03:33.656 13324 13765 D MediaCodec:       int32_t pcm-encoding = 2
01-02 17:03:33.656 13324 13765 D MediaCodec:       int32_t bit-width = 16
01-02 17:03:33.656 13324 13765 D MediaCodec:       int32_t channel-mask = 0
01-02 17:03:33.656 13324 13765 D MediaCodec:     }
01-02 17:03:33.675 13324 13400 I MediaCodec: (0x95767140) stop
01-02 17:03:33.679 13324 13400 I MediaCodec: (0x95767140) release
01-02 17:03:33.683 13324 13346 D SoundPlayer: onLoadComplete(samp=3|ms=1044, samp=3)=0
01-02 17:03:33.685 13324 13401 W AudioTrack: AUDIO_OUTPUT_FLAG_FAST denied by client; transfer 4, track 44100 Hz, output 48000 Hz
01-02 17:03:33.689 13324 13401 D SoundPlayer: playing volume=1.000000 samp=3|ms=1044
01-02 17:03:33.714 13324 13398 V Robocol : sending CMD_PLAY_SOUND(2403), attempt: 0
01-02 17:03:33.954 13324 13398 V Robocol : sending CMD_PLAY_SOUND(2403), attempt: 1
01-02 17:03:34.820 13324 13324 V MTPMonitorService: onConfigurationChanged()
01-02 17:03:34.820 13324 13324 V OnBotJavaService: onConfigurationChanged()
01-02 17:03:35.414 13324 13324 V RCActivity: onPause()
01-02 17:03:35.465 13324 13324 V RCActivity: onStop()
01-02 17:03:35.466 13324 13324 V MTPMonitorService: onTrimMemory()
01-02 17:03:35.467 13324 13324 V OnBotJavaService: onTrimMemory()
01-02 17:03:35.774 13324 13324 W IInputConnectionWrapper: reportFullscreenMode on inexistent InputConnection
01-02 17:03:37.044 13324 13324 V AppUtil : rootActivity=FtcRobotControllerActivity destroyed
01-02 17:03:37.044 13324 13324 V RCActivity: onDestroy()
01-02 17:03:37.045 13324 13324 V Robocol : EventLoopManager.shutdown()
01-02 17:03:37.045 13324 13415 V RobotCore: EventLoopRunnable interrupted
01-02 17:03:37.045 13324 13415 V RobotCore: EventLoopManager state is STOPPED
01-02 17:03:37.046 13324 13415 V RobotCore: Robot Status: stopped
01-02 17:03:37.046 13324 13415 I FtcEventLoop: ======= TEARDOWN =======
01-02 17:03:37.059 13324 13415 V LynxUsb : 0x0b8618ff on 0x05c2db70: releasing delegate to [DQ1NE3V4]
01-02 17:03:37.059 13324 13415 V LynxModule: close(#2)
01-02 17:03:37.060 13324 13415 V LynxModule: sending LynxFtdiResetControlCommand(false) wasInterrupted=true
01-02 17:03:37.061 13324 13415 V LynxModule: close(#3)
01-02 17:03:37.061 13324 13415 V LynxModule: sending LynxFtdiResetControlCommand(false) wasInterrupted=true
01-02 17:03:37.062 13324 13415 V LynxUsb : disarmDevice() serial=DQ1NE3V4...
01-02 17:03:37.063 13324 13415 V AMSColorSensorImpl: internalInitialize()...
01-02 17:03:37.063 13324 13415 V AMSColorSensorImpl: ...internalInitialize()
01-02 17:03:37.073 13324 13398 V Robocol : sending CMD_NOTIFY_ROBOT_STATE(2448), attempt: 0
01-02 17:03:37.077 13324 13415 I FtcEventLoop: ======= TEARDOWN COMPLETE =======
01-02 17:03:37.077 13324 13415 V RobotCore: thread: ...terminating 'opmode loop()'
01-02 17:03:37.078 13324 13324 V RobotCore: EventLoopManager state is STOPPED
01-02 17:03:37.080 13324 13324 V NetDiscover_prefremrc: doStop()...
01-02 17:03:37.081 13324 13324 V NetDiscover_prefremrc: ...doStop()
01-02 17:03:37.081 13324 13324 V NetDiscover_name: doStop()...
01-02 17:03:37.081 13324 13324 V NetDiscover_name: ...doStop()
01-02 17:03:37.087 13324 13324 V ServiceStarter: attempting to stop service FtcRobotControllerWatchdogService
01-02 17:03:37.095 13324 13394 D RobotCore: system telemetry: key=$System$None$ msg=""
01-02 17:03:37.113 13324 13398 V Robocol : sending CMD_NOTIFY_ROBOT_STATE(2450), attempt: 0
--------- beginning of main
01-02 17:03:37.592 13324 13341 I RobotCore: Done running exec logcat -f /storage/emulated/0/robotControllerLog.txt -r4096 -n4 -v threadtime UsbRequestJNI:S UsbRequest:S art:W ThreadPool:W System:W ExtendedExtractor:W OMXClient:W MediaPlayer:W dalvikvm:W  *:V
01-02 17:03:37.592 13324 13324 V RobotCore: Waiting for the logcat process to die.
01-02 17:03:37.593 13324 13341 E RobotCore: java.io.IOException: Stream closed
01-02 17:03:37.594 13324 13341 E RobotCore: 	at java.io.BufferedInputStream.getBufIfOpen(BufferedInputStream.java:162)
01-02 17:03:37.595 13324 13341 E RobotCore: 	at java.io.BufferedInputStream.read(BufferedInputStream.java:325)
01-02 17:03:37.596 13324 13341 E RobotCore: 	at java.io.FilterInputStream.read(FilterInputStream.java:107)
01-02 17:03:37.597 13324 13341 E RobotCore: 	at com.qualcomm.robotcore.util.RunShellCommand.runCommand(RunShellCommand.java:103)
01-02 17:03:37.598 13324 13341 E RobotCore: 	at com.qualcomm.robotcore.util.RunShellCommand.run(RunShellCommand.java:71)
01-02 17:03:37.599 13324 13341 E RobotCore: 	at com.qualcomm.robotcore.util.RobotLog$LoggingThread.run(RobotLog.java:72)
01-02 17:03:37.600 13324 13341 E RobotCore: 	at com.qualcomm.robotcore.util.RobotLog$1.run(RobotLog.java:576)
01-02 17:03:37.612 13324 13324 V OnBotJavaService: onTaskRemoved()
01-02 17:03:37.613 13324 13324 V MTPMonitorService: onTaskRemoved()
01-02 17:03:37.613 13324 13324 I Choreographer: Skipped 31 frames!  The application may be doing too much work on its main thread.
01-02 17:03:37.613 13324 13324 V FTCService: onUnbind()
01-02 17:03:37.613 13324 13324 V WifiDirect: There are 1 Wifi Direct Assistant Clients (-)
01-02 17:03:37.614 13324 13324 V Robocol : EventLoopManager.close()
01-02 17:03:37.614 13324 13324 I SetupRunnable: Shutting down setup and receive loop
01-02 17:03:37.654 13324 13394 V RobotCore: thread: ...terminating 'RecvLoopRunnable.run()'
01-02 17:03:37.655 13324 13324 V PeerDiscovery: Stopping peer discovery
01-02 17:03:37.655 13324 13324 D Robocol : RobocolDatagramSocket is closed
01-02 17:03:37.656 13324 13324 V FTCService: onDestroy()
01-02 17:03:37.656 13324 13324 V WebServer: stopping port=8080
01-02 17:03:37.658 13324 13324 V WifiDirect: There are 0 Wifi Direct Assistant Clients (-)
01-02 17:03:37.658 13324 13324 V WifiDirect: Disabling Wifi Direct Assistant
01-02 17:03:37.658 13324 13324 V WifiDirectInviteMonitor: stopMonitoring()
01-02 17:03:37.661 13324 13324 V WebServer: stopped port=8080
01-02 17:03:37.661 13324 13324 V FtcRobotControllerWatchdogService: onDestroy()
01-02 17:04:52.245 13966 13966 V AppUtil : initializing: getExternalStorageDirectory()=/storage/emulated/0
01-02 17:04:52.248 13966 13966 I AppUtil : found usbFileSystemRoot: /dev/bus/usb
01-02 17:04:52.252 13966 13981 V RobotCore: saving logcat to /storage/emulated/0/robotControllerLog.txt
01-02 17:04:52.252 13966 13981 V RobotCore: logging command line: exec logcat -f /storage/emulated/0/robotControllerLog.txt -r4096 -n4 -v threadtime UsbRequestJNI:S UsbRequest:S art:W ThreadPool:W System:W ExtendedExtractor:W OMXClient:W MediaPlayer:W dalvikvm:W  *:V
01-02 17:04:52.253 13966 13966 V ServiceStarter: attempting to start service MediaTransferProtocolMonitorService
01-02 17:04:52.256 13966 13966 V ServiceStarter: started service MediaTransferProtocolMonitorService
01-02 17:04:52.257 13966 13966 V ServiceStarter: attempting to start service OnBotJavaService
01-02 17:04:52.259 13966 13966 V ServiceStarter: started service OnBotJavaService
01-02 17:04:52.274 13966 13966 V AppUtil : rootActivity=FtcRobotControllerActivity
01-02 17:04:52.274 13966 13966 V RCActivity: onCreate()
01-02 17:04:52.279 13966 13966 V RCActivity: rootActivity is of class FtcRobotControllerActivity
01-02 17:04:52.291 13966 13985 V CallbackLooper: thread=1036
01-02 17:04:52.295 13966 13966 V NetDiscover_wifiDirectAgent: doStart()...
01-02 17:04:52.302 13966 13966 V NetDiscover_wifiDirectAgent: ...doStart()
01-02 17:04:52.304 13966 13966 V NetDiscover_name: doStart()...
01-02 17:04:52.305 13966 13966 V NetDiscover_name: ...doStart()
01-02 17:04:52.305 13966 13966 V NetDiscover_prefremrc: ----- all preferences -----
01-02 17:04:52.306 13966 13966 V NetDiscover_prefremrc: name='pref_wifip2p_groupowner_connectedto' value=
01-02 17:04:52.306 13966 13966 V NetDiscover_prefremrc: name='pref_has_speaker' value=true
01-02 17:04:52.306 13966 13966 V NetDiscover_prefremrc: name='pref_pairing_kind' value=WIFIDIRECT
01-02 17:04:52.306 13966 13966 V NetDiscover_prefremrc: name='pref_has_independent_phone_battery' value=true
01-02 17:04:52.306 13966 13966 V NetDiscover_prefremrc: name='pref_app_theme' value=red
01-02 17:04:52.307 13966 13966 V NetDiscover_prefremrc: name='pref_wifip2p_remote_channel_change_works' value=true
01-02 17:04:52.307 13966 13966 V NetDiscover_prefremrc: name='pref_hardware_config_filename' value={"isDirty":false,"location":"LOCAL_STORAGE","name":"2018-2019 Armstrong","resourceId":0}
01-02 17:04:52.307 13966 13966 V NetDiscover_prefremrc: name='pref_device_name' value=5921-A-RC
01-02 17:04:52.307 13966 13966 V NetDiscover_prefremrc: name='pref_device_name_old' value=5921-A-RC
01-02 17:04:52.307 13966 13966 V NetDiscover_prefremrc: name='pref_device_name_tracking' value=WIFIDIRECT
01-02 17:04:52.307 13966 13966 V NetDiscover_prefremrc: name='pref_sound_on_off' value=true
01-02 17:04:52.307 13966 13966 V NetDiscover_prefremrc: name='pref_rc_connected' value=true
01-02 17:04:52.308 13966 13966 V NetDiscover_prefremrc: doStart()...
01-02 17:04:52.308 13966 13966 V NetDiscover_prefremrc: ...doStart()
01-02 17:04:52.309 13966 13985 V NetDiscover_wifiDirectAgent_bcast: wifiP2pEnabled=true
01-02 17:04:52.312 13966 13985 D NetDiscover_wifiDirectAgent_bcast: connection changed: networkInfo.state=CONNECTED
01-02 17:04:52.312 13966 13985 V NetDiscover_wifiDirectAgent_bcast: NetworkInfo: [type: WIFI_P2P[], state: CONNECTED/CONNECTED, reason: (unspecified), extra: (none), failover: false, available: true, roaming: false, metered: false]
01-02 17:04:52.312 13966 13985 V NetDiscover_wifiDirectAgent_bcast: WifiP2pInfo: groupFormed: true isGroupOwner: true groupOwnerAddress: /192.168.49.1 mccMode: false
01-02 17:04:52.312 13966 13985 V NetDiscover_wifiDirectAgent_bcast: WifiP2pGroup: network: DIRECT-0V-5921-A-RC, isGO: true, GO: Device: , deviceAddress: cc:61:e5:17:31:21, primary type: null, secondary type: null, wps: 0, grpcapab: 0, devcapab: 0, status: 4, wfdInfo: WFD enabled: falseWFD DeviceInfo: 0, WFD CtrlPort: 0, WFD MaxThroughput: 0, level: 0, Client: Device: 5921-A-DS, deviceAddress: 68:c4:4d:43:43:6f, primary type: 10-0050F204-5, secondary type: null, wps: 392, grpcapab: 0, devcapab: 33, status: 0, wfdInfo: null, level: 60, interface: p2p0, networkId: 0
01-02 17:04:52.313 13966 13985 V NetDiscover_wifiDirectAgent_bcast: this device changed: Device=5921-A-RC deviceAddress=cc:61:e5:17:31:21 primary type=10-0050F204-5 secondary type=null wps=0 grpcapab=0 devcapab=0 status=0 wfdInfo=WFD enabled=falseWFD DeviceInfo=0 WFD CtrlPort=0 WFD MaxThroughput=0 level=0
01-02 17:04:52.313 13966 13985 V NetDiscover_name: remembering wifiDirectName: 5921-A-RC...
01-02 17:04:52.314 13966 13985 V NetDiscover_name: wifiDirectName=5921-A-RC
01-02 17:04:52.317 13966 13981 I RobotCore: Done running ps
01-02 17:04:52.320 13966 13985 V NetDiscover_name: ...remembering wifiDirectName
01-02 17:04:52.321 13966 13985 V NetDiscover_wifiDirectAgent_bcast: p2p discoverPeers()=false
01-02 17:04:52.321 13966 13985 V NetDiscover_wifiDirectAgent_bcast: wifi direct remembered groups cleared
01-02 17:04:52.324 13966 13985 V NetDiscover_wifiDirectAgent_bcast: wifiState=ENABLED
01-02 17:04:52.325 13966 13985 V NetDiscover_wifiDirectAgent: found persistent group: DIRECT-0V-5921-A-RC
01-02 17:04:52.341 13986 13986 W sh      : type=1400 audit(0.0:105): avc: denied { read } for uid=10146 name="/" dev="rootfs" ino=1 scontext=u:r:untrusted_app:s0:c512,c768 tcontext=u:object_r:rootfs:s0 tclass=dir permissive=0
01-02 17:04:52.368 13966 13966 D ApplicationLoaders: ignored Vulkan layer search path /data/app/com.google.android.webview-2/lib/arm:/data/app/com.google.android.webview-2/base.apk!/lib/armeabi-v7a for namespace 0xb2fd8090
01-02 17:04:52.372 13966 13966 I WebViewFactory: Loading com.google.android.webview version 64.0.3282.137 (code 328213700)
01-02 17:04:52.413 13966 13966 I cr_LibraryLoader: Time to load native libraries: 2 ms (timestamps 5472-5474)
01-02 17:04:52.431 13966 13966 I chromium: [INFO:library_loader_hooks.cc(36)] Chromium logging enabled: level = 0, default verbosity = 0
01-02 17:04:52.432 13966 13966 I cr_LibraryLoader: Expected native library version number "64.0.3282.137", actual native library version number "64.0.3282.137"
01-02 17:04:52.497 13966 13966 I cr_BrowserStartup: Initializing chromium process, singleProcess=true
01-02 17:04:52.499 13966 13966 I cr_base : Android Locale: en_US requires .pak files: []
01-02 17:04:52.539 13966 13966 I Adreno-EGL: <qeglDrvAPI_eglInitialize:379>: EGL 1.4 QUALCOMM build: Nondeterministic_AU_msm8916_32_LA.BR.1.2.9_RB1__release_AU (I750f7f2fa6)
01-02 17:04:52.539 13966 13966 I Adreno-EGL: OpenGL ES Shader Compiler Version: XE031.09.00.03
01-02 17:04:52.539 13966 13966 I Adreno-EGL: Build Date: 02/18/17 Sat
01-02 17:04:52.539 13966 13966 I Adreno-EGL: Local Branch: 
01-02 17:04:52.539 13966 13966 I Adreno-EGL: Remote Branch: quic/LA.BR.1.2.9_rb1.12
01-02 17:04:52.539 13966 13966 I Adreno-EGL: Local Patches: NONE
01-02 17:04:52.539 13966 13966 I Adreno-EGL: Reconstruct Branch: NOTHING
01-02 17:04:52.544 13966 13966 W robotcontroller: type=1400 audit(0.0:106): avc: denied { read } for uid=10146 name="gpuclk" dev="sysfs" ino=11560 scontext=u:r:untrusted_app:s0:c512,c768 tcontext=u:object_r:sysfs:s0 tclass=file permissive=0
01-02 17:04:52.545 13966 13966 W Adreno-ES20: <get_gpu_clk:229>: open failed: errno 13
01-02 17:04:52.622 13966 14001 E chromium: [ERROR:instance.cc(49)] Unable to locate service manifest for metrics
01-02 17:04:52.622 13966 14001 E chromium: [ERROR:service_manager.cc(890)] Failed to resolve service name: metrics
01-02 17:04:52.745 13966 13966 V OnBotJava: OnBotJavaManager::static
01-02 17:04:52.998 13966 13966 W art     : Found duplicate classes, falling back to interpreter mode for /data/app/com.qualcomm.ftcrobotcontroller-1/base.apk
01-02 17:04:52.998 13966 13966 W art     : Found duplicated class when checking oat files: 'Landroid/support/annotation/Keep;' in /data/app/com.qualcomm.ftcrobotcontroller-1/base.apk and /data/app/com.google.android.webview-2/base.apk
01-02 17:04:53.599 13966 13966 V OnBotJava: getCurrentOutputJarDir() unavailable
01-02 17:04:53.600 13966 13966 V OnBotJava: getCurrentOutputJarDir() unavailable
01-02 17:04:54.813 13966 13966 V UpdateUI: Network: inactive, disconnected
01-02 17:04:54.814 13966 13966 V ServiceStarter: attempting to start service FtcRobotControllerWatchdogService
01-02 17:04:54.817 13966 13966 V ServiceStarter: started service FtcRobotControllerWatchdogService
01-02 17:04:54.822 13966 13966 V RobotCore: BuildConfig: versionCode=31 versionName=4.3 module=com.qualcomm.ftcrobotcontroller
01-02 17:04:54.822 13966 13966 V RobotCore: BuildConfig: versionCode=55 versionName=8.9 module=com.qualcomm.robotcore
01-02 17:04:54.823 13966 13966 V RobotCore: BuildConfig: versionCode=55 versionName=8.9 module=com.qualcomm.hardware
01-02 17:04:54.823 13966 13966 V RobotCore: BuildConfig: versionCode=55 versionName=8.9 module=com.qualcomm.ftccommon
01-02 17:04:54.823 13966 13966 V RobotCore: BuildConfig: versionCode=55 versionName=8.9 module=com.google.blocks
01-02 17:04:54.823 13966 13966 V RobotCore: BuildConfig: versionCode=55 versionName=8.9 module=org.firstinspires.inspection
01-02 17:04:54.824 13966 13966 I RCActivity: 410c serial number: ZY223QSZCJ
